-- Selecting Windows SDK version 10.0.26100.0 to target Windows 10.0.26200.
-- Found Geode: C:\Users\Iaske\OneDrive\Dokumente\Geode
-- Version: 5.3.0
-- No override path for bindings provided, using CPM to clone default. If you would like to use a separate clone of the bindings repo (for example in order to be able to efficiently change and contribute new bindings) then set GEODE_BINDINGS_REPO_PATH to where you have cloned the repository (system environment variables are supported).
-- CPM: Adding package bindings@ (main)
-- Populating bindings
-- Selecting Windows SDK version 10.0.26100.0 to target Windows 10.0.26200.
-- Configuring done (0.2s)
-- Generating done (0.1s)
-- Build files have been written to: C:/PlatformerSaves/PlatformerSaves/build/_deps/bindings-subbuild
MSBuild-Version 17.14.40+3e7442088 für .NET Framework

  1>Checking Build System
  Performing update step for 'bindings-populate'
  -- Fetching latest from the remote origin
  Building Custom Rule C:/PlatformerSaves/PlatformerSaves/build/_deps/bindings-subbuild/CMakeLists.txt
  No patch step for 'bindings-populate'
  No configure step for 'bindings-populate'
  No build step for 'bindings-populate'
  No install step for 'bindings-populate'
  No test step for 'bindings-populate'
  Completed 'bindings-populate'
  Building Custom Rule C:/PlatformerSaves/PlatformerSaves/build/_deps/bindings-subbuild/CMakeLists.txt
-- Looking for ccache/sccache
-- Looking for ccache/sccache - skipped (Visual Studio generator)
Not using a caching compiler (ccache/sccache). It is recommended to install one to improve build times.
We recommend sccache, check its README for installation instructions, normally you can just use your usual package manager (e.g. 'scoop install sccache').
Because of this, PCH will be enabled.
-- Pre-compiled headers - ON
-- Found Geode CLI: C:/Users/Iaske/AppData/Local/Microsoft/WinGet/Packages/GeodeSDK.GeodeCLI_Microsoft.Winget.Source_8wekyb3d8bbwe/geode.exe (version 3.7.4)
-- CPM: Adding package result@1.4.1 (v1.4.1)
-- CPM: Adding package json@3.3.0 (v3.3.0)
-- CPM: Adding package nontype_functional@6 (6d1d08c)
-- CPM: Adding package fmt@12.1.0 (12.1.0)
-- {fmt} version: 12.1.0
-- Build type: RelWithDebInfo
-- CPM: Adding package asp2@51 (51d3773)
-- CPM: Adding package arc@1.5.4 (v1.5.4)
-- Arc features: time
-- CPM: Adding package TulipHook@3.1.9 (v3.1.9)
-- Using cached Codegen
-- Skipping building Codegen
-- Running Codegen
'./Codegen' 'Win64' 'C:/PlatformerSaves/PlatformerSaves/build/_deps/bindings-src/bindings/2.2081' 'C:/PlatformerSaves/PlatformerSaves/build/bindings/bindings'
-- Setting up PlatformerSaves
-- Mod sabe.platformersaves is compiling for Geode version 5.3.0
| Info | Dependency 'sabe.persistenceapi' found in cache
| Info | Dependency 'geode.node-ids' found in cache
| Done | All dependencies resolved
-- Configuring done (36.9s)
-- Generating done (2.9s)
-- Build files have been written to: C:/PlatformerSaves/PlatformerSaves/build
MSBuild-Version 17.14.40+3e7442088 für .NET Framework

  Checking File Globs
  1>Checking Build System
  fmt.vcxproj -> C:\PlatformerSaves\PlatformerSaves\build\_deps\fmt-build\RelWithDebInfo\fmt.lib
  asp.vcxproj -> C:\PlatformerSaves\PlatformerSaves\build\_deps\asp2-build\RelWithDebInfo\asp.lib
  arc.vcxproj -> C:\PlatformerSaves\PlatformerSaves\build\_deps\arc-build\RelWithDebInfo\arc.lib
C:\Program Files (x86)\Microsoft Visual Studio\2022\BuildTools\MSBuild\Microsoft\VC\v170\Microsoft.CppBuild.targets(1129,5): warning MSB8027: Mehrere Dateien mit dem Namen AccountHelpLayer.cpp führen zu Ausgaben am selben Speicherort. Dadurch kann ein falsches Buildergebnis entstehen. Die betroffenen Dateien sind C:\PlatformerSaves\PlatformerSaves\build\_deps\bindings-src\bindings\2.2081\inline\AccountHelpLayer.cpp, C:\PlatformerSaves\PlatformerSaves\build\bindings\bindings\Geode\source\AccountHelpLayer.cpp. [C:\PlatformerSaves\PlatformerSaves\build\bindings\GeodeBindings.vcxproj]
C:\Program Files (x86)\Microsoft Visual Studio\2022\BuildTools\MSBuild\Microsoft\VC\v170\Microsoft.CppBuild.targets(1129,5): warning MSB8027: Mehrere Dateien mit dem Namen AccountLayer.cpp führen zu Ausgaben am selben Speicherort. Dadurch kann ein falsches Buildergebnis entstehen. Die betroffenen Dateien sind C:\PlatformerSaves\PlatformerSaves\build\_deps\bindings-src\bindings\2.2081\inline\AccountLayer.cpp, C:\PlatformerSaves\PlatformerSaves\build\bindings\bindings\Geode\source\AccountLayer.cpp. [C:\PlatformerSaves\PlatformerSaves\build\bindings\GeodeBindings.vcxproj]
C:\Program Files (x86)\Microsoft Visual Studio\2022\BuildTools\MSBuild\Microsoft\VC\v170\Microsoft.CppBuild.targets(1129,5): warning MSB8027: Mehrere Dateien mit dem Namen AccountLoginLayer.cpp führen zu Ausgaben am selben Speicherort. Dadurch kann ein falsches Buildergebnis entstehen. Die betroffenen Dateien sind C:\PlatformerSaves\PlatformerSaves\build\_deps\bindings-src\bindings\2.2081\inline\AccountLoginLayer.cpp, C:\PlatformerSaves\PlatformerSaves\build\bindings\bindings\Geode\source\AccountLoginLayer.cpp. [C:\PlatformerSaves\PlatformerSaves\build\bindings\GeodeBindings.vcxproj]
C:\Program Files (x86)\Microsoft Visual Studio\2022\BuildTools\MSBuild\Microsoft\VC\v170\Microsoft.CppBuild.targets(1129,5): warning MSB8027: Mehrere Dateien mit dem Namen AccountRegisterLayer.cpp führen zu Ausgaben am selben Speicherort. Dadurch kann ein falsches Buildergebnis entstehen. Die betroffenen Dateien sind C:\PlatformerSaves\PlatformerSaves\build\_deps\bindings-src\bindings\2.2081\inline\AccountRegisterLayer.cpp, C:\PlatformerSaves\PlatformerSaves\build\bindings\bindings\Geode\source\AccountRegisterLayer.cpp. [C:\PlatformerSaves\PlatformerSaves\build\bindings\GeodeBindings.vcxproj]
C:\Program Files (x86)\Microsoft Visual Studio\2022\BuildTools\MSBuild\Microsoft\VC\v170\Microsoft.CppBuild.targets(1129,5): warning MSB8027: Mehrere Dateien mit dem Namen AchievementBar.cpp führen zu Ausgaben am selben Speicherort. Dadurch kann ein falsches Buildergebnis entstehen. Die betroffenen Dateien sind C:\PlatformerSaves\PlatformerSaves\build\_deps\bindings-src\bindings\2.2081\inline\AchievementBar.cpp, C:\PlatformerSaves\PlatformerSaves\build\bindings\bindings\Geode\source\AchievementBar.cpp. [C:\PlatformerSaves\PlatformerSaves\build\bindings\GeodeBindings.vcxproj]
C:\Program Files (x86)\Microsoft Visual Studio\2022\BuildTools\MSBuild\Microsoft\VC\v170\Microsoft.CppBuild.targets(1129,5): warning MSB8027: Mehrere Dateien mit dem Namen AchievementCell.cpp führen zu Ausgaben am selben Speicherort. Dadurch kann ein falsches Buildergebnis entstehen. Die betroffenen Dateien sind C:\PlatformerSaves\PlatformerSaves\build\_deps\bindings-src\bindings\2.2081\inline\AchievementCell.cpp, C:\PlatformerSaves\PlatformerSaves\build\bindings\bindings\Geode\source\AchievementCell.cpp. [C:\PlatformerSaves\PlatformerSaves\build\bindings\GeodeBindings.vcxproj]
C:\Program Files (x86)\Microsoft Visual Studio\2022\BuildTools\MSBuild\Microsoft\VC\v170\Microsoft.CppBuild.targets(1129,5): warning MSB8027: Mehrere Dateien mit dem Namen AchievementManager.cpp führen zu Ausgaben am selben Speicherort. Dadurch kann ein falsches Buildergebnis entstehen. Die betroffenen Dateien sind C:\PlatformerSaves\PlatformerSaves\build\_deps\bindings-src\bindings\2.2081\inline\AchievementManager.cpp, C:\PlatformerSaves\PlatformerSaves\build\bindings\bindings\Geode\source\AchievementManager.cpp. [C:\PlatformerSaves\PlatformerSaves\build\bindings\GeodeBindings.vcxproj]
C:\Program Files (x86)\Microsoft Visual Studio\2022\BuildTools\MSBuild\Microsoft\VC\v170\Microsoft.CppBuild.targets(1129,5): warning MSB8027: Mehrere Dateien mit dem Namen AchievementNotifier.cpp führen zu Ausgaben am selben Speicherort. Dadurch kann ein falsches Buildergebnis entstehen. Die betroffenen Dateien sind C:\PlatformerSaves\PlatformerSaves\build\_deps\bindings-src\bindings\2.2081\inline\AchievementNotifier.cpp, C:\PlatformerSaves\PlatformerSaves\build\bindings\bindings\Geode\source\AchievementNotifier.cpp. [C:\PlatformerSaves\PlatformerSaves\build\bindings\GeodeBindings.vcxproj]
C:\Program Files (x86)\Microsoft Visual Studio\2022\BuildTools\MSBuild\Microsoft\VC\v170\Microsoft.CppBuild.targets(1129,5): warning MSB8027: Mehrere Dateien mit dem Namen AchievementsLayer.cpp führen zu Ausgaben am selben Speicherort. Dadurch kann ein falsches Buildergebnis entstehen. Die betroffenen Dateien sind C:\PlatformerSaves\PlatformerSaves\build\_deps\bindings-src\bindings\2.2081\inline\AchievementsLayer.cpp, C:\PlatformerSaves\PlatformerSaves\build\bindings\bindings\Geode\source\AchievementsLayer.cpp. [C:\PlatformerSaves\PlatformerSaves\build\bindings\GeodeBindings.vcxproj]
C:\Program Files (x86)\Microsoft Visual Studio\2022\BuildTools\MSBuild\Microsoft\VC\v170\Microsoft.CppBuild.targets(1129,5): warning MSB8027: Mehrere Dateien mit dem Namen AdToolbox.cpp führen zu Ausgaben am selben Speicherort. Dadurch kann ein falsches Buildergebnis entstehen. Die betroffenen Dateien sind C:\PlatformerSaves\PlatformerSaves\build\_deps\bindings-src\bindings\2.2081\inline\AdToolbox.cpp, C:\PlatformerSaves\PlatformerSaves\build\bindings\bindings\Geode\source\AdToolbox.cpp. [C:\PlatformerSaves\PlatformerSaves\build\bindings\GeodeBindings.vcxproj]
C:\Program Files (x86)\Microsoft Visual Studio\2022\BuildTools\MSBuild\Microsoft\VC\v170\Microsoft.CppBuild.targets(1129,5): warning MSB8027: Mehrere Dateien mit dem Namen AdvFollowSetup.cpp führen zu Ausgaben am selben Speicherort. Dadurch kann ein falsches Buildergebnis entstehen. Die betroffenen Dateien sind C:\PlatformerSaves\PlatformerSaves\build\_deps\bindings-src\bindings\2.2081\inline\AdvFollowSetup.cpp, C:\PlatformerSaves\PlatformerSaves\build\bindings\bindings\Geode\source\AdvFollowSetup.cpp. [C:\PlatformerSaves\PlatformerSaves\build\bindings\GeodeBindings.vcxproj]
C:\Program Files (x86)\Microsoft Visual Studio\2022\BuildTools\MSBuild\Microsoft\VC\v170\Microsoft.CppBuild.targets(1129,5): warning MSB8027: Mehrere Dateien mit dem Namen AdvancedFollowEditObject.cpp führen zu Ausgaben am selben Speicherort. Dadurch kann ein falsches Buildergebnis entstehen. Die betroffenen Dateien sind C:\PlatformerSaves\PlatformerSaves\build\_deps\bindings-src\bindings\2.2081\inline\AdvancedFollowEditObject.cpp, C:\PlatformerSaves\PlatformerSaves\build\bindings\bindings\Geode\source\AdvancedFollowEditObject.cpp. [C:\PlatformerSaves\PlatformerSaves\build\bindings\GeodeBindings.vcxproj]
C:\Program Files (x86)\Microsoft Visual Studio\2022\BuildTools\MSBuild\Microsoft\VC\v170\Microsoft.CppBuild.targets(1129,5): warning MSB8027: Mehrere Dateien mit dem Namen AdvancedFollowInstance.cpp führen zu Ausgaben am selben Speicherort. Dadurch kann ein falsches Buildergebnis entstehen. Die betroffenen Dateien sind C:\PlatformerSaves\PlatformerSaves\build\_deps\bindings-src\bindings\2.2081\inline\AdvancedFollowInstance.cpp, C:\PlatformerSaves\PlatformerSaves\build\bindings\bindings\Geode\source\AdvancedFollowInstance.cpp. [C:\PlatformerSaves\PlatformerSaves\build\bindings\GeodeBindings.vcxproj]
C:\Program Files (x86)\Microsoft Visual Studio\2022\BuildTools\MSBuild\Microsoft\VC\v170\Microsoft.CppBuild.targets(1129,5): warning MSB8027: Mehrere Dateien mit dem Namen AdvancedFollowTriggerObject.cpp führen zu Ausgaben am selben Speicherort. Dadurch kann ein falsches Buildergebnis entstehen. Die betroffenen Dateien sind C:\PlatformerSaves\PlatformerSaves\build\_deps\bindings-src\bindings\2.2081\inline\AdvancedFollowTriggerObject.cpp, C:\PlatformerSaves\PlatformerSaves\build\bindings\bindings\Geode\source\AdvancedFollowTriggerObject.cpp. [C:\PlatformerSaves\PlatformerSaves\build\bindings\GeodeBindings.vcxproj]
C:\Program Files (x86)\Microsoft Visual Studio\2022\BuildTools\MSBuild\Microsoft\VC\v170\Microsoft.CppBuild.targets(1129,5): warning MSB8027: Mehrere Dateien mit dem Namen AnimatedGameObject.cpp führen zu Ausgaben am selben Speicherort. Dadurch kann ein falsches Buildergebnis entstehen. Die betroffenen Dateien sind C:\PlatformerSaves\PlatformerSaves\build\_deps\bindings-src\bindings\2.2081\inline\AnimatedGameObject.cpp, C:\PlatformerSaves\PlatformerSaves\build\bindings\bindings\Geode\source\AnimatedGameObject.cpp. [C:\PlatformerSaves\PlatformerSaves\build\bindings\GeodeBindings.vcxproj]
C:\Program Files (x86)\Microsoft Visual Studio\2022\BuildTools\MSBuild\Microsoft\VC\v170\Microsoft.CppBuild.targets(1129,5): warning MSB8027: Mehrere Dateien mit dem Namen AnimatedShopKeeper.cpp führen zu Ausgaben am selben Speicherort. Dadurch kann ein falsches Buildergebnis entstehen. Die betroffenen Dateien sind C:\PlatformerSaves\PlatformerSaves\build\_deps\bindings-src\bindings\2.2081\inline\AnimatedShopKeeper.cpp, C:\PlatformerSaves\PlatformerSaves\build\bindings\bindings\Geode\source\AnimatedShopKeeper.cpp. [C:\PlatformerSaves\PlatformerSaves\build\bindings\GeodeBindings.vcxproj]
C:\Program Files (x86)\Microsoft Visual Studio\2022\BuildTools\MSBuild\Microsoft\VC\v170\Microsoft.CppBuild.targets(1129,5): warning MSB8027: Mehrere Dateien mit dem Namen AnimatedSpriteDelegate.cpp führen zu Ausgaben am selben Speicherort. Dadurch kann ein falsches Buildergebnis entstehen. Die betroffenen Dateien sind C:\PlatformerSaves\PlatformerSaves\build\_deps\bindings-src\bindings\2.2081\inline\AnimatedSpriteDelegate.cpp, C:\PlatformerSaves\PlatformerSaves\build\bindings\bindings\Geode\source\AnimatedSpriteDelegate.cpp. [C:\PlatformerSaves\PlatformerSaves\build\bindings\GeodeBindings.vcxproj]
C:\Program Files (x86)\Microsoft Visual Studio\2022\BuildTools\MSBuild\Microsoft\VC\v170\Microsoft.CppBuild.targets(1129,5): warning MSB8027: Mehrere Dateien mit dem Namen AppDelegate.cpp führen zu Ausgaben am selben Speicherort. Dadurch kann ein falsches Buildergebnis entstehen. Die betroffenen Dateien sind C:\PlatformerSaves\PlatformerSaves\build\_deps\bindings-src\bindings\2.2081\inline\AppDelegate.cpp, C:\PlatformerSaves\PlatformerSaves\build\bindings\bindings\Geode\source\AppDelegate.cpp. [C:\PlatformerSaves\PlatformerSaves\build\bindings\GeodeBindings.vcxproj]
C:\Program Files (x86)\Microsoft Visual Studio\2022\BuildTools\MSBuild\Microsoft\VC\v170\Microsoft.CppBuild.targets(1129,5): warning MSB8027: Mehrere Dateien mit dem Namen ArtTriggerGameObject.cpp führen zu Ausgaben am selben Speicherort. Dadurch kann ein falsches Buildergebnis entstehen. Die betroffenen Dateien sind C:\PlatformerSaves\PlatformerSaves\build\_deps\bindings-src\bindings\2.2081\inline\ArtTriggerGameObject.cpp, C:\PlatformerSaves\PlatformerSaves\build\bindings\bindings\Geode\source\ArtTriggerGameObject.cpp. [C:\PlatformerSaves\PlatformerSaves\build\bindings\GeodeBindings.vcxproj]
C:\Program Files (x86)\Microsoft Visual Studio\2022\BuildTools\MSBuild\Microsoft\VC\v170\Microsoft.CppBuild.targets(1129,5): warning MSB8027: Mehrere Dateien mit dem Namen ArtistCell.cpp führen zu Ausgaben am selben Speicherort. Dadurch kann ein falsches Buildergebnis entstehen. Die betroffenen Dateien sind C:\PlatformerSaves\PlatformerSaves\build\_deps\bindings-src\bindings\2.2081\inline\ArtistCell.cpp, C:\PlatformerSaves\PlatformerSaves\build\bindings\bindings\Geode\source\ArtistCell.cpp. [C:\PlatformerSaves\PlatformerSaves\build\bindings\GeodeBindings.vcxproj]
C:\Program Files (x86)\Microsoft Visual Studio\2022\BuildTools\MSBuild\Microsoft\VC\v170\Microsoft.CppBuild.targets(1129,5): warning MSB8027: Mehrere Dateien mit dem Namen AudioAssetsBrowser.cpp führen zu Ausgaben am selben Speicherort. Dadurch kann ein falsches Buildergebnis entstehen. Die betroffenen Dateien sind C:\PlatformerSaves\PlatformerSaves\build\_deps\bindings-src\bindings\2.2081\inline\AudioAssetsBrowser.cpp, C:\PlatformerSaves\PlatformerSaves\build\bindings\bindings\Geode\source\AudioAssetsBrowser.cpp. [C:\PlatformerSaves\PlatformerSaves\build\bindings\GeodeBindings.vcxproj]
C:\Program Files (x86)\Microsoft Visual Studio\2022\BuildTools\MSBuild\Microsoft\VC\v170\Microsoft.CppBuild.targets(1129,5): warning MSB8027: Mehrere Dateien mit dem Namen AudioEffectsLayer.cpp führen zu Ausgaben am selben Speicherort. Dadurch kann ein falsches Buildergebnis entstehen. Die betroffenen Dateien sind C:\PlatformerSaves\PlatformerSaves\build\_deps\bindings-src\bindings\2.2081\inline\AudioEffectsLayer.cpp, C:\PlatformerSaves\PlatformerSaves\build\bindings\bindings\Geode\source\AudioEffectsLayer.cpp. [C:\PlatformerSaves\PlatformerSaves\build\bindings\GeodeBindings.vcxproj]
C:\Program Files (x86)\Microsoft Visual Studio\2022\BuildTools\MSBuild\Microsoft\VC\v170\Microsoft.CppBuild.targets(1129,5): warning MSB8027: Mehrere Dateien mit dem Namen AudioLineGuideGameObject.cpp führen zu Ausgaben am selben Speicherort. Dadurch kann ein falsches Buildergebnis entstehen. Die betroffenen Dateien sind C:\PlatformerSaves\PlatformerSaves\build\_deps\bindings-src\bindings\2.2081\inline\AudioLineGuideGameObject.cpp, C:\PlatformerSaves\PlatformerSaves\build\bindings\bindings\Geode\source\AudioLineGuideGameObject.cpp. [C:\PlatformerSaves\PlatformerSaves\build\bindings\GeodeBindings.vcxproj]
C:\Program Files (x86)\Microsoft Visual Studio\2022\BuildTools\MSBuild\Microsoft\VC\v170\Microsoft.CppBuild.targets(1129,5): warning MSB8027: Mehrere Dateien mit dem Namen BitmapFontCache.cpp führen zu Ausgaben am selben Speicherort. Dadurch kann ein falsches Buildergebnis entstehen. Die betroffenen Dateien sind C:\PlatformerSaves\PlatformerSaves\build\_deps\bindings-src\bindings\2.2081\inline\BitmapFontCache.cpp, C:\PlatformerSaves\PlatformerSaves\build\bindings\bindings\Geode\source\BitmapFontCache.cpp. [C:\PlatformerSaves\PlatformerSaves\build\bindings\GeodeBindings.vcxproj]
C:\Program Files (x86)\Microsoft Visual Studio\2022\BuildTools\MSBuild\Microsoft\VC\v170\Microsoft.CppBuild.targets(1129,5): warning MSB8027: Mehrere Dateien mit dem Namen BonusDropdown.cpp führen zu Ausgaben am selben Speicherort. Dadurch kann ein falsches Buildergebnis entstehen. Die betroffenen Dateien sind C:\PlatformerSaves\PlatformerSaves\build\_deps\bindings-src\bindings\2.2081\inline\BonusDropdown.cpp, C:\PlatformerSaves\PlatformerSaves\build\bindings\bindings\Geode\source\BonusDropdown.cpp. [C:\PlatformerSaves\PlatformerSaves\build\bindings\GeodeBindings.vcxproj]
C:\Program Files (x86)\Microsoft Visual Studio\2022\BuildTools\MSBuild\Microsoft\VC\v170\Microsoft.CppBuild.targets(1129,5): warning MSB8027: Mehrere Dateien mit dem Namen BoomListLayer.cpp führen zu Ausgaben am selben Speicherort. Dadurch kann ein falsches Buildergebnis entstehen. Die betroffenen Dateien sind C:\PlatformerSaves\PlatformerSaves\build\_deps\bindings-src\bindings\2.2081\inline\BoomListLayer.cpp, C:\PlatformerSaves\PlatformerSaves\build\bindings\bindings\Geode\source\BoomListLayer.cpp. [C:\PlatformerSaves\PlatformerSaves\build\bindings\GeodeBindings.vcxproj]
C:\Program Files (x86)\Microsoft Visual Studio\2022\BuildTools\MSBuild\Microsoft\VC\v170\Microsoft.CppBuild.targets(1129,5): warning MSB8027: Mehrere Dateien mit dem Namen BoomListView.cpp führen zu Ausgaben am selben Speicherort. Dadurch kann ein falsches Buildergebnis entstehen. Die betroffenen Dateien sind C:\PlatformerSaves\PlatformerSaves\build\_deps\bindings-src\bindings\2.2081\inline\BoomListView.cpp, C:\PlatformerSaves\PlatformerSaves\build\bindings\bindings\Geode\source\BoomListView.cpp. [C:\PlatformerSaves\PlatformerSaves\build\bindings\GeodeBindings.vcxproj]
C:\Program Files (x86)\Microsoft Visual Studio\2022\BuildTools\MSBuild\Microsoft\VC\v170\Microsoft.CppBuild.targets(1129,5): warning MSB8027: Mehrere Dateien mit dem Namen BoomScrollLayer.cpp führen zu Ausgaben am selben Speicherort. Dadurch kann ein falsches Buildergebnis entstehen. Die betroffenen Dateien sind C:\PlatformerSaves\PlatformerSaves\build\_deps\bindings-src\bindings\2.2081\inline\BoomScrollLayer.cpp, C:\PlatformerSaves\PlatformerSaves\build\bindings\bindings\Geode\source\BoomScrollLayer.cpp. [C:\PlatformerSaves\PlatformerSaves\build\bindings\GeodeBindings.vcxproj]
C:\Program Files (x86)\Microsoft Visual Studio\2022\BuildTools\MSBuild\Microsoft\VC\v170\Microsoft.CppBuild.targets(1129,5): warning MSB8027: Mehrere Dateien mit dem Namen BoomScrollLayerDelegate.cpp führen zu Ausgaben am selben Speicherort. Dadurch kann ein falsches Buildergebnis entstehen. Die betroffenen Dateien sind C:\PlatformerSaves\PlatformerSaves\build\_deps\bindings-src\bindings\2.2081\inline\BoomScrollLayerDelegate.cpp, C:\PlatformerSaves\PlatformerSaves\build\bindings\bindings\Geode\source\BoomScrollLayerDelegate.cpp. [C:\PlatformerSaves\PlatformerSaves\build\bindings\GeodeBindings.vcxproj]
C:\Program Files (x86)\Microsoft Visual Studio\2022\BuildTools\MSBuild\Microsoft\VC\v170\Microsoft.CppBuild.targets(1129,5): warning MSB8027: Mehrere Dateien mit dem Namen BrowseSmartKeyLayer.cpp führen zu Ausgaben am selben Speicherort. Dadurch kann ein falsches Buildergebnis entstehen. Die betroffenen Dateien sind C:\PlatformerSaves\PlatformerSaves\build\_deps\bindings-src\bindings\2.2081\inline\BrowseSmartKeyLayer.cpp, C:\PlatformerSaves\PlatformerSaves\build\bindings\bindings\Geode\source\BrowseSmartKeyLayer.cpp. [C:\PlatformerSaves\PlatformerSaves\build\bindings\GeodeBindings.vcxproj]
C:\Program Files (x86)\Microsoft Visual Studio\2022\BuildTools\MSBuild\Microsoft\VC\v170\Microsoft.CppBuild.targets(1129,5): warning MSB8027: Mehrere Dateien mit dem Namen BrowseSmartTemplateLayer.cpp führen zu Ausgaben am selben Speicherort. Dadurch kann ein falsches Buildergebnis entstehen. Die betroffenen Dateien sind C:\PlatformerSaves\PlatformerSaves\build\_deps\bindings-src\bindings\2.2081\inline\BrowseSmartTemplateLayer.cpp, C:\PlatformerSaves\PlatformerSaves\build\bindings\bindings\Geode\source\BrowseSmartTemplateLayer.cpp. [C:\PlatformerSaves\PlatformerSaves\build\bindings\GeodeBindings.vcxproj]
C:\Program Files (x86)\Microsoft Visual Studio\2022\BuildTools\MSBuild\Microsoft\VC\v170\Microsoft.CppBuild.targets(1129,5): warning MSB8027: Mehrere Dateien mit dem Namen ButtonPage.cpp führen zu Ausgaben am selben Speicherort. Dadurch kann ein falsches Buildergebnis entstehen. Die betroffenen Dateien sind C:\PlatformerSaves\PlatformerSaves\build\_deps\bindings-src\bindings\2.2081\inline\ButtonPage.cpp, C:\PlatformerSaves\PlatformerSaves\build\bindings\bindings\Geode\source\ButtonPage.cpp. [C:\PlatformerSaves\PlatformerSaves\build\bindings\GeodeBindings.vcxproj]
C:\Program Files (x86)\Microsoft Visual Studio\2022\BuildTools\MSBuild\Microsoft\VC\v170\Microsoft.CppBuild.targets(1129,5): warning MSB8027: Mehrere Dateien mit dem Namen ButtonSprite.cpp führen zu Ausgaben am selben Speicherort. Dadurch kann ein falsches Buildergebnis entstehen. Die betroffenen Dateien sind C:\PlatformerSaves\PlatformerSaves\build\_deps\bindings-src\bindings\2.2081\inline\ButtonSprite.cpp, C:\PlatformerSaves\PlatformerSaves\build\bindings\bindings\Geode\source\ButtonSprite.cpp. [C:\PlatformerSaves\PlatformerSaves\build\bindings\GeodeBindings.vcxproj]
C:\Program Files (x86)\Microsoft Visual Studio\2022\BuildTools\MSBuild\Microsoft\VC\v170\Microsoft.CppBuild.targets(1129,5): warning MSB8027: Mehrere Dateien mit dem Namen CAState.cpp führen zu Ausgaben am selben Speicherort. Dadurch kann ein falsches Buildergebnis entstehen. Die betroffenen Dateien sind C:\PlatformerSaves\PlatformerSaves\build\_deps\bindings-src\bindings\2.2081\inline\CAState.cpp, C:\PlatformerSaves\PlatformerSaves\build\bindings\bindings\Geode\source\CAState.cpp. [C:\PlatformerSaves\PlatformerSaves\build\bindings\GeodeBindings.vcxproj]
C:\Program Files (x86)\Microsoft Visual Studio\2022\BuildTools\MSBuild\Microsoft\VC\v170\Microsoft.CppBuild.targets(1129,5): warning MSB8027: Mehrere Dateien mit dem Namen CCAccelAmplitude.cpp führen zu Ausgaben am selben Speicherort. Dadurch kann ein falsches Buildergebnis entstehen. Die betroffenen Dateien sind C:\PlatformerSaves\PlatformerSaves\build\_deps\bindings-src\bindings\2.2081\inline\CCAccelAmplitude.cpp, C:\PlatformerSaves\PlatformerSaves\build\bindings\bindings\Geode\source\CCAccelAmplitude.cpp. [C:\PlatformerSaves\PlatformerSaves\build\bindings\GeodeBindings.vcxproj]
C:\Program Files (x86)\Microsoft Visual Studio\2022\BuildTools\MSBuild\Microsoft\VC\v170\Microsoft.CppBuild.targets(1129,5): warning MSB8027: Mehrere Dateien mit dem Namen CCAccelDeccelAmplitude.cpp führen zu Ausgaben am selben Speicherort. Dadurch kann ein falsches Buildergebnis entstehen. Die betroffenen Dateien sind C:\PlatformerSaves\PlatformerSaves\build\_deps\bindings-src\bindings\2.2081\inline\CCAccelDeccelAmplitude.cpp, C:\PlatformerSaves\PlatformerSaves\build\bindings\bindings\Geode\source\CCAccelDeccelAmplitude.cpp. [C:\PlatformerSaves\PlatformerSaves\build\bindings\GeodeBindings.vcxproj]
C:\Program Files (x86)\Microsoft Visual Studio\2022\BuildTools\MSBuild\Microsoft\VC\v170\Microsoft.CppBuild.targets(1129,5): warning MSB8027: Mehrere Dateien mit dem Namen CCAction.cpp führen zu Ausgaben am selben Speicherort. Dadurch kann ein falsches Buildergebnis entstehen. Die betroffenen Dateien sind C:\PlatformerSaves\PlatformerSaves\build\_deps\bindings-src\bindings\2.2081\inline\CCAction.cpp, C:\PlatformerSaves\PlatformerSaves\build\bindings\bindings\Geode\source\CCAction.cpp. [C:\PlatformerSaves\PlatformerSaves\build\bindings\GeodeBindings.vcxproj]
C:\Program Files (x86)\Microsoft Visual Studio\2022\BuildTools\MSBuild\Microsoft\VC\v170\Microsoft.CppBuild.targets(1129,5): warning MSB8027: Mehrere Dateien mit dem Namen CCActionCamera.cpp führen zu Ausgaben am selben Speicherort. Dadurch kann ein falsches Buildergebnis entstehen. Die betroffenen Dateien sind C:\PlatformerSaves\PlatformerSaves\build\_deps\bindings-src\bindings\2.2081\inline\CCActionCamera.cpp, C:\PlatformerSaves\PlatformerSaves\build\bindings\bindings\Geode\source\CCActionCamera.cpp. [C:\PlatformerSaves\PlatformerSaves\build\bindings\GeodeBindings.vcxproj]
C:\Program Files (x86)\Microsoft Visual Studio\2022\BuildTools\MSBuild\Microsoft\VC\v170\Microsoft.CppBuild.targets(1129,5): warning MSB8027: Mehrere Dateien mit dem Namen CCActionEase.cpp führen zu Ausgaben am selben Speicherort. Dadurch kann ein falsches Buildergebnis entstehen. Die betroffenen Dateien sind C:\PlatformerSaves\PlatformerSaves\build\_deps\bindings-src\bindings\2.2081\inline\CCActionEase.cpp, C:\PlatformerSaves\PlatformerSaves\build\bindings\bindings\Geode\source\CCActionEase.cpp. [C:\PlatformerSaves\PlatformerSaves\build\bindings\GeodeBindings.vcxproj]
C:\Program Files (x86)\Microsoft Visual Studio\2022\BuildTools\MSBuild\Microsoft\VC\v170\Microsoft.CppBuild.targets(1129,5): warning MSB8027: Mehrere Dateien mit dem Namen CCActionInstant.cpp führen zu Ausgaben am selben Speicherort. Dadurch kann ein falsches Buildergebnis entstehen. Die betroffenen Dateien sind C:\PlatformerSaves\PlatformerSaves\build\_deps\bindings-src\bindings\2.2081\inline\CCActionInstant.cpp, C:\PlatformerSaves\PlatformerSaves\build\bindings\bindings\Geode\source\CCActionInstant.cpp. [C:\PlatformerSaves\PlatformerSaves\build\bindings\GeodeBindings.vcxproj]
C:\Program Files (x86)\Microsoft Visual Studio\2022\BuildTools\MSBuild\Microsoft\VC\v170\Microsoft.CppBuild.targets(1129,5): warning MSB8027: Mehrere Dateien mit dem Namen CCActionInterval.cpp führen zu Ausgaben am selben Speicherort. Dadurch kann ein falsches Buildergebnis entstehen. Die betroffenen Dateien sind C:\PlatformerSaves\PlatformerSaves\build\_deps\bindings-src\bindings\2.2081\inline\CCActionInterval.cpp, C:\PlatformerSaves\PlatformerSaves\build\bindings\bindings\Geode\source\CCActionInterval.cpp. [C:\PlatformerSaves\PlatformerSaves\build\bindings\GeodeBindings.vcxproj]
C:\Program Files (x86)\Microsoft Visual Studio\2022\BuildTools\MSBuild\Microsoft\VC\v170\Microsoft.CppBuild.targets(1129,5): warning MSB8027: Mehrere Dateien mit dem Namen CCActionManager.cpp führen zu Ausgaben am selben Speicherort. Dadurch kann ein falsches Buildergebnis entstehen. Die betroffenen Dateien sind C:\PlatformerSaves\PlatformerSaves\build\_deps\bindings-src\bindings\2.2081\inline\CCActionManager.cpp, C:\PlatformerSaves\PlatformerSaves\build\bindings\bindings\Geode\source\CCActionManager.cpp. [C:\PlatformerSaves\PlatformerSaves\build\bindings\GeodeBindings.vcxproj]
C:\Program Files (x86)\Microsoft Visual Studio\2022\BuildTools\MSBuild\Microsoft\VC\v170\Microsoft.CppBuild.targets(1129,5): warning MSB8027: Mehrere Dateien mit dem Namen CCActionTween.cpp führen zu Ausgaben am selben Speicherort. Dadurch kann ein falsches Buildergebnis entstehen. Die betroffenen Dateien sind C:\PlatformerSaves\PlatformerSaves\build\_deps\bindings-src\bindings\2.2081\inline\CCActionTween.cpp, C:\PlatformerSaves\PlatformerSaves\build\bindings\bindings\Geode\source\CCActionTween.cpp. [C:\PlatformerSaves\PlatformerSaves\build\bindings\GeodeBindings.vcxproj]
C:\Program Files (x86)\Microsoft Visual Studio\2022\BuildTools\MSBuild\Microsoft\VC\v170\Microsoft.CppBuild.targets(1129,5): warning MSB8027: Mehrere Dateien mit dem Namen CCAlertCircle.cpp führen zu Ausgaben am selben Speicherort. Dadurch kann ein falsches Buildergebnis entstehen. Die betroffenen Dateien sind C:\PlatformerSaves\PlatformerSaves\build\_deps\bindings-src\bindings\2.2081\inline\CCAlertCircle.cpp, C:\PlatformerSaves\PlatformerSaves\build\bindings\bindings\Geode\source\CCAlertCircle.cpp. [C:\PlatformerSaves\PlatformerSaves\build\bindings\GeodeBindings.vcxproj]
C:\Program Files (x86)\Microsoft Visual Studio\2022\BuildTools\MSBuild\Microsoft\VC\v170\Microsoft.CppBuild.targets(1129,5): warning MSB8027: Mehrere Dateien mit dem Namen CCAnimate.cpp führen zu Ausgaben am selben Speicherort. Dadurch kann ein falsches Buildergebnis entstehen. Die betroffenen Dateien sind C:\PlatformerSaves\PlatformerSaves\build\_deps\bindings-src\bindings\2.2081\inline\CCAnimate.cpp, C:\PlatformerSaves\PlatformerSaves\build\bindings\bindings\Geode\source\CCAnimate.cpp. [C:\PlatformerSaves\PlatformerSaves\build\bindings\GeodeBindings.vcxproj]
C:\Program Files (x86)\Microsoft Visual Studio\2022\BuildTools\MSBuild\Microsoft\VC\v170\Microsoft.CppBuild.targets(1129,5): warning MSB8027: Mehrere Dateien mit dem Namen CCAnimateFrameCache.cpp führen zu Ausgaben am selben Speicherort. Dadurch kann ein falsches Buildergebnis entstehen. Die betroffenen Dateien sind C:\PlatformerSaves\PlatformerSaves\build\_deps\bindings-src\bindings\2.2081\inline\CCAnimateFrameCache.cpp, C:\PlatformerSaves\PlatformerSaves\build\bindings\bindings\Geode\source\CCAnimateFrameCache.cpp. [C:\PlatformerSaves\PlatformerSaves\build\bindings\GeodeBindings.vcxproj]
C:\Program Files (x86)\Microsoft Visual Studio\2022\BuildTools\MSBuild\Microsoft\VC\v170\Microsoft.CppBuild.targets(1129,5): warning MSB8027: Mehrere Dateien mit dem Namen CCAnimatedSprite.cpp führen zu Ausgaben am selben Speicherort. Dadurch kann ein falsches Buildergebnis entstehen. Die betroffenen Dateien sind C:\PlatformerSaves\PlatformerSaves\build\_deps\bindings-src\bindings\2.2081\inline\CCAnimatedSprite.cpp, C:\PlatformerSaves\PlatformerSaves\build\bindings\bindings\Geode\source\CCAnimatedSprite.cpp. [C:\PlatformerSaves\PlatformerSaves\build\bindings\GeodeBindings.vcxproj]
C:\Program Files (x86)\Microsoft Visual Studio\2022\BuildTools\MSBuild\Microsoft\VC\v170\Microsoft.CppBuild.targets(1129,5): warning MSB8027: Mehrere Dateien mit dem Namen CCAnimation.cpp führen zu Ausgaben am selben Speicherort. Dadurch kann ein falsches Buildergebnis entstehen. Die betroffenen Dateien sind C:\PlatformerSaves\PlatformerSaves\build\_deps\bindings-src\bindings\2.2081\inline\CCAnimation.cpp, C:\PlatformerSaves\PlatformerSaves\build\bindings\bindings\Geode\source\CCAnimation.cpp. [C:\PlatformerSaves\PlatformerSaves\build\bindings\GeodeBindings.vcxproj]
C:\Program Files (x86)\Microsoft Visual Studio\2022\BuildTools\MSBuild\Microsoft\VC\v170\Microsoft.CppBuild.targets(1129,5): warning MSB8027: Mehrere Dateien mit dem Namen CCAnimationCache.cpp führen zu Ausgaben am selben Speicherort. Dadurch kann ein falsches Buildergebnis entstehen. Die betroffenen Dateien sind C:\PlatformerSaves\PlatformerSaves\build\_deps\bindings-src\bindings\2.2081\inline\CCAnimationCache.cpp, C:\PlatformerSaves\PlatformerSaves\build\bindings\bindings\Geode\source\CCAnimationCache.cpp. [C:\PlatformerSaves\PlatformerSaves\build\bindings\GeodeBindings.vcxproj]
C:\Program Files (x86)\Microsoft Visual Studio\2022\BuildTools\MSBuild\Microsoft\VC\v170\Microsoft.CppBuild.targets(1129,5): warning MSB8027: Mehrere Dateien mit dem Namen CCAnimationFrame.cpp führen zu Ausgaben am selben Speicherort. Dadurch kann ein falsches Buildergebnis entstehen. Die betroffenen Dateien sind C:\PlatformerSaves\PlatformerSaves\build\_deps\bindings-src\bindings\2.2081\inline\CCAnimationFrame.cpp, C:\PlatformerSaves\PlatformerSaves\build\bindings\bindings\Geode\source\CCAnimationFrame.cpp. [C:\PlatformerSaves\PlatformerSaves\build\bindings\GeodeBindings.vcxproj]
C:\Program Files (x86)\Microsoft Visual Studio\2022\BuildTools\MSBuild\Microsoft\VC\v170\Microsoft.CppBuild.targets(1129,5): warning MSB8027: Mehrere Dateien mit dem Namen CCApplication.cpp führen zu Ausgaben am selben Speicherort. Dadurch kann ein falsches Buildergebnis entstehen. Die betroffenen Dateien sind C:\PlatformerSaves\PlatformerSaves\build\_deps\bindings-src\bindings\2.2081\inline\CCApplication.cpp, C:\PlatformerSaves\PlatformerSaves\build\bindings\bindings\Geode\source\CCApplication.cpp. [C:\PlatformerSaves\PlatformerSaves\build\bindings\GeodeBindings.vcxproj]
C:\Program Files (x86)\Microsoft Visual Studio\2022\BuildTools\MSBuild\Microsoft\VC\v170\Microsoft.CppBuild.targets(1129,5): warning MSB8027: Mehrere Dateien mit dem Namen CCArray.cpp führen zu Ausgaben am selben Speicherort. Dadurch kann ein falsches Buildergebnis entstehen. Die betroffenen Dateien sind C:\PlatformerSaves\PlatformerSaves\build\_deps\bindings-src\bindings\2.2081\inline\CCArray.cpp, C:\PlatformerSaves\PlatformerSaves\build\bindings\bindings\Geode\source\CCArray.cpp. [C:\PlatformerSaves\PlatformerSaves\build\bindings\GeodeBindings.vcxproj]
C:\Program Files (x86)\Microsoft Visual Studio\2022\BuildTools\MSBuild\Microsoft\VC\v170\Microsoft.CppBuild.targets(1129,5): warning MSB8027: Mehrere Dateien mit dem Namen CCArrayForObjectSorting.cpp führen zu Ausgaben am selben Speicherort. Dadurch kann ein falsches Buildergebnis entstehen. Die betroffenen Dateien sind C:\PlatformerSaves\PlatformerSaves\build\_deps\bindings-src\bindings\2.2081\inline\CCArrayForObjectSorting.cpp, C:\PlatformerSaves\PlatformerSaves\build\bindings\bindings\Geode\source\CCArrayForObjectSorting.cpp. [C:\PlatformerSaves\PlatformerSaves\build\bindings\GeodeBindings.vcxproj]
C:\Program Files (x86)\Microsoft Visual Studio\2022\BuildTools\MSBuild\Microsoft\VC\v170\Microsoft.CppBuild.targets(1129,5): warning MSB8027: Mehrere Dateien mit dem Namen CCAtlasNode.cpp führen zu Ausgaben am selben Speicherort. Dadurch kann ein falsches Buildergebnis entstehen. Die betroffenen Dateien sind C:\PlatformerSaves\PlatformerSaves\build\_deps\bindings-src\bindings\2.2081\inline\CCAtlasNode.cpp, C:\PlatformerSaves\PlatformerSaves\build\bindings\bindings\Geode\source\CCAtlasNode.cpp. [C:\PlatformerSaves\PlatformerSaves\build\bindings\GeodeBindings.vcxproj]
C:\Program Files (x86)\Microsoft Visual Studio\2022\BuildTools\MSBuild\Microsoft\VC\v170\Microsoft.CppBuild.targets(1129,5): warning MSB8027: Mehrere Dateien mit dem Namen CCAutoreleasePool.cpp führen zu Ausgaben am selben Speicherort. Dadurch kann ein falsches Buildergebnis entstehen. Die betroffenen Dateien sind C:\PlatformerSaves\PlatformerSaves\build\_deps\bindings-src\bindings\2.2081\inline\CCAutoreleasePool.cpp, C:\PlatformerSaves\PlatformerSaves\build\bindings\bindings\Geode\source\CCAutoreleasePool.cpp. [C:\PlatformerSaves\PlatformerSaves\build\bindings\GeodeBindings.vcxproj]
C:\Program Files (x86)\Microsoft Visual Studio\2022\BuildTools\MSBuild\Microsoft\VC\v170\Microsoft.CppBuild.targets(1129,5): warning MSB8027: Mehrere Dateien mit dem Namen CCBMFontConfiguration.cpp führen zu Ausgaben am selben Speicherort. Dadurch kann ein falsches Buildergebnis entstehen. Die betroffenen Dateien sind C:\PlatformerSaves\PlatformerSaves\build\_deps\bindings-src\bindings\2.2081\inline\CCBMFontConfiguration.cpp, C:\PlatformerSaves\PlatformerSaves\build\bindings\bindings\Geode\source\CCBMFontConfiguration.cpp. [C:\PlatformerSaves\PlatformerSaves\build\bindings\GeodeBindings.vcxproj]
C:\Program Files (x86)\Microsoft Visual Studio\2022\BuildTools\MSBuild\Microsoft\VC\v170\Microsoft.CppBuild.targets(1129,5): warning MSB8027: Mehrere Dateien mit dem Namen CCBezierBy.cpp führen zu Ausgaben am selben Speicherort. Dadurch kann ein falsches Buildergebnis entstehen. Die betroffenen Dateien sind C:\PlatformerSaves\PlatformerSaves\build\_deps\bindings-src\bindings\2.2081\inline\CCBezierBy.cpp, C:\PlatformerSaves\PlatformerSaves\build\bindings\bindings\Geode\source\CCBezierBy.cpp. [C:\PlatformerSaves\PlatformerSaves\build\bindings\GeodeBindings.vcxproj]
C:\Program Files (x86)\Microsoft Visual Studio\2022\BuildTools\MSBuild\Microsoft\VC\v170\Microsoft.CppBuild.targets(1129,5): warning MSB8027: Mehrere Dateien mit dem Namen CCBezierTo.cpp führen zu Ausgaben am selben Speicherort. Dadurch kann ein falsches Buildergebnis entstehen. Die betroffenen Dateien sind C:\PlatformerSaves\PlatformerSaves\build\_deps\bindings-src\bindings\2.2081\inline\CCBezierTo.cpp, C:\PlatformerSaves\PlatformerSaves\build\bindings\bindings\Geode\source\CCBezierTo.cpp. [C:\PlatformerSaves\PlatformerSaves\build\bindings\GeodeBindings.vcxproj]
C:\Program Files (x86)\Microsoft Visual Studio\2022\BuildTools\MSBuild\Microsoft\VC\v170\Microsoft.CppBuild.targets(1129,5): warning MSB8027: Mehrere Dateien mit dem Namen CCBlink.cpp führen zu Ausgaben am selben Speicherort. Dadurch kann ein falsches Buildergebnis entstehen. Die betroffenen Dateien sind C:\PlatformerSaves\PlatformerSaves\build\_deps\bindings-src\bindings\2.2081\inline\CCBlink.cpp, C:\PlatformerSaves\PlatformerSaves\build\bindings\bindings\Geode\source\CCBlink.cpp. [C:\PlatformerSaves\PlatformerSaves\build\bindings\GeodeBindings.vcxproj]
C:\Program Files (x86)\Microsoft Visual Studio\2022\BuildTools\MSBuild\Microsoft\VC\v170\Microsoft.CppBuild.targets(1129,5): warning MSB8027: Mehrere Dateien mit dem Namen CCBlockLayer.cpp führen zu Ausgaben am selben Speicherort. Dadurch kann ein falsches Buildergebnis entstehen. Die betroffenen Dateien sind C:\PlatformerSaves\PlatformerSaves\build\_deps\bindings-src\bindings\2.2081\inline\CCBlockLayer.cpp, C:\PlatformerSaves\PlatformerSaves\build\bindings\bindings\Geode\source\CCBlockLayer.cpp. [C:\PlatformerSaves\PlatformerSaves\build\bindings\GeodeBindings.vcxproj]
C:\Program Files (x86)\Microsoft Visual Studio\2022\BuildTools\MSBuild\Microsoft\VC\v170\Microsoft.CppBuild.targets(1129,5): warning MSB8027: Mehrere Dateien mit dem Namen CCCallFunc.cpp führen zu Ausgaben am selben Speicherort. Dadurch kann ein falsches Buildergebnis entstehen. Die betroffenen Dateien sind C:\PlatformerSaves\PlatformerSaves\build\_deps\bindings-src\bindings\2.2081\inline\CCCallFunc.cpp, C:\PlatformerSaves\PlatformerSaves\build\bindings\bindings\Geode\source\CCCallFunc.cpp. [C:\PlatformerSaves\PlatformerSaves\build\bindings\GeodeBindings.vcxproj]
C:\Program Files (x86)\Microsoft Visual Studio\2022\BuildTools\MSBuild\Microsoft\VC\v170\Microsoft.CppBuild.targets(1129,5): warning MSB8027: Mehrere Dateien mit dem Namen CCCallFuncN.cpp führen zu Ausgaben am selben Speicherort. Dadurch kann ein falsches Buildergebnis entstehen. Die betroffenen Dateien sind C:\PlatformerSaves\PlatformerSaves\build\_deps\bindings-src\bindings\2.2081\inline\CCCallFuncN.cpp, C:\PlatformerSaves\PlatformerSaves\build\bindings\bindings\Geode\source\CCCallFuncN.cpp. [C:\PlatformerSaves\PlatformerSaves\build\bindings\GeodeBindings.vcxproj]
C:\Program Files (x86)\Microsoft Visual Studio\2022\BuildTools\MSBuild\Microsoft\VC\v170\Microsoft.CppBuild.targets(1129,5): warning MSB8027: Mehrere Dateien mit dem Namen CCCallFuncND.cpp führen zu Ausgaben am selben Speicherort. Dadurch kann ein falsches Buildergebnis entstehen. Die betroffenen Dateien sind C:\PlatformerSaves\PlatformerSaves\build\_deps\bindings-src\bindings\2.2081\inline\CCCallFuncND.cpp, C:\PlatformerSaves\PlatformerSaves\build\bindings\bindings\Geode\source\CCCallFuncND.cpp. [C:\PlatformerSaves\PlatformerSaves\build\bindings\GeodeBindings.vcxproj]
C:\Program Files (x86)\Microsoft Visual Studio\2022\BuildTools\MSBuild\Microsoft\VC\v170\Microsoft.CppBuild.targets(1129,5): warning MSB8027: Mehrere Dateien mit dem Namen CCCallFuncO.cpp führen zu Ausgaben am selben Speicherort. Dadurch kann ein falsches Buildergebnis entstehen. Die betroffenen Dateien sind C:\PlatformerSaves\PlatformerSaves\build\_deps\bindings-src\bindings\2.2081\inline\CCCallFuncO.cpp, C:\PlatformerSaves\PlatformerSaves\build\bindings\bindings\Geode\source\CCCallFuncO.cpp. [C:\PlatformerSaves\PlatformerSaves\build\bindings\GeodeBindings.vcxproj]
C:\Program Files (x86)\Microsoft Visual Studio\2022\BuildTools\MSBuild\Microsoft\VC\v170\Microsoft.CppBuild.targets(1129,5): warning MSB8027: Mehrere Dateien mit dem Namen CCCamera.cpp führen zu Ausgaben am selben Speicherort. Dadurch kann ein falsches Buildergebnis entstehen. Die betroffenen Dateien sind C:\PlatformerSaves\PlatformerSaves\build\_deps\bindings-src\bindings\2.2081\inline\CCCamera.cpp, C:\PlatformerSaves\PlatformerSaves\build\bindings\bindings\Geode\source\CCCamera.cpp. [C:\PlatformerSaves\PlatformerSaves\build\bindings\GeodeBindings.vcxproj]
C:\Program Files (x86)\Microsoft Visual Studio\2022\BuildTools\MSBuild\Microsoft\VC\v170\Microsoft.CppBuild.targets(1129,5): warning MSB8027: Mehrere Dateien mit dem Namen CCCardinalSplineBy.cpp führen zu Ausgaben am selben Speicherort. Dadurch kann ein falsches Buildergebnis entstehen. Die betroffenen Dateien sind C:\PlatformerSaves\PlatformerSaves\build\_deps\bindings-src\bindings\2.2081\inline\CCCardinalSplineBy.cpp, C:\PlatformerSaves\PlatformerSaves\build\bindings\bindings\Geode\source\CCCardinalSplineBy.cpp. [C:\PlatformerSaves\PlatformerSaves\build\bindings\GeodeBindings.vcxproj]
C:\Program Files (x86)\Microsoft Visual Studio\2022\BuildTools\MSBuild\Microsoft\VC\v170\Microsoft.CppBuild.targets(1129,5): warning MSB8027: Mehrere Dateien mit dem Namen CCCardinalSplineTo.cpp führen zu Ausgaben am selben Speicherort. Dadurch kann ein falsches Buildergebnis entstehen. Die betroffenen Dateien sind C:\PlatformerSaves\PlatformerSaves\build\_deps\bindings-src\bindings\2.2081\inline\CCCardinalSplineTo.cpp, C:\PlatformerSaves\PlatformerSaves\build\bindings\bindings\Geode\source\CCCardinalSplineTo.cpp. [C:\PlatformerSaves\PlatformerSaves\build\bindings\GeodeBindings.vcxproj]
C:\Program Files (x86)\Microsoft Visual Studio\2022\BuildTools\MSBuild\Microsoft\VC\v170\Microsoft.CppBuild.targets(1129,5): warning MSB8027: Mehrere Dateien mit dem Namen CCCatmullRomBy.cpp führen zu Ausgaben am selben Speicherort. Dadurch kann ein falsches Buildergebnis entstehen. Die betroffenen Dateien sind C:\PlatformerSaves\PlatformerSaves\build\_deps\bindings-src\bindings\2.2081\inline\CCCatmullRomBy.cpp, C:\PlatformerSaves\PlatformerSaves\build\bindings\bindings\Geode\source\CCCatmullRomBy.cpp. [C:\PlatformerSaves\PlatformerSaves\build\bindings\GeodeBindings.vcxproj]
C:\Program Files (x86)\Microsoft Visual Studio\2022\BuildTools\MSBuild\Microsoft\VC\v170\Microsoft.CppBuild.targets(1129,5): warning MSB8027: Mehrere Dateien mit dem Namen CCCatmullRomTo.cpp führen zu Ausgaben am selben Speicherort. Dadurch kann ein falsches Buildergebnis entstehen. Die betroffenen Dateien sind C:\PlatformerSaves\PlatformerSaves\build\_deps\bindings-src\bindings\2.2081\inline\CCCatmullRomTo.cpp, C:\PlatformerSaves\PlatformerSaves\build\bindings\bindings\Geode\source\CCCatmullRomTo.cpp. [C:\PlatformerSaves\PlatformerSaves\build\bindings\GeodeBindings.vcxproj]
C:\Program Files (x86)\Microsoft Visual Studio\2022\BuildTools\MSBuild\Microsoft\VC\v170\Microsoft.CppBuild.targets(1129,5): warning MSB8027: Mehrere Dateien mit dem Namen CCCircleAlert.cpp führen zu Ausgaben am selben Speicherort. Dadurch kann ein falsches Buildergebnis entstehen. Die betroffenen Dateien sind C:\PlatformerSaves\PlatformerSaves\build\_deps\bindings-src\bindings\2.2081\inline\CCCircleAlert.cpp, C:\PlatformerSaves\PlatformerSaves\build\bindings\bindings\Geode\source\CCCircleAlert.cpp. [C:\PlatformerSaves\PlatformerSaves\build\bindings\GeodeBindings.vcxproj]
C:\Program Files (x86)\Microsoft Visual Studio\2022\BuildTools\MSBuild\Microsoft\VC\v170\Microsoft.CppBuild.targets(1129,5): warning MSB8027: Mehrere Dateien mit dem Namen CCCircleWave.cpp führen zu Ausgaben am selben Speicherort. Dadurch kann ein falsches Buildergebnis entstehen. Die betroffenen Dateien sind C:\PlatformerSaves\PlatformerSaves\build\_deps\bindings-src\bindings\2.2081\inline\CCCircleWave.cpp, C:\PlatformerSaves\PlatformerSaves\build\bindings\bindings\Geode\source\CCCircleWave.cpp. [C:\PlatformerSaves\PlatformerSaves\build\bindings\GeodeBindings.vcxproj]
C:\Program Files (x86)\Microsoft Visual Studio\2022\BuildTools\MSBuild\Microsoft\VC\v170\Microsoft.CppBuild.targets(1129,5): warning MSB8027: Mehrere Dateien mit dem Namen CCCircleWaveDelegate.cpp führen zu Ausgaben am selben Speicherort. Dadurch kann ein falsches Buildergebnis entstehen. Die betroffenen Dateien sind C:\PlatformerSaves\PlatformerSaves\build\_deps\bindings-src\bindings\2.2081\inline\CCCircleWaveDelegate.cpp, C:\PlatformerSaves\PlatformerSaves\build\bindings\bindings\Geode\source\CCCircleWaveDelegate.cpp. [C:\PlatformerSaves\PlatformerSaves\build\bindings\GeodeBindings.vcxproj]
C:\Program Files (x86)\Microsoft Visual Studio\2022\BuildTools\MSBuild\Microsoft\VC\v170\Microsoft.CppBuild.targets(1129,5): warning MSB8027: Mehrere Dateien mit dem Namen CCClippingNode.cpp führen zu Ausgaben am selben Speicherort. Dadurch kann ein falsches Buildergebnis entstehen. Die betroffenen Dateien sind C:\PlatformerSaves\PlatformerSaves\build\_deps\bindings-src\bindings\2.2081\inline\CCClippingNode.cpp, C:\PlatformerSaves\PlatformerSaves\build\bindings\bindings\Geode\source\CCClippingNode.cpp. [C:\PlatformerSaves\PlatformerSaves\build\bindings\GeodeBindings.vcxproj]
C:\Program Files (x86)\Microsoft Visual Studio\2022\BuildTools\MSBuild\Microsoft\VC\v170\Microsoft.CppBuild.targets(1129,5): warning MSB8027: Mehrere Dateien mit dem Namen CCComponent.cpp führen zu Ausgaben am selben Speicherort. Dadurch kann ein falsches Buildergebnis entstehen. Die betroffenen Dateien sind C:\PlatformerSaves\PlatformerSaves\build\_deps\bindings-src\bindings\2.2081\inline\CCComponent.cpp, C:\PlatformerSaves\PlatformerSaves\build\bindings\bindings\Geode\source\CCComponent.cpp. [C:\PlatformerSaves\PlatformerSaves\build\bindings\GeodeBindings.vcxproj]
C:\Program Files (x86)\Microsoft Visual Studio\2022\BuildTools\MSBuild\Microsoft\VC\v170\Microsoft.CppBuild.targets(1129,5): warning MSB8027: Mehrere Dateien mit dem Namen CCComponentContainer.cpp führen zu Ausgaben am selben Speicherort. Dadurch kann ein falsches Buildergebnis entstehen. Die betroffenen Dateien sind C:\PlatformerSaves\PlatformerSaves\build\_deps\bindings-src\bindings\2.2081\inline\CCComponentContainer.cpp, C:\PlatformerSaves\PlatformerSaves\build\bindings\bindings\Geode\source\CCComponentContainer.cpp. [C:\PlatformerSaves\PlatformerSaves\build\bindings\GeodeBindings.vcxproj]
C:\Program Files (x86)\Microsoft Visual Studio\2022\BuildTools\MSBuild\Microsoft\VC\v170\Microsoft.CppBuild.targets(1129,5): warning MSB8027: Mehrere Dateien mit dem Namen CCConfiguration.cpp führen zu Ausgaben am selben Speicherort. Dadurch kann ein falsches Buildergebnis entstehen. Die betroffenen Dateien sind C:\PlatformerSaves\PlatformerSaves\build\_deps\bindings-src\bindings\2.2081\inline\CCConfiguration.cpp, C:\PlatformerSaves\PlatformerSaves\build\bindings\bindings\Geode\source\CCConfiguration.cpp. [C:\PlatformerSaves\PlatformerSaves\build\bindings\GeodeBindings.vcxproj]
C:\Program Files (x86)\Microsoft Visual Studio\2022\BuildTools\MSBuild\Microsoft\VC\v170\Microsoft.CppBuild.targets(1129,5): warning MSB8027: Mehrere Dateien mit dem Namen CCContentLayer.cpp führen zu Ausgaben am selben Speicherort. Dadurch kann ein falsches Buildergebnis entstehen. Die betroffenen Dateien sind C:\PlatformerSaves\PlatformerSaves\build\_deps\bindings-src\bindings\2.2081\inline\CCContentLayer.cpp, C:\PlatformerSaves\PlatformerSaves\build\bindings\bindings\Geode\source\CCContentLayer.cpp. [C:\PlatformerSaves\PlatformerSaves\build\bindings\GeodeBindings.vcxproj]
C:\Program Files (x86)\Microsoft Visual Studio\2022\BuildTools\MSBuild\Microsoft\VC\v170\Microsoft.CppBuild.targets(1129,5): warning MSB8027: Mehrere Dateien mit dem Namen CCContentManager.cpp führen zu Ausgaben am selben Speicherort. Dadurch kann ein falsches Buildergebnis entstehen. Die betroffenen Dateien sind C:\PlatformerSaves\PlatformerSaves\build\_deps\bindings-src\bindings\2.2081\inline\CCContentManager.cpp, C:\PlatformerSaves\PlatformerSaves\build\bindings\bindings\Geode\source\CCContentManager.cpp. [C:\PlatformerSaves\PlatformerSaves\build\bindings\GeodeBindings.vcxproj]
C:\Program Files (x86)\Microsoft Visual Studio\2022\BuildTools\MSBuild\Microsoft\VC\v170\Microsoft.CppBuild.targets(1129,5): warning MSB8027: Mehrere Dateien mit dem Namen CCControl.cpp führen zu Ausgaben am selben Speicherort. Dadurch kann ein falsches Buildergebnis entstehen. Die betroffenen Dateien sind C:\PlatformerSaves\PlatformerSaves\build\_deps\bindings-src\bindings\2.2081\inline\CCControl.cpp, C:\PlatformerSaves\PlatformerSaves\build\bindings\bindings\Geode\source\CCControl.cpp. [C:\PlatformerSaves\PlatformerSaves\build\bindings\GeodeBindings.vcxproj]
C:\Program Files (x86)\Microsoft Visual Studio\2022\BuildTools\MSBuild\Microsoft\VC\v170\Microsoft.CppBuild.targets(1129,5): warning MSB8027: Mehrere Dateien mit dem Namen CCControlButton.cpp führen zu Ausgaben am selben Speicherort. Dadurch kann ein falsches Buildergebnis entstehen. Die betroffenen Dateien sind C:\PlatformerSaves\PlatformerSaves\build\_deps\bindings-src\bindings\2.2081\inline\CCControlButton.cpp, C:\PlatformerSaves\PlatformerSaves\build\bindings\bindings\Geode\source\CCControlButton.cpp. [C:\PlatformerSaves\PlatformerSaves\build\bindings\GeodeBindings.vcxproj]
C:\Program Files (x86)\Microsoft Visual Studio\2022\BuildTools\MSBuild\Microsoft\VC\v170\Microsoft.CppBuild.targets(1129,5): warning MSB8027: Mehrere Dateien mit dem Namen CCControlColourPicker.cpp führen zu Ausgaben am selben Speicherort. Dadurch kann ein falsches Buildergebnis entstehen. Die betroffenen Dateien sind C:\PlatformerSaves\PlatformerSaves\build\_deps\bindings-src\bindings\2.2081\inline\CCControlColourPicker.cpp, C:\PlatformerSaves\PlatformerSaves\build\bindings\bindings\Geode\source\CCControlColourPicker.cpp. [C:\PlatformerSaves\PlatformerSaves\build\bindings\GeodeBindings.vcxproj]
C:\Program Files (x86)\Microsoft Visual Studio\2022\BuildTools\MSBuild\Microsoft\VC\v170\Microsoft.CppBuild.targets(1129,5): warning MSB8027: Mehrere Dateien mit dem Namen CCControlHuePicker.cpp führen zu Ausgaben am selben Speicherort. Dadurch kann ein falsches Buildergebnis entstehen. Die betroffenen Dateien sind C:\PlatformerSaves\PlatformerSaves\build\_deps\bindings-src\bindings\2.2081\inline\CCControlHuePicker.cpp, C:\PlatformerSaves\PlatformerSaves\build\bindings\bindings\Geode\source\CCControlHuePicker.cpp. [C:\PlatformerSaves\PlatformerSaves\build\bindings\GeodeBindings.vcxproj]
C:\Program Files (x86)\Microsoft Visual Studio\2022\BuildTools\MSBuild\Microsoft\VC\v170\Microsoft.CppBuild.targets(1129,5): warning MSB8027: Mehrere Dateien mit dem Namen CCControlPotentiometer.cpp führen zu Ausgaben am selben Speicherort. Dadurch kann ein falsches Buildergebnis entstehen. Die betroffenen Dateien sind C:\PlatformerSaves\PlatformerSaves\build\_deps\bindings-src\bindings\2.2081\inline\CCControlPotentiometer.cpp, C:\PlatformerSaves\PlatformerSaves\build\bindings\bindings\Geode\source\CCControlPotentiometer.cpp. [C:\PlatformerSaves\PlatformerSaves\build\bindings\GeodeBindings.vcxproj]
C:\Program Files (x86)\Microsoft Visual Studio\2022\BuildTools\MSBuild\Microsoft\VC\v170\Microsoft.CppBuild.targets(1129,5): warning MSB8027: Mehrere Dateien mit dem Namen CCControlSaturationBrightnessPicker.cpp führen zu Ausgaben am selben Speicherort. Dadurch kann ein falsches Buildergebnis entstehen. Die betroffenen Dateien sind C:\PlatformerSaves\PlatformerSaves\build\_deps\bindings-src\bindings\2.2081\inline\CCControlSaturationBrightnessPicker.cpp, C:\PlatformerSaves\PlatformerSaves\build\bindings\bindings\Geode\source\CCControlSaturationBrightnessPicker.cpp. [C:\PlatformerSaves\PlatformerSaves\build\bindings\GeodeBindings.vcxproj]
C:\Program Files (x86)\Microsoft Visual Studio\2022\BuildTools\MSBuild\Microsoft\VC\v170\Microsoft.CppBuild.targets(1129,5): warning MSB8027: Mehrere Dateien mit dem Namen CCControlSlider.cpp führen zu Ausgaben am selben Speicherort. Dadurch kann ein falsches Buildergebnis entstehen. Die betroffenen Dateien sind C:\PlatformerSaves\PlatformerSaves\build\_deps\bindings-src\bindings\2.2081\inline\CCControlSlider.cpp, C:\PlatformerSaves\PlatformerSaves\build\bindings\bindings\Geode\source\CCControlSlider.cpp. [C:\PlatformerSaves\PlatformerSaves\build\bindings\GeodeBindings.vcxproj]
C:\Program Files (x86)\Microsoft Visual Studio\2022\BuildTools\MSBuild\Microsoft\VC\v170\Microsoft.CppBuild.targets(1129,5): warning MSB8027: Mehrere Dateien mit dem Namen CCControlStepper.cpp führen zu Ausgaben am selben Speicherort. Dadurch kann ein falsches Buildergebnis entstehen. Die betroffenen Dateien sind C:\PlatformerSaves\PlatformerSaves\build\_deps\bindings-src\bindings\2.2081\inline\CCControlStepper.cpp, C:\PlatformerSaves\PlatformerSaves\build\bindings\bindings\Geode\source\CCControlStepper.cpp. [C:\PlatformerSaves\PlatformerSaves\build\bindings\GeodeBindings.vcxproj]
C:\Program Files (x86)\Microsoft Visual Studio\2022\BuildTools\MSBuild\Microsoft\VC\v170\Microsoft.CppBuild.targets(1129,5): warning MSB8027: Mehrere Dateien mit dem Namen CCControlSwitch.cpp führen zu Ausgaben am selben Speicherort. Dadurch kann ein falsches Buildergebnis entstehen. Die betroffenen Dateien sind C:\PlatformerSaves\PlatformerSaves\build\_deps\bindings-src\bindings\2.2081\inline\CCControlSwitch.cpp, C:\PlatformerSaves\PlatformerSaves\build\bindings\bindings\Geode\source\CCControlSwitch.cpp. [C:\PlatformerSaves\PlatformerSaves\build\bindings\GeodeBindings.vcxproj]
C:\Program Files (x86)\Microsoft Visual Studio\2022\BuildTools\MSBuild\Microsoft\VC\v170\Microsoft.CppBuild.targets(1129,5): warning MSB8027: Mehrere Dateien mit dem Namen CCControlUtils.cpp führen zu Ausgaben am selben Speicherort. Dadurch kann ein falsches Buildergebnis entstehen. Die betroffenen Dateien sind C:\PlatformerSaves\PlatformerSaves\build\_deps\bindings-src\bindings\2.2081\inline\CCControlUtils.cpp, C:\PlatformerSaves\PlatformerSaves\build\bindings\bindings\Geode\source\CCControlUtils.cpp. [C:\PlatformerSaves\PlatformerSaves\build\bindings\GeodeBindings.vcxproj]
C:\Program Files (x86)\Microsoft Visual Studio\2022\BuildTools\MSBuild\Microsoft\VC\v170\Microsoft.CppBuild.targets(1129,5): warning MSB8027: Mehrere Dateien mit dem Namen CCCountdown.cpp führen zu Ausgaben am selben Speicherort. Dadurch kann ein falsches Buildergebnis entstehen. Die betroffenen Dateien sind C:\PlatformerSaves\PlatformerSaves\build\_deps\bindings-src\bindings\2.2081\inline\CCCountdown.cpp, C:\PlatformerSaves\PlatformerSaves\build\bindings\bindings\Geode\source\CCCountdown.cpp. [C:\PlatformerSaves\PlatformerSaves\build\bindings\GeodeBindings.vcxproj]
C:\Program Files (x86)\Microsoft Visual Studio\2022\BuildTools\MSBuild\Microsoft\VC\v170\Microsoft.CppBuild.targets(1129,5): warning MSB8027: Mehrere Dateien mit dem Namen CCCounterLabel.cpp führen zu Ausgaben am selben Speicherort. Dadurch kann ein falsches Buildergebnis entstehen. Die betroffenen Dateien sind C:\PlatformerSaves\PlatformerSaves\build\_deps\bindings-src\bindings\2.2081\inline\CCCounterLabel.cpp, C:\PlatformerSaves\PlatformerSaves\build\bindings\bindings\Geode\source\CCCounterLabel.cpp. [C:\PlatformerSaves\PlatformerSaves\build\bindings\GeodeBindings.vcxproj]
C:\Program Files (x86)\Microsoft Visual Studio\2022\BuildTools\MSBuild\Microsoft\VC\v170\Microsoft.CppBuild.targets(1129,5): warning MSB8027: Mehrere Dateien mit dem Namen CCDataVisitor.cpp führen zu Ausgaben am selben Speicherort. Dadurch kann ein falsches Buildergebnis entstehen. Die betroffenen Dateien sind C:\PlatformerSaves\PlatformerSaves\build\_deps\bindings-src\bindings\2.2081\inline\CCDataVisitor.cpp, C:\PlatformerSaves\PlatformerSaves\build\bindings\bindings\Geode\source\CCDataVisitor.cpp. [C:\PlatformerSaves\PlatformerSaves\build\bindings\GeodeBindings.vcxproj]
C:\Program Files (x86)\Microsoft Visual Studio\2022\BuildTools\MSBuild\Microsoft\VC\v170\Microsoft.CppBuild.targets(1129,5): warning MSB8027: Mehrere Dateien mit dem Namen CCDeccelAmplitude.cpp führen zu Ausgaben am selben Speicherort. Dadurch kann ein falsches Buildergebnis entstehen. Die betroffenen Dateien sind C:\PlatformerSaves\PlatformerSaves\build\_deps\bindings-src\bindings\2.2081\inline\CCDeccelAmplitude.cpp, C:\PlatformerSaves\PlatformerSaves\build\bindings\bindings\Geode\source\CCDeccelAmplitude.cpp. [C:\PlatformerSaves\PlatformerSaves\build\bindings\GeodeBindings.vcxproj]
C:\Program Files (x86)\Microsoft Visual Studio\2022\BuildTools\MSBuild\Microsoft\VC\v170\Microsoft.CppBuild.targets(1129,5): warning MSB8027: Mehrere Dateien mit dem Namen CCDelayTime.cpp führen zu Ausgaben am selben Speicherort. Dadurch kann ein falsches Buildergebnis entstehen. Die betroffenen Dateien sind C:\PlatformerSaves\PlatformerSaves\build\_deps\bindings-src\bindings\2.2081\inline\CCDelayTime.cpp, C:\PlatformerSaves\PlatformerSaves\build\bindings\bindings\Geode\source\CCDelayTime.cpp. [C:\PlatformerSaves\PlatformerSaves\build\bindings\GeodeBindings.vcxproj]
C:\Program Files (x86)\Microsoft Visual Studio\2022\BuildTools\MSBuild\Microsoft\VC\v170\Microsoft.CppBuild.targets(1129,5): warning MSB8027: Mehrere Dateien mit dem Namen CCDevice.cpp führen zu Ausgaben am selben Speicherort. Dadurch kann ein falsches Buildergebnis entstehen. Die betroffenen Dateien sind C:\PlatformerSaves\PlatformerSaves\build\_deps\bindings-src\bindings\2.2081\inline\CCDevice.cpp, C:\PlatformerSaves\PlatformerSaves\build\bindings\bindings\Geode\source\CCDevice.cpp. [C:\PlatformerSaves\PlatformerSaves\build\bindings\GeodeBindings.vcxproj]
C:\Program Files (x86)\Microsoft Visual Studio\2022\BuildTools\MSBuild\Microsoft\VC\v170\Microsoft.CppBuild.targets(1129,5): warning MSB8027: Mehrere Dateien mit dem Namen CCDictElement.cpp führen zu Ausgaben am selben Speicherort. Dadurch kann ein falsches Buildergebnis entstehen. Die betroffenen Dateien sind C:\PlatformerSaves\PlatformerSaves\build\_deps\bindings-src\bindings\2.2081\inline\CCDictElement.cpp, C:\PlatformerSaves\PlatformerSaves\build\bindings\bindings\Geode\source\CCDictElement.cpp. [C:\PlatformerSaves\PlatformerSaves\build\bindings\GeodeBindings.vcxproj]
C:\Program Files (x86)\Microsoft Visual Studio\2022\BuildTools\MSBuild\Microsoft\VC\v170\Microsoft.CppBuild.targets(1129,5): warning MSB8027: Mehrere Dateien mit dem Namen CCDictionary.cpp führen zu Ausgaben am selben Speicherort. Dadurch kann ein falsches Buildergebnis entstehen. Die betroffenen Dateien sind C:\PlatformerSaves\PlatformerSaves\build\_deps\bindings-src\bindings\2.2081\inline\CCDictionary.cpp, C:\PlatformerSaves\PlatformerSaves\build\bindings\bindings\Geode\source\CCDictionary.cpp. [C:\PlatformerSaves\PlatformerSaves\build\bindings\GeodeBindings.vcxproj]
C:\Program Files (x86)\Microsoft Visual Studio\2022\BuildTools\MSBuild\Microsoft\VC\v170\Microsoft.CppBuild.targets(1129,5): warning MSB8027: Mehrere Dateien mit dem Namen CCDirector.cpp führen zu Ausgaben am selben Speicherort. Dadurch kann ein falsches Buildergebnis entstehen. Die betroffenen Dateien sind C:\PlatformerSaves\PlatformerSaves\build\_deps\bindings-src\bindings\2.2081\inline\CCDirector.cpp, C:\PlatformerSaves\PlatformerSaves\build\bindings\bindings\Geode\source\CCDirector.cpp. [C:\PlatformerSaves\PlatformerSaves\build\bindings\GeodeBindings.vcxproj]
C:\Program Files (x86)\Microsoft Visual Studio\2022\BuildTools\MSBuild\Microsoft\VC\v170\Microsoft.CppBuild.targets(1129,5): warning MSB8027: Mehrere Dateien mit dem Namen CCDisplayLinkDirector.cpp führen zu Ausgaben am selben Speicherort. Dadurch kann ein falsches Buildergebnis entstehen. Die betroffenen Dateien sind C:\PlatformerSaves\PlatformerSaves\build\_deps\bindings-src\bindings\2.2081\inline\CCDisplayLinkDirector.cpp, C:\PlatformerSaves\PlatformerSaves\build\bindings\bindings\Geode\source\CCDisplayLinkDirector.cpp. [C:\PlatformerSaves\PlatformerSaves\build\bindings\GeodeBindings.vcxproj]
C:\Program Files (x86)\Microsoft Visual Studio\2022\BuildTools\MSBuild\Microsoft\VC\v170\Microsoft.CppBuild.targets(1129,5): warning MSB8027: Mehrere Dateien mit dem Namen CCDrawNode.cpp führen zu Ausgaben am selben Speicherort. Dadurch kann ein falsches Buildergebnis entstehen. Die betroffenen Dateien sind C:\PlatformerSaves\PlatformerSaves\build\_deps\bindings-src\bindings\2.2081\inline\CCDrawNode.cpp, C:\PlatformerSaves\PlatformerSaves\build\bindings\bindings\Geode\source\CCDrawNode.cpp. [C:\PlatformerSaves\PlatformerSaves\build\bindings\GeodeBindings.vcxproj]
C:\Program Files (x86)\Microsoft Visual Studio\2022\BuildTools\MSBuild\Microsoft\VC\v170\Microsoft.CppBuild.targets(1129,5): warning MSB8027: Mehrere Dateien mit dem Namen CCEGLView.cpp führen zu Ausgaben am selben Speicherort. Dadurch kann ein falsches Buildergebnis entstehen. Die betroffenen Dateien sind C:\PlatformerSaves\PlatformerSaves\build\_deps\bindings-src\bindings\2.2081\inline\CCEGLView.cpp, C:\PlatformerSaves\PlatformerSaves\build\bindings\bindings\Geode\source\CCEGLView.cpp. [C:\PlatformerSaves\PlatformerSaves\build\bindings\GeodeBindings.vcxproj]
C:\Program Files (x86)\Microsoft Visual Studio\2022\BuildTools\MSBuild\Microsoft\VC\v170\Microsoft.CppBuild.targets(1129,5): warning MSB8027: Mehrere Dateien mit dem Namen CCEGLViewProtocol.cpp führen zu Ausgaben am selben Speicherort. Dadurch kann ein falsches Buildergebnis entstehen. Die betroffenen Dateien sind C:\PlatformerSaves\PlatformerSaves\build\_deps\bindings-src\bindings\2.2081\inline\CCEGLViewProtocol.cpp, C:\PlatformerSaves\PlatformerSaves\build\bindings\bindings\Geode\source\CCEGLViewProtocol.cpp. [C:\PlatformerSaves\PlatformerSaves\build\bindings\GeodeBindings.vcxproj]
C:\Program Files (x86)\Microsoft Visual Studio\2022\BuildTools\MSBuild\Microsoft\VC\v170\Microsoft.CppBuild.targets(1129,5): warning MSB8027: Mehrere Dateien mit dem Namen CCEaseBackIn.cpp führen zu Ausgaben am selben Speicherort. Dadurch kann ein falsches Buildergebnis entstehen. Die betroffenen Dateien sind C:\PlatformerSaves\PlatformerSaves\build\_deps\bindings-src\bindings\2.2081\inline\CCEaseBackIn.cpp, C:\PlatformerSaves\PlatformerSaves\build\bindings\bindings\Geode\source\CCEaseBackIn.cpp. [C:\PlatformerSaves\PlatformerSaves\build\bindings\GeodeBindings.vcxproj]
C:\Program Files (x86)\Microsoft Visual Studio\2022\BuildTools\MSBuild\Microsoft\VC\v170\Microsoft.CppBuild.targets(1129,5): warning MSB8027: Mehrere Dateien mit dem Namen CCEaseBackInOut.cpp führen zu Ausgaben am selben Speicherort. Dadurch kann ein falsches Buildergebnis entstehen. Die betroffenen Dateien sind C:\PlatformerSaves\PlatformerSaves\build\_deps\bindings-src\bindings\2.2081\inline\CCEaseBackInOut.cpp, C:\PlatformerSaves\PlatformerSaves\build\bindings\bindings\Geode\source\CCEaseBackInOut.cpp. [C:\PlatformerSaves\PlatformerSaves\build\bindings\GeodeBindings.vcxproj]
C:\Program Files (x86)\Microsoft Visual Studio\2022\BuildTools\MSBuild\Microsoft\VC\v170\Microsoft.CppBuild.targets(1129,5): warning MSB8027: Mehrere Dateien mit dem Namen CCEaseBackOut.cpp führen zu Ausgaben am selben Speicherort. Dadurch kann ein falsches Buildergebnis entstehen. Die betroffenen Dateien sind C:\PlatformerSaves\PlatformerSaves\build\_deps\bindings-src\bindings\2.2081\inline\CCEaseBackOut.cpp, C:\PlatformerSaves\PlatformerSaves\build\bindings\bindings\Geode\source\CCEaseBackOut.cpp. [C:\PlatformerSaves\PlatformerSaves\build\bindings\GeodeBindings.vcxproj]
C:\Program Files (x86)\Microsoft Visual Studio\2022\BuildTools\MSBuild\Microsoft\VC\v170\Microsoft.CppBuild.targets(1129,5): warning MSB8027: Mehrere Dateien mit dem Namen CCEaseBounce.cpp führen zu Ausgaben am selben Speicherort. Dadurch kann ein falsches Buildergebnis entstehen. Die betroffenen Dateien sind C:\PlatformerSaves\PlatformerSaves\build\_deps\bindings-src\bindings\2.2081\inline\CCEaseBounce.cpp, C:\PlatformerSaves\PlatformerSaves\build\bindings\bindings\Geode\source\CCEaseBounce.cpp. [C:\PlatformerSaves\PlatformerSaves\build\bindings\GeodeBindings.vcxproj]
C:\Program Files (x86)\Microsoft Visual Studio\2022\BuildTools\MSBuild\Microsoft\VC\v170\Microsoft.CppBuild.targets(1129,5): warning MSB8027: Mehrere Dateien mit dem Namen CCEaseBounceIn.cpp führen zu Ausgaben am selben Speicherort. Dadurch kann ein falsches Buildergebnis entstehen. Die betroffenen Dateien sind C:\PlatformerSaves\PlatformerSaves\build\_deps\bindings-src\bindings\2.2081\inline\CCEaseBounceIn.cpp, C:\PlatformerSaves\PlatformerSaves\build\bindings\bindings\Geode\source\CCEaseBounceIn.cpp. [C:\PlatformerSaves\PlatformerSaves\build\bindings\GeodeBindings.vcxproj]
C:\Program Files (x86)\Microsoft Visual Studio\2022\BuildTools\MSBuild\Microsoft\VC\v170\Microsoft.CppBuild.targets(1129,5): warning MSB8027: Mehrere Dateien mit dem Namen CCEaseBounceInOut.cpp führen zu Ausgaben am selben Speicherort. Dadurch kann ein falsches Buildergebnis entstehen. Die betroffenen Dateien sind C:\PlatformerSaves\PlatformerSaves\build\_deps\bindings-src\bindings\2.2081\inline\CCEaseBounceInOut.cpp, C:\PlatformerSaves\PlatformerSaves\build\bindings\bindings\Geode\source\CCEaseBounceInOut.cpp. [C:\PlatformerSaves\PlatformerSaves\build\bindings\GeodeBindings.vcxproj]
C:\Program Files (x86)\Microsoft Visual Studio\2022\BuildTools\MSBuild\Microsoft\VC\v170\Microsoft.CppBuild.targets(1129,5): warning MSB8027: Mehrere Dateien mit dem Namen CCEaseBounceOut.cpp führen zu Ausgaben am selben Speicherort. Dadurch kann ein falsches Buildergebnis entstehen. Die betroffenen Dateien sind C:\PlatformerSaves\PlatformerSaves\build\_deps\bindings-src\bindings\2.2081\inline\CCEaseBounceOut.cpp, C:\PlatformerSaves\PlatformerSaves\build\bindings\bindings\Geode\source\CCEaseBounceOut.cpp. [C:\PlatformerSaves\PlatformerSaves\build\bindings\GeodeBindings.vcxproj]
C:\Program Files (x86)\Microsoft Visual Studio\2022\BuildTools\MSBuild\Microsoft\VC\v170\Microsoft.CppBuild.targets(1129,5): warning MSB8027: Mehrere Dateien mit dem Namen CCEaseElastic.cpp führen zu Ausgaben am selben Speicherort. Dadurch kann ein falsches Buildergebnis entstehen. Die betroffenen Dateien sind C:\PlatformerSaves\PlatformerSaves\build\_deps\bindings-src\bindings\2.2081\inline\CCEaseElastic.cpp, C:\PlatformerSaves\PlatformerSaves\build\bindings\bindings\Geode\source\CCEaseElastic.cpp. [C:\PlatformerSaves\PlatformerSaves\build\bindings\GeodeBindings.vcxproj]
C:\Program Files (x86)\Microsoft Visual Studio\2022\BuildTools\MSBuild\Microsoft\VC\v170\Microsoft.CppBuild.targets(1129,5): warning MSB8027: Mehrere Dateien mit dem Namen CCEaseElasticIn.cpp führen zu Ausgaben am selben Speicherort. Dadurch kann ein falsches Buildergebnis entstehen. Die betroffenen Dateien sind C:\PlatformerSaves\PlatformerSaves\build\_deps\bindings-src\bindings\2.2081\inline\CCEaseElasticIn.cpp, C:\PlatformerSaves\PlatformerSaves\build\bindings\bindings\Geode\source\CCEaseElasticIn.cpp. [C:\PlatformerSaves\PlatformerSaves\build\bindings\GeodeBindings.vcxproj]
C:\Program Files (x86)\Microsoft Visual Studio\2022\BuildTools\MSBuild\Microsoft\VC\v170\Microsoft.CppBuild.targets(1129,5): warning MSB8027: Mehrere Dateien mit dem Namen CCEaseElasticInOut.cpp führen zu Ausgaben am selben Speicherort. Dadurch kann ein falsches Buildergebnis entstehen. Die betroffenen Dateien sind C:\PlatformerSaves\PlatformerSaves\build\_deps\bindings-src\bindings\2.2081\inline\CCEaseElasticInOut.cpp, C:\PlatformerSaves\PlatformerSaves\build\bindings\bindings\Geode\source\CCEaseElasticInOut.cpp. [C:\PlatformerSaves\PlatformerSaves\build\bindings\GeodeBindings.vcxproj]
C:\Program Files (x86)\Microsoft Visual Studio\2022\BuildTools\MSBuild\Microsoft\VC\v170\Microsoft.CppBuild.targets(1129,5): warning MSB8027: Mehrere Dateien mit dem Namen CCEaseElasticOut.cpp führen zu Ausgaben am selben Speicherort. Dadurch kann ein falsches Buildergebnis entstehen. Die betroffenen Dateien sind C:\PlatformerSaves\PlatformerSaves\build\_deps\bindings-src\bindings\2.2081\inline\CCEaseElasticOut.cpp, C:\PlatformerSaves\PlatformerSaves\build\bindings\bindings\Geode\source\CCEaseElasticOut.cpp. [C:\PlatformerSaves\PlatformerSaves\build\bindings\GeodeBindings.vcxproj]
C:\Program Files (x86)\Microsoft Visual Studio\2022\BuildTools\MSBuild\Microsoft\VC\v170\Microsoft.CppBuild.targets(1129,5): warning MSB8027: Mehrere Dateien mit dem Namen CCEaseExponentialIn.cpp führen zu Ausgaben am selben Speicherort. Dadurch kann ein falsches Buildergebnis entstehen. Die betroffenen Dateien sind C:\PlatformerSaves\PlatformerSaves\build\_deps\bindings-src\bindings\2.2081\inline\CCEaseExponentialIn.cpp, C:\PlatformerSaves\PlatformerSaves\build\bindings\bindings\Geode\source\CCEaseExponentialIn.cpp. [C:\PlatformerSaves\PlatformerSaves\build\bindings\GeodeBindings.vcxproj]
C:\Program Files (x86)\Microsoft Visual Studio\2022\BuildTools\MSBuild\Microsoft\VC\v170\Microsoft.CppBuild.targets(1129,5): warning MSB8027: Mehrere Dateien mit dem Namen CCEaseExponentialInOut.cpp führen zu Ausgaben am selben Speicherort. Dadurch kann ein falsches Buildergebnis entstehen. Die betroffenen Dateien sind C:\PlatformerSaves\PlatformerSaves\build\_deps\bindings-src\bindings\2.2081\inline\CCEaseExponentialInOut.cpp, C:\PlatformerSaves\PlatformerSaves\build\bindings\bindings\Geode\source\CCEaseExponentialInOut.cpp. [C:\PlatformerSaves\PlatformerSaves\build\bindings\GeodeBindings.vcxproj]
C:\Program Files (x86)\Microsoft Visual Studio\2022\BuildTools\MSBuild\Microsoft\VC\v170\Microsoft.CppBuild.targets(1129,5): warning MSB8027: Mehrere Dateien mit dem Namen CCEaseExponentialOut.cpp führen zu Ausgaben am selben Speicherort. Dadurch kann ein falsches Buildergebnis entstehen. Die betroffenen Dateien sind C:\PlatformerSaves\PlatformerSaves\build\_deps\bindings-src\bindings\2.2081\inline\CCEaseExponentialOut.cpp, C:\PlatformerSaves\PlatformerSaves\build\bindings\bindings\Geode\source\CCEaseExponentialOut.cpp. [C:\PlatformerSaves\PlatformerSaves\build\bindings\GeodeBindings.vcxproj]
C:\Program Files (x86)\Microsoft Visual Studio\2022\BuildTools\MSBuild\Microsoft\VC\v170\Microsoft.CppBuild.targets(1129,5): warning MSB8027: Mehrere Dateien mit dem Namen CCEaseIn.cpp führen zu Ausgaben am selben Speicherort. Dadurch kann ein falsches Buildergebnis entstehen. Die betroffenen Dateien sind C:\PlatformerSaves\PlatformerSaves\build\_deps\bindings-src\bindings\2.2081\inline\CCEaseIn.cpp, C:\PlatformerSaves\PlatformerSaves\build\bindings\bindings\Geode\source\CCEaseIn.cpp. [C:\PlatformerSaves\PlatformerSaves\build\bindings\GeodeBindings.vcxproj]
C:\Program Files (x86)\Microsoft Visual Studio\2022\BuildTools\MSBuild\Microsoft\VC\v170\Microsoft.CppBuild.targets(1129,5): warning MSB8027: Mehrere Dateien mit dem Namen CCEaseInOut.cpp führen zu Ausgaben am selben Speicherort. Dadurch kann ein falsches Buildergebnis entstehen. Die betroffenen Dateien sind C:\PlatformerSaves\PlatformerSaves\build\_deps\bindings-src\bindings\2.2081\inline\CCEaseInOut.cpp, C:\PlatformerSaves\PlatformerSaves\build\bindings\bindings\Geode\source\CCEaseInOut.cpp. [C:\PlatformerSaves\PlatformerSaves\build\bindings\GeodeBindings.vcxproj]
C:\Program Files (x86)\Microsoft Visual Studio\2022\BuildTools\MSBuild\Microsoft\VC\v170\Microsoft.CppBuild.targets(1129,5): warning MSB8027: Mehrere Dateien mit dem Namen CCEaseOut.cpp führen zu Ausgaben am selben Speicherort. Dadurch kann ein falsches Buildergebnis entstehen. Die betroffenen Dateien sind C:\PlatformerSaves\PlatformerSaves\build\_deps\bindings-src\bindings\2.2081\inline\CCEaseOut.cpp, C:\PlatformerSaves\PlatformerSaves\build\bindings\bindings\Geode\source\CCEaseOut.cpp. [C:\PlatformerSaves\PlatformerSaves\build\bindings\GeodeBindings.vcxproj]
C:\Program Files (x86)\Microsoft Visual Studio\2022\BuildTools\MSBuild\Microsoft\VC\v170\Microsoft.CppBuild.targets(1129,5): warning MSB8027: Mehrere Dateien mit dem Namen CCEaseRateAction.cpp führen zu Ausgaben am selben Speicherort. Dadurch kann ein falsches Buildergebnis entstehen. Die betroffenen Dateien sind C:\PlatformerSaves\PlatformerSaves\build\_deps\bindings-src\bindings\2.2081\inline\CCEaseRateAction.cpp, C:\PlatformerSaves\PlatformerSaves\build\bindings\bindings\Geode\source\CCEaseRateAction.cpp. [C:\PlatformerSaves\PlatformerSaves\build\bindings\GeodeBindings.vcxproj]
C:\Program Files (x86)\Microsoft Visual Studio\2022\BuildTools\MSBuild\Microsoft\VC\v170\Microsoft.CppBuild.targets(1129,5): warning MSB8027: Mehrere Dateien mit dem Namen CCEaseSineIn.cpp führen zu Ausgaben am selben Speicherort. Dadurch kann ein falsches Buildergebnis entstehen. Die betroffenen Dateien sind C:\PlatformerSaves\PlatformerSaves\build\_deps\bindings-src\bindings\2.2081\inline\CCEaseSineIn.cpp, C:\PlatformerSaves\PlatformerSaves\build\bindings\bindings\Geode\source\CCEaseSineIn.cpp. [C:\PlatformerSaves\PlatformerSaves\build\bindings\GeodeBindings.vcxproj]
C:\Program Files (x86)\Microsoft Visual Studio\2022\BuildTools\MSBuild\Microsoft\VC\v170\Microsoft.CppBuild.targets(1129,5): warning MSB8027: Mehrere Dateien mit dem Namen CCEaseSineInOut.cpp führen zu Ausgaben am selben Speicherort. Dadurch kann ein falsches Buildergebnis entstehen. Die betroffenen Dateien sind C:\PlatformerSaves\PlatformerSaves\build\_deps\bindings-src\bindings\2.2081\inline\CCEaseSineInOut.cpp, C:\PlatformerSaves\PlatformerSaves\build\bindings\bindings\Geode\source\CCEaseSineInOut.cpp. [C:\PlatformerSaves\PlatformerSaves\build\bindings\GeodeBindings.vcxproj]
C:\Program Files (x86)\Microsoft Visual Studio\2022\BuildTools\MSBuild\Microsoft\VC\v170\Microsoft.CppBuild.targets(1129,5): warning MSB8027: Mehrere Dateien mit dem Namen CCEaseSineOut.cpp führen zu Ausgaben am selben Speicherort. Dadurch kann ein falsches Buildergebnis entstehen. Die betroffenen Dateien sind C:\PlatformerSaves\PlatformerSaves\build\_deps\bindings-src\bindings\2.2081\inline\CCEaseSineOut.cpp, C:\PlatformerSaves\PlatformerSaves\build\bindings\bindings\Geode\source\CCEaseSineOut.cpp. [C:\PlatformerSaves\PlatformerSaves\build\bindings\GeodeBindings.vcxproj]
C:\Program Files (x86)\Microsoft Visual Studio\2022\BuildTools\MSBuild\Microsoft\VC\v170\Microsoft.CppBuild.targets(1129,5): warning MSB8027: Mehrere Dateien mit dem Namen CCEditBox.cpp führen zu Ausgaben am selben Speicherort. Dadurch kann ein falsches Buildergebnis entstehen. Die betroffenen Dateien sind C:\PlatformerSaves\PlatformerSaves\build\_deps\bindings-src\bindings\2.2081\inline\CCEditBox.cpp, C:\PlatformerSaves\PlatformerSaves\build\bindings\bindings\Geode\source\CCEditBox.cpp. [C:\PlatformerSaves\PlatformerSaves\build\bindings\GeodeBindings.vcxproj]
C:\Program Files (x86)\Microsoft Visual Studio\2022\BuildTools\MSBuild\Microsoft\VC\v170\Microsoft.CppBuild.targets(1129,5): warning MSB8027: Mehrere Dateien mit dem Namen CCExtenderNode.cpp führen zu Ausgaben am selben Speicherort. Dadurch kann ein falsches Buildergebnis entstehen. Die betroffenen Dateien sind C:\PlatformerSaves\PlatformerSaves\build\_deps\bindings-src\bindings\2.2081\inline\CCExtenderNode.cpp, C:\PlatformerSaves\PlatformerSaves\build\bindings\bindings\Geode\source\CCExtenderNode.cpp. [C:\PlatformerSaves\PlatformerSaves\build\bindings\GeodeBindings.vcxproj]
C:\Program Files (x86)\Microsoft Visual Studio\2022\BuildTools\MSBuild\Microsoft\VC\v170\Microsoft.CppBuild.targets(1129,5): warning MSB8027: Mehrere Dateien mit dem Namen CCFadeIn.cpp führen zu Ausgaben am selben Speicherort. Dadurch kann ein falsches Buildergebnis entstehen. Die betroffenen Dateien sind C:\PlatformerSaves\PlatformerSaves\build\_deps\bindings-src\bindings\2.2081\inline\CCFadeIn.cpp, C:\PlatformerSaves\PlatformerSaves\build\bindings\bindings\Geode\source\CCFadeIn.cpp. [C:\PlatformerSaves\PlatformerSaves\build\bindings\GeodeBindings.vcxproj]
C:\Program Files (x86)\Microsoft Visual Studio\2022\BuildTools\MSBuild\Microsoft\VC\v170\Microsoft.CppBuild.targets(1129,5): warning MSB8027: Mehrere Dateien mit dem Namen CCFadeOut.cpp führen zu Ausgaben am selben Speicherort. Dadurch kann ein falsches Buildergebnis entstehen. Die betroffenen Dateien sind C:\PlatformerSaves\PlatformerSaves\build\_deps\bindings-src\bindings\2.2081\inline\CCFadeOut.cpp, C:\PlatformerSaves\PlatformerSaves\build\bindings\bindings\Geode\source\CCFadeOut.cpp. [C:\PlatformerSaves\PlatformerSaves\build\bindings\GeodeBindings.vcxproj]
C:\Program Files (x86)\Microsoft Visual Studio\2022\BuildTools\MSBuild\Microsoft\VC\v170\Microsoft.CppBuild.targets(1129,5): warning MSB8027: Mehrere Dateien mit dem Namen CCFadeOutBLTiles.cpp führen zu Ausgaben am selben Speicherort. Dadurch kann ein falsches Buildergebnis entstehen. Die betroffenen Dateien sind C:\PlatformerSaves\PlatformerSaves\build\_deps\bindings-src\bindings\2.2081\inline\CCFadeOutBLTiles.cpp, C:\PlatformerSaves\PlatformerSaves\build\bindings\bindings\Geode\source\CCFadeOutBLTiles.cpp. [C:\PlatformerSaves\PlatformerSaves\build\bindings\GeodeBindings.vcxproj]
C:\Program Files (x86)\Microsoft Visual Studio\2022\BuildTools\MSBuild\Microsoft\VC\v170\Microsoft.CppBuild.targets(1129,5): warning MSB8027: Mehrere Dateien mit dem Namen CCFadeOutDownTiles.cpp führen zu Ausgaben am selben Speicherort. Dadurch kann ein falsches Buildergebnis entstehen. Die betroffenen Dateien sind C:\PlatformerSaves\PlatformerSaves\build\_deps\bindings-src\bindings\2.2081\inline\CCFadeOutDownTiles.cpp, C:\PlatformerSaves\PlatformerSaves\build\bindings\bindings\Geode\source\CCFadeOutDownTiles.cpp. [C:\PlatformerSaves\PlatformerSaves\build\bindings\GeodeBindings.vcxproj]
C:\Program Files (x86)\Microsoft Visual Studio\2022\BuildTools\MSBuild\Microsoft\VC\v170\Microsoft.CppBuild.targets(1129,5): warning MSB8027: Mehrere Dateien mit dem Namen CCFadeOutTRTiles.cpp führen zu Ausgaben am selben Speicherort. Dadurch kann ein falsches Buildergebnis entstehen. Die betroffenen Dateien sind C:\PlatformerSaves\PlatformerSaves\build\_deps\bindings-src\bindings\2.2081\inline\CCFadeOutTRTiles.cpp, C:\PlatformerSaves\PlatformerSaves\build\bindings\bindings\Geode\source\CCFadeOutTRTiles.cpp. [C:\PlatformerSaves\PlatformerSaves\build\bindings\GeodeBindings.vcxproj]
C:\Program Files (x86)\Microsoft Visual Studio\2022\BuildTools\MSBuild\Microsoft\VC\v170\Microsoft.CppBuild.targets(1129,5): warning MSB8027: Mehrere Dateien mit dem Namen CCFadeOutUpTiles.cpp führen zu Ausgaben am selben Speicherort. Dadurch kann ein falsches Buildergebnis entstehen. Die betroffenen Dateien sind C:\PlatformerSaves\PlatformerSaves\build\_deps\bindings-src\bindings\2.2081\inline\CCFadeOutUpTiles.cpp, C:\PlatformerSaves\PlatformerSaves\build\bindings\bindings\Geode\source\CCFadeOutUpTiles.cpp. [C:\PlatformerSaves\PlatformerSaves\build\bindings\GeodeBindings.vcxproj]
C:\Program Files (x86)\Microsoft Visual Studio\2022\BuildTools\MSBuild\Microsoft\VC\v170\Microsoft.CppBuild.targets(1129,5): warning MSB8027: Mehrere Dateien mit dem Namen CCFadeTo.cpp führen zu Ausgaben am selben Speicherort. Dadurch kann ein falsches Buildergebnis entstehen. Die betroffenen Dateien sind C:\PlatformerSaves\PlatformerSaves\build\_deps\bindings-src\bindings\2.2081\inline\CCFadeTo.cpp, C:\PlatformerSaves\PlatformerSaves\build\bindings\bindings\Geode\source\CCFadeTo.cpp. [C:\PlatformerSaves\PlatformerSaves\build\bindings\GeodeBindings.vcxproj]
C:\Program Files (x86)\Microsoft Visual Studio\2022\BuildTools\MSBuild\Microsoft\VC\v170\Microsoft.CppBuild.targets(1129,5): warning MSB8027: Mehrere Dateien mit dem Namen CCFileUtils.cpp führen zu Ausgaben am selben Speicherort. Dadurch kann ein falsches Buildergebnis entstehen. Die betroffenen Dateien sind C:\PlatformerSaves\PlatformerSaves\build\_deps\bindings-src\bindings\2.2081\inline\CCFileUtils.cpp, C:\PlatformerSaves\PlatformerSaves\build\bindings\bindings\Geode\source\CCFileUtils.cpp. [C:\PlatformerSaves\PlatformerSaves\build\bindings\GeodeBindings.vcxproj]
C:\Program Files (x86)\Microsoft Visual Studio\2022\BuildTools\MSBuild\Microsoft\VC\v170\Microsoft.CppBuild.targets(1129,5): warning MSB8027: Mehrere Dateien mit dem Namen CCFiniteTimeAction.cpp führen zu Ausgaben am selben Speicherort. Dadurch kann ein falsches Buildergebnis entstehen. Die betroffenen Dateien sind C:\PlatformerSaves\PlatformerSaves\build\_deps\bindings-src\bindings\2.2081\inline\CCFiniteTimeAction.cpp, C:\PlatformerSaves\PlatformerSaves\build\bindings\bindings\Geode\source\CCFiniteTimeAction.cpp. [C:\PlatformerSaves\PlatformerSaves\build\bindings\GeodeBindings.vcxproj]
C:\Program Files (x86)\Microsoft Visual Studio\2022\BuildTools\MSBuild\Microsoft\VC\v170\Microsoft.CppBuild.targets(1129,5): warning MSB8027: Mehrere Dateien mit dem Namen CCFlipX.cpp führen zu Ausgaben am selben Speicherort. Dadurch kann ein falsches Buildergebnis entstehen. Die betroffenen Dateien sind C:\PlatformerSaves\PlatformerSaves\build\_deps\bindings-src\bindings\2.2081\inline\CCFlipX.cpp, C:\PlatformerSaves\PlatformerSaves\build\bindings\bindings\Geode\source\CCFlipX.cpp. [C:\PlatformerSaves\PlatformerSaves\build\bindings\GeodeBindings.vcxproj]
C:\Program Files (x86)\Microsoft Visual Studio\2022\BuildTools\MSBuild\Microsoft\VC\v170\Microsoft.CppBuild.targets(1129,5): warning MSB8027: Mehrere Dateien mit dem Namen CCFlipX3D.cpp führen zu Ausgaben am selben Speicherort. Dadurch kann ein falsches Buildergebnis entstehen. Die betroffenen Dateien sind C:\PlatformerSaves\PlatformerSaves\build\_deps\bindings-src\bindings\2.2081\inline\CCFlipX3D.cpp, C:\PlatformerSaves\PlatformerSaves\build\bindings\bindings\Geode\source\CCFlipX3D.cpp. [C:\PlatformerSaves\PlatformerSaves\build\bindings\GeodeBindings.vcxproj]
C:\Program Files (x86)\Microsoft Visual Studio\2022\BuildTools\MSBuild\Microsoft\VC\v170\Microsoft.CppBuild.targets(1129,5): warning MSB8027: Mehrere Dateien mit dem Namen CCFlipY.cpp führen zu Ausgaben am selben Speicherort. Dadurch kann ein falsches Buildergebnis entstehen. Die betroffenen Dateien sind C:\PlatformerSaves\PlatformerSaves\build\_deps\bindings-src\bindings\2.2081\inline\CCFlipY.cpp, C:\PlatformerSaves\PlatformerSaves\build\bindings\bindings\Geode\source\CCFlipY.cpp. [C:\PlatformerSaves\PlatformerSaves\build\bindings\GeodeBindings.vcxproj]
C:\Program Files (x86)\Microsoft Visual Studio\2022\BuildTools\MSBuild\Microsoft\VC\v170\Microsoft.CppBuild.targets(1129,5): warning MSB8027: Mehrere Dateien mit dem Namen CCFlipY3D.cpp führen zu Ausgaben am selben Speicherort. Dadurch kann ein falsches Buildergebnis entstehen. Die betroffenen Dateien sind C:\PlatformerSaves\PlatformerSaves\build\_deps\bindings-src\bindings\2.2081\inline\CCFlipY3D.cpp, C:\PlatformerSaves\PlatformerSaves\build\bindings\bindings\Geode\source\CCFlipY3D.cpp. [C:\PlatformerSaves\PlatformerSaves\build\bindings\GeodeBindings.vcxproj]
C:\Program Files (x86)\Microsoft Visual Studio\2022\BuildTools\MSBuild\Microsoft\VC\v170\Microsoft.CppBuild.targets(1129,5): warning MSB8027: Mehrere Dateien mit dem Namen CCFollow.cpp führen zu Ausgaben am selben Speicherort. Dadurch kann ein falsches Buildergebnis entstehen. Die betroffenen Dateien sind C:\PlatformerSaves\PlatformerSaves\build\_deps\bindings-src\bindings\2.2081\inline\CCFollow.cpp, C:\PlatformerSaves\PlatformerSaves\build\bindings\bindings\Geode\source\CCFollow.cpp. [C:\PlatformerSaves\PlatformerSaves\build\bindings\GeodeBindings.vcxproj]
C:\Program Files (x86)\Microsoft Visual Studio\2022\BuildTools\MSBuild\Microsoft\VC\v170\Microsoft.CppBuild.targets(1129,5): warning MSB8027: Mehrere Dateien mit dem Namen CCGLProgram.cpp führen zu Ausgaben am selben Speicherort. Dadurch kann ein falsches Buildergebnis entstehen. Die betroffenen Dateien sind C:\PlatformerSaves\PlatformerSaves\build\_deps\bindings-src\bindings\2.2081\inline\CCGLProgram.cpp, C:\PlatformerSaves\PlatformerSaves\build\bindings\bindings\Geode\source\CCGLProgram.cpp. [C:\PlatformerSaves\PlatformerSaves\build\bindings\GeodeBindings.vcxproj]
C:\Program Files (x86)\Microsoft Visual Studio\2022\BuildTools\MSBuild\Microsoft\VC\v170\Microsoft.CppBuild.targets(1129,5): warning MSB8027: Mehrere Dateien mit dem Namen CCGrabber.cpp führen zu Ausgaben am selben Speicherort. Dadurch kann ein falsches Buildergebnis entstehen. Die betroffenen Dateien sind C:\PlatformerSaves\PlatformerSaves\build\_deps\bindings-src\bindings\2.2081\inline\CCGrabber.cpp, C:\PlatformerSaves\PlatformerSaves\build\bindings\bindings\Geode\source\CCGrabber.cpp. [C:\PlatformerSaves\PlatformerSaves\build\bindings\GeodeBindings.vcxproj]
C:\Program Files (x86)\Microsoft Visual Studio\2022\BuildTools\MSBuild\Microsoft\VC\v170\Microsoft.CppBuild.targets(1129,5): warning MSB8027: Mehrere Dateien mit dem Namen CCGrid3D.cpp führen zu Ausgaben am selben Speicherort. Dadurch kann ein falsches Buildergebnis entstehen. Die betroffenen Dateien sind C:\PlatformerSaves\PlatformerSaves\build\_deps\bindings-src\bindings\2.2081\inline\CCGrid3D.cpp, C:\PlatformerSaves\PlatformerSaves\build\bindings\bindings\Geode\source\CCGrid3D.cpp. [C:\PlatformerSaves\PlatformerSaves\build\bindings\GeodeBindings.vcxproj]
C:\Program Files (x86)\Microsoft Visual Studio\2022\BuildTools\MSBuild\Microsoft\VC\v170\Microsoft.CppBuild.targets(1129,5): warning MSB8027: Mehrere Dateien mit dem Namen CCGrid3DAction.cpp führen zu Ausgaben am selben Speicherort. Dadurch kann ein falsches Buildergebnis entstehen. Die betroffenen Dateien sind C:\PlatformerSaves\PlatformerSaves\build\_deps\bindings-src\bindings\2.2081\inline\CCGrid3DAction.cpp, C:\PlatformerSaves\PlatformerSaves\build\bindings\bindings\Geode\source\CCGrid3DAction.cpp. [C:\PlatformerSaves\PlatformerSaves\build\bindings\GeodeBindings.vcxproj]
C:\Program Files (x86)\Microsoft Visual Studio\2022\BuildTools\MSBuild\Microsoft\VC\v170\Microsoft.CppBuild.targets(1129,5): warning MSB8027: Mehrere Dateien mit dem Namen CCGridAction.cpp führen zu Ausgaben am selben Speicherort. Dadurch kann ein falsches Buildergebnis entstehen. Die betroffenen Dateien sind C:\PlatformerSaves\PlatformerSaves\build\_deps\bindings-src\bindings\2.2081\inline\CCGridAction.cpp, C:\PlatformerSaves\PlatformerSaves\build\bindings\bindings\Geode\source\CCGridAction.cpp. [C:\PlatformerSaves\PlatformerSaves\build\bindings\GeodeBindings.vcxproj]
C:\Program Files (x86)\Microsoft Visual Studio\2022\BuildTools\MSBuild\Microsoft\VC\v170\Microsoft.CppBuild.targets(1129,5): warning MSB8027: Mehrere Dateien mit dem Namen CCGridBase.cpp führen zu Ausgaben am selben Speicherort. Dadurch kann ein falsches Buildergebnis entstehen. Die betroffenen Dateien sind C:\PlatformerSaves\PlatformerSaves\build\_deps\bindings-src\bindings\2.2081\inline\CCGridBase.cpp, C:\PlatformerSaves\PlatformerSaves\build\bindings\bindings\Geode\source\CCGridBase.cpp. [C:\PlatformerSaves\PlatformerSaves\build\bindings\GeodeBindings.vcxproj]
C:\Program Files (x86)\Microsoft Visual Studio\2022\BuildTools\MSBuild\Microsoft\VC\v170\Microsoft.CppBuild.targets(1129,5): warning MSB8027: Mehrere Dateien mit dem Namen CCHide.cpp führen zu Ausgaben am selben Speicherort. Dadurch kann ein falsches Buildergebnis entstehen. Die betroffenen Dateien sind C:\PlatformerSaves\PlatformerSaves\build\_deps\bindings-src\bindings\2.2081\inline\CCHide.cpp, C:\PlatformerSaves\PlatformerSaves\build\bindings\bindings\Geode\source\CCHide.cpp. [C:\PlatformerSaves\PlatformerSaves\build\bindings\GeodeBindings.vcxproj]
C:\Program Files (x86)\Microsoft Visual Studio\2022\BuildTools\MSBuild\Microsoft\VC\v170\Microsoft.CppBuild.targets(1129,5): warning MSB8027: Mehrere Dateien mit dem Namen CCHttpClient.cpp führen zu Ausgaben am selben Speicherort. Dadurch kann ein falsches Buildergebnis entstehen. Die betroffenen Dateien sind C:\PlatformerSaves\PlatformerSaves\build\_deps\bindings-src\bindings\2.2081\inline\CCHttpClient.cpp, C:\PlatformerSaves\PlatformerSaves\build\bindings\bindings\Geode\source\CCHttpClient.cpp. [C:\PlatformerSaves\PlatformerSaves\build\bindings\GeodeBindings.vcxproj]
C:\Program Files (x86)\Microsoft Visual Studio\2022\BuildTools\MSBuild\Microsoft\VC\v170\Microsoft.CppBuild.targets(1129,5): warning MSB8027: Mehrere Dateien mit dem Namen CCHttpRequest.cpp führen zu Ausgaben am selben Speicherort. Dadurch kann ein falsches Buildergebnis entstehen. Die betroffenen Dateien sind C:\PlatformerSaves\PlatformerSaves\build\_deps\bindings-src\bindings\2.2081\inline\CCHttpRequest.cpp, C:\PlatformerSaves\PlatformerSaves\build\bindings\bindings\Geode\source\CCHttpRequest.cpp. [C:\PlatformerSaves\PlatformerSaves\build\bindings\GeodeBindings.vcxproj]
C:\Program Files (x86)\Microsoft Visual Studio\2022\BuildTools\MSBuild\Microsoft\VC\v170\Microsoft.CppBuild.targets(1129,5): warning MSB8027: Mehrere Dateien mit dem Namen CCHttpResponse.cpp führen zu Ausgaben am selben Speicherort. Dadurch kann ein falsches Buildergebnis entstehen. Die betroffenen Dateien sind C:\PlatformerSaves\PlatformerSaves\build\_deps\bindings-src\bindings\2.2081\inline\CCHttpResponse.cpp, C:\PlatformerSaves\PlatformerSaves\build\bindings\bindings\Geode\source\CCHttpResponse.cpp. [C:\PlatformerSaves\PlatformerSaves\build\bindings\GeodeBindings.vcxproj]
C:\Program Files (x86)\Microsoft Visual Studio\2022\BuildTools\MSBuild\Microsoft\VC\v170\Microsoft.CppBuild.targets(1129,5): warning MSB8027: Mehrere Dateien mit dem Namen CCIMEDelegate.cpp führen zu Ausgaben am selben Speicherort. Dadurch kann ein falsches Buildergebnis entstehen. Die betroffenen Dateien sind C:\PlatformerSaves\PlatformerSaves\build\_deps\bindings-src\bindings\2.2081\inline\CCIMEDelegate.cpp, C:\PlatformerSaves\PlatformerSaves\build\bindings\bindings\Geode\source\CCIMEDelegate.cpp. [C:\PlatformerSaves\PlatformerSaves\build\bindings\GeodeBindings.vcxproj]
C:\Program Files (x86)\Microsoft Visual Studio\2022\BuildTools\MSBuild\Microsoft\VC\v170\Microsoft.CppBuild.targets(1129,5): warning MSB8027: Mehrere Dateien mit dem Namen CCIMEDispatcher.cpp führen zu Ausgaben am selben Speicherort. Dadurch kann ein falsches Buildergebnis entstehen. Die betroffenen Dateien sind C:\PlatformerSaves\PlatformerSaves\build\_deps\bindings-src\bindings\2.2081\inline\CCIMEDispatcher.cpp, C:\PlatformerSaves\PlatformerSaves\build\bindings\bindings\Geode\source\CCIMEDispatcher.cpp. [C:\PlatformerSaves\PlatformerSaves\build\bindings\GeodeBindings.vcxproj]
C:\Program Files (x86)\Microsoft Visual Studio\2022\BuildTools\MSBuild\Microsoft\VC\v170\Microsoft.CppBuild.targets(1129,5): warning MSB8027: Mehrere Dateien mit dem Namen CCImage.cpp führen zu Ausgaben am selben Speicherort. Dadurch kann ein falsches Buildergebnis entstehen. Die betroffenen Dateien sind C:\PlatformerSaves\PlatformerSaves\build\_deps\bindings-src\bindings\2.2081\inline\CCImage.cpp, C:\PlatformerSaves\PlatformerSaves\build\bindings\bindings\Geode\source\CCImage.cpp. [C:\PlatformerSaves\PlatformerSaves\build\bindings\GeodeBindings.vcxproj]
C:\Program Files (x86)\Microsoft Visual Studio\2022\BuildTools\MSBuild\Microsoft\VC\v170\Microsoft.CppBuild.targets(1129,5): warning MSB8027: Mehrere Dateien mit dem Namen CCIndexPath.cpp führen zu Ausgaben am selben Speicherort. Dadurch kann ein falsches Buildergebnis entstehen. Die betroffenen Dateien sind C:\PlatformerSaves\PlatformerSaves\build\_deps\bindings-src\bindings\2.2081\inline\CCIndexPath.cpp, C:\PlatformerSaves\PlatformerSaves\build\bindings\bindings\Geode\source\CCIndexPath.cpp. [C:\PlatformerSaves\PlatformerSaves\build\bindings\GeodeBindings.vcxproj]
C:\Program Files (x86)\Microsoft Visual Studio\2022\BuildTools\MSBuild\Microsoft\VC\v170\Microsoft.CppBuild.targets(1129,5): warning MSB8027: Mehrere Dateien mit dem Namen CCInvocation.cpp führen zu Ausgaben am selben Speicherort. Dadurch kann ein falsches Buildergebnis entstehen. Die betroffenen Dateien sind C:\PlatformerSaves\PlatformerSaves\build\_deps\bindings-src\bindings\2.2081\inline\CCInvocation.cpp, C:\PlatformerSaves\PlatformerSaves\build\bindings\bindings\Geode\source\CCInvocation.cpp. [C:\PlatformerSaves\PlatformerSaves\build\bindings\GeodeBindings.vcxproj]
C:\Program Files (x86)\Microsoft Visual Studio\2022\BuildTools\MSBuild\Microsoft\VC\v170\Microsoft.CppBuild.targets(1129,5): warning MSB8027: Mehrere Dateien mit dem Namen CCJumpBy.cpp führen zu Ausgaben am selben Speicherort. Dadurch kann ein falsches Buildergebnis entstehen. Die betroffenen Dateien sind C:\PlatformerSaves\PlatformerSaves\build\_deps\bindings-src\bindings\2.2081\inline\CCJumpBy.cpp, C:\PlatformerSaves\PlatformerSaves\build\bindings\bindings\Geode\source\CCJumpBy.cpp. [C:\PlatformerSaves\PlatformerSaves\build\bindings\GeodeBindings.vcxproj]
C:\Program Files (x86)\Microsoft Visual Studio\2022\BuildTools\MSBuild\Microsoft\VC\v170\Microsoft.CppBuild.targets(1129,5): warning MSB8027: Mehrere Dateien mit dem Namen CCJumpTiles3D.cpp führen zu Ausgaben am selben Speicherort. Dadurch kann ein falsches Buildergebnis entstehen. Die betroffenen Dateien sind C:\PlatformerSaves\PlatformerSaves\build\_deps\bindings-src\bindings\2.2081\inline\CCJumpTiles3D.cpp, C:\PlatformerSaves\PlatformerSaves\build\bindings\bindings\Geode\source\CCJumpTiles3D.cpp. [C:\PlatformerSaves\PlatformerSaves\build\bindings\GeodeBindings.vcxproj]
C:\Program Files (x86)\Microsoft Visual Studio\2022\BuildTools\MSBuild\Microsoft\VC\v170\Microsoft.CppBuild.targets(1129,5): warning MSB8027: Mehrere Dateien mit dem Namen CCJumpTo.cpp führen zu Ausgaben am selben Speicherort. Dadurch kann ein falsches Buildergebnis entstehen. Die betroffenen Dateien sind C:\PlatformerSaves\PlatformerSaves\build\_deps\bindings-src\bindings\2.2081\inline\CCJumpTo.cpp, C:\PlatformerSaves\PlatformerSaves\build\bindings\bindings\Geode\source\CCJumpTo.cpp. [C:\PlatformerSaves\PlatformerSaves\build\bindings\GeodeBindings.vcxproj]
C:\Program Files (x86)\Microsoft Visual Studio\2022\BuildTools\MSBuild\Microsoft\VC\v170\Microsoft.CppBuild.targets(1129,5): warning MSB8027: Mehrere Dateien mit dem Namen CCKeyboardDispatcher.cpp führen zu Ausgaben am selben Speicherort. Dadurch kann ein falsches Buildergebnis entstehen. Die betroffenen Dateien sind C:\PlatformerSaves\PlatformerSaves\build\_deps\bindings-src\bindings\2.2081\inline\CCKeyboardDispatcher.cpp, C:\PlatformerSaves\PlatformerSaves\build\bindings\bindings\Geode\source\CCKeyboardDispatcher.cpp. [C:\PlatformerSaves\PlatformerSaves\build\bindings\GeodeBindings.vcxproj]
C:\Program Files (x86)\Microsoft Visual Studio\2022\BuildTools\MSBuild\Microsoft\VC\v170\Microsoft.CppBuild.targets(1129,5): warning MSB8027: Mehrere Dateien mit dem Namen CCKeyboardHandler.cpp führen zu Ausgaben am selben Speicherort. Dadurch kann ein falsches Buildergebnis entstehen. Die betroffenen Dateien sind C:\PlatformerSaves\PlatformerSaves\build\_deps\bindings-src\bindings\2.2081\inline\CCKeyboardHandler.cpp, C:\PlatformerSaves\PlatformerSaves\build\bindings\bindings\Geode\source\CCKeyboardHandler.cpp. [C:\PlatformerSaves\PlatformerSaves\build\bindings\GeodeBindings.vcxproj]
C:\Program Files (x86)\Microsoft Visual Studio\2022\BuildTools\MSBuild\Microsoft\VC\v170\Microsoft.CppBuild.targets(1129,5): warning MSB8027: Mehrere Dateien mit dem Namen CCKeypadDispatcher.cpp führen zu Ausgaben am selben Speicherort. Dadurch kann ein falsches Buildergebnis entstehen. Die betroffenen Dateien sind C:\PlatformerSaves\PlatformerSaves\build\_deps\bindings-src\bindings\2.2081\inline\CCKeypadDispatcher.cpp, C:\PlatformerSaves\PlatformerSaves\build\bindings\bindings\Geode\source\CCKeypadDispatcher.cpp. [C:\PlatformerSaves\PlatformerSaves\build\bindings\GeodeBindings.vcxproj]
C:\Program Files (x86)\Microsoft Visual Studio\2022\BuildTools\MSBuild\Microsoft\VC\v170\Microsoft.CppBuild.targets(1129,5): warning MSB8027: Mehrere Dateien mit dem Namen CCKeypadHandler.cpp führen zu Ausgaben am selben Speicherort. Dadurch kann ein falsches Buildergebnis entstehen. Die betroffenen Dateien sind C:\PlatformerSaves\PlatformerSaves\build\_deps\bindings-src\bindings\2.2081\inline\CCKeypadHandler.cpp, C:\PlatformerSaves\PlatformerSaves\build\bindings\bindings\Geode\source\CCKeypadHandler.cpp. [C:\PlatformerSaves\PlatformerSaves\build\bindings\GeodeBindings.vcxproj]
C:\Program Files (x86)\Microsoft Visual Studio\2022\BuildTools\MSBuild\Microsoft\VC\v170\Microsoft.CppBuild.targets(1129,5): warning MSB8027: Mehrere Dateien mit dem Namen CCLabelAtlas.cpp führen zu Ausgaben am selben Speicherort. Dadurch kann ein falsches Buildergebnis entstehen. Die betroffenen Dateien sind C:\PlatformerSaves\PlatformerSaves\build\_deps\bindings-src\bindings\2.2081\inline\CCLabelAtlas.cpp, C:\PlatformerSaves\PlatformerSaves\build\bindings\bindings\Geode\source\CCLabelAtlas.cpp. [C:\PlatformerSaves\PlatformerSaves\build\bindings\GeodeBindings.vcxproj]
C:\Program Files (x86)\Microsoft Visual Studio\2022\BuildTools\MSBuild\Microsoft\VC\v170\Microsoft.CppBuild.targets(1129,5): warning MSB8027: Mehrere Dateien mit dem Namen CCLabelBMFont.cpp führen zu Ausgaben am selben Speicherort. Dadurch kann ein falsches Buildergebnis entstehen. Die betroffenen Dateien sind C:\PlatformerSaves\PlatformerSaves\build\_deps\bindings-src\bindings\2.2081\inline\CCLabelBMFont.cpp, C:\PlatformerSaves\PlatformerSaves\build\bindings\bindings\Geode\source\CCLabelBMFont.cpp. [C:\PlatformerSaves\PlatformerSaves\build\bindings\GeodeBindings.vcxproj]
C:\Program Files (x86)\Microsoft Visual Studio\2022\BuildTools\MSBuild\Microsoft\VC\v170\Microsoft.CppBuild.targets(1129,5): warning MSB8027: Mehrere Dateien mit dem Namen CCLabelTTF.cpp führen zu Ausgaben am selben Speicherort. Dadurch kann ein falsches Buildergebnis entstehen. Die betroffenen Dateien sind C:\PlatformerSaves\PlatformerSaves\build\_deps\bindings-src\bindings\2.2081\inline\CCLabelTTF.cpp, C:\PlatformerSaves\PlatformerSaves\build\bindings\bindings\Geode\source\CCLabelTTF.cpp. [C:\PlatformerSaves\PlatformerSaves\build\bindings\GeodeBindings.vcxproj]
C:\Program Files (x86)\Microsoft Visual Studio\2022\BuildTools\MSBuild\Microsoft\VC\v170\Microsoft.CppBuild.targets(1129,5): warning MSB8027: Mehrere Dateien mit dem Namen CCLayer.cpp führen zu Ausgaben am selben Speicherort. Dadurch kann ein falsches Buildergebnis entstehen. Die betroffenen Dateien sind C:\PlatformerSaves\PlatformerSaves\build\_deps\bindings-src\bindings\2.2081\inline\CCLayer.cpp, C:\PlatformerSaves\PlatformerSaves\build\bindings\bindings\Geode\source\CCLayer.cpp. [C:\PlatformerSaves\PlatformerSaves\build\bindings\GeodeBindings.vcxproj]
C:\Program Files (x86)\Microsoft Visual Studio\2022\BuildTools\MSBuild\Microsoft\VC\v170\Microsoft.CppBuild.targets(1129,5): warning MSB8027: Mehrere Dateien mit dem Namen CCLayerColor.cpp führen zu Ausgaben am selben Speicherort. Dadurch kann ein falsches Buildergebnis entstehen. Die betroffenen Dateien sind C:\PlatformerSaves\PlatformerSaves\build\_deps\bindings-src\bindings\2.2081\inline\CCLayerColor.cpp, C:\PlatformerSaves\PlatformerSaves\build\bindings\bindings\Geode\source\CCLayerColor.cpp. [C:\PlatformerSaves\PlatformerSaves\build\bindings\GeodeBindings.vcxproj]
C:\Program Files (x86)\Microsoft Visual Studio\2022\BuildTools\MSBuild\Microsoft\VC\v170\Microsoft.CppBuild.targets(1129,5): warning MSB8027: Mehrere Dateien mit dem Namen CCLayerGradient.cpp führen zu Ausgaben am selben Speicherort. Dadurch kann ein falsches Buildergebnis entstehen. Die betroffenen Dateien sind C:\PlatformerSaves\PlatformerSaves\build\_deps\bindings-src\bindings\2.2081\inline\CCLayerGradient.cpp, C:\PlatformerSaves\PlatformerSaves\build\bindings\bindings\Geode\source\CCLayerGradient.cpp. [C:\PlatformerSaves\PlatformerSaves\build\bindings\GeodeBindings.vcxproj]
C:\Program Files (x86)\Microsoft Visual Studio\2022\BuildTools\MSBuild\Microsoft\VC\v170\Microsoft.CppBuild.targets(1129,5): warning MSB8027: Mehrere Dateien mit dem Namen CCLayerMultiplex.cpp führen zu Ausgaben am selben Speicherort. Dadurch kann ein falsches Buildergebnis entstehen. Die betroffenen Dateien sind C:\PlatformerSaves\PlatformerSaves\build\_deps\bindings-src\bindings\2.2081\inline\CCLayerMultiplex.cpp, C:\PlatformerSaves\PlatformerSaves\build\bindings\bindings\Geode\source\CCLayerMultiplex.cpp. [C:\PlatformerSaves\PlatformerSaves\build\bindings\GeodeBindings.vcxproj]
C:\Program Files (x86)\Microsoft Visual Studio\2022\BuildTools\MSBuild\Microsoft\VC\v170\Microsoft.CppBuild.targets(1129,5): warning MSB8027: Mehrere Dateien mit dem Namen CCLayerRGBA.cpp führen zu Ausgaben am selben Speicherort. Dadurch kann ein falsches Buildergebnis entstehen. Die betroffenen Dateien sind C:\PlatformerSaves\PlatformerSaves\build\_deps\bindings-src\bindings\2.2081\inline\CCLayerRGBA.cpp, C:\PlatformerSaves\PlatformerSaves\build\bindings\bindings\Geode\source\CCLayerRGBA.cpp. [C:\PlatformerSaves\PlatformerSaves\build\bindings\GeodeBindings.vcxproj]
C:\Program Files (x86)\Microsoft Visual Studio\2022\BuildTools\MSBuild\Microsoft\VC\v170\Microsoft.CppBuild.targets(1129,5): warning MSB8027: Mehrere Dateien mit dem Namen CCLens3D.cpp führen zu Ausgaben am selben Speicherort. Dadurch kann ein falsches Buildergebnis entstehen. Die betroffenen Dateien sind C:\PlatformerSaves\PlatformerSaves\build\_deps\bindings-src\bindings\2.2081\inline\CCLens3D.cpp, C:\PlatformerSaves\PlatformerSaves\build\bindings\bindings\Geode\source\CCLens3D.cpp. [C:\PlatformerSaves\PlatformerSaves\build\bindings\GeodeBindings.vcxproj]
C:\Program Files (x86)\Microsoft Visual Studio\2022\BuildTools\MSBuild\Microsoft\VC\v170\Microsoft.CppBuild.targets(1129,5): warning MSB8027: Mehrere Dateien mit dem Namen CCLightFlash.cpp führen zu Ausgaben am selben Speicherort. Dadurch kann ein falsches Buildergebnis entstehen. Die betroffenen Dateien sind C:\PlatformerSaves\PlatformerSaves\build\_deps\bindings-src\bindings\2.2081\inline\CCLightFlash.cpp, C:\PlatformerSaves\PlatformerSaves\build\bindings\bindings\Geode\source\CCLightFlash.cpp. [C:\PlatformerSaves\PlatformerSaves\build\bindings\GeodeBindings.vcxproj]
C:\Program Files (x86)\Microsoft Visual Studio\2022\BuildTools\MSBuild\Microsoft\VC\v170\Microsoft.CppBuild.targets(1129,5): warning MSB8027: Mehrere Dateien mit dem Namen CCLightStrip.cpp führen zu Ausgaben am selben Speicherort. Dadurch kann ein falsches Buildergebnis entstehen. Die betroffenen Dateien sind C:\PlatformerSaves\PlatformerSaves\build\_deps\bindings-src\bindings\2.2081\inline\CCLightStrip.cpp, C:\PlatformerSaves\PlatformerSaves\build\bindings\bindings\Geode\source\CCLightStrip.cpp. [C:\PlatformerSaves\PlatformerSaves\build\bindings\GeodeBindings.vcxproj]
C:\Program Files (x86)\Microsoft Visual Studio\2022\BuildTools\MSBuild\Microsoft\VC\v170\Microsoft.CppBuild.targets(1129,5): warning MSB8027: Mehrere Dateien mit dem Namen CCLightning.cpp führen zu Ausgaben am selben Speicherort. Dadurch kann ein falsches Buildergebnis entstehen. Die betroffenen Dateien sind C:\PlatformerSaves\PlatformerSaves\build\_deps\bindings-src\bindings\2.2081\inline\CCLightning.cpp, C:\PlatformerSaves\PlatformerSaves\build\bindings\bindings\Geode\source\CCLightning.cpp. [C:\PlatformerSaves\PlatformerSaves\build\bindings\GeodeBindings.vcxproj]
C:\Program Files (x86)\Microsoft Visual Studio\2022\BuildTools\MSBuild\Microsoft\VC\v170\Microsoft.CppBuild.targets(1129,5): warning MSB8027: Mehrere Dateien mit dem Namen CCLiquid.cpp führen zu Ausgaben am selben Speicherort. Dadurch kann ein falsches Buildergebnis entstehen. Die betroffenen Dateien sind C:\PlatformerSaves\PlatformerSaves\build\_deps\bindings-src\bindings\2.2081\inline\CCLiquid.cpp, C:\PlatformerSaves\PlatformerSaves\build\bindings\bindings\Geode\source\CCLiquid.cpp. [C:\PlatformerSaves\PlatformerSaves\build\bindings\GeodeBindings.vcxproj]
C:\Program Files (x86)\Microsoft Visual Studio\2022\BuildTools\MSBuild\Microsoft\VC\v170\Microsoft.CppBuild.targets(1129,5): warning MSB8027: Mehrere Dateien mit dem Namen CCMenu.cpp führen zu Ausgaben am selben Speicherort. Dadurch kann ein falsches Buildergebnis entstehen. Die betroffenen Dateien sind C:\PlatformerSaves\PlatformerSaves\build\_deps\bindings-src\bindings\2.2081\inline\CCMenu.cpp, C:\PlatformerSaves\PlatformerSaves\build\bindings\bindings\Geode\source\CCMenu.cpp. [C:\PlatformerSaves\PlatformerSaves\build\bindings\GeodeBindings.vcxproj]
C:\Program Files (x86)\Microsoft Visual Studio\2022\BuildTools\MSBuild\Microsoft\VC\v170\Microsoft.CppBuild.targets(1129,5): warning MSB8027: Mehrere Dateien mit dem Namen CCMenuItem.cpp führen zu Ausgaben am selben Speicherort. Dadurch kann ein falsches Buildergebnis entstehen. Die betroffenen Dateien sind C:\PlatformerSaves\PlatformerSaves\build\_deps\bindings-src\bindings\2.2081\inline\CCMenuItem.cpp, C:\PlatformerSaves\PlatformerSaves\build\bindings\bindings\Geode\source\CCMenuItem.cpp. [C:\PlatformerSaves\PlatformerSaves\build\bindings\GeodeBindings.vcxproj]
C:\Program Files (x86)\Microsoft Visual Studio\2022\BuildTools\MSBuild\Microsoft\VC\v170\Microsoft.CppBuild.targets(1129,5): warning MSB8027: Mehrere Dateien mit dem Namen CCMenuItemAtlasFont.cpp führen zu Ausgaben am selben Speicherort. Dadurch kann ein falsches Buildergebnis entstehen. Die betroffenen Dateien sind C:\PlatformerSaves\PlatformerSaves\build\_deps\bindings-src\bindings\2.2081\inline\CCMenuItemAtlasFont.cpp, C:\PlatformerSaves\PlatformerSaves\build\bindings\bindings\Geode\source\CCMenuItemAtlasFont.cpp. [C:\PlatformerSaves\PlatformerSaves\build\bindings\GeodeBindings.vcxproj]
C:\Program Files (x86)\Microsoft Visual Studio\2022\BuildTools\MSBuild\Microsoft\VC\v170\Microsoft.CppBuild.targets(1129,5): warning MSB8027: Mehrere Dateien mit dem Namen CCMenuItemFont.cpp führen zu Ausgaben am selben Speicherort. Dadurch kann ein falsches Buildergebnis entstehen. Die betroffenen Dateien sind C:\PlatformerSaves\PlatformerSaves\build\_deps\bindings-src\bindings\2.2081\inline\CCMenuItemFont.cpp, C:\PlatformerSaves\PlatformerSaves\build\bindings\bindings\Geode\source\CCMenuItemFont.cpp. [C:\PlatformerSaves\PlatformerSaves\build\bindings\GeodeBindings.vcxproj]
C:\Program Files (x86)\Microsoft Visual Studio\2022\BuildTools\MSBuild\Microsoft\VC\v170\Microsoft.CppBuild.targets(1129,5): warning MSB8027: Mehrere Dateien mit dem Namen CCMenuItemImage.cpp führen zu Ausgaben am selben Speicherort. Dadurch kann ein falsches Buildergebnis entstehen. Die betroffenen Dateien sind C:\PlatformerSaves\PlatformerSaves\build\_deps\bindings-src\bindings\2.2081\inline\CCMenuItemImage.cpp, C:\PlatformerSaves\PlatformerSaves\build\bindings\bindings\Geode\source\CCMenuItemImage.cpp. [C:\PlatformerSaves\PlatformerSaves\build\bindings\GeodeBindings.vcxproj]
C:\Program Files (x86)\Microsoft Visual Studio\2022\BuildTools\MSBuild\Microsoft\VC\v170\Microsoft.CppBuild.targets(1129,5): warning MSB8027: Mehrere Dateien mit dem Namen CCMenuItemLabel.cpp führen zu Ausgaben am selben Speicherort. Dadurch kann ein falsches Buildergebnis entstehen. Die betroffenen Dateien sind C:\PlatformerSaves\PlatformerSaves\build\_deps\bindings-src\bindings\2.2081\inline\CCMenuItemLabel.cpp, C:\PlatformerSaves\PlatformerSaves\build\bindings\bindings\Geode\source\CCMenuItemLabel.cpp. [C:\PlatformerSaves\PlatformerSaves\build\bindings\GeodeBindings.vcxproj]
C:\Program Files (x86)\Microsoft Visual Studio\2022\BuildTools\MSBuild\Microsoft\VC\v170\Microsoft.CppBuild.targets(1129,5): warning MSB8027: Mehrere Dateien mit dem Namen CCMenuItemSprite.cpp führen zu Ausgaben am selben Speicherort. Dadurch kann ein falsches Buildergebnis entstehen. Die betroffenen Dateien sind C:\PlatformerSaves\PlatformerSaves\build\_deps\bindings-src\bindings\2.2081\inline\CCMenuItemSprite.cpp, C:\PlatformerSaves\PlatformerSaves\build\bindings\bindings\Geode\source\CCMenuItemSprite.cpp. [C:\PlatformerSaves\PlatformerSaves\build\bindings\GeodeBindings.vcxproj]
C:\Program Files (x86)\Microsoft Visual Studio\2022\BuildTools\MSBuild\Microsoft\VC\v170\Microsoft.CppBuild.targets(1129,5): warning MSB8027: Mehrere Dateien mit dem Namen CCMenuItemSpriteExtra.cpp führen zu Ausgaben am selben Speicherort. Dadurch kann ein falsches Buildergebnis entstehen. Die betroffenen Dateien sind C:\PlatformerSaves\PlatformerSaves\build\_deps\bindings-src\bindings\2.2081\inline\CCMenuItemSpriteExtra.cpp, C:\PlatformerSaves\PlatformerSaves\build\bindings\bindings\Geode\source\CCMenuItemSpriteExtra.cpp. [C:\PlatformerSaves\PlatformerSaves\build\bindings\GeodeBindings.vcxproj]
C:\Program Files (x86)\Microsoft Visual Studio\2022\BuildTools\MSBuild\Microsoft\VC\v170\Microsoft.CppBuild.targets(1129,5): warning MSB8027: Mehrere Dateien mit dem Namen CCMenuItemToggle.cpp führen zu Ausgaben am selben Speicherort. Dadurch kann ein falsches Buildergebnis entstehen. Die betroffenen Dateien sind C:\PlatformerSaves\PlatformerSaves\build\_deps\bindings-src\bindings\2.2081\inline\CCMenuItemToggle.cpp, C:\PlatformerSaves\PlatformerSaves\build\bindings\bindings\Geode\source\CCMenuItemToggle.cpp. [C:\PlatformerSaves\PlatformerSaves\build\bindings\GeodeBindings.vcxproj]
C:\Program Files (x86)\Microsoft Visual Studio\2022\BuildTools\MSBuild\Microsoft\VC\v170\Microsoft.CppBuild.targets(1129,5): warning MSB8027: Mehrere Dateien mit dem Namen CCMenuItemToggler.cpp führen zu Ausgaben am selben Speicherort. Dadurch kann ein falsches Buildergebnis entstehen. Die betroffenen Dateien sind C:\PlatformerSaves\PlatformerSaves\build\_deps\bindings-src\bindings\2.2081\inline\CCMenuItemToggler.cpp, C:\PlatformerSaves\PlatformerSaves\build\bindings\bindings\Geode\source\CCMenuItemToggler.cpp. [C:\PlatformerSaves\PlatformerSaves\build\bindings\GeodeBindings.vcxproj]
C:\Program Files (x86)\Microsoft Visual Studio\2022\BuildTools\MSBuild\Microsoft\VC\v170\Microsoft.CppBuild.targets(1129,5): warning MSB8027: Mehrere Dateien mit dem Namen CCMotionStreak.cpp führen zu Ausgaben am selben Speicherort. Dadurch kann ein falsches Buildergebnis entstehen. Die betroffenen Dateien sind C:\PlatformerSaves\PlatformerSaves\build\_deps\bindings-src\bindings\2.2081\inline\CCMotionStreak.cpp, C:\PlatformerSaves\PlatformerSaves\build\bindings\bindings\Geode\source\CCMotionStreak.cpp. [C:\PlatformerSaves\PlatformerSaves\build\bindings\GeodeBindings.vcxproj]
C:\Program Files (x86)\Microsoft Visual Studio\2022\BuildTools\MSBuild\Microsoft\VC\v170\Microsoft.CppBuild.targets(1129,5): warning MSB8027: Mehrere Dateien mit dem Namen CCMouseDispatcher.cpp führen zu Ausgaben am selben Speicherort. Dadurch kann ein falsches Buildergebnis entstehen. Die betroffenen Dateien sind C:\PlatformerSaves\PlatformerSaves\build\_deps\bindings-src\bindings\2.2081\inline\CCMouseDispatcher.cpp, C:\PlatformerSaves\PlatformerSaves\build\bindings\bindings\Geode\source\CCMouseDispatcher.cpp. [C:\PlatformerSaves\PlatformerSaves\build\bindings\GeodeBindings.vcxproj]
C:\Program Files (x86)\Microsoft Visual Studio\2022\BuildTools\MSBuild\Microsoft\VC\v170\Microsoft.CppBuild.targets(1129,5): warning MSB8027: Mehrere Dateien mit dem Namen CCMouseHandler.cpp führen zu Ausgaben am selben Speicherort. Dadurch kann ein falsches Buildergebnis entstehen. Die betroffenen Dateien sind C:\PlatformerSaves\PlatformerSaves\build\_deps\bindings-src\bindings\2.2081\inline\CCMouseHandler.cpp, C:\PlatformerSaves\PlatformerSaves\build\bindings\bindings\Geode\source\CCMouseHandler.cpp. [C:\PlatformerSaves\PlatformerSaves\build\bindings\GeodeBindings.vcxproj]
C:\Program Files (x86)\Microsoft Visual Studio\2022\BuildTools\MSBuild\Microsoft\VC\v170\Microsoft.CppBuild.targets(1129,5): warning MSB8027: Mehrere Dateien mit dem Namen CCMoveBy.cpp führen zu Ausgaben am selben Speicherort. Dadurch kann ein falsches Buildergebnis entstehen. Die betroffenen Dateien sind C:\PlatformerSaves\PlatformerSaves\build\_deps\bindings-src\bindings\2.2081\inline\CCMoveBy.cpp, C:\PlatformerSaves\PlatformerSaves\build\bindings\bindings\Geode\source\CCMoveBy.cpp. [C:\PlatformerSaves\PlatformerSaves\build\bindings\GeodeBindings.vcxproj]
C:\Program Files (x86)\Microsoft Visual Studio\2022\BuildTools\MSBuild\Microsoft\VC\v170\Microsoft.CppBuild.targets(1129,5): warning MSB8027: Mehrere Dateien mit dem Namen CCMoveCNode.cpp führen zu Ausgaben am selben Speicherort. Dadurch kann ein falsches Buildergebnis entstehen. Die betroffenen Dateien sind C:\PlatformerSaves\PlatformerSaves\build\_deps\bindings-src\bindings\2.2081\inline\CCMoveCNode.cpp, C:\PlatformerSaves\PlatformerSaves\build\bindings\bindings\Geode\source\CCMoveCNode.cpp. [C:\PlatformerSaves\PlatformerSaves\build\bindings\GeodeBindings.vcxproj]
C:\Program Files (x86)\Microsoft Visual Studio\2022\BuildTools\MSBuild\Microsoft\VC\v170\Microsoft.CppBuild.targets(1129,5): warning MSB8027: Mehrere Dateien mit dem Namen CCMoveTo.cpp führen zu Ausgaben am selben Speicherort. Dadurch kann ein falsches Buildergebnis entstehen. Die betroffenen Dateien sind C:\PlatformerSaves\PlatformerSaves\build\_deps\bindings-src\bindings\2.2081\inline\CCMoveTo.cpp, C:\PlatformerSaves\PlatformerSaves\build\bindings\bindings\Geode\source\CCMoveTo.cpp. [C:\PlatformerSaves\PlatformerSaves\build\bindings\GeodeBindings.vcxproj]
C:\Program Files (x86)\Microsoft Visual Studio\2022\BuildTools\MSBuild\Microsoft\VC\v170\Microsoft.CppBuild.targets(1129,5): warning MSB8027: Mehrere Dateien mit dem Namen CCNode.cpp führen zu Ausgaben am selben Speicherort. Dadurch kann ein falsches Buildergebnis entstehen. Die betroffenen Dateien sind C:\PlatformerSaves\PlatformerSaves\build\_deps\bindings-src\bindings\2.2081\inline\CCNode.cpp, C:\PlatformerSaves\PlatformerSaves\build\bindings\bindings\Geode\source\CCNode.cpp. [C:\PlatformerSaves\PlatformerSaves\build\bindings\GeodeBindings.vcxproj]
C:\Program Files (x86)\Microsoft Visual Studio\2022\BuildTools\MSBuild\Microsoft\VC\v170\Microsoft.CppBuild.targets(1129,5): warning MSB8027: Mehrere Dateien mit dem Namen CCNodeContainer.cpp führen zu Ausgaben am selben Speicherort. Dadurch kann ein falsches Buildergebnis entstehen. Die betroffenen Dateien sind C:\PlatformerSaves\PlatformerSaves\build\_deps\bindings-src\bindings\2.2081\inline\CCNodeContainer.cpp, C:\PlatformerSaves\PlatformerSaves\build\bindings\bindings\Geode\source\CCNodeContainer.cpp. [C:\PlatformerSaves\PlatformerSaves\build\bindings\GeodeBindings.vcxproj]
C:\Program Files (x86)\Microsoft Visual Studio\2022\BuildTools\MSBuild\Microsoft\VC\v170\Microsoft.CppBuild.targets(1129,5): warning MSB8027: Mehrere Dateien mit dem Namen CCNodeRGBA.cpp führen zu Ausgaben am selben Speicherort. Dadurch kann ein falsches Buildergebnis entstehen. Die betroffenen Dateien sind C:\PlatformerSaves\PlatformerSaves\build\_deps\bindings-src\bindings\2.2081\inline\CCNodeRGBA.cpp, C:\PlatformerSaves\PlatformerSaves\build\bindings\bindings\Geode\source\CCNodeRGBA.cpp. [C:\PlatformerSaves\PlatformerSaves\build\bindings\GeodeBindings.vcxproj]
C:\Program Files (x86)\Microsoft Visual Studio\2022\BuildTools\MSBuild\Microsoft\VC\v170\Microsoft.CppBuild.targets(1129,5): warning MSB8027: Mehrere Dateien mit dem Namen CCNotificationCenter.cpp führen zu Ausgaben am selben Speicherort. Dadurch kann ein falsches Buildergebnis entstehen. Die betroffenen Dateien sind C:\PlatformerSaves\PlatformerSaves\build\_deps\bindings-src\bindings\2.2081\inline\CCNotificationCenter.cpp, C:\PlatformerSaves\PlatformerSaves\build\bindings\bindings\Geode\source\CCNotificationCenter.cpp. [C:\PlatformerSaves\PlatformerSaves\build\bindings\GeodeBindings.vcxproj]
C:\Program Files (x86)\Microsoft Visual Studio\2022\BuildTools\MSBuild\Microsoft\VC\v170\Microsoft.CppBuild.targets(1129,5): warning MSB8027: Mehrere Dateien mit dem Namen CCNotificationObserver.cpp führen zu Ausgaben am selben Speicherort. Dadurch kann ein falsches Buildergebnis entstehen. Die betroffenen Dateien sind C:\PlatformerSaves\PlatformerSaves\build\_deps\bindings-src\bindings\2.2081\inline\CCNotificationObserver.cpp, C:\PlatformerSaves\PlatformerSaves\build\bindings\bindings\Geode\source\CCNotificationObserver.cpp. [C:\PlatformerSaves\PlatformerSaves\build\bindings\GeodeBindings.vcxproj]
C:\Program Files (x86)\Microsoft Visual Studio\2022\BuildTools\MSBuild\Microsoft\VC\v170\Microsoft.CppBuild.targets(1129,5): warning MSB8027: Mehrere Dateien mit dem Namen CCObject.cpp führen zu Ausgaben am selben Speicherort. Dadurch kann ein falsches Buildergebnis entstehen. Die betroffenen Dateien sind C:\PlatformerSaves\PlatformerSaves\build\_deps\bindings-src\bindings\2.2081\inline\CCObject.cpp, C:\PlatformerSaves\PlatformerSaves\build\bindings\bindings\Geode\source\CCObject.cpp. [C:\PlatformerSaves\PlatformerSaves\build\bindings\GeodeBindings.vcxproj]
C:\Program Files (x86)\Microsoft Visual Studio\2022\BuildTools\MSBuild\Microsoft\VC\v170\Microsoft.CppBuild.targets(1129,5): warning MSB8027: Mehrere Dateien mit dem Namen CCOrbitCamera.cpp führen zu Ausgaben am selben Speicherort. Dadurch kann ein falsches Buildergebnis entstehen. Die betroffenen Dateien sind C:\PlatformerSaves\PlatformerSaves\build\_deps\bindings-src\bindings\2.2081\inline\CCOrbitCamera.cpp, C:\PlatformerSaves\PlatformerSaves\build\bindings\bindings\Geode\source\CCOrbitCamera.cpp. [C:\PlatformerSaves\PlatformerSaves\build\bindings\GeodeBindings.vcxproj]
C:\Program Files (x86)\Microsoft Visual Studio\2022\BuildTools\MSBuild\Microsoft\VC\v170\Microsoft.CppBuild.targets(1129,5): warning MSB8027: Mehrere Dateien mit dem Namen CCPageTurn3D.cpp führen zu Ausgaben am selben Speicherort. Dadurch kann ein falsches Buildergebnis entstehen. Die betroffenen Dateien sind C:\PlatformerSaves\PlatformerSaves\build\_deps\bindings-src\bindings\2.2081\inline\CCPageTurn3D.cpp, C:\PlatformerSaves\PlatformerSaves\build\bindings\bindings\Geode\source\CCPageTurn3D.cpp. [C:\PlatformerSaves\PlatformerSaves\build\bindings\GeodeBindings.vcxproj]
C:\Program Files (x86)\Microsoft Visual Studio\2022\BuildTools\MSBuild\Microsoft\VC\v170\Microsoft.CppBuild.targets(1129,5): warning MSB8027: Mehrere Dateien mit dem Namen CCParallaxNode.cpp führen zu Ausgaben am selben Speicherort. Dadurch kann ein falsches Buildergebnis entstehen. Die betroffenen Dateien sind C:\PlatformerSaves\PlatformerSaves\build\_deps\bindings-src\bindings\2.2081\inline\CCParallaxNode.cpp, C:\PlatformerSaves\PlatformerSaves\build\bindings\bindings\Geode\source\CCParallaxNode.cpp. [C:\PlatformerSaves\PlatformerSaves\build\bindings\GeodeBindings.vcxproj]
C:\Program Files (x86)\Microsoft Visual Studio\2022\BuildTools\MSBuild\Microsoft\VC\v170\Microsoft.CppBuild.targets(1129,5): warning MSB8027: Mehrere Dateien mit dem Namen CCPartAnimSprite.cpp führen zu Ausgaben am selben Speicherort. Dadurch kann ein falsches Buildergebnis entstehen. Die betroffenen Dateien sind C:\PlatformerSaves\PlatformerSaves\build\_deps\bindings-src\bindings\2.2081\inline\CCPartAnimSprite.cpp, C:\PlatformerSaves\PlatformerSaves\build\bindings\bindings\Geode\source\CCPartAnimSprite.cpp. [C:\PlatformerSaves\PlatformerSaves\build\bindings\GeodeBindings.vcxproj]
C:\Program Files (x86)\Microsoft Visual Studio\2022\BuildTools\MSBuild\Microsoft\VC\v170\Microsoft.CppBuild.targets(1129,5): warning MSB8027: Mehrere Dateien mit dem Namen CCParticleBatchNode.cpp führen zu Ausgaben am selben Speicherort. Dadurch kann ein falsches Buildergebnis entstehen. Die betroffenen Dateien sind C:\PlatformerSaves\PlatformerSaves\build\_deps\bindings-src\bindings\2.2081\inline\CCParticleBatchNode.cpp, C:\PlatformerSaves\PlatformerSaves\build\bindings\bindings\Geode\source\CCParticleBatchNode.cpp. [C:\PlatformerSaves\PlatformerSaves\build\bindings\GeodeBindings.vcxproj]
C:\Program Files (x86)\Microsoft Visual Studio\2022\BuildTools\MSBuild\Microsoft\VC\v170\Microsoft.CppBuild.targets(1129,5): warning MSB8027: Mehrere Dateien mit dem Namen CCParticleExplosion.cpp führen zu Ausgaben am selben Speicherort. Dadurch kann ein falsches Buildergebnis entstehen. Die betroffenen Dateien sind C:\PlatformerSaves\PlatformerSaves\build\_deps\bindings-src\bindings\2.2081\inline\CCParticleExplosion.cpp, C:\PlatformerSaves\PlatformerSaves\build\bindings\bindings\Geode\source\CCParticleExplosion.cpp. [C:\PlatformerSaves\PlatformerSaves\build\bindings\GeodeBindings.vcxproj]
C:\Program Files (x86)\Microsoft Visual Studio\2022\BuildTools\MSBuild\Microsoft\VC\v170\Microsoft.CppBuild.targets(1129,5): warning MSB8027: Mehrere Dateien mit dem Namen CCParticleFire.cpp führen zu Ausgaben am selben Speicherort. Dadurch kann ein falsches Buildergebnis entstehen. Die betroffenen Dateien sind C:\PlatformerSaves\PlatformerSaves\build\_deps\bindings-src\bindings\2.2081\inline\CCParticleFire.cpp, C:\PlatformerSaves\PlatformerSaves\build\bindings\bindings\Geode\source\CCParticleFire.cpp. [C:\PlatformerSaves\PlatformerSaves\build\bindings\GeodeBindings.vcxproj]
C:\Program Files (x86)\Microsoft Visual Studio\2022\BuildTools\MSBuild\Microsoft\VC\v170\Microsoft.CppBuild.targets(1129,5): warning MSB8027: Mehrere Dateien mit dem Namen CCParticleFireworks.cpp führen zu Ausgaben am selben Speicherort. Dadurch kann ein falsches Buildergebnis entstehen. Die betroffenen Dateien sind C:\PlatformerSaves\PlatformerSaves\build\_deps\bindings-src\bindings\2.2081\inline\CCParticleFireworks.cpp, C:\PlatformerSaves\PlatformerSaves\build\bindings\bindings\Geode\source\CCParticleFireworks.cpp. [C:\PlatformerSaves\PlatformerSaves\build\bindings\GeodeBindings.vcxproj]
C:\Program Files (x86)\Microsoft Visual Studio\2022\BuildTools\MSBuild\Microsoft\VC\v170\Microsoft.CppBuild.targets(1129,5): warning MSB8027: Mehrere Dateien mit dem Namen CCParticleFlower.cpp führen zu Ausgaben am selben Speicherort. Dadurch kann ein falsches Buildergebnis entstehen. Die betroffenen Dateien sind C:\PlatformerSaves\PlatformerSaves\build\_deps\bindings-src\bindings\2.2081\inline\CCParticleFlower.cpp, C:\PlatformerSaves\PlatformerSaves\build\bindings\bindings\Geode\source\CCParticleFlower.cpp. [C:\PlatformerSaves\PlatformerSaves\build\bindings\GeodeBindings.vcxproj]
C:\Program Files (x86)\Microsoft Visual Studio\2022\BuildTools\MSBuild\Microsoft\VC\v170\Microsoft.CppBuild.targets(1129,5): warning MSB8027: Mehrere Dateien mit dem Namen CCParticleGalaxy.cpp führen zu Ausgaben am selben Speicherort. Dadurch kann ein falsches Buildergebnis entstehen. Die betroffenen Dateien sind C:\PlatformerSaves\PlatformerSaves\build\_deps\bindings-src\bindings\2.2081\inline\CCParticleGalaxy.cpp, C:\PlatformerSaves\PlatformerSaves\build\bindings\bindings\Geode\source\CCParticleGalaxy.cpp. [C:\PlatformerSaves\PlatformerSaves\build\bindings\GeodeBindings.vcxproj]
C:\Program Files (x86)\Microsoft Visual Studio\2022\BuildTools\MSBuild\Microsoft\VC\v170\Microsoft.CppBuild.targets(1129,5): warning MSB8027: Mehrere Dateien mit dem Namen CCParticleMeteor.cpp führen zu Ausgaben am selben Speicherort. Dadurch kann ein falsches Buildergebnis entstehen. Die betroffenen Dateien sind C:\PlatformerSaves\PlatformerSaves\build\_deps\bindings-src\bindings\2.2081\inline\CCParticleMeteor.cpp, C:\PlatformerSaves\PlatformerSaves\build\bindings\bindings\Geode\source\CCParticleMeteor.cpp. [C:\PlatformerSaves\PlatformerSaves\build\bindings\GeodeBindings.vcxproj]
C:\Program Files (x86)\Microsoft Visual Studio\2022\BuildTools\MSBuild\Microsoft\VC\v170\Microsoft.CppBuild.targets(1129,5): warning MSB8027: Mehrere Dateien mit dem Namen CCParticleRain.cpp führen zu Ausgaben am selben Speicherort. Dadurch kann ein falsches Buildergebnis entstehen. Die betroffenen Dateien sind C:\PlatformerSaves\PlatformerSaves\build\_deps\bindings-src\bindings\2.2081\inline\CCParticleRain.cpp, C:\PlatformerSaves\PlatformerSaves\build\bindings\bindings\Geode\source\CCParticleRain.cpp. [C:\PlatformerSaves\PlatformerSaves\build\bindings\GeodeBindings.vcxproj]
C:\Program Files (x86)\Microsoft Visual Studio\2022\BuildTools\MSBuild\Microsoft\VC\v170\Microsoft.CppBuild.targets(1129,5): warning MSB8027: Mehrere Dateien mit dem Namen CCParticleSmoke.cpp führen zu Ausgaben am selben Speicherort. Dadurch kann ein falsches Buildergebnis entstehen. Die betroffenen Dateien sind C:\PlatformerSaves\PlatformerSaves\build\_deps\bindings-src\bindings\2.2081\inline\CCParticleSmoke.cpp, C:\PlatformerSaves\PlatformerSaves\build\bindings\bindings\Geode\source\CCParticleSmoke.cpp. [C:\PlatformerSaves\PlatformerSaves\build\bindings\GeodeBindings.vcxproj]
C:\Program Files (x86)\Microsoft Visual Studio\2022\BuildTools\MSBuild\Microsoft\VC\v170\Microsoft.CppBuild.targets(1129,5): warning MSB8027: Mehrere Dateien mit dem Namen CCParticleSnow.cpp führen zu Ausgaben am selben Speicherort. Dadurch kann ein falsches Buildergebnis entstehen. Die betroffenen Dateien sind C:\PlatformerSaves\PlatformerSaves\build\_deps\bindings-src\bindings\2.2081\inline\CCParticleSnow.cpp, C:\PlatformerSaves\PlatformerSaves\build\bindings\bindings\Geode\source\CCParticleSnow.cpp. [C:\PlatformerSaves\PlatformerSaves\build\bindings\GeodeBindings.vcxproj]
C:\Program Files (x86)\Microsoft Visual Studio\2022\BuildTools\MSBuild\Microsoft\VC\v170\Microsoft.CppBuild.targets(1129,5): warning MSB8027: Mehrere Dateien mit dem Namen CCParticleSpiral.cpp führen zu Ausgaben am selben Speicherort. Dadurch kann ein falsches Buildergebnis entstehen. Die betroffenen Dateien sind C:\PlatformerSaves\PlatformerSaves\build\_deps\bindings-src\bindings\2.2081\inline\CCParticleSpiral.cpp, C:\PlatformerSaves\PlatformerSaves\build\bindings\bindings\Geode\source\CCParticleSpiral.cpp. [C:\PlatformerSaves\PlatformerSaves\build\bindings\GeodeBindings.vcxproj]
C:\Program Files (x86)\Microsoft Visual Studio\2022\BuildTools\MSBuild\Microsoft\VC\v170\Microsoft.CppBuild.targets(1129,5): warning MSB8027: Mehrere Dateien mit dem Namen CCParticleSun.cpp führen zu Ausgaben am selben Speicherort. Dadurch kann ein falsches Buildergebnis entstehen. Die betroffenen Dateien sind C:\PlatformerSaves\PlatformerSaves\build\_deps\bindings-src\bindings\2.2081\inline\CCParticleSun.cpp, C:\PlatformerSaves\PlatformerSaves\build\bindings\bindings\Geode\source\CCParticleSun.cpp. [C:\PlatformerSaves\PlatformerSaves\build\bindings\GeodeBindings.vcxproj]
C:\Program Files (x86)\Microsoft Visual Studio\2022\BuildTools\MSBuild\Microsoft\VC\v170\Microsoft.CppBuild.targets(1129,5): warning MSB8027: Mehrere Dateien mit dem Namen CCParticleSystem.cpp führen zu Ausgaben am selben Speicherort. Dadurch kann ein falsches Buildergebnis entstehen. Die betroffenen Dateien sind C:\PlatformerSaves\PlatformerSaves\build\_deps\bindings-src\bindings\2.2081\inline\CCParticleSystem.cpp, C:\PlatformerSaves\PlatformerSaves\build\bindings\bindings\Geode\source\CCParticleSystem.cpp. [C:\PlatformerSaves\PlatformerSaves\build\bindings\GeodeBindings.vcxproj]
C:\Program Files (x86)\Microsoft Visual Studio\2022\BuildTools\MSBuild\Microsoft\VC\v170\Microsoft.CppBuild.targets(1129,5): warning MSB8027: Mehrere Dateien mit dem Namen CCParticleSystemQuad.cpp führen zu Ausgaben am selben Speicherort. Dadurch kann ein falsches Buildergebnis entstehen. Die betroffenen Dateien sind C:\PlatformerSaves\PlatformerSaves\build\_deps\bindings-src\bindings\2.2081\inline\CCParticleSystemQuad.cpp, C:\PlatformerSaves\PlatformerSaves\build\bindings\bindings\Geode\source\CCParticleSystemQuad.cpp. [C:\PlatformerSaves\PlatformerSaves\build\bindings\GeodeBindings.vcxproj]
C:\Program Files (x86)\Microsoft Visual Studio\2022\BuildTools\MSBuild\Microsoft\VC\v170\Microsoft.CppBuild.targets(1129,5): warning MSB8027: Mehrere Dateien mit dem Namen CCPlace.cpp führen zu Ausgaben am selben Speicherort. Dadurch kann ein falsches Buildergebnis entstehen. Die betroffenen Dateien sind C:\PlatformerSaves\PlatformerSaves\build\_deps\bindings-src\bindings\2.2081\inline\CCPlace.cpp, C:\PlatformerSaves\PlatformerSaves\build\bindings\bindings\Geode\source\CCPlace.cpp. [C:\PlatformerSaves\PlatformerSaves\build\bindings\GeodeBindings.vcxproj]
C:\Program Files (x86)\Microsoft Visual Studio\2022\BuildTools\MSBuild\Microsoft\VC\v170\Microsoft.CppBuild.targets(1129,5): warning MSB8027: Mehrere Dateien mit dem Namen CCPointArray.cpp führen zu Ausgaben am selben Speicherort. Dadurch kann ein falsches Buildergebnis entstehen. Die betroffenen Dateien sind C:\PlatformerSaves\PlatformerSaves\build\_deps\bindings-src\bindings\2.2081\inline\CCPointArray.cpp, C:\PlatformerSaves\PlatformerSaves\build\bindings\bindings\Geode\source\CCPointArray.cpp. [C:\PlatformerSaves\PlatformerSaves\build\bindings\GeodeBindings.vcxproj]
C:\Program Files (x86)\Microsoft Visual Studio\2022\BuildTools\MSBuild\Microsoft\VC\v170\Microsoft.CppBuild.targets(1129,5): warning MSB8027: Mehrere Dateien mit dem Namen CCPoolManager.cpp führen zu Ausgaben am selben Speicherort. Dadurch kann ein falsches Buildergebnis entstehen. Die betroffenen Dateien sind C:\PlatformerSaves\PlatformerSaves\build\_deps\bindings-src\bindings\2.2081\inline\CCPoolManager.cpp, C:\PlatformerSaves\PlatformerSaves\build\bindings\bindings\Geode\source\CCPoolManager.cpp. [C:\PlatformerSaves\PlatformerSaves\build\bindings\GeodeBindings.vcxproj]
C:\Program Files (x86)\Microsoft Visual Studio\2022\BuildTools\MSBuild\Microsoft\VC\v170\Microsoft.CppBuild.targets(1129,5): warning MSB8027: Mehrere Dateien mit dem Namen CCPrettyPrinter.cpp führen zu Ausgaben am selben Speicherort. Dadurch kann ein falsches Buildergebnis entstehen. Die betroffenen Dateien sind C:\PlatformerSaves\PlatformerSaves\build\_deps\bindings-src\bindings\2.2081\inline\CCPrettyPrinter.cpp, C:\PlatformerSaves\PlatformerSaves\build\bindings\bindings\Geode\source\CCPrettyPrinter.cpp. [C:\PlatformerSaves\PlatformerSaves\build\bindings\GeodeBindings.vcxproj]
C:\Program Files (x86)\Microsoft Visual Studio\2022\BuildTools\MSBuild\Microsoft\VC\v170\Microsoft.CppBuild.targets(1129,5): warning MSB8027: Mehrere Dateien mit dem Namen CCProfiler.cpp führen zu Ausgaben am selben Speicherort. Dadurch kann ein falsches Buildergebnis entstehen. Die betroffenen Dateien sind C:\PlatformerSaves\PlatformerSaves\build\_deps\bindings-src\bindings\2.2081\inline\CCProfiler.cpp, C:\PlatformerSaves\PlatformerSaves\build\bindings\bindings\Geode\source\CCProfiler.cpp. [C:\PlatformerSaves\PlatformerSaves\build\bindings\GeodeBindings.vcxproj]
C:\Program Files (x86)\Microsoft Visual Studio\2022\BuildTools\MSBuild\Microsoft\VC\v170\Microsoft.CppBuild.targets(1129,5): warning MSB8027: Mehrere Dateien mit dem Namen CCProfilingTimer.cpp führen zu Ausgaben am selben Speicherort. Dadurch kann ein falsches Buildergebnis entstehen. Die betroffenen Dateien sind C:\PlatformerSaves\PlatformerSaves\build\_deps\bindings-src\bindings\2.2081\inline\CCProfilingTimer.cpp, C:\PlatformerSaves\PlatformerSaves\build\bindings\bindings\Geode\source\CCProfilingTimer.cpp. [C:\PlatformerSaves\PlatformerSaves\build\bindings\GeodeBindings.vcxproj]
C:\Program Files (x86)\Microsoft Visual Studio\2022\BuildTools\MSBuild\Microsoft\VC\v170\Microsoft.CppBuild.targets(1129,5): warning MSB8027: Mehrere Dateien mit dem Namen CCProgressFromTo.cpp führen zu Ausgaben am selben Speicherort. Dadurch kann ein falsches Buildergebnis entstehen. Die betroffenen Dateien sind C:\PlatformerSaves\PlatformerSaves\build\_deps\bindings-src\bindings\2.2081\inline\CCProgressFromTo.cpp, C:\PlatformerSaves\PlatformerSaves\build\bindings\bindings\Geode\source\CCProgressFromTo.cpp. [C:\PlatformerSaves\PlatformerSaves\build\bindings\GeodeBindings.vcxproj]
C:\Program Files (x86)\Microsoft Visual Studio\2022\BuildTools\MSBuild\Microsoft\VC\v170\Microsoft.CppBuild.targets(1129,5): warning MSB8027: Mehrere Dateien mit dem Namen CCProgressTimer.cpp führen zu Ausgaben am selben Speicherort. Dadurch kann ein falsches Buildergebnis entstehen. Die betroffenen Dateien sind C:\PlatformerSaves\PlatformerSaves\build\_deps\bindings-src\bindings\2.2081\inline\CCProgressTimer.cpp, C:\PlatformerSaves\PlatformerSaves\build\bindings\bindings\Geode\source\CCProgressTimer.cpp. [C:\PlatformerSaves\PlatformerSaves\build\bindings\GeodeBindings.vcxproj]
C:\Program Files (x86)\Microsoft Visual Studio\2022\BuildTools\MSBuild\Microsoft\VC\v170\Microsoft.CppBuild.targets(1129,5): warning MSB8027: Mehrere Dateien mit dem Namen CCProgressTo.cpp führen zu Ausgaben am selben Speicherort. Dadurch kann ein falsches Buildergebnis entstehen. Die betroffenen Dateien sind C:\PlatformerSaves\PlatformerSaves\build\_deps\bindings-src\bindings\2.2081\inline\CCProgressTo.cpp, C:\PlatformerSaves\PlatformerSaves\build\bindings\bindings\Geode\source\CCProgressTo.cpp. [C:\PlatformerSaves\PlatformerSaves\build\bindings\GeodeBindings.vcxproj]
C:\Program Files (x86)\Microsoft Visual Studio\2022\BuildTools\MSBuild\Microsoft\VC\v170\Microsoft.CppBuild.targets(1129,5): warning MSB8027: Mehrere Dateien mit dem Namen CCRemoveSelf.cpp führen zu Ausgaben am selben Speicherort. Dadurch kann ein falsches Buildergebnis entstehen. Die betroffenen Dateien sind C:\PlatformerSaves\PlatformerSaves\build\_deps\bindings-src\bindings\2.2081\inline\CCRemoveSelf.cpp, C:\PlatformerSaves\PlatformerSaves\build\bindings\bindings\Geode\source\CCRemoveSelf.cpp. [C:\PlatformerSaves\PlatformerSaves\build\bindings\GeodeBindings.vcxproj]
C:\Program Files (x86)\Microsoft Visual Studio\2022\BuildTools\MSBuild\Microsoft\VC\v170\Microsoft.CppBuild.targets(1129,5): warning MSB8027: Mehrere Dateien mit dem Namen CCRenderTexture.cpp führen zu Ausgaben am selben Speicherort. Dadurch kann ein falsches Buildergebnis entstehen. Die betroffenen Dateien sind C:\PlatformerSaves\PlatformerSaves\build\_deps\bindings-src\bindings\2.2081\inline\CCRenderTexture.cpp, C:\PlatformerSaves\PlatformerSaves\build\bindings\bindings\Geode\source\CCRenderTexture.cpp. [C:\PlatformerSaves\PlatformerSaves\build\bindings\GeodeBindings.vcxproj]
C:\Program Files (x86)\Microsoft Visual Studio\2022\BuildTools\MSBuild\Microsoft\VC\v170\Microsoft.CppBuild.targets(1129,5): warning MSB8027: Mehrere Dateien mit dem Namen CCRepeat.cpp führen zu Ausgaben am selben Speicherort. Dadurch kann ein falsches Buildergebnis entstehen. Die betroffenen Dateien sind C:\PlatformerSaves\PlatformerSaves\build\_deps\bindings-src\bindings\2.2081\inline\CCRepeat.cpp, C:\PlatformerSaves\PlatformerSaves\build\bindings\bindings\Geode\source\CCRepeat.cpp. [C:\PlatformerSaves\PlatformerSaves\build\bindings\GeodeBindings.vcxproj]
C:\Program Files (x86)\Microsoft Visual Studio\2022\BuildTools\MSBuild\Microsoft\VC\v170\Microsoft.CppBuild.targets(1129,5): warning MSB8027: Mehrere Dateien mit dem Namen CCRepeatForever.cpp führen zu Ausgaben am selben Speicherort. Dadurch kann ein falsches Buildergebnis entstehen. Die betroffenen Dateien sind C:\PlatformerSaves\PlatformerSaves\build\_deps\bindings-src\bindings\2.2081\inline\CCRepeatForever.cpp, C:\PlatformerSaves\PlatformerSaves\build\bindings\bindings\Geode\source\CCRepeatForever.cpp. [C:\PlatformerSaves\PlatformerSaves\build\bindings\GeodeBindings.vcxproj]
C:\Program Files (x86)\Microsoft Visual Studio\2022\BuildTools\MSBuild\Microsoft\VC\v170\Microsoft.CppBuild.targets(1129,5): warning MSB8027: Mehrere Dateien mit dem Namen CCReuseGrid.cpp führen zu Ausgaben am selben Speicherort. Dadurch kann ein falsches Buildergebnis entstehen. Die betroffenen Dateien sind C:\PlatformerSaves\PlatformerSaves\build\_deps\bindings-src\bindings\2.2081\inline\CCReuseGrid.cpp, C:\PlatformerSaves\PlatformerSaves\build\bindings\bindings\Geode\source\CCReuseGrid.cpp. [C:\PlatformerSaves\PlatformerSaves\build\bindings\GeodeBindings.vcxproj]
C:\Program Files (x86)\Microsoft Visual Studio\2022\BuildTools\MSBuild\Microsoft\VC\v170\Microsoft.CppBuild.targets(1129,5): warning MSB8027: Mehrere Dateien mit dem Namen CCReverseTime.cpp führen zu Ausgaben am selben Speicherort. Dadurch kann ein falsches Buildergebnis entstehen. Die betroffenen Dateien sind C:\PlatformerSaves\PlatformerSaves\build\_deps\bindings-src\bindings\2.2081\inline\CCReverseTime.cpp, C:\PlatformerSaves\PlatformerSaves\build\bindings\bindings\Geode\source\CCReverseTime.cpp. [C:\PlatformerSaves\PlatformerSaves\build\bindings\GeodeBindings.vcxproj]
C:\Program Files (x86)\Microsoft Visual Studio\2022\BuildTools\MSBuild\Microsoft\VC\v170\Microsoft.CppBuild.targets(1129,5): warning MSB8027: Mehrere Dateien mit dem Namen CCRipple3D.cpp führen zu Ausgaben am selben Speicherort. Dadurch kann ein falsches Buildergebnis entstehen. Die betroffenen Dateien sind C:\PlatformerSaves\PlatformerSaves\build\_deps\bindings-src\bindings\2.2081\inline\CCRipple3D.cpp, C:\PlatformerSaves\PlatformerSaves\build\bindings\bindings\Geode\source\CCRipple3D.cpp. [C:\PlatformerSaves\PlatformerSaves\build\bindings\GeodeBindings.vcxproj]
C:\Program Files (x86)\Microsoft Visual Studio\2022\BuildTools\MSBuild\Microsoft\VC\v170\Microsoft.CppBuild.targets(1129,5): warning MSB8027: Mehrere Dateien mit dem Namen CCRotateBy.cpp führen zu Ausgaben am selben Speicherort. Dadurch kann ein falsches Buildergebnis entstehen. Die betroffenen Dateien sind C:\PlatformerSaves\PlatformerSaves\build\_deps\bindings-src\bindings\2.2081\inline\CCRotateBy.cpp, C:\PlatformerSaves\PlatformerSaves\build\bindings\bindings\Geode\source\CCRotateBy.cpp. [C:\PlatformerSaves\PlatformerSaves\build\bindings\GeodeBindings.vcxproj]
C:\Program Files (x86)\Microsoft Visual Studio\2022\BuildTools\MSBuild\Microsoft\VC\v170\Microsoft.CppBuild.targets(1129,5): warning MSB8027: Mehrere Dateien mit dem Namen CCRotateTo.cpp führen zu Ausgaben am selben Speicherort. Dadurch kann ein falsches Buildergebnis entstehen. Die betroffenen Dateien sind C:\PlatformerSaves\PlatformerSaves\build\_deps\bindings-src\bindings\2.2081\inline\CCRotateTo.cpp, C:\PlatformerSaves\PlatformerSaves\build\bindings\bindings\Geode\source\CCRotateTo.cpp. [C:\PlatformerSaves\PlatformerSaves\build\bindings\GeodeBindings.vcxproj]
C:\Program Files (x86)\Microsoft Visual Studio\2022\BuildTools\MSBuild\Microsoft\VC\v170\Microsoft.CppBuild.targets(1129,5): warning MSB8027: Mehrere Dateien mit dem Namen CCSAXParser.cpp führen zu Ausgaben am selben Speicherort. Dadurch kann ein falsches Buildergebnis entstehen. Die betroffenen Dateien sind C:\PlatformerSaves\PlatformerSaves\build\_deps\bindings-src\bindings\2.2081\inline\CCSAXParser.cpp, C:\PlatformerSaves\PlatformerSaves\build\bindings\bindings\Geode\source\CCSAXParser.cpp. [C:\PlatformerSaves\PlatformerSaves\build\bindings\GeodeBindings.vcxproj]
C:\Program Files (x86)\Microsoft Visual Studio\2022\BuildTools\MSBuild\Microsoft\VC\v170\Microsoft.CppBuild.targets(1129,5): warning MSB8027: Mehrere Dateien mit dem Namen CCScale9Sprite.cpp führen zu Ausgaben am selben Speicherort. Dadurch kann ein falsches Buildergebnis entstehen. Die betroffenen Dateien sind C:\PlatformerSaves\PlatformerSaves\build\_deps\bindings-src\bindings\2.2081\inline\CCScale9Sprite.cpp, C:\PlatformerSaves\PlatformerSaves\build\bindings\bindings\Geode\source\CCScale9Sprite.cpp. [C:\PlatformerSaves\PlatformerSaves\build\bindings\GeodeBindings.vcxproj]
C:\Program Files (x86)\Microsoft Visual Studio\2022\BuildTools\MSBuild\Microsoft\VC\v170\Microsoft.CppBuild.targets(1129,5): warning MSB8027: Mehrere Dateien mit dem Namen CCScaleBy.cpp führen zu Ausgaben am selben Speicherort. Dadurch kann ein falsches Buildergebnis entstehen. Die betroffenen Dateien sind C:\PlatformerSaves\PlatformerSaves\build\_deps\bindings-src\bindings\2.2081\inline\CCScaleBy.cpp, C:\PlatformerSaves\PlatformerSaves\build\bindings\bindings\Geode\source\CCScaleBy.cpp. [C:\PlatformerSaves\PlatformerSaves\build\bindings\GeodeBindings.vcxproj]
C:\Program Files (x86)\Microsoft Visual Studio\2022\BuildTools\MSBuild\Microsoft\VC\v170\Microsoft.CppBuild.targets(1129,5): warning MSB8027: Mehrere Dateien mit dem Namen CCScaleTo.cpp führen zu Ausgaben am selben Speicherort. Dadurch kann ein falsches Buildergebnis entstehen. Die betroffenen Dateien sind C:\PlatformerSaves\PlatformerSaves\build\_deps\bindings-src\bindings\2.2081\inline\CCScaleTo.cpp, C:\PlatformerSaves\PlatformerSaves\build\bindings\bindings\Geode\source\CCScaleTo.cpp. [C:\PlatformerSaves\PlatformerSaves\build\bindings\GeodeBindings.vcxproj]
C:\Program Files (x86)\Microsoft Visual Studio\2022\BuildTools\MSBuild\Microsoft\VC\v170\Microsoft.CppBuild.targets(1129,5): warning MSB8027: Mehrere Dateien mit dem Namen CCScene.cpp führen zu Ausgaben am selben Speicherort. Dadurch kann ein falsches Buildergebnis entstehen. Die betroffenen Dateien sind C:\PlatformerSaves\PlatformerSaves\build\_deps\bindings-src\bindings\2.2081\inline\CCScene.cpp, C:\PlatformerSaves\PlatformerSaves\build\bindings\bindings\Geode\source\CCScene.cpp. [C:\PlatformerSaves\PlatformerSaves\build\bindings\GeodeBindings.vcxproj]
C:\Program Files (x86)\Microsoft Visual Studio\2022\BuildTools\MSBuild\Microsoft\VC\v170\Microsoft.CppBuild.targets(1129,5): warning MSB8027: Mehrere Dateien mit dem Namen CCScheduler.cpp führen zu Ausgaben am selben Speicherort. Dadurch kann ein falsches Buildergebnis entstehen. Die betroffenen Dateien sind C:\PlatformerSaves\PlatformerSaves\build\_deps\bindings-src\bindings\2.2081\inline\CCScheduler.cpp, C:\PlatformerSaves\PlatformerSaves\build\bindings\bindings\Geode\source\CCScheduler.cpp. [C:\PlatformerSaves\PlatformerSaves\build\bindings\GeodeBindings.vcxproj]
C:\Program Files (x86)\Microsoft Visual Studio\2022\BuildTools\MSBuild\Microsoft\VC\v170\Microsoft.CppBuild.targets(1129,5): warning MSB8027: Mehrere Dateien mit dem Namen CCSchedulerScriptHandlerEntry.cpp führen zu Ausgaben am selben Speicherort. Dadurch kann ein falsches Buildergebnis entstehen. Die betroffenen Dateien sind C:\PlatformerSaves\PlatformerSaves\build\_deps\bindings-src\bindings\2.2081\inline\CCSchedulerScriptHandlerEntry.cpp, C:\PlatformerSaves\PlatformerSaves\build\bindings\bindings\Geode\source\CCSchedulerScriptHandlerEntry.cpp. [C:\PlatformerSaves\PlatformerSaves\build\bindings\GeodeBindings.vcxproj]
C:\Program Files (x86)\Microsoft Visual Studio\2022\BuildTools\MSBuild\Microsoft\VC\v170\Microsoft.CppBuild.targets(1129,5): warning MSB8027: Mehrere Dateien mit dem Namen CCScriptEngineManager.cpp führen zu Ausgaben am selben Speicherort. Dadurch kann ein falsches Buildergebnis entstehen. Die betroffenen Dateien sind C:\PlatformerSaves\PlatformerSaves\build\_deps\bindings-src\bindings\2.2081\inline\CCScriptEngineManager.cpp, C:\PlatformerSaves\PlatformerSaves\build\bindings\bindings\Geode\source\CCScriptEngineManager.cpp. [C:\PlatformerSaves\PlatformerSaves\build\bindings\GeodeBindings.vcxproj]
C:\Program Files (x86)\Microsoft Visual Studio\2022\BuildTools\MSBuild\Microsoft\VC\v170\Microsoft.CppBuild.targets(1129,5): warning MSB8027: Mehrere Dateien mit dem Namen CCScriptHandlerEntry.cpp führen zu Ausgaben am selben Speicherort. Dadurch kann ein falsches Buildergebnis entstehen. Die betroffenen Dateien sind C:\PlatformerSaves\PlatformerSaves\build\_deps\bindings-src\bindings\2.2081\inline\CCScriptHandlerEntry.cpp, C:\PlatformerSaves\PlatformerSaves\build\bindings\bindings\Geode\source\CCScriptHandlerEntry.cpp. [C:\PlatformerSaves\PlatformerSaves\build\bindings\GeodeBindings.vcxproj]
C:\Program Files (x86)\Microsoft Visual Studio\2022\BuildTools\MSBuild\Microsoft\VC\v170\Microsoft.CppBuild.targets(1129,5): warning MSB8027: Mehrere Dateien mit dem Namen CCScrollLayerExt.cpp führen zu Ausgaben am selben Speicherort. Dadurch kann ein falsches Buildergebnis entstehen. Die betroffenen Dateien sind C:\PlatformerSaves\PlatformerSaves\build\_deps\bindings-src\bindings\2.2081\inline\CCScrollLayerExt.cpp, C:\PlatformerSaves\PlatformerSaves\build\bindings\bindings\Geode\source\CCScrollLayerExt.cpp. [C:\PlatformerSaves\PlatformerSaves\build\bindings\GeodeBindings.vcxproj]
C:\Program Files (x86)\Microsoft Visual Studio\2022\BuildTools\MSBuild\Microsoft\VC\v170\Microsoft.CppBuild.targets(1129,5): warning MSB8027: Mehrere Dateien mit dem Namen CCScrollLayerExtDelegate.cpp führen zu Ausgaben am selben Speicherort. Dadurch kann ein falsches Buildergebnis entstehen. Die betroffenen Dateien sind C:\PlatformerSaves\PlatformerSaves\build\_deps\bindings-src\bindings\2.2081\inline\CCScrollLayerExtDelegate.cpp, C:\PlatformerSaves\PlatformerSaves\build\bindings\bindings\Geode\source\CCScrollLayerExtDelegate.cpp. [C:\PlatformerSaves\PlatformerSaves\build\bindings\GeodeBindings.vcxproj]
C:\Program Files (x86)\Microsoft Visual Studio\2022\BuildTools\MSBuild\Microsoft\VC\v170\Microsoft.CppBuild.targets(1129,5): warning MSB8027: Mehrere Dateien mit dem Namen CCScrollView.cpp führen zu Ausgaben am selben Speicherort. Dadurch kann ein falsches Buildergebnis entstehen. Die betroffenen Dateien sind C:\PlatformerSaves\PlatformerSaves\build\_deps\bindings-src\bindings\2.2081\inline\CCScrollView.cpp, C:\PlatformerSaves\PlatformerSaves\build\bindings\bindings\Geode\source\CCScrollView.cpp. [C:\PlatformerSaves\PlatformerSaves\build\bindings\GeodeBindings.vcxproj]
C:\Program Files (x86)\Microsoft Visual Studio\2022\BuildTools\MSBuild\Microsoft\VC\v170\Microsoft.CppBuild.targets(1129,5): warning MSB8027: Mehrere Dateien mit dem Namen CCSequence.cpp führen zu Ausgaben am selben Speicherort. Dadurch kann ein falsches Buildergebnis entstehen. Die betroffenen Dateien sind C:\PlatformerSaves\PlatformerSaves\build\_deps\bindings-src\bindings\2.2081\inline\CCSequence.cpp, C:\PlatformerSaves\PlatformerSaves\build\bindings\bindings\Geode\source\CCSequence.cpp. [C:\PlatformerSaves\PlatformerSaves\build\bindings\GeodeBindings.vcxproj]
C:\Program Files (x86)\Microsoft Visual Studio\2022\BuildTools\MSBuild\Microsoft\VC\v170\Microsoft.CppBuild.targets(1129,5): warning MSB8027: Mehrere Dateien mit dem Namen CCSet.cpp führen zu Ausgaben am selben Speicherort. Dadurch kann ein falsches Buildergebnis entstehen. Die betroffenen Dateien sind C:\PlatformerSaves\PlatformerSaves\build\_deps\bindings-src\bindings\2.2081\inline\CCSet.cpp, C:\PlatformerSaves\PlatformerSaves\build\bindings\bindings\Geode\source\CCSet.cpp. [C:\PlatformerSaves\PlatformerSaves\build\bindings\GeodeBindings.vcxproj]
C:\Program Files (x86)\Microsoft Visual Studio\2022\BuildTools\MSBuild\Microsoft\VC\v170\Microsoft.CppBuild.targets(1129,5): warning MSB8027: Mehrere Dateien mit dem Namen CCShaderCache.cpp führen zu Ausgaben am selben Speicherort. Dadurch kann ein falsches Buildergebnis entstehen. Die betroffenen Dateien sind C:\PlatformerSaves\PlatformerSaves\build\_deps\bindings-src\bindings\2.2081\inline\CCShaderCache.cpp, C:\PlatformerSaves\PlatformerSaves\build\bindings\bindings\Geode\source\CCShaderCache.cpp. [C:\PlatformerSaves\PlatformerSaves\build\bindings\GeodeBindings.vcxproj]
C:\Program Files (x86)\Microsoft Visual Studio\2022\BuildTools\MSBuild\Microsoft\VC\v170\Microsoft.CppBuild.targets(1129,5): warning MSB8027: Mehrere Dateien mit dem Namen CCShaky3D.cpp führen zu Ausgaben am selben Speicherort. Dadurch kann ein falsches Buildergebnis entstehen. Die betroffenen Dateien sind C:\PlatformerSaves\PlatformerSaves\build\_deps\bindings-src\bindings\2.2081\inline\CCShaky3D.cpp, C:\PlatformerSaves\PlatformerSaves\build\bindings\bindings\Geode\source\CCShaky3D.cpp. [C:\PlatformerSaves\PlatformerSaves\build\bindings\GeodeBindings.vcxproj]
C:\Program Files (x86)\Microsoft Visual Studio\2022\BuildTools\MSBuild\Microsoft\VC\v170\Microsoft.CppBuild.targets(1129,5): warning MSB8027: Mehrere Dateien mit dem Namen CCShakyTiles3D.cpp führen zu Ausgaben am selben Speicherort. Dadurch kann ein falsches Buildergebnis entstehen. Die betroffenen Dateien sind C:\PlatformerSaves\PlatformerSaves\build\_deps\bindings-src\bindings\2.2081\inline\CCShakyTiles3D.cpp, C:\PlatformerSaves\PlatformerSaves\build\bindings\bindings\Geode\source\CCShakyTiles3D.cpp. [C:\PlatformerSaves\PlatformerSaves\build\bindings\GeodeBindings.vcxproj]
C:\Program Files (x86)\Microsoft Visual Studio\2022\BuildTools\MSBuild\Microsoft\VC\v170\Microsoft.CppBuild.targets(1129,5): warning MSB8027: Mehrere Dateien mit dem Namen CCShatteredTiles3D.cpp führen zu Ausgaben am selben Speicherort. Dadurch kann ein falsches Buildergebnis entstehen. Die betroffenen Dateien sind C:\PlatformerSaves\PlatformerSaves\build\_deps\bindings-src\bindings\2.2081\inline\CCShatteredTiles3D.cpp, C:\PlatformerSaves\PlatformerSaves\build\bindings\bindings\Geode\source\CCShatteredTiles3D.cpp. [C:\PlatformerSaves\PlatformerSaves\build\bindings\GeodeBindings.vcxproj]
C:\Program Files (x86)\Microsoft Visual Studio\2022\BuildTools\MSBuild\Microsoft\VC\v170\Microsoft.CppBuild.targets(1129,5): warning MSB8027: Mehrere Dateien mit dem Namen CCShow.cpp führen zu Ausgaben am selben Speicherort. Dadurch kann ein falsches Buildergebnis entstehen. Die betroffenen Dateien sind C:\PlatformerSaves\PlatformerSaves\build\_deps\bindings-src\bindings\2.2081\inline\CCShow.cpp, C:\PlatformerSaves\PlatformerSaves\build\bindings\bindings\Geode\source\CCShow.cpp. [C:\PlatformerSaves\PlatformerSaves\build\bindings\GeodeBindings.vcxproj]
C:\Program Files (x86)\Microsoft Visual Studio\2022\BuildTools\MSBuild\Microsoft\VC\v170\Microsoft.CppBuild.targets(1129,5): warning MSB8027: Mehrere Dateien mit dem Namen CCShuffleTiles.cpp führen zu Ausgaben am selben Speicherort. Dadurch kann ein falsches Buildergebnis entstehen. Die betroffenen Dateien sind C:\PlatformerSaves\PlatformerSaves\build\_deps\bindings-src\bindings\2.2081\inline\CCShuffleTiles.cpp, C:\PlatformerSaves\PlatformerSaves\build\bindings\bindings\Geode\source\CCShuffleTiles.cpp. [C:\PlatformerSaves\PlatformerSaves\build\bindings\GeodeBindings.vcxproj]
C:\Program Files (x86)\Microsoft Visual Studio\2022\BuildTools\MSBuild\Microsoft\VC\v170\Microsoft.CppBuild.targets(1129,5): warning MSB8027: Mehrere Dateien mit dem Namen CCSkewBy.cpp führen zu Ausgaben am selben Speicherort. Dadurch kann ein falsches Buildergebnis entstehen. Die betroffenen Dateien sind C:\PlatformerSaves\PlatformerSaves\build\_deps\bindings-src\bindings\2.2081\inline\CCSkewBy.cpp, C:\PlatformerSaves\PlatformerSaves\build\bindings\bindings\Geode\source\CCSkewBy.cpp. [C:\PlatformerSaves\PlatformerSaves\build\bindings\GeodeBindings.vcxproj]
C:\Program Files (x86)\Microsoft Visual Studio\2022\BuildTools\MSBuild\Microsoft\VC\v170\Microsoft.CppBuild.targets(1129,5): warning MSB8027: Mehrere Dateien mit dem Namen CCSkewTo.cpp führen zu Ausgaben am selben Speicherort. Dadurch kann ein falsches Buildergebnis entstehen. Die betroffenen Dateien sind C:\PlatformerSaves\PlatformerSaves\build\_deps\bindings-src\bindings\2.2081\inline\CCSkewTo.cpp, C:\PlatformerSaves\PlatformerSaves\build\bindings\bindings\Geode\source\CCSkewTo.cpp. [C:\PlatformerSaves\PlatformerSaves\build\bindings\GeodeBindings.vcxproj]
C:\Program Files (x86)\Microsoft Visual Studio\2022\BuildTools\MSBuild\Microsoft\VC\v170\Microsoft.CppBuild.targets(1129,5): warning MSB8027: Mehrere Dateien mit dem Namen CCSpawn.cpp führen zu Ausgaben am selben Speicherort. Dadurch kann ein falsches Buildergebnis entstehen. Die betroffenen Dateien sind C:\PlatformerSaves\PlatformerSaves\build\_deps\bindings-src\bindings\2.2081\inline\CCSpawn.cpp, C:\PlatformerSaves\PlatformerSaves\build\bindings\bindings\Geode\source\CCSpawn.cpp. [C:\PlatformerSaves\PlatformerSaves\build\bindings\GeodeBindings.vcxproj]
C:\Program Files (x86)\Microsoft Visual Studio\2022\BuildTools\MSBuild\Microsoft\VC\v170\Microsoft.CppBuild.targets(1129,5): warning MSB8027: Mehrere Dateien mit dem Namen CCSpeed.cpp führen zu Ausgaben am selben Speicherort. Dadurch kann ein falsches Buildergebnis entstehen. Die betroffenen Dateien sind C:\PlatformerSaves\PlatformerSaves\build\_deps\bindings-src\bindings\2.2081\inline\CCSpeed.cpp, C:\PlatformerSaves\PlatformerSaves\build\bindings\bindings\Geode\source\CCSpeed.cpp. [C:\PlatformerSaves\PlatformerSaves\build\bindings\GeodeBindings.vcxproj]
C:\Program Files (x86)\Microsoft Visual Studio\2022\BuildTools\MSBuild\Microsoft\VC\v170\Microsoft.CppBuild.targets(1129,5): warning MSB8027: Mehrere Dateien mit dem Namen CCSplitCols.cpp führen zu Ausgaben am selben Speicherort. Dadurch kann ein falsches Buildergebnis entstehen. Die betroffenen Dateien sind C:\PlatformerSaves\PlatformerSaves\build\_deps\bindings-src\bindings\2.2081\inline\CCSplitCols.cpp, C:\PlatformerSaves\PlatformerSaves\build\bindings\bindings\Geode\source\CCSplitCols.cpp. [C:\PlatformerSaves\PlatformerSaves\build\bindings\GeodeBindings.vcxproj]
C:\Program Files (x86)\Microsoft Visual Studio\2022\BuildTools\MSBuild\Microsoft\VC\v170\Microsoft.CppBuild.targets(1129,5): warning MSB8027: Mehrere Dateien mit dem Namen CCSplitRows.cpp führen zu Ausgaben am selben Speicherort. Dadurch kann ein falsches Buildergebnis entstehen. Die betroffenen Dateien sind C:\PlatformerSaves\PlatformerSaves\build\_deps\bindings-src\bindings\2.2081\inline\CCSplitRows.cpp, C:\PlatformerSaves\PlatformerSaves\build\bindings\bindings\Geode\source\CCSplitRows.cpp. [C:\PlatformerSaves\PlatformerSaves\build\bindings\GeodeBindings.vcxproj]
C:\Program Files (x86)\Microsoft Visual Studio\2022\BuildTools\MSBuild\Microsoft\VC\v170\Microsoft.CppBuild.targets(1129,5): warning MSB8027: Mehrere Dateien mit dem Namen CCSprite.cpp führen zu Ausgaben am selben Speicherort. Dadurch kann ein falsches Buildergebnis entstehen. Die betroffenen Dateien sind C:\PlatformerSaves\PlatformerSaves\build\_deps\bindings-src\bindings\2.2081\inline\CCSprite.cpp, C:\PlatformerSaves\PlatformerSaves\build\bindings\bindings\Geode\source\CCSprite.cpp. [C:\PlatformerSaves\PlatformerSaves\build\bindings\GeodeBindings.vcxproj]
C:\Program Files (x86)\Microsoft Visual Studio\2022\BuildTools\MSBuild\Microsoft\VC\v170\Microsoft.CppBuild.targets(1129,5): warning MSB8027: Mehrere Dateien mit dem Namen CCSpriteBatchNode.cpp führen zu Ausgaben am selben Speicherort. Dadurch kann ein falsches Buildergebnis entstehen. Die betroffenen Dateien sind C:\PlatformerSaves\PlatformerSaves\build\_deps\bindings-src\bindings\2.2081\inline\CCSpriteBatchNode.cpp, C:\PlatformerSaves\PlatformerSaves\build\bindings\bindings\Geode\source\CCSpriteBatchNode.cpp. [C:\PlatformerSaves\PlatformerSaves\build\bindings\GeodeBindings.vcxproj]
C:\Program Files (x86)\Microsoft Visual Studio\2022\BuildTools\MSBuild\Microsoft\VC\v170\Microsoft.CppBuild.targets(1129,5): warning MSB8027: Mehrere Dateien mit dem Namen CCSpriteCOpacity.cpp führen zu Ausgaben am selben Speicherort. Dadurch kann ein falsches Buildergebnis entstehen. Die betroffenen Dateien sind C:\PlatformerSaves\PlatformerSaves\build\_deps\bindings-src\bindings\2.2081\inline\CCSpriteCOpacity.cpp, C:\PlatformerSaves\PlatformerSaves\build\bindings\bindings\Geode\source\CCSpriteCOpacity.cpp. [C:\PlatformerSaves\PlatformerSaves\build\bindings\GeodeBindings.vcxproj]
C:\Program Files (x86)\Microsoft Visual Studio\2022\BuildTools\MSBuild\Microsoft\VC\v170\Microsoft.CppBuild.targets(1129,5): warning MSB8027: Mehrere Dateien mit dem Namen CCSpriteFrame.cpp führen zu Ausgaben am selben Speicherort. Dadurch kann ein falsches Buildergebnis entstehen. Die betroffenen Dateien sind C:\PlatformerSaves\PlatformerSaves\build\_deps\bindings-src\bindings\2.2081\inline\CCSpriteFrame.cpp, C:\PlatformerSaves\PlatformerSaves\build\bindings\bindings\Geode\source\CCSpriteFrame.cpp. [C:\PlatformerSaves\PlatformerSaves\build\bindings\GeodeBindings.vcxproj]
C:\Program Files (x86)\Microsoft Visual Studio\2022\BuildTools\MSBuild\Microsoft\VC\v170\Microsoft.CppBuild.targets(1129,5): warning MSB8027: Mehrere Dateien mit dem Namen CCSpriteFrameCache.cpp führen zu Ausgaben am selben Speicherort. Dadurch kann ein falsches Buildergebnis entstehen. Die betroffenen Dateien sind C:\PlatformerSaves\PlatformerSaves\build\_deps\bindings-src\bindings\2.2081\inline\CCSpriteFrameCache.cpp, C:\PlatformerSaves\PlatformerSaves\build\bindings\bindings\Geode\source\CCSpriteFrameCache.cpp. [C:\PlatformerSaves\PlatformerSaves\build\bindings\GeodeBindings.vcxproj]
C:\Program Files (x86)\Microsoft Visual Studio\2022\BuildTools\MSBuild\Microsoft\VC\v170\Microsoft.CppBuild.targets(1129,5): warning MSB8027: Mehrere Dateien mit dem Namen CCSpriteGrayscale.cpp führen zu Ausgaben am selben Speicherort. Dadurch kann ein falsches Buildergebnis entstehen. Die betroffenen Dateien sind C:\PlatformerSaves\PlatformerSaves\build\_deps\bindings-src\bindings\2.2081\inline\CCSpriteGrayscale.cpp, C:\PlatformerSaves\PlatformerSaves\build\bindings\bindings\Geode\source\CCSpriteGrayscale.cpp. [C:\PlatformerSaves\PlatformerSaves\build\bindings\GeodeBindings.vcxproj]
C:\Program Files (x86)\Microsoft Visual Studio\2022\BuildTools\MSBuild\Microsoft\VC\v170\Microsoft.CppBuild.targets(1129,5): warning MSB8027: Mehrere Dateien mit dem Namen CCSpritePart.cpp führen zu Ausgaben am selben Speicherort. Dadurch kann ein falsches Buildergebnis entstehen. Die betroffenen Dateien sind C:\PlatformerSaves\PlatformerSaves\build\_deps\bindings-src\bindings\2.2081\inline\CCSpritePart.cpp, C:\PlatformerSaves\PlatformerSaves\build\bindings\bindings\Geode\source\CCSpritePart.cpp. [C:\PlatformerSaves\PlatformerSaves\build\bindings\GeodeBindings.vcxproj]
C:\Program Files (x86)\Microsoft Visual Studio\2022\BuildTools\MSBuild\Microsoft\VC\v170\Microsoft.CppBuild.targets(1129,5): warning MSB8027: Mehrere Dateien mit dem Namen CCSpritePlus.cpp führen zu Ausgaben am selben Speicherort. Dadurch kann ein falsches Buildergebnis entstehen. Die betroffenen Dateien sind C:\PlatformerSaves\PlatformerSaves\build\_deps\bindings-src\bindings\2.2081\inline\CCSpritePlus.cpp, C:\PlatformerSaves\PlatformerSaves\build\bindings\bindings\Geode\source\CCSpritePlus.cpp. [C:\PlatformerSaves\PlatformerSaves\build\bindings\GeodeBindings.vcxproj]
C:\Program Files (x86)\Microsoft Visual Studio\2022\BuildTools\MSBuild\Microsoft\VC\v170\Microsoft.CppBuild.targets(1129,5): warning MSB8027: Mehrere Dateien mit dem Namen CCSpriteWithHue.cpp führen zu Ausgaben am selben Speicherort. Dadurch kann ein falsches Buildergebnis entstehen. Die betroffenen Dateien sind C:\PlatformerSaves\PlatformerSaves\build\_deps\bindings-src\bindings\2.2081\inline\CCSpriteWithHue.cpp, C:\PlatformerSaves\PlatformerSaves\build\bindings\bindings\Geode\source\CCSpriteWithHue.cpp. [C:\PlatformerSaves\PlatformerSaves\build\bindings\GeodeBindings.vcxproj]
C:\Program Files (x86)\Microsoft Visual Studio\2022\BuildTools\MSBuild\Microsoft\VC\v170\Microsoft.CppBuild.targets(1129,5): warning MSB8027: Mehrere Dateien mit dem Namen CCStandardTouchHandler.cpp führen zu Ausgaben am selben Speicherort. Dadurch kann ein falsches Buildergebnis entstehen. Die betroffenen Dateien sind C:\PlatformerSaves\PlatformerSaves\build\_deps\bindings-src\bindings\2.2081\inline\CCStandardTouchHandler.cpp, C:\PlatformerSaves\PlatformerSaves\build\bindings\bindings\Geode\source\CCStandardTouchHandler.cpp. [C:\PlatformerSaves\PlatformerSaves\build\bindings\GeodeBindings.vcxproj]
C:\Program Files (x86)\Microsoft Visual Studio\2022\BuildTools\MSBuild\Microsoft\VC\v170\Microsoft.CppBuild.targets(1129,5): warning MSB8027: Mehrere Dateien mit dem Namen CCStopGrid.cpp führen zu Ausgaben am selben Speicherort. Dadurch kann ein falsches Buildergebnis entstehen. Die betroffenen Dateien sind C:\PlatformerSaves\PlatformerSaves\build\_deps\bindings-src\bindings\2.2081\inline\CCStopGrid.cpp, C:\PlatformerSaves\PlatformerSaves\build\bindings\bindings\Geode\source\CCStopGrid.cpp. [C:\PlatformerSaves\PlatformerSaves\build\bindings\GeodeBindings.vcxproj]
C:\Program Files (x86)\Microsoft Visual Studio\2022\BuildTools\MSBuild\Microsoft\VC\v170\Microsoft.CppBuild.targets(1129,5): warning MSB8027: Mehrere Dateien mit dem Namen CCString.cpp führen zu Ausgaben am selben Speicherort. Dadurch kann ein falsches Buildergebnis entstehen. Die betroffenen Dateien sind C:\PlatformerSaves\PlatformerSaves\build\_deps\bindings-src\bindings\2.2081\inline\CCString.cpp, C:\PlatformerSaves\PlatformerSaves\build\bindings\bindings\Geode\source\CCString.cpp. [C:\PlatformerSaves\PlatformerSaves\build\bindings\GeodeBindings.vcxproj]
C:\Program Files (x86)\Microsoft Visual Studio\2022\BuildTools\MSBuild\Microsoft\VC\v170\Microsoft.CppBuild.targets(1129,5): warning MSB8027: Mehrere Dateien mit dem Namen CCTMXLayer.cpp führen zu Ausgaben am selben Speicherort. Dadurch kann ein falsches Buildergebnis entstehen. Die betroffenen Dateien sind C:\PlatformerSaves\PlatformerSaves\build\_deps\bindings-src\bindings\2.2081\inline\CCTMXLayer.cpp, C:\PlatformerSaves\PlatformerSaves\build\bindings\bindings\Geode\source\CCTMXLayer.cpp. [C:\PlatformerSaves\PlatformerSaves\build\bindings\GeodeBindings.vcxproj]
C:\Program Files (x86)\Microsoft Visual Studio\2022\BuildTools\MSBuild\Microsoft\VC\v170\Microsoft.CppBuild.targets(1129,5): warning MSB8027: Mehrere Dateien mit dem Namen CCTMXLayerInfo.cpp führen zu Ausgaben am selben Speicherort. Dadurch kann ein falsches Buildergebnis entstehen. Die betroffenen Dateien sind C:\PlatformerSaves\PlatformerSaves\build\_deps\bindings-src\bindings\2.2081\inline\CCTMXLayerInfo.cpp, C:\PlatformerSaves\PlatformerSaves\build\bindings\bindings\Geode\source\CCTMXLayerInfo.cpp. [C:\PlatformerSaves\PlatformerSaves\build\bindings\GeodeBindings.vcxproj]
C:\Program Files (x86)\Microsoft Visual Studio\2022\BuildTools\MSBuild\Microsoft\VC\v170\Microsoft.CppBuild.targets(1129,5): warning MSB8027: Mehrere Dateien mit dem Namen CCTMXMapInfo.cpp führen zu Ausgaben am selben Speicherort. Dadurch kann ein falsches Buildergebnis entstehen. Die betroffenen Dateien sind C:\PlatformerSaves\PlatformerSaves\build\_deps\bindings-src\bindings\2.2081\inline\CCTMXMapInfo.cpp, C:\PlatformerSaves\PlatformerSaves\build\bindings\bindings\Geode\source\CCTMXMapInfo.cpp. [C:\PlatformerSaves\PlatformerSaves\build\bindings\GeodeBindings.vcxproj]
C:\Program Files (x86)\Microsoft Visual Studio\2022\BuildTools\MSBuild\Microsoft\VC\v170\Microsoft.CppBuild.targets(1129,5): warning MSB8027: Mehrere Dateien mit dem Namen CCTMXObjectGroup.cpp führen zu Ausgaben am selben Speicherort. Dadurch kann ein falsches Buildergebnis entstehen. Die betroffenen Dateien sind C:\PlatformerSaves\PlatformerSaves\build\_deps\bindings-src\bindings\2.2081\inline\CCTMXObjectGroup.cpp, C:\PlatformerSaves\PlatformerSaves\build\bindings\bindings\Geode\source\CCTMXObjectGroup.cpp. [C:\PlatformerSaves\PlatformerSaves\build\bindings\GeodeBindings.vcxproj]
C:\Program Files (x86)\Microsoft Visual Studio\2022\BuildTools\MSBuild\Microsoft\VC\v170\Microsoft.CppBuild.targets(1129,5): warning MSB8027: Mehrere Dateien mit dem Namen CCTMXTiledMap.cpp führen zu Ausgaben am selben Speicherort. Dadurch kann ein falsches Buildergebnis entstehen. Die betroffenen Dateien sind C:\PlatformerSaves\PlatformerSaves\build\_deps\bindings-src\bindings\2.2081\inline\CCTMXTiledMap.cpp, C:\PlatformerSaves\PlatformerSaves\build\bindings\bindings\Geode\source\CCTMXTiledMap.cpp. [C:\PlatformerSaves\PlatformerSaves\build\bindings\GeodeBindings.vcxproj]
C:\Program Files (x86)\Microsoft Visual Studio\2022\BuildTools\MSBuild\Microsoft\VC\v170\Microsoft.CppBuild.targets(1129,5): warning MSB8027: Mehrere Dateien mit dem Namen CCTMXTilesetInfo.cpp führen zu Ausgaben am selben Speicherort. Dadurch kann ein falsches Buildergebnis entstehen. Die betroffenen Dateien sind C:\PlatformerSaves\PlatformerSaves\build\_deps\bindings-src\bindings\2.2081\inline\CCTMXTilesetInfo.cpp, C:\PlatformerSaves\PlatformerSaves\build\bindings\bindings\Geode\source\CCTMXTilesetInfo.cpp. [C:\PlatformerSaves\PlatformerSaves\build\bindings\GeodeBindings.vcxproj]
C:\Program Files (x86)\Microsoft Visual Studio\2022\BuildTools\MSBuild\Microsoft\VC\v170\Microsoft.CppBuild.targets(1129,5): warning MSB8027: Mehrere Dateien mit dem Namen CCTableView.cpp führen zu Ausgaben am selben Speicherort. Dadurch kann ein falsches Buildergebnis entstehen. Die betroffenen Dateien sind C:\PlatformerSaves\PlatformerSaves\build\_deps\bindings-src\bindings\2.2081\inline\CCTableView.cpp, C:\PlatformerSaves\PlatformerSaves\build\bindings\bindings\Geode\source\CCTableView.cpp. [C:\PlatformerSaves\PlatformerSaves\build\bindings\GeodeBindings.vcxproj]
C:\Program Files (x86)\Microsoft Visual Studio\2022\BuildTools\MSBuild\Microsoft\VC\v170\Microsoft.CppBuild.targets(1129,5): warning MSB8027: Mehrere Dateien mit dem Namen CCTableViewCell.cpp führen zu Ausgaben am selben Speicherort. Dadurch kann ein falsches Buildergebnis entstehen. Die betroffenen Dateien sind C:\PlatformerSaves\PlatformerSaves\build\_deps\bindings-src\bindings\2.2081\inline\CCTableViewCell.cpp, C:\PlatformerSaves\PlatformerSaves\build\bindings\bindings\Geode\source\CCTableViewCell.cpp. [C:\PlatformerSaves\PlatformerSaves\build\bindings\GeodeBindings.vcxproj]
C:\Program Files (x86)\Microsoft Visual Studio\2022\BuildTools\MSBuild\Microsoft\VC\v170\Microsoft.CppBuild.targets(1129,5): warning MSB8027: Mehrere Dateien mit dem Namen CCTargetedAction.cpp führen zu Ausgaben am selben Speicherort. Dadurch kann ein falsches Buildergebnis entstehen. Die betroffenen Dateien sind C:\PlatformerSaves\PlatformerSaves\build\_deps\bindings-src\bindings\2.2081\inline\CCTargetedAction.cpp, C:\PlatformerSaves\PlatformerSaves\build\bindings\bindings\Geode\source\CCTargetedAction.cpp. [C:\PlatformerSaves\PlatformerSaves\build\bindings\GeodeBindings.vcxproj]
C:\Program Files (x86)\Microsoft Visual Studio\2022\BuildTools\MSBuild\Microsoft\VC\v170\Microsoft.CppBuild.targets(1129,5): warning MSB8027: Mehrere Dateien mit dem Namen CCTargetedTouchHandler.cpp führen zu Ausgaben am selben Speicherort. Dadurch kann ein falsches Buildergebnis entstehen. Die betroffenen Dateien sind C:\PlatformerSaves\PlatformerSaves\build\_deps\bindings-src\bindings\2.2081\inline\CCTargetedTouchHandler.cpp, C:\PlatformerSaves\PlatformerSaves\build\bindings\bindings\Geode\source\CCTargetedTouchHandler.cpp. [C:\PlatformerSaves\PlatformerSaves\build\bindings\GeodeBindings.vcxproj]
C:\Program Files (x86)\Microsoft Visual Studio\2022\BuildTools\MSBuild\Microsoft\VC\v170\Microsoft.CppBuild.targets(1129,5): warning MSB8027: Mehrere Dateien mit dem Namen CCTextFieldTTF.cpp führen zu Ausgaben am selben Speicherort. Dadurch kann ein falsches Buildergebnis entstehen. Die betroffenen Dateien sind C:\PlatformerSaves\PlatformerSaves\build\_deps\bindings-src\bindings\2.2081\inline\CCTextFieldTTF.cpp, C:\PlatformerSaves\PlatformerSaves\build\bindings\bindings\Geode\source\CCTextFieldTTF.cpp. [C:\PlatformerSaves\PlatformerSaves\build\bindings\GeodeBindings.vcxproj]
C:\Program Files (x86)\Microsoft Visual Studio\2022\BuildTools\MSBuild\Microsoft\VC\v170\Microsoft.CppBuild.targets(1129,5): warning MSB8027: Mehrere Dateien mit dem Namen CCTextInputNode.cpp führen zu Ausgaben am selben Speicherort. Dadurch kann ein falsches Buildergebnis entstehen. Die betroffenen Dateien sind C:\PlatformerSaves\PlatformerSaves\build\_deps\bindings-src\bindings\2.2081\inline\CCTextInputNode.cpp, C:\PlatformerSaves\PlatformerSaves\build\bindings\bindings\Geode\source\CCTextInputNode.cpp. [C:\PlatformerSaves\PlatformerSaves\build\bindings\GeodeBindings.vcxproj]
C:\Program Files (x86)\Microsoft Visual Studio\2022\BuildTools\MSBuild\Microsoft\VC\v170\Microsoft.CppBuild.targets(1129,5): warning MSB8027: Mehrere Dateien mit dem Namen CCTexture2D.cpp führen zu Ausgaben am selben Speicherort. Dadurch kann ein falsches Buildergebnis entstehen. Die betroffenen Dateien sind C:\PlatformerSaves\PlatformerSaves\build\_deps\bindings-src\bindings\2.2081\inline\CCTexture2D.cpp, C:\PlatformerSaves\PlatformerSaves\build\bindings\bindings\Geode\source\CCTexture2D.cpp. [C:\PlatformerSaves\PlatformerSaves\build\bindings\GeodeBindings.vcxproj]
C:\Program Files (x86)\Microsoft Visual Studio\2022\BuildTools\MSBuild\Microsoft\VC\v170\Microsoft.CppBuild.targets(1129,5): warning MSB8027: Mehrere Dateien mit dem Namen CCTextureAtlas.cpp führen zu Ausgaben am selben Speicherort. Dadurch kann ein falsches Buildergebnis entstehen. Die betroffenen Dateien sind C:\PlatformerSaves\PlatformerSaves\build\_deps\bindings-src\bindings\2.2081\inline\CCTextureAtlas.cpp, C:\PlatformerSaves\PlatformerSaves\build\bindings\bindings\Geode\source\CCTextureAtlas.cpp. [C:\PlatformerSaves\PlatformerSaves\build\bindings\GeodeBindings.vcxproj]
C:\Program Files (x86)\Microsoft Visual Studio\2022\BuildTools\MSBuild\Microsoft\VC\v170\Microsoft.CppBuild.targets(1129,5): warning MSB8027: Mehrere Dateien mit dem Namen CCTextureCache.cpp führen zu Ausgaben am selben Speicherort. Dadurch kann ein falsches Buildergebnis entstehen. Die betroffenen Dateien sind C:\PlatformerSaves\PlatformerSaves\build\_deps\bindings-src\bindings\2.2081\inline\CCTextureCache.cpp, C:\PlatformerSaves\PlatformerSaves\build\bindings\bindings\Geode\source\CCTextureCache.cpp. [C:\PlatformerSaves\PlatformerSaves\build\bindings\GeodeBindings.vcxproj]
C:\Program Files (x86)\Microsoft Visual Studio\2022\BuildTools\MSBuild\Microsoft\VC\v170\Microsoft.CppBuild.targets(1129,5): warning MSB8027: Mehrere Dateien mit dem Namen CCTextureETC.cpp führen zu Ausgaben am selben Speicherort. Dadurch kann ein falsches Buildergebnis entstehen. Die betroffenen Dateien sind C:\PlatformerSaves\PlatformerSaves\build\_deps\bindings-src\bindings\2.2081\inline\CCTextureETC.cpp, C:\PlatformerSaves\PlatformerSaves\build\bindings\bindings\Geode\source\CCTextureETC.cpp. [C:\PlatformerSaves\PlatformerSaves\build\bindings\GeodeBindings.vcxproj]
C:\Program Files (x86)\Microsoft Visual Studio\2022\BuildTools\MSBuild\Microsoft\VC\v170\Microsoft.CppBuild.targets(1129,5): warning MSB8027: Mehrere Dateien mit dem Namen CCTexturePVR.cpp führen zu Ausgaben am selben Speicherort. Dadurch kann ein falsches Buildergebnis entstehen. Die betroffenen Dateien sind C:\PlatformerSaves\PlatformerSaves\build\_deps\bindings-src\bindings\2.2081\inline\CCTexturePVR.cpp, C:\PlatformerSaves\PlatformerSaves\build\bindings\bindings\Geode\source\CCTexturePVR.cpp. [C:\PlatformerSaves\PlatformerSaves\build\bindings\GeodeBindings.vcxproj]
C:\Program Files (x86)\Microsoft Visual Studio\2022\BuildTools\MSBuild\Microsoft\VC\v170\Microsoft.CppBuild.targets(1129,5): warning MSB8027: Mehrere Dateien mit dem Namen CCThread.cpp führen zu Ausgaben am selben Speicherort. Dadurch kann ein falsches Buildergebnis entstehen. Die betroffenen Dateien sind C:\PlatformerSaves\PlatformerSaves\build\_deps\bindings-src\bindings\2.2081\inline\CCThread.cpp, C:\PlatformerSaves\PlatformerSaves\build\bindings\bindings\Geode\source\CCThread.cpp. [C:\PlatformerSaves\PlatformerSaves\build\bindings\GeodeBindings.vcxproj]
C:\Program Files (x86)\Microsoft Visual Studio\2022\BuildTools\MSBuild\Microsoft\VC\v170\Microsoft.CppBuild.targets(1129,5): warning MSB8027: Mehrere Dateien mit dem Namen CCTileMapAtlas.cpp führen zu Ausgaben am selben Speicherort. Dadurch kann ein falsches Buildergebnis entstehen. Die betroffenen Dateien sind C:\PlatformerSaves\PlatformerSaves\build\_deps\bindings-src\bindings\2.2081\inline\CCTileMapAtlas.cpp, C:\PlatformerSaves\PlatformerSaves\build\bindings\bindings\Geode\source\CCTileMapAtlas.cpp. [C:\PlatformerSaves\PlatformerSaves\build\bindings\GeodeBindings.vcxproj]
C:\Program Files (x86)\Microsoft Visual Studio\2022\BuildTools\MSBuild\Microsoft\VC\v170\Microsoft.CppBuild.targets(1129,5): warning MSB8027: Mehrere Dateien mit dem Namen CCTiledGrid3D.cpp führen zu Ausgaben am selben Speicherort. Dadurch kann ein falsches Buildergebnis entstehen. Die betroffenen Dateien sind C:\PlatformerSaves\PlatformerSaves\build\_deps\bindings-src\bindings\2.2081\inline\CCTiledGrid3D.cpp, C:\PlatformerSaves\PlatformerSaves\build\bindings\bindings\Geode\source\CCTiledGrid3D.cpp. [C:\PlatformerSaves\PlatformerSaves\build\bindings\GeodeBindings.vcxproj]
C:\Program Files (x86)\Microsoft Visual Studio\2022\BuildTools\MSBuild\Microsoft\VC\v170\Microsoft.CppBuild.targets(1129,5): warning MSB8027: Mehrere Dateien mit dem Namen CCTiledGrid3DAction.cpp führen zu Ausgaben am selben Speicherort. Dadurch kann ein falsches Buildergebnis entstehen. Die betroffenen Dateien sind C:\PlatformerSaves\PlatformerSaves\build\_deps\bindings-src\bindings\2.2081\inline\CCTiledGrid3DAction.cpp, C:\PlatformerSaves\PlatformerSaves\build\bindings\bindings\Geode\source\CCTiledGrid3DAction.cpp. [C:\PlatformerSaves\PlatformerSaves\build\bindings\GeodeBindings.vcxproj]
C:\Program Files (x86)\Microsoft Visual Studio\2022\BuildTools\MSBuild\Microsoft\VC\v170\Microsoft.CppBuild.targets(1129,5): warning MSB8027: Mehrere Dateien mit dem Namen CCTime.cpp führen zu Ausgaben am selben Speicherort. Dadurch kann ein falsches Buildergebnis entstehen. Die betroffenen Dateien sind C:\PlatformerSaves\PlatformerSaves\build\_deps\bindings-src\bindings\2.2081\inline\CCTime.cpp, C:\PlatformerSaves\PlatformerSaves\build\bindings\bindings\Geode\source\CCTime.cpp. [C:\PlatformerSaves\PlatformerSaves\build\bindings\GeodeBindings.vcxproj]
C:\Program Files (x86)\Microsoft Visual Studio\2022\BuildTools\MSBuild\Microsoft\VC\v170\Microsoft.CppBuild.targets(1129,5): warning MSB8027: Mehrere Dateien mit dem Namen CCTimer.cpp führen zu Ausgaben am selben Speicherort. Dadurch kann ein falsches Buildergebnis entstehen. Die betroffenen Dateien sind C:\PlatformerSaves\PlatformerSaves\build\_deps\bindings-src\bindings\2.2081\inline\CCTimer.cpp, C:\PlatformerSaves\PlatformerSaves\build\bindings\bindings\Geode\source\CCTimer.cpp. [C:\PlatformerSaves\PlatformerSaves\build\bindings\GeodeBindings.vcxproj]
C:\Program Files (x86)\Microsoft Visual Studio\2022\BuildTools\MSBuild\Microsoft\VC\v170\Microsoft.CppBuild.targets(1129,5): warning MSB8027: Mehrere Dateien mit dem Namen CCTintBy.cpp führen zu Ausgaben am selben Speicherort. Dadurch kann ein falsches Buildergebnis entstehen. Die betroffenen Dateien sind C:\PlatformerSaves\PlatformerSaves\build\_deps\bindings-src\bindings\2.2081\inline\CCTintBy.cpp, C:\PlatformerSaves\PlatformerSaves\build\bindings\bindings\Geode\source\CCTintBy.cpp. [C:\PlatformerSaves\PlatformerSaves\build\bindings\GeodeBindings.vcxproj]
C:\Program Files (x86)\Microsoft Visual Studio\2022\BuildTools\MSBuild\Microsoft\VC\v170\Microsoft.CppBuild.targets(1129,5): warning MSB8027: Mehrere Dateien mit dem Namen CCTintTo.cpp führen zu Ausgaben am selben Speicherort. Dadurch kann ein falsches Buildergebnis entstehen. Die betroffenen Dateien sind C:\PlatformerSaves\PlatformerSaves\build\_deps\bindings-src\bindings\2.2081\inline\CCTintTo.cpp, C:\PlatformerSaves\PlatformerSaves\build\bindings\bindings\Geode\source\CCTintTo.cpp. [C:\PlatformerSaves\PlatformerSaves\build\bindings\GeodeBindings.vcxproj]
C:\Program Files (x86)\Microsoft Visual Studio\2022\BuildTools\MSBuild\Microsoft\VC\v170\Microsoft.CppBuild.targets(1129,5): warning MSB8027: Mehrere Dateien mit dem Namen CCToggleVisibility.cpp führen zu Ausgaben am selben Speicherort. Dadurch kann ein falsches Buildergebnis entstehen. Die betroffenen Dateien sind C:\PlatformerSaves\PlatformerSaves\build\_deps\bindings-src\bindings\2.2081\inline\CCToggleVisibility.cpp, C:\PlatformerSaves\PlatformerSaves\build\bindings\bindings\Geode\source\CCToggleVisibility.cpp. [C:\PlatformerSaves\PlatformerSaves\build\bindings\GeodeBindings.vcxproj]
C:\Program Files (x86)\Microsoft Visual Studio\2022\BuildTools\MSBuild\Microsoft\VC\v170\Microsoft.CppBuild.targets(1129,5): warning MSB8027: Mehrere Dateien mit dem Namen CCTouch.cpp führen zu Ausgaben am selben Speicherort. Dadurch kann ein falsches Buildergebnis entstehen. Die betroffenen Dateien sind C:\PlatformerSaves\PlatformerSaves\build\_deps\bindings-src\bindings\2.2081\inline\CCTouch.cpp, C:\PlatformerSaves\PlatformerSaves\build\bindings\bindings\Geode\source\CCTouch.cpp. [C:\PlatformerSaves\PlatformerSaves\build\bindings\GeodeBindings.vcxproj]
C:\Program Files (x86)\Microsoft Visual Studio\2022\BuildTools\MSBuild\Microsoft\VC\v170\Microsoft.CppBuild.targets(1129,5): warning MSB8027: Mehrere Dateien mit dem Namen CCTouchDelegate.cpp führen zu Ausgaben am selben Speicherort. Dadurch kann ein falsches Buildergebnis entstehen. Die betroffenen Dateien sind C:\PlatformerSaves\PlatformerSaves\build\_deps\bindings-src\bindings\2.2081\inline\CCTouchDelegate.cpp, C:\PlatformerSaves\PlatformerSaves\build\bindings\bindings\Geode\source\CCTouchDelegate.cpp. [C:\PlatformerSaves\PlatformerSaves\build\bindings\GeodeBindings.vcxproj]
C:\Program Files (x86)\Microsoft Visual Studio\2022\BuildTools\MSBuild\Microsoft\VC\v170\Microsoft.CppBuild.targets(1129,5): warning MSB8027: Mehrere Dateien mit dem Namen CCTouchDispatcher.cpp führen zu Ausgaben am selben Speicherort. Dadurch kann ein falsches Buildergebnis entstehen. Die betroffenen Dateien sind C:\PlatformerSaves\PlatformerSaves\build\_deps\bindings-src\bindings\2.2081\inline\CCTouchDispatcher.cpp, C:\PlatformerSaves\PlatformerSaves\build\bindings\bindings\Geode\source\CCTouchDispatcher.cpp. [C:\PlatformerSaves\PlatformerSaves\build\bindings\GeodeBindings.vcxproj]
C:\Program Files (x86)\Microsoft Visual Studio\2022\BuildTools\MSBuild\Microsoft\VC\v170\Microsoft.CppBuild.targets(1129,5): warning MSB8027: Mehrere Dateien mit dem Namen CCTouchHandler.cpp führen zu Ausgaben am selben Speicherort. Dadurch kann ein falsches Buildergebnis entstehen. Die betroffenen Dateien sind C:\PlatformerSaves\PlatformerSaves\build\_deps\bindings-src\bindings\2.2081\inline\CCTouchHandler.cpp, C:\PlatformerSaves\PlatformerSaves\build\bindings\bindings\Geode\source\CCTouchHandler.cpp. [C:\PlatformerSaves\PlatformerSaves\build\bindings\GeodeBindings.vcxproj]
C:\Program Files (x86)\Microsoft Visual Studio\2022\BuildTools\MSBuild\Microsoft\VC\v170\Microsoft.CppBuild.targets(1129,5): warning MSB8027: Mehrere Dateien mit dem Namen CCTouchScriptHandlerEntry.cpp führen zu Ausgaben am selben Speicherort. Dadurch kann ein falsches Buildergebnis entstehen. Die betroffenen Dateien sind C:\PlatformerSaves\PlatformerSaves\build\_deps\bindings-src\bindings\2.2081\inline\CCTouchScriptHandlerEntry.cpp, C:\PlatformerSaves\PlatformerSaves\build\bindings\bindings\Geode\source\CCTouchScriptHandlerEntry.cpp. [C:\PlatformerSaves\PlatformerSaves\build\bindings\GeodeBindings.vcxproj]
C:\Program Files (x86)\Microsoft Visual Studio\2022\BuildTools\MSBuild\Microsoft\VC\v170\Microsoft.CppBuild.targets(1129,5): warning MSB8027: Mehrere Dateien mit dem Namen CCTransitionCrossFade.cpp führen zu Ausgaben am selben Speicherort. Dadurch kann ein falsches Buildergebnis entstehen. Die betroffenen Dateien sind C:\PlatformerSaves\PlatformerSaves\build\_deps\bindings-src\bindings\2.2081\inline\CCTransitionCrossFade.cpp, C:\PlatformerSaves\PlatformerSaves\build\bindings\bindings\Geode\source\CCTransitionCrossFade.cpp. [C:\PlatformerSaves\PlatformerSaves\build\bindings\GeodeBindings.vcxproj]
C:\Program Files (x86)\Microsoft Visual Studio\2022\BuildTools\MSBuild\Microsoft\VC\v170\Microsoft.CppBuild.targets(1129,5): warning MSB8027: Mehrere Dateien mit dem Namen CCTransitionFade.cpp führen zu Ausgaben am selben Speicherort. Dadurch kann ein falsches Buildergebnis entstehen. Die betroffenen Dateien sind C:\PlatformerSaves\PlatformerSaves\build\_deps\bindings-src\bindings\2.2081\inline\CCTransitionFade.cpp, C:\PlatformerSaves\PlatformerSaves\build\bindings\bindings\Geode\source\CCTransitionFade.cpp. [C:\PlatformerSaves\PlatformerSaves\build\bindings\GeodeBindings.vcxproj]
C:\Program Files (x86)\Microsoft Visual Studio\2022\BuildTools\MSBuild\Microsoft\VC\v170\Microsoft.CppBuild.targets(1129,5): warning MSB8027: Mehrere Dateien mit dem Namen CCTransitionFadeBL.cpp führen zu Ausgaben am selben Speicherort. Dadurch kann ein falsches Buildergebnis entstehen. Die betroffenen Dateien sind C:\PlatformerSaves\PlatformerSaves\build\_deps\bindings-src\bindings\2.2081\inline\CCTransitionFadeBL.cpp, C:\PlatformerSaves\PlatformerSaves\build\bindings\bindings\Geode\source\CCTransitionFadeBL.cpp. [C:\PlatformerSaves\PlatformerSaves\build\bindings\GeodeBindings.vcxproj]
C:\Program Files (x86)\Microsoft Visual Studio\2022\BuildTools\MSBuild\Microsoft\VC\v170\Microsoft.CppBuild.targets(1129,5): warning MSB8027: Mehrere Dateien mit dem Namen CCTransitionFadeDown.cpp führen zu Ausgaben am selben Speicherort. Dadurch kann ein falsches Buildergebnis entstehen. Die betroffenen Dateien sind C:\PlatformerSaves\PlatformerSaves\build\_deps\bindings-src\bindings\2.2081\inline\CCTransitionFadeDown.cpp, C:\PlatformerSaves\PlatformerSaves\build\bindings\bindings\Geode\source\CCTransitionFadeDown.cpp. [C:\PlatformerSaves\PlatformerSaves\build\bindings\GeodeBindings.vcxproj]
C:\Program Files (x86)\Microsoft Visual Studio\2022\BuildTools\MSBuild\Microsoft\VC\v170\Microsoft.CppBuild.targets(1129,5): warning MSB8027: Mehrere Dateien mit dem Namen CCTransitionFadeTR.cpp führen zu Ausgaben am selben Speicherort. Dadurch kann ein falsches Buildergebnis entstehen. Die betroffenen Dateien sind C:\PlatformerSaves\PlatformerSaves\build\_deps\bindings-src\bindings\2.2081\inline\CCTransitionFadeTR.cpp, C:\PlatformerSaves\PlatformerSaves\build\bindings\bindings\Geode\source\CCTransitionFadeTR.cpp. [C:\PlatformerSaves\PlatformerSaves\build\bindings\GeodeBindings.vcxproj]
C:\Program Files (x86)\Microsoft Visual Studio\2022\BuildTools\MSBuild\Microsoft\VC\v170\Microsoft.CppBuild.targets(1129,5): warning MSB8027: Mehrere Dateien mit dem Namen CCTransitionFadeUp.cpp führen zu Ausgaben am selben Speicherort. Dadurch kann ein falsches Buildergebnis entstehen. Die betroffenen Dateien sind C:\PlatformerSaves\PlatformerSaves\build\_deps\bindings-src\bindings\2.2081\inline\CCTransitionFadeUp.cpp, C:\PlatformerSaves\PlatformerSaves\build\bindings\bindings\Geode\source\CCTransitionFadeUp.cpp. [C:\PlatformerSaves\PlatformerSaves\build\bindings\GeodeBindings.vcxproj]
C:\Program Files (x86)\Microsoft Visual Studio\2022\BuildTools\MSBuild\Microsoft\VC\v170\Microsoft.CppBuild.targets(1129,5): warning MSB8027: Mehrere Dateien mit dem Namen CCTransitionFlipAngular.cpp führen zu Ausgaben am selben Speicherort. Dadurch kann ein falsches Buildergebnis entstehen. Die betroffenen Dateien sind C:\PlatformerSaves\PlatformerSaves\build\_deps\bindings-src\bindings\2.2081\inline\CCTransitionFlipAngular.cpp, C:\PlatformerSaves\PlatformerSaves\build\bindings\bindings\Geode\source\CCTransitionFlipAngular.cpp. [C:\PlatformerSaves\PlatformerSaves\build\bindings\GeodeBindings.vcxproj]
C:\Program Files (x86)\Microsoft Visual Studio\2022\BuildTools\MSBuild\Microsoft\VC\v170\Microsoft.CppBuild.targets(1129,5): warning MSB8027: Mehrere Dateien mit dem Namen CCTransitionFlipX.cpp führen zu Ausgaben am selben Speicherort. Dadurch kann ein falsches Buildergebnis entstehen. Die betroffenen Dateien sind C:\PlatformerSaves\PlatformerSaves\build\_deps\bindings-src\bindings\2.2081\inline\CCTransitionFlipX.cpp, C:\PlatformerSaves\PlatformerSaves\build\bindings\bindings\Geode\source\CCTransitionFlipX.cpp. [C:\PlatformerSaves\PlatformerSaves\build\bindings\GeodeBindings.vcxproj]
C:\Program Files (x86)\Microsoft Visual Studio\2022\BuildTools\MSBuild\Microsoft\VC\v170\Microsoft.CppBuild.targets(1129,5): warning MSB8027: Mehrere Dateien mit dem Namen CCTransitionFlipY.cpp führen zu Ausgaben am selben Speicherort. Dadurch kann ein falsches Buildergebnis entstehen. Die betroffenen Dateien sind C:\PlatformerSaves\PlatformerSaves\build\_deps\bindings-src\bindings\2.2081\inline\CCTransitionFlipY.cpp, C:\PlatformerSaves\PlatformerSaves\build\bindings\bindings\Geode\source\CCTransitionFlipY.cpp. [C:\PlatformerSaves\PlatformerSaves\build\bindings\GeodeBindings.vcxproj]
C:\Program Files (x86)\Microsoft Visual Studio\2022\BuildTools\MSBuild\Microsoft\VC\v170\Microsoft.CppBuild.targets(1129,5): warning MSB8027: Mehrere Dateien mit dem Namen CCTransitionJumpZoom.cpp führen zu Ausgaben am selben Speicherort. Dadurch kann ein falsches Buildergebnis entstehen. Die betroffenen Dateien sind C:\PlatformerSaves\PlatformerSaves\build\_deps\bindings-src\bindings\2.2081\inline\CCTransitionJumpZoom.cpp, C:\PlatformerSaves\PlatformerSaves\build\bindings\bindings\Geode\source\CCTransitionJumpZoom.cpp. [C:\PlatformerSaves\PlatformerSaves\build\bindings\GeodeBindings.vcxproj]
C:\Program Files (x86)\Microsoft Visual Studio\2022\BuildTools\MSBuild\Microsoft\VC\v170\Microsoft.CppBuild.targets(1129,5): warning MSB8027: Mehrere Dateien mit dem Namen CCTransitionMoveInB.cpp führen zu Ausgaben am selben Speicherort. Dadurch kann ein falsches Buildergebnis entstehen. Die betroffenen Dateien sind C:\PlatformerSaves\PlatformerSaves\build\_deps\bindings-src\bindings\2.2081\inline\CCTransitionMoveInB.cpp, C:\PlatformerSaves\PlatformerSaves\build\bindings\bindings\Geode\source\CCTransitionMoveInB.cpp. [C:\PlatformerSaves\PlatformerSaves\build\bindings\GeodeBindings.vcxproj]
C:\Program Files (x86)\Microsoft Visual Studio\2022\BuildTools\MSBuild\Microsoft\VC\v170\Microsoft.CppBuild.targets(1129,5): warning MSB8027: Mehrere Dateien mit dem Namen CCTransitionMoveInL.cpp führen zu Ausgaben am selben Speicherort. Dadurch kann ein falsches Buildergebnis entstehen. Die betroffenen Dateien sind C:\PlatformerSaves\PlatformerSaves\build\_deps\bindings-src\bindings\2.2081\inline\CCTransitionMoveInL.cpp, C:\PlatformerSaves\PlatformerSaves\build\bindings\bindings\Geode\source\CCTransitionMoveInL.cpp. [C:\PlatformerSaves\PlatformerSaves\build\bindings\GeodeBindings.vcxproj]
C:\Program Files (x86)\Microsoft Visual Studio\2022\BuildTools\MSBuild\Microsoft\VC\v170\Microsoft.CppBuild.targets(1129,5): warning MSB8027: Mehrere Dateien mit dem Namen CCTransitionMoveInR.cpp führen zu Ausgaben am selben Speicherort. Dadurch kann ein falsches Buildergebnis entstehen. Die betroffenen Dateien sind C:\PlatformerSaves\PlatformerSaves\build\_deps\bindings-src\bindings\2.2081\inline\CCTransitionMoveInR.cpp, C:\PlatformerSaves\PlatformerSaves\build\bindings\bindings\Geode\source\CCTransitionMoveInR.cpp. [C:\PlatformerSaves\PlatformerSaves\build\bindings\GeodeBindings.vcxproj]
C:\Program Files (x86)\Microsoft Visual Studio\2022\BuildTools\MSBuild\Microsoft\VC\v170\Microsoft.CppBuild.targets(1129,5): warning MSB8027: Mehrere Dateien mit dem Namen CCTransitionMoveInT.cpp führen zu Ausgaben am selben Speicherort. Dadurch kann ein falsches Buildergebnis entstehen. Die betroffenen Dateien sind C:\PlatformerSaves\PlatformerSaves\build\_deps\bindings-src\bindings\2.2081\inline\CCTransitionMoveInT.cpp, C:\PlatformerSaves\PlatformerSaves\build\bindings\bindings\Geode\source\CCTransitionMoveInT.cpp. [C:\PlatformerSaves\PlatformerSaves\build\bindings\GeodeBindings.vcxproj]
C:\Program Files (x86)\Microsoft Visual Studio\2022\BuildTools\MSBuild\Microsoft\VC\v170\Microsoft.CppBuild.targets(1129,5): warning MSB8027: Mehrere Dateien mit dem Namen CCTransitionPageTurn.cpp führen zu Ausgaben am selben Speicherort. Dadurch kann ein falsches Buildergebnis entstehen. Die betroffenen Dateien sind C:\PlatformerSaves\PlatformerSaves\build\_deps\bindings-src\bindings\2.2081\inline\CCTransitionPageTurn.cpp, C:\PlatformerSaves\PlatformerSaves\build\bindings\bindings\Geode\source\CCTransitionPageTurn.cpp. [C:\PlatformerSaves\PlatformerSaves\build\bindings\GeodeBindings.vcxproj]
C:\Program Files (x86)\Microsoft Visual Studio\2022\BuildTools\MSBuild\Microsoft\VC\v170\Microsoft.CppBuild.targets(1129,5): warning MSB8027: Mehrere Dateien mit dem Namen CCTransitionProgress.cpp führen zu Ausgaben am selben Speicherort. Dadurch kann ein falsches Buildergebnis entstehen. Die betroffenen Dateien sind C:\PlatformerSaves\PlatformerSaves\build\_deps\bindings-src\bindings\2.2081\inline\CCTransitionProgress.cpp, C:\PlatformerSaves\PlatformerSaves\build\bindings\bindings\Geode\source\CCTransitionProgress.cpp. [C:\PlatformerSaves\PlatformerSaves\build\bindings\GeodeBindings.vcxproj]
C:\Program Files (x86)\Microsoft Visual Studio\2022\BuildTools\MSBuild\Microsoft\VC\v170\Microsoft.CppBuild.targets(1129,5): warning MSB8027: Mehrere Dateien mit dem Namen CCTransitionProgressHorizontal.cpp führen zu Ausgaben am selben Speicherort. Dadurch kann ein falsches Buildergebnis entstehen. Die betroffenen Dateien sind C:\PlatformerSaves\PlatformerSaves\build\_deps\bindings-src\bindings\2.2081\inline\CCTransitionProgressHorizontal.cpp, C:\PlatformerSaves\PlatformerSaves\build\bindings\bindings\Geode\source\CCTransitionProgressHorizontal.cpp. [C:\PlatformerSaves\PlatformerSaves\build\bindings\GeodeBindings.vcxproj]
C:\Program Files (x86)\Microsoft Visual Studio\2022\BuildTools\MSBuild\Microsoft\VC\v170\Microsoft.CppBuild.targets(1129,5): warning MSB8027: Mehrere Dateien mit dem Namen CCTransitionProgressInOut.cpp führen zu Ausgaben am selben Speicherort. Dadurch kann ein falsches Buildergebnis entstehen. Die betroffenen Dateien sind C:\PlatformerSaves\PlatformerSaves\build\_deps\bindings-src\bindings\2.2081\inline\CCTransitionProgressInOut.cpp, C:\PlatformerSaves\PlatformerSaves\build\bindings\bindings\Geode\source\CCTransitionProgressInOut.cpp. [C:\PlatformerSaves\PlatformerSaves\build\bindings\GeodeBindings.vcxproj]
C:\Program Files (x86)\Microsoft Visual Studio\2022\BuildTools\MSBuild\Microsoft\VC\v170\Microsoft.CppBuild.targets(1129,5): warning MSB8027: Mehrere Dateien mit dem Namen CCTransitionProgressOutIn.cpp führen zu Ausgaben am selben Speicherort. Dadurch kann ein falsches Buildergebnis entstehen. Die betroffenen Dateien sind C:\PlatformerSaves\PlatformerSaves\build\_deps\bindings-src\bindings\2.2081\inline\CCTransitionProgressOutIn.cpp, C:\PlatformerSaves\PlatformerSaves\build\bindings\bindings\Geode\source\CCTransitionProgressOutIn.cpp. [C:\PlatformerSaves\PlatformerSaves\build\bindings\GeodeBindings.vcxproj]
C:\Program Files (x86)\Microsoft Visual Studio\2022\BuildTools\MSBuild\Microsoft\VC\v170\Microsoft.CppBuild.targets(1129,5): warning MSB8027: Mehrere Dateien mit dem Namen CCTransitionProgressRadialCCW.cpp führen zu Ausgaben am selben Speicherort. Dadurch kann ein falsches Buildergebnis entstehen. Die betroffenen Dateien sind C:\PlatformerSaves\PlatformerSaves\build\_deps\bindings-src\bindings\2.2081\inline\CCTransitionProgressRadialCCW.cpp, C:\PlatformerSaves\PlatformerSaves\build\bindings\bindings\Geode\source\CCTransitionProgressRadialCCW.cpp. [C:\PlatformerSaves\PlatformerSaves\build\bindings\GeodeBindings.vcxproj]
C:\Program Files (x86)\Microsoft Visual Studio\2022\BuildTools\MSBuild\Microsoft\VC\v170\Microsoft.CppBuild.targets(1129,5): warning MSB8027: Mehrere Dateien mit dem Namen CCTransitionProgressRadialCW.cpp führen zu Ausgaben am selben Speicherort. Dadurch kann ein falsches Buildergebnis entstehen. Die betroffenen Dateien sind C:\PlatformerSaves\PlatformerSaves\build\_deps\bindings-src\bindings\2.2081\inline\CCTransitionProgressRadialCW.cpp, C:\PlatformerSaves\PlatformerSaves\build\bindings\bindings\Geode\source\CCTransitionProgressRadialCW.cpp. [C:\PlatformerSaves\PlatformerSaves\build\bindings\GeodeBindings.vcxproj]
C:\Program Files (x86)\Microsoft Visual Studio\2022\BuildTools\MSBuild\Microsoft\VC\v170\Microsoft.CppBuild.targets(1129,5): warning MSB8027: Mehrere Dateien mit dem Namen CCTransitionProgressVertical.cpp führen zu Ausgaben am selben Speicherort. Dadurch kann ein falsches Buildergebnis entstehen. Die betroffenen Dateien sind C:\PlatformerSaves\PlatformerSaves\build\_deps\bindings-src\bindings\2.2081\inline\CCTransitionProgressVertical.cpp, C:\PlatformerSaves\PlatformerSaves\build\bindings\bindings\Geode\source\CCTransitionProgressVertical.cpp. [C:\PlatformerSaves\PlatformerSaves\build\bindings\GeodeBindings.vcxproj]
C:\Program Files (x86)\Microsoft Visual Studio\2022\BuildTools\MSBuild\Microsoft\VC\v170\Microsoft.CppBuild.targets(1129,5): warning MSB8027: Mehrere Dateien mit dem Namen CCTransitionRotoZoom.cpp führen zu Ausgaben am selben Speicherort. Dadurch kann ein falsches Buildergebnis entstehen. Die betroffenen Dateien sind C:\PlatformerSaves\PlatformerSaves\build\_deps\bindings-src\bindings\2.2081\inline\CCTransitionRotoZoom.cpp, C:\PlatformerSaves\PlatformerSaves\build\bindings\bindings\Geode\source\CCTransitionRotoZoom.cpp. [C:\PlatformerSaves\PlatformerSaves\build\bindings\GeodeBindings.vcxproj]
C:\Program Files (x86)\Microsoft Visual Studio\2022\BuildTools\MSBuild\Microsoft\VC\v170\Microsoft.CppBuild.targets(1129,5): warning MSB8027: Mehrere Dateien mit dem Namen CCTransitionScene.cpp führen zu Ausgaben am selben Speicherort. Dadurch kann ein falsches Buildergebnis entstehen. Die betroffenen Dateien sind C:\PlatformerSaves\PlatformerSaves\build\_deps\bindings-src\bindings\2.2081\inline\CCTransitionScene.cpp, C:\PlatformerSaves\PlatformerSaves\build\bindings\bindings\Geode\source\CCTransitionScene.cpp. [C:\PlatformerSaves\PlatformerSaves\build\bindings\GeodeBindings.vcxproj]
C:\Program Files (x86)\Microsoft Visual Studio\2022\BuildTools\MSBuild\Microsoft\VC\v170\Microsoft.CppBuild.targets(1129,5): warning MSB8027: Mehrere Dateien mit dem Namen CCTransitionSceneOriented.cpp führen zu Ausgaben am selben Speicherort. Dadurch kann ein falsches Buildergebnis entstehen. Die betroffenen Dateien sind C:\PlatformerSaves\PlatformerSaves\build\_deps\bindings-src\bindings\2.2081\inline\CCTransitionSceneOriented.cpp, C:\PlatformerSaves\PlatformerSaves\build\bindings\bindings\Geode\source\CCTransitionSceneOriented.cpp. [C:\PlatformerSaves\PlatformerSaves\build\bindings\GeodeBindings.vcxproj]
C:\Program Files (x86)\Microsoft Visual Studio\2022\BuildTools\MSBuild\Microsoft\VC\v170\Microsoft.CppBuild.targets(1129,5): warning MSB8027: Mehrere Dateien mit dem Namen CCTransitionShrinkGrow.cpp führen zu Ausgaben am selben Speicherort. Dadurch kann ein falsches Buildergebnis entstehen. Die betroffenen Dateien sind C:\PlatformerSaves\PlatformerSaves\build\_deps\bindings-src\bindings\2.2081\inline\CCTransitionShrinkGrow.cpp, C:\PlatformerSaves\PlatformerSaves\build\bindings\bindings\Geode\source\CCTransitionShrinkGrow.cpp. [C:\PlatformerSaves\PlatformerSaves\build\bindings\GeodeBindings.vcxproj]
C:\Program Files (x86)\Microsoft Visual Studio\2022\BuildTools\MSBuild\Microsoft\VC\v170\Microsoft.CppBuild.targets(1129,5): warning MSB8027: Mehrere Dateien mit dem Namen CCTransitionSlideInB.cpp führen zu Ausgaben am selben Speicherort. Dadurch kann ein falsches Buildergebnis entstehen. Die betroffenen Dateien sind C:\PlatformerSaves\PlatformerSaves\build\_deps\bindings-src\bindings\2.2081\inline\CCTransitionSlideInB.cpp, C:\PlatformerSaves\PlatformerSaves\build\bindings\bindings\Geode\source\CCTransitionSlideInB.cpp. [C:\PlatformerSaves\PlatformerSaves\build\bindings\GeodeBindings.vcxproj]
C:\Program Files (x86)\Microsoft Visual Studio\2022\BuildTools\MSBuild\Microsoft\VC\v170\Microsoft.CppBuild.targets(1129,5): warning MSB8027: Mehrere Dateien mit dem Namen CCTransitionSlideInL.cpp führen zu Ausgaben am selben Speicherort. Dadurch kann ein falsches Buildergebnis entstehen. Die betroffenen Dateien sind C:\PlatformerSaves\PlatformerSaves\build\_deps\bindings-src\bindings\2.2081\inline\CCTransitionSlideInL.cpp, C:\PlatformerSaves\PlatformerSaves\build\bindings\bindings\Geode\source\CCTransitionSlideInL.cpp. [C:\PlatformerSaves\PlatformerSaves\build\bindings\GeodeBindings.vcxproj]
C:\Program Files (x86)\Microsoft Visual Studio\2022\BuildTools\MSBuild\Microsoft\VC\v170\Microsoft.CppBuild.targets(1129,5): warning MSB8027: Mehrere Dateien mit dem Namen CCTransitionSlideInR.cpp führen zu Ausgaben am selben Speicherort. Dadurch kann ein falsches Buildergebnis entstehen. Die betroffenen Dateien sind C:\PlatformerSaves\PlatformerSaves\build\_deps\bindings-src\bindings\2.2081\inline\CCTransitionSlideInR.cpp, C:\PlatformerSaves\PlatformerSaves\build\bindings\bindings\Geode\source\CCTransitionSlideInR.cpp. [C:\PlatformerSaves\PlatformerSaves\build\bindings\GeodeBindings.vcxproj]
C:\Program Files (x86)\Microsoft Visual Studio\2022\BuildTools\MSBuild\Microsoft\VC\v170\Microsoft.CppBuild.targets(1129,5): warning MSB8027: Mehrere Dateien mit dem Namen CCTransitionSlideInT.cpp führen zu Ausgaben am selben Speicherort. Dadurch kann ein falsches Buildergebnis entstehen. Die betroffenen Dateien sind C:\PlatformerSaves\PlatformerSaves\build\_deps\bindings-src\bindings\2.2081\inline\CCTransitionSlideInT.cpp, C:\PlatformerSaves\PlatformerSaves\build\bindings\bindings\Geode\source\CCTransitionSlideInT.cpp. [C:\PlatformerSaves\PlatformerSaves\build\bindings\GeodeBindings.vcxproj]
C:\Program Files (x86)\Microsoft Visual Studio\2022\BuildTools\MSBuild\Microsoft\VC\v170\Microsoft.CppBuild.targets(1129,5): warning MSB8027: Mehrere Dateien mit dem Namen CCTransitionSplitCols.cpp führen zu Ausgaben am selben Speicherort. Dadurch kann ein falsches Buildergebnis entstehen. Die betroffenen Dateien sind C:\PlatformerSaves\PlatformerSaves\build\_deps\bindings-src\bindings\2.2081\inline\CCTransitionSplitCols.cpp, C:\PlatformerSaves\PlatformerSaves\build\bindings\bindings\Geode\source\CCTransitionSplitCols.cpp. [C:\PlatformerSaves\PlatformerSaves\build\bindings\GeodeBindings.vcxproj]
C:\Program Files (x86)\Microsoft Visual Studio\2022\BuildTools\MSBuild\Microsoft\VC\v170\Microsoft.CppBuild.targets(1129,5): warning MSB8027: Mehrere Dateien mit dem Namen CCTransitionSplitRows.cpp führen zu Ausgaben am selben Speicherort. Dadurch kann ein falsches Buildergebnis entstehen. Die betroffenen Dateien sind C:\PlatformerSaves\PlatformerSaves\build\_deps\bindings-src\bindings\2.2081\inline\CCTransitionSplitRows.cpp, C:\PlatformerSaves\PlatformerSaves\build\bindings\bindings\Geode\source\CCTransitionSplitRows.cpp. [C:\PlatformerSaves\PlatformerSaves\build\bindings\GeodeBindings.vcxproj]
C:\Program Files (x86)\Microsoft Visual Studio\2022\BuildTools\MSBuild\Microsoft\VC\v170\Microsoft.CppBuild.targets(1129,5): warning MSB8027: Mehrere Dateien mit dem Namen CCTransitionTurnOffTiles.cpp führen zu Ausgaben am selben Speicherort. Dadurch kann ein falsches Buildergebnis entstehen. Die betroffenen Dateien sind C:\PlatformerSaves\PlatformerSaves\build\_deps\bindings-src\bindings\2.2081\inline\CCTransitionTurnOffTiles.cpp, C:\PlatformerSaves\PlatformerSaves\build\bindings\bindings\Geode\source\CCTransitionTurnOffTiles.cpp. [C:\PlatformerSaves\PlatformerSaves\build\bindings\GeodeBindings.vcxproj]
C:\Program Files (x86)\Microsoft Visual Studio\2022\BuildTools\MSBuild\Microsoft\VC\v170\Microsoft.CppBuild.targets(1129,5): warning MSB8027: Mehrere Dateien mit dem Namen CCTransitionZoomFlipAngular.cpp führen zu Ausgaben am selben Speicherort. Dadurch kann ein falsches Buildergebnis entstehen. Die betroffenen Dateien sind C:\PlatformerSaves\PlatformerSaves\build\_deps\bindings-src\bindings\2.2081\inline\CCTransitionZoomFlipAngular.cpp, C:\PlatformerSaves\PlatformerSaves\build\bindings\bindings\Geode\source\CCTransitionZoomFlipAngular.cpp. [C:\PlatformerSaves\PlatformerSaves\build\bindings\GeodeBindings.vcxproj]
C:\Program Files (x86)\Microsoft Visual Studio\2022\BuildTools\MSBuild\Microsoft\VC\v170\Microsoft.CppBuild.targets(1129,5): warning MSB8027: Mehrere Dateien mit dem Namen CCTransitionZoomFlipX.cpp führen zu Ausgaben am selben Speicherort. Dadurch kann ein falsches Buildergebnis entstehen. Die betroffenen Dateien sind C:\PlatformerSaves\PlatformerSaves\build\_deps\bindings-src\bindings\2.2081\inline\CCTransitionZoomFlipX.cpp, C:\PlatformerSaves\PlatformerSaves\build\bindings\bindings\Geode\source\CCTransitionZoomFlipX.cpp. [C:\PlatformerSaves\PlatformerSaves\build\bindings\GeodeBindings.vcxproj]
C:\Program Files (x86)\Microsoft Visual Studio\2022\BuildTools\MSBuild\Microsoft\VC\v170\Microsoft.CppBuild.targets(1129,5): warning MSB8027: Mehrere Dateien mit dem Namen CCTransitionZoomFlipY.cpp führen zu Ausgaben am selben Speicherort. Dadurch kann ein falsches Buildergebnis entstehen. Die betroffenen Dateien sind C:\PlatformerSaves\PlatformerSaves\build\_deps\bindings-src\bindings\2.2081\inline\CCTransitionZoomFlipY.cpp, C:\PlatformerSaves\PlatformerSaves\build\bindings\bindings\Geode\source\CCTransitionZoomFlipY.cpp. [C:\PlatformerSaves\PlatformerSaves\build\bindings\GeodeBindings.vcxproj]
C:\Program Files (x86)\Microsoft Visual Studio\2022\BuildTools\MSBuild\Microsoft\VC\v170\Microsoft.CppBuild.targets(1129,5): warning MSB8027: Mehrere Dateien mit dem Namen CCTurnOffTiles.cpp führen zu Ausgaben am selben Speicherort. Dadurch kann ein falsches Buildergebnis entstehen. Die betroffenen Dateien sind C:\PlatformerSaves\PlatformerSaves\build\_deps\bindings-src\bindings\2.2081\inline\CCTurnOffTiles.cpp, C:\PlatformerSaves\PlatformerSaves\build\bindings\bindings\Geode\source\CCTurnOffTiles.cpp. [C:\PlatformerSaves\PlatformerSaves\build\bindings\GeodeBindings.vcxproj]
C:\Program Files (x86)\Microsoft Visual Studio\2022\BuildTools\MSBuild\Microsoft\VC\v170\Microsoft.CppBuild.targets(1129,5): warning MSB8027: Mehrere Dateien mit dem Namen CCTwirl.cpp führen zu Ausgaben am selben Speicherort. Dadurch kann ein falsches Buildergebnis entstehen. Die betroffenen Dateien sind C:\PlatformerSaves\PlatformerSaves\build\_deps\bindings-src\bindings\2.2081\inline\CCTwirl.cpp, C:\PlatformerSaves\PlatformerSaves\build\bindings\bindings\Geode\source\CCTwirl.cpp. [C:\PlatformerSaves\PlatformerSaves\build\bindings\GeodeBindings.vcxproj]
C:\Program Files (x86)\Microsoft Visual Studio\2022\BuildTools\MSBuild\Microsoft\VC\v170\Microsoft.CppBuild.targets(1129,5): warning MSB8027: Mehrere Dateien mit dem Namen CCURLObject.cpp führen zu Ausgaben am selben Speicherort. Dadurch kann ein falsches Buildergebnis entstehen. Die betroffenen Dateien sind C:\PlatformerSaves\PlatformerSaves\build\_deps\bindings-src\bindings\2.2081\inline\CCURLObject.cpp, C:\PlatformerSaves\PlatformerSaves\build\bindings\bindings\Geode\source\CCURLObject.cpp. [C:\PlatformerSaves\PlatformerSaves\build\bindings\GeodeBindings.vcxproj]
C:\Program Files (x86)\Microsoft Visual Studio\2022\BuildTools\MSBuild\Microsoft\VC\v170\Microsoft.CppBuild.targets(1129,5): warning MSB8027: Mehrere Dateien mit dem Namen CCUserDefault.cpp führen zu Ausgaben am selben Speicherort. Dadurch kann ein falsches Buildergebnis entstehen. Die betroffenen Dateien sind C:\PlatformerSaves\PlatformerSaves\build\_deps\bindings-src\bindings\2.2081\inline\CCUserDefault.cpp, C:\PlatformerSaves\PlatformerSaves\build\bindings\bindings\Geode\source\CCUserDefault.cpp. [C:\PlatformerSaves\PlatformerSaves\build\bindings\GeodeBindings.vcxproj]
C:\Program Files (x86)\Microsoft Visual Studio\2022\BuildTools\MSBuild\Microsoft\VC\v170\Microsoft.CppBuild.targets(1129,5): warning MSB8027: Mehrere Dateien mit dem Namen CCWaves.cpp führen zu Ausgaben am selben Speicherort. Dadurch kann ein falsches Buildergebnis entstehen. Die betroffenen Dateien sind C:\PlatformerSaves\PlatformerSaves\build\_deps\bindings-src\bindings\2.2081\inline\CCWaves.cpp, C:\PlatformerSaves\PlatformerSaves\build\bindings\bindings\Geode\source\CCWaves.cpp. [C:\PlatformerSaves\PlatformerSaves\build\bindings\GeodeBindings.vcxproj]
C:\Program Files (x86)\Microsoft Visual Studio\2022\BuildTools\MSBuild\Microsoft\VC\v170\Microsoft.CppBuild.targets(1129,5): warning MSB8027: Mehrere Dateien mit dem Namen CCWaves3D.cpp führen zu Ausgaben am selben Speicherort. Dadurch kann ein falsches Buildergebnis entstehen. Die betroffenen Dateien sind C:\PlatformerSaves\PlatformerSaves\build\_deps\bindings-src\bindings\2.2081\inline\CCWaves3D.cpp, C:\PlatformerSaves\PlatformerSaves\build\bindings\bindings\Geode\source\CCWaves3D.cpp. [C:\PlatformerSaves\PlatformerSaves\build\bindings\GeodeBindings.vcxproj]
C:\Program Files (x86)\Microsoft Visual Studio\2022\BuildTools\MSBuild\Microsoft\VC\v170\Microsoft.CppBuild.targets(1129,5): warning MSB8027: Mehrere Dateien mit dem Namen CCWavesTiles3D.cpp führen zu Ausgaben am selben Speicherort. Dadurch kann ein falsches Buildergebnis entstehen. Die betroffenen Dateien sind C:\PlatformerSaves\PlatformerSaves\build\_deps\bindings-src\bindings\2.2081\inline\CCWavesTiles3D.cpp, C:\PlatformerSaves\PlatformerSaves\build\bindings\bindings\Geode\source\CCWavesTiles3D.cpp. [C:\PlatformerSaves\PlatformerSaves\build\bindings\GeodeBindings.vcxproj]
C:\Program Files (x86)\Microsoft Visual Studio\2022\BuildTools\MSBuild\Microsoft\VC\v170\Microsoft.CppBuild.targets(1129,5): warning MSB8027: Mehrere Dateien mit dem Namen CCZone.cpp führen zu Ausgaben am selben Speicherort. Dadurch kann ein falsches Buildergebnis entstehen. Die betroffenen Dateien sind C:\PlatformerSaves\PlatformerSaves\build\_deps\bindings-src\bindings\2.2081\inline\CCZone.cpp, C:\PlatformerSaves\PlatformerSaves\build\bindings\bindings\Geode\source\CCZone.cpp. [C:\PlatformerSaves\PlatformerSaves\build\bindings\GeodeBindings.vcxproj]
C:\Program Files (x86)\Microsoft Visual Studio\2022\BuildTools\MSBuild\Microsoft\VC\v170\Microsoft.CppBuild.targets(1129,5): warning MSB8027: Mehrere Dateien mit dem Namen CameraTriggerGameObject.cpp führen zu Ausgaben am selben Speicherort. Dadurch kann ein falsches Buildergebnis entstehen. Die betroffenen Dateien sind C:\PlatformerSaves\PlatformerSaves\build\_deps\bindings-src\bindings\2.2081\inline\CameraTriggerGameObject.cpp, C:\PlatformerSaves\PlatformerSaves\build\bindings\bindings\Geode\source\CameraTriggerGameObject.cpp. [C:\PlatformerSaves\PlatformerSaves\build\bindings\GeodeBindings.vcxproj]
C:\Program Files (x86)\Microsoft Visual Studio\2022\BuildTools\MSBuild\Microsoft\VC\v170\Microsoft.CppBuild.targets(1129,5): warning MSB8027: Mehrere Dateien mit dem Namen ChallengeNode.cpp führen zu Ausgaben am selben Speicherort. Dadurch kann ein falsches Buildergebnis entstehen. Die betroffenen Dateien sind C:\PlatformerSaves\PlatformerSaves\build\_deps\bindings-src\bindings\2.2081\inline\ChallengeNode.cpp, C:\PlatformerSaves\PlatformerSaves\build\bindings\bindings\Geode\source\ChallengeNode.cpp. [C:\PlatformerSaves\PlatformerSaves\build\bindings\GeodeBindings.vcxproj]
C:\Program Files (x86)\Microsoft Visual Studio\2022\BuildTools\MSBuild\Microsoft\VC\v170\Microsoft.CppBuild.targets(1129,5): warning MSB8027: Mehrere Dateien mit dem Namen ChallengesPage.cpp führen zu Ausgaben am selben Speicherort. Dadurch kann ein falsches Buildergebnis entstehen. Die betroffenen Dateien sind C:\PlatformerSaves\PlatformerSaves\build\_deps\bindings-src\bindings\2.2081\inline\ChallengesPage.cpp, C:\PlatformerSaves\PlatformerSaves\build\bindings\bindings\Geode\source\ChallengesPage.cpp. [C:\PlatformerSaves\PlatformerSaves\build\bindings\GeodeBindings.vcxproj]
C:\Program Files (x86)\Microsoft Visual Studio\2022\BuildTools\MSBuild\Microsoft\VC\v170\Microsoft.CppBuild.targets(1129,5): warning MSB8027: Mehrere Dateien mit dem Namen ChanceObject.cpp führen zu Ausgaben am selben Speicherort. Dadurch kann ein falsches Buildergebnis entstehen. Die betroffenen Dateien sind C:\PlatformerSaves\PlatformerSaves\build\_deps\bindings-src\bindings\2.2081\inline\ChanceObject.cpp, C:\PlatformerSaves\PlatformerSaves\build\bindings\bindings\Geode\source\ChanceObject.cpp. [C:\PlatformerSaves\PlatformerSaves\build\bindings\GeodeBindings.vcxproj]
C:\Program Files (x86)\Microsoft Visual Studio\2022\BuildTools\MSBuild\Microsoft\VC\v170\Microsoft.CppBuild.targets(1129,5): warning MSB8027: Mehrere Dateien mit dem Namen ChanceTriggerGameObject.cpp führen zu Ausgaben am selben Speicherort. Dadurch kann ein falsches Buildergebnis entstehen. Die betroffenen Dateien sind C:\PlatformerSaves\PlatformerSaves\build\_deps\bindings-src\bindings\2.2081\inline\ChanceTriggerGameObject.cpp, C:\PlatformerSaves\PlatformerSaves\build\bindings\bindings\Geode\source\ChanceTriggerGameObject.cpp. [C:\PlatformerSaves\PlatformerSaves\build\bindings\GeodeBindings.vcxproj]
C:\Program Files (x86)\Microsoft Visual Studio\2022\BuildTools\MSBuild\Microsoft\VC\v170\Microsoft.CppBuild.targets(1129,5): warning MSB8027: Mehrere Dateien mit dem Namen Channel.cpp führen zu Ausgaben am selben Speicherort. Dadurch kann ein falsches Buildergebnis entstehen. Die betroffenen Dateien sind C:\PlatformerSaves\PlatformerSaves\build\_deps\bindings-src\bindings\2.2081\inline\Channel.cpp, C:\PlatformerSaves\PlatformerSaves\build\bindings\bindings\Geode\source\Channel.cpp. [C:\PlatformerSaves\PlatformerSaves\build\bindings\GeodeBindings.vcxproj]
C:\Program Files (x86)\Microsoft Visual Studio\2022\BuildTools\MSBuild\Microsoft\VC\v170\Microsoft.CppBuild.targets(1129,5): warning MSB8027: Mehrere Dateien mit dem Namen ChannelControl.cpp führen zu Ausgaben am selben Speicherort. Dadurch kann ein falsches Buildergebnis entstehen. Die betroffenen Dateien sind C:\PlatformerSaves\PlatformerSaves\build\_deps\bindings-src\bindings\2.2081\inline\ChannelControl.cpp, C:\PlatformerSaves\PlatformerSaves\build\bindings\bindings\Geode\source\ChannelControl.cpp. [C:\PlatformerSaves\PlatformerSaves\build\bindings\GeodeBindings.vcxproj]
C:\Program Files (x86)\Microsoft Visual Studio\2022\BuildTools\MSBuild\Microsoft\VC\v170\Microsoft.CppBuild.targets(1129,5): warning MSB8027: Mehrere Dateien mit dem Namen ChannelGroup.cpp führen zu Ausgaben am selben Speicherort. Dadurch kann ein falsches Buildergebnis entstehen. Die betroffenen Dateien sind C:\PlatformerSaves\PlatformerSaves\build\_deps\bindings-src\bindings\2.2081\inline\ChannelGroup.cpp, C:\PlatformerSaves\PlatformerSaves\build\bindings\bindings\Geode\source\ChannelGroup.cpp. [C:\PlatformerSaves\PlatformerSaves\build\bindings\GeodeBindings.vcxproj]
C:\Program Files (x86)\Microsoft Visual Studio\2022\BuildTools\MSBuild\Microsoft\VC\v170\Microsoft.CppBuild.targets(1129,5): warning MSB8027: Mehrere Dateien mit dem Namen CharacterColorDelegate.cpp führen zu Ausgaben am selben Speicherort. Dadurch kann ein falsches Buildergebnis entstehen. Die betroffenen Dateien sind C:\PlatformerSaves\PlatformerSaves\build\_deps\bindings-src\bindings\2.2081\inline\CharacterColorDelegate.cpp, C:\PlatformerSaves\PlatformerSaves\build\bindings\bindings\Geode\source\CharacterColorDelegate.cpp. [C:\PlatformerSaves\PlatformerSaves\build\bindings\GeodeBindings.vcxproj]
C:\Program Files (x86)\Microsoft Visual Studio\2022\BuildTools\MSBuild\Microsoft\VC\v170\Microsoft.CppBuild.targets(1129,5): warning MSB8027: Mehrere Dateien mit dem Namen CharacterColorPage.cpp führen zu Ausgaben am selben Speicherort. Dadurch kann ein falsches Buildergebnis entstehen. Die betroffenen Dateien sind C:\PlatformerSaves\PlatformerSaves\build\_deps\bindings-src\bindings\2.2081\inline\CharacterColorPage.cpp, C:\PlatformerSaves\PlatformerSaves\build\bindings\bindings\Geode\source\CharacterColorPage.cpp. [C:\PlatformerSaves\PlatformerSaves\build\bindings\GeodeBindings.vcxproj]
C:\Program Files (x86)\Microsoft Visual Studio\2022\BuildTools\MSBuild\Microsoft\VC\v170\Microsoft.CppBuild.targets(1129,5): warning MSB8027: Mehrere Dateien mit dem Namen CheckpointGameObject.cpp führen zu Ausgaben am selben Speicherort. Dadurch kann ein falsches Buildergebnis entstehen. Die betroffenen Dateien sind C:\PlatformerSaves\PlatformerSaves\build\_deps\bindings-src\bindings\2.2081\inline\CheckpointGameObject.cpp, C:\PlatformerSaves\PlatformerSaves\build\bindings\bindings\Geode\source\CheckpointGameObject.cpp. [C:\PlatformerSaves\PlatformerSaves\build\bindings\GeodeBindings.vcxproj]
C:\Program Files (x86)\Microsoft Visual Studio\2022\BuildTools\MSBuild\Microsoft\VC\v170\Microsoft.CppBuild.targets(1129,5): warning MSB8027: Mehrere Dateien mit dem Namen CheckpointObject.cpp führen zu Ausgaben am selben Speicherort. Dadurch kann ein falsches Buildergebnis entstehen. Die betroffenen Dateien sind C:\PlatformerSaves\PlatformerSaves\build\_deps\bindings-src\bindings\2.2081\inline\CheckpointObject.cpp, C:\PlatformerSaves\PlatformerSaves\build\bindings\bindings\Geode\source\CheckpointObject.cpp. [C:\PlatformerSaves\PlatformerSaves\build\bindings\GeodeBindings.vcxproj]
C:\Program Files (x86)\Microsoft Visual Studio\2022\BuildTools\MSBuild\Microsoft\VC\v170\Microsoft.CppBuild.targets(1129,5): warning MSB8027: Mehrere Dateien mit dem Namen CollisionBlockPopup.cpp führen zu Ausgaben am selben Speicherort. Dadurch kann ein falsches Buildergebnis entstehen. Die betroffenen Dateien sind C:\PlatformerSaves\PlatformerSaves\build\_deps\bindings-src\bindings\2.2081\inline\CollisionBlockPopup.cpp, C:\PlatformerSaves\PlatformerSaves\build\bindings\bindings\Geode\source\CollisionBlockPopup.cpp. [C:\PlatformerSaves\PlatformerSaves\build\bindings\GeodeBindings.vcxproj]
C:\Program Files (x86)\Microsoft Visual Studio\2022\BuildTools\MSBuild\Microsoft\VC\v170\Microsoft.CppBuild.targets(1129,5): warning MSB8027: Mehrere Dateien mit dem Namen CollisionTriggerAction.cpp führen zu Ausgaben am selben Speicherort. Dadurch kann ein falsches Buildergebnis entstehen. Die betroffenen Dateien sind C:\PlatformerSaves\PlatformerSaves\build\_deps\bindings-src\bindings\2.2081\inline\CollisionTriggerAction.cpp, C:\PlatformerSaves\PlatformerSaves\build\bindings\bindings\Geode\source\CollisionTriggerAction.cpp. [C:\PlatformerSaves\PlatformerSaves\build\bindings\GeodeBindings.vcxproj]
C:\Program Files (x86)\Microsoft Visual Studio\2022\BuildTools\MSBuild\Microsoft\VC\v170\Microsoft.CppBuild.targets(1129,5): warning MSB8027: Mehrere Dateien mit dem Namen ColorAction.cpp führen zu Ausgaben am selben Speicherort. Dadurch kann ein falsches Buildergebnis entstehen. Die betroffenen Dateien sind C:\PlatformerSaves\PlatformerSaves\build\_deps\bindings-src\bindings\2.2081\inline\ColorAction.cpp, C:\PlatformerSaves\PlatformerSaves\build\bindings\bindings\Geode\source\ColorAction.cpp. [C:\PlatformerSaves\PlatformerSaves\build\bindings\GeodeBindings.vcxproj]
C:\Program Files (x86)\Microsoft Visual Studio\2022\BuildTools\MSBuild\Microsoft\VC\v170\Microsoft.CppBuild.targets(1129,5): warning MSB8027: Mehrere Dateien mit dem Namen ColorAction2.cpp führen zu Ausgaben am selben Speicherort. Dadurch kann ein falsches Buildergebnis entstehen. Die betroffenen Dateien sind C:\PlatformerSaves\PlatformerSaves\build\_deps\bindings-src\bindings\2.2081\inline\ColorAction2.cpp, C:\PlatformerSaves\PlatformerSaves\build\bindings\bindings\Geode\source\ColorAction2.cpp. [C:\PlatformerSaves\PlatformerSaves\build\bindings\GeodeBindings.vcxproj]
C:\Program Files (x86)\Microsoft Visual Studio\2022\BuildTools\MSBuild\Microsoft\VC\v170\Microsoft.CppBuild.targets(1129,5): warning MSB8027: Mehrere Dateien mit dem Namen ColorActionSprite.cpp führen zu Ausgaben am selben Speicherort. Dadurch kann ein falsches Buildergebnis entstehen. Die betroffenen Dateien sind C:\PlatformerSaves\PlatformerSaves\build\_deps\bindings-src\bindings\2.2081\inline\ColorActionSprite.cpp, C:\PlatformerSaves\PlatformerSaves\build\bindings\bindings\Geode\source\ColorActionSprite.cpp. [C:\PlatformerSaves\PlatformerSaves\build\bindings\GeodeBindings.vcxproj]
C:\Program Files (x86)\Microsoft Visual Studio\2022\BuildTools\MSBuild\Microsoft\VC\v170\Microsoft.CppBuild.targets(1129,5): warning MSB8027: Mehrere Dateien mit dem Namen ColorChannelSprite.cpp führen zu Ausgaben am selben Speicherort. Dadurch kann ein falsches Buildergebnis entstehen. Die betroffenen Dateien sind C:\PlatformerSaves\PlatformerSaves\build\_deps\bindings-src\bindings\2.2081\inline\ColorChannelSprite.cpp, C:\PlatformerSaves\PlatformerSaves\build\bindings\bindings\Geode\source\ColorChannelSprite.cpp. [C:\PlatformerSaves\PlatformerSaves\build\bindings\GeodeBindings.vcxproj]
C:\Program Files (x86)\Microsoft Visual Studio\2022\BuildTools\MSBuild\Microsoft\VC\v170\Microsoft.CppBuild.targets(1129,5): warning MSB8027: Mehrere Dateien mit dem Namen ColorSelectDelegate.cpp führen zu Ausgaben am selben Speicherort. Dadurch kann ein falsches Buildergebnis entstehen. Die betroffenen Dateien sind C:\PlatformerSaves\PlatformerSaves\build\_deps\bindings-src\bindings\2.2081\inline\ColorSelectDelegate.cpp, C:\PlatformerSaves\PlatformerSaves\build\bindings\bindings\Geode\source\ColorSelectDelegate.cpp. [C:\PlatformerSaves\PlatformerSaves\build\bindings\GeodeBindings.vcxproj]
C:\Program Files (x86)\Microsoft Visual Studio\2022\BuildTools\MSBuild\Microsoft\VC\v170\Microsoft.CppBuild.targets(1129,5): warning MSB8027: Mehrere Dateien mit dem Namen ColorSelectLiveOverlay.cpp führen zu Ausgaben am selben Speicherort. Dadurch kann ein falsches Buildergebnis entstehen. Die betroffenen Dateien sind C:\PlatformerSaves\PlatformerSaves\build\_deps\bindings-src\bindings\2.2081\inline\ColorSelectLiveOverlay.cpp, C:\PlatformerSaves\PlatformerSaves\build\bindings\bindings\Geode\source\ColorSelectLiveOverlay.cpp. [C:\PlatformerSaves\PlatformerSaves\build\bindings\GeodeBindings.vcxproj]
C:\Program Files (x86)\Microsoft Visual Studio\2022\BuildTools\MSBuild\Microsoft\VC\v170\Microsoft.CppBuild.targets(1129,5): warning MSB8027: Mehrere Dateien mit dem Namen ColorSelectPopup.cpp führen zu Ausgaben am selben Speicherort. Dadurch kann ein falsches Buildergebnis entstehen. Die betroffenen Dateien sind C:\PlatformerSaves\PlatformerSaves\build\_deps\bindings-src\bindings\2.2081\inline\ColorSelectPopup.cpp, C:\PlatformerSaves\PlatformerSaves\build\bindings\bindings\Geode\source\ColorSelectPopup.cpp. [C:\PlatformerSaves\PlatformerSaves\build\bindings\GeodeBindings.vcxproj]
C:\Program Files (x86)\Microsoft Visual Studio\2022\BuildTools\MSBuild\Microsoft\VC\v170\Microsoft.CppBuild.targets(1129,5): warning MSB8027: Mehrere Dateien mit dem Namen ColorSetupDelegate.cpp führen zu Ausgaben am selben Speicherort. Dadurch kann ein falsches Buildergebnis entstehen. Die betroffenen Dateien sind C:\PlatformerSaves\PlatformerSaves\build\_deps\bindings-src\bindings\2.2081\inline\ColorSetupDelegate.cpp, C:\PlatformerSaves\PlatformerSaves\build\bindings\bindings\Geode\source\ColorSetupDelegate.cpp. [C:\PlatformerSaves\PlatformerSaves\build\bindings\GeodeBindings.vcxproj]
C:\Program Files (x86)\Microsoft Visual Studio\2022\BuildTools\MSBuild\Microsoft\VC\v170\Microsoft.CppBuild.targets(1129,5): warning MSB8027: Mehrere Dateien mit dem Namen CommentCell.cpp führen zu Ausgaben am selben Speicherort. Dadurch kann ein falsches Buildergebnis entstehen. Die betroffenen Dateien sind C:\PlatformerSaves\PlatformerSaves\build\_deps\bindings-src\bindings\2.2081\inline\CommentCell.cpp, C:\PlatformerSaves\PlatformerSaves\build\bindings\bindings\Geode\source\CommentCell.cpp. [C:\PlatformerSaves\PlatformerSaves\build\bindings\GeodeBindings.vcxproj]
C:\Program Files (x86)\Microsoft Visual Studio\2022\BuildTools\MSBuild\Microsoft\VC\v170\Microsoft.CppBuild.targets(1129,5): warning MSB8027: Mehrere Dateien mit dem Namen CommentUploadDelegate.cpp führen zu Ausgaben am selben Speicherort. Dadurch kann ein falsches Buildergebnis entstehen. Die betroffenen Dateien sind C:\PlatformerSaves\PlatformerSaves\build\_deps\bindings-src\bindings\2.2081\inline\CommentUploadDelegate.cpp, C:\PlatformerSaves\PlatformerSaves\build\bindings\bindings\Geode\source\CommentUploadDelegate.cpp. [C:\PlatformerSaves\PlatformerSaves\build\bindings\GeodeBindings.vcxproj]
C:\Program Files (x86)\Microsoft Visual Studio\2022\BuildTools\MSBuild\Microsoft\VC\v170\Microsoft.CppBuild.targets(1129,5): warning MSB8027: Mehrere Dateien mit dem Namen CommunityCreditNode.cpp führen zu Ausgaben am selben Speicherort. Dadurch kann ein falsches Buildergebnis entstehen. Die betroffenen Dateien sind C:\PlatformerSaves\PlatformerSaves\build\_deps\bindings-src\bindings\2.2081\inline\CommunityCreditNode.cpp, C:\PlatformerSaves\PlatformerSaves\build\bindings\bindings\Geode\source\CommunityCreditNode.cpp. [C:\PlatformerSaves\PlatformerSaves\build\bindings\GeodeBindings.vcxproj]
C:\Program Files (x86)\Microsoft Visual Studio\2022\BuildTools\MSBuild\Microsoft\VC\v170\Microsoft.CppBuild.targets(1129,5): warning MSB8027: Mehrere Dateien mit dem Namen CommunityCreditsPage.cpp führen zu Ausgaben am selben Speicherort. Dadurch kann ein falsches Buildergebnis entstehen. Die betroffenen Dateien sind C:\PlatformerSaves\PlatformerSaves\build\_deps\bindings-src\bindings\2.2081\inline\CommunityCreditsPage.cpp, C:\PlatformerSaves\PlatformerSaves\build\bindings\bindings\Geode\source\CommunityCreditsPage.cpp. [C:\PlatformerSaves\PlatformerSaves\build\bindings\GeodeBindings.vcxproj]
C:\Program Files (x86)\Microsoft Visual Studio\2022\BuildTools\MSBuild\Microsoft\VC\v170\Microsoft.CppBuild.targets(1129,5): warning MSB8027: Mehrere Dateien mit dem Namen ConfigureHSVWidget.cpp führen zu Ausgaben am selben Speicherort. Dadurch kann ein falsches Buildergebnis entstehen. Die betroffenen Dateien sind C:\PlatformerSaves\PlatformerSaves\build\_deps\bindings-src\bindings\2.2081\inline\ConfigureHSVWidget.cpp, C:\PlatformerSaves\PlatformerSaves\build\bindings\bindings\Geode\source\ConfigureHSVWidget.cpp. [C:\PlatformerSaves\PlatformerSaves\build\bindings\GeodeBindings.vcxproj]
C:\Program Files (x86)\Microsoft Visual Studio\2022\BuildTools\MSBuild\Microsoft\VC\v170\Microsoft.CppBuild.targets(1129,5): warning MSB8027: Mehrere Dateien mit dem Namen ConfigureValuePopup.cpp führen zu Ausgaben am selben Speicherort. Dadurch kann ein falsches Buildergebnis entstehen. Die betroffenen Dateien sind C:\PlatformerSaves\PlatformerSaves\build\_deps\bindings-src\bindings\2.2081\inline\ConfigureValuePopup.cpp, C:\PlatformerSaves\PlatformerSaves\build\bindings\bindings\Geode\source\ConfigureValuePopup.cpp. [C:\PlatformerSaves\PlatformerSaves\build\bindings\GeodeBindings.vcxproj]
C:\Program Files (x86)\Microsoft Visual Studio\2022\BuildTools\MSBuild\Microsoft\VC\v170\Microsoft.CppBuild.targets(1129,5): warning MSB8027: Mehrere Dateien mit dem Namen ConfigureValuePopupDelegate.cpp führen zu Ausgaben am selben Speicherort. Dadurch kann ein falsches Buildergebnis entstehen. Die betroffenen Dateien sind C:\PlatformerSaves\PlatformerSaves\build\_deps\bindings-src\bindings\2.2081\inline\ConfigureValuePopupDelegate.cpp, C:\PlatformerSaves\PlatformerSaves\build\bindings\bindings\Geode\source\ConfigureValuePopupDelegate.cpp. [C:\PlatformerSaves\PlatformerSaves\build\bindings\GeodeBindings.vcxproj]
C:\Program Files (x86)\Microsoft Visual Studio\2022\BuildTools\MSBuild\Microsoft\VC\v170\Microsoft.CppBuild.targets(1129,5): warning MSB8027: Mehrere Dateien mit dem Namen CountTriggerAction.cpp führen zu Ausgaben am selben Speicherort. Dadurch kann ein falsches Buildergebnis entstehen. Die betroffenen Dateien sind C:\PlatformerSaves\PlatformerSaves\build\_deps\bindings-src\bindings\2.2081\inline\CountTriggerAction.cpp, C:\PlatformerSaves\PlatformerSaves\build\bindings\bindings\Geode\source\CountTriggerAction.cpp. [C:\PlatformerSaves\PlatformerSaves\build\bindings\GeodeBindings.vcxproj]
C:\Program Files (x86)\Microsoft Visual Studio\2022\BuildTools\MSBuild\Microsoft\VC\v170\Microsoft.CppBuild.targets(1129,5): warning MSB8027: Mehrere Dateien mit dem Namen CountTriggerGameObject.cpp führen zu Ausgaben am selben Speicherort. Dadurch kann ein falsches Buildergebnis entstehen. Die betroffenen Dateien sind C:\PlatformerSaves\PlatformerSaves\build\_deps\bindings-src\bindings\2.2081\inline\CountTriggerGameObject.cpp, C:\PlatformerSaves\PlatformerSaves\build\bindings\bindings\Geode\source\CountTriggerGameObject.cpp. [C:\PlatformerSaves\PlatformerSaves\build\bindings\GeodeBindings.vcxproj]
C:\Program Files (x86)\Microsoft Visual Studio\2022\BuildTools\MSBuild\Microsoft\VC\v170\Microsoft.CppBuild.targets(1129,5): warning MSB8027: Mehrere Dateien mit dem Namen CreateGuidelinesLayer.cpp führen zu Ausgaben am selben Speicherort. Dadurch kann ein falsches Buildergebnis entstehen. Die betroffenen Dateien sind C:\PlatformerSaves\PlatformerSaves\build\_deps\bindings-src\bindings\2.2081\inline\CreateGuidelinesLayer.cpp, C:\PlatformerSaves\PlatformerSaves\build\bindings\bindings\Geode\source\CreateGuidelinesLayer.cpp. [C:\PlatformerSaves\PlatformerSaves\build\bindings\GeodeBindings.vcxproj]
C:\Program Files (x86)\Microsoft Visual Studio\2022\BuildTools\MSBuild\Microsoft\VC\v170\Microsoft.CppBuild.targets(1129,5): warning MSB8027: Mehrere Dateien mit dem Namen CreateMenuItem.cpp führen zu Ausgaben am selben Speicherort. Dadurch kann ein falsches Buildergebnis entstehen. Die betroffenen Dateien sind C:\PlatformerSaves\PlatformerSaves\build\_deps\bindings-src\bindings\2.2081\inline\CreateMenuItem.cpp, C:\PlatformerSaves\PlatformerSaves\build\bindings\bindings\Geode\source\CreateMenuItem.cpp. [C:\PlatformerSaves\PlatformerSaves\build\bindings\GeodeBindings.vcxproj]
C:\Program Files (x86)\Microsoft Visual Studio\2022\BuildTools\MSBuild\Microsoft\VC\v170\Microsoft.CppBuild.targets(1129,5): warning MSB8027: Mehrere Dateien mit dem Namen CreateParticlePopup.cpp führen zu Ausgaben am selben Speicherort. Dadurch kann ein falsches Buildergebnis entstehen. Die betroffenen Dateien sind C:\PlatformerSaves\PlatformerSaves\build\_deps\bindings-src\bindings\2.2081\inline\CreateParticlePopup.cpp, C:\PlatformerSaves\PlatformerSaves\build\bindings\bindings\Geode\source\CreateParticlePopup.cpp. [C:\PlatformerSaves\PlatformerSaves\build\bindings\GeodeBindings.vcxproj]
C:\Program Files (x86)\Microsoft Visual Studio\2022\BuildTools\MSBuild\Microsoft\VC\v170\Microsoft.CppBuild.targets(1129,5): warning MSB8027: Mehrere Dateien mit dem Namen CreatorLayer.cpp führen zu Ausgaben am selben Speicherort. Dadurch kann ein falsches Buildergebnis entstehen. Die betroffenen Dateien sind C:\PlatformerSaves\PlatformerSaves\build\_deps\bindings-src\bindings\2.2081\inline\CreatorLayer.cpp, C:\PlatformerSaves\PlatformerSaves\build\bindings\bindings\Geode\source\CreatorLayer.cpp. [C:\PlatformerSaves\PlatformerSaves\build\bindings\GeodeBindings.vcxproj]
C:\Program Files (x86)\Microsoft Visual Studio\2022\BuildTools\MSBuild\Microsoft\VC\v170\Microsoft.CppBuild.targets(1129,5): warning MSB8027: Mehrere Dateien mit dem Namen CurrencyRewardDelegate.cpp führen zu Ausgaben am selben Speicherort. Dadurch kann ein falsches Buildergebnis entstehen. Die betroffenen Dateien sind C:\PlatformerSaves\PlatformerSaves\build\_deps\bindings-src\bindings\2.2081\inline\CurrencyRewardDelegate.cpp, C:\PlatformerSaves\PlatformerSaves\build\bindings\bindings\Geode\source\CurrencyRewardDelegate.cpp. [C:\PlatformerSaves\PlatformerSaves\build\bindings\GeodeBindings.vcxproj]
C:\Program Files (x86)\Microsoft Visual Studio\2022\BuildTools\MSBuild\Microsoft\VC\v170\Microsoft.CppBuild.targets(1129,5): warning MSB8027: Mehrere Dateien mit dem Namen CurrencyRewardLayer.cpp führen zu Ausgaben am selben Speicherort. Dadurch kann ein falsches Buildergebnis entstehen. Die betroffenen Dateien sind C:\PlatformerSaves\PlatformerSaves\build\_deps\bindings-src\bindings\2.2081\inline\CurrencyRewardLayer.cpp, C:\PlatformerSaves\PlatformerSaves\build\bindings\bindings\Geode\source\CurrencyRewardLayer.cpp. [C:\PlatformerSaves\PlatformerSaves\build\bindings\GeodeBindings.vcxproj]
C:\Program Files (x86)\Microsoft Visual Studio\2022\BuildTools\MSBuild\Microsoft\VC\v170\Microsoft.CppBuild.targets(1129,5): warning MSB8027: Mehrere Dateien mit dem Namen CurrencySprite.cpp führen zu Ausgaben am selben Speicherort. Dadurch kann ein falsches Buildergebnis entstehen. Die betroffenen Dateien sind C:\PlatformerSaves\PlatformerSaves\build\_deps\bindings-src\bindings\2.2081\inline\CurrencySprite.cpp, C:\PlatformerSaves\PlatformerSaves\build\bindings\bindings\Geode\source\CurrencySprite.cpp. [C:\PlatformerSaves\PlatformerSaves\build\bindings\GeodeBindings.vcxproj]
C:\Program Files (x86)\Microsoft Visual Studio\2022\BuildTools\MSBuild\Microsoft\VC\v170\Microsoft.CppBuild.targets(1129,5): warning MSB8027: Mehrere Dateien mit dem Namen CustomListView.cpp führen zu Ausgaben am selben Speicherort. Dadurch kann ein falsches Buildergebnis entstehen. Die betroffenen Dateien sind C:\PlatformerSaves\PlatformerSaves\build\_deps\bindings-src\bindings\2.2081\inline\CustomListView.cpp, C:\PlatformerSaves\PlatformerSaves\build\bindings\bindings\Geode\source\CustomListView.cpp. [C:\PlatformerSaves\PlatformerSaves\build\bindings\GeodeBindings.vcxproj]
C:\Program Files (x86)\Microsoft Visual Studio\2022\BuildTools\MSBuild\Microsoft\VC\v170\Microsoft.CppBuild.targets(1129,5): warning MSB8027: Mehrere Dateien mit dem Namen CustomMusicCell.cpp führen zu Ausgaben am selben Speicherort. Dadurch kann ein falsches Buildergebnis entstehen. Die betroffenen Dateien sind C:\PlatformerSaves\PlatformerSaves\build\_deps\bindings-src\bindings\2.2081\inline\CustomMusicCell.cpp, C:\PlatformerSaves\PlatformerSaves\build\bindings\bindings\Geode\source\CustomMusicCell.cpp. [C:\PlatformerSaves\PlatformerSaves\build\bindings\GeodeBindings.vcxproj]
C:\Program Files (x86)\Microsoft Visual Studio\2022\BuildTools\MSBuild\Microsoft\VC\v170\Microsoft.CppBuild.targets(1129,5): warning MSB8027: Mehrere Dateien mit dem Namen CustomSFXCell.cpp führen zu Ausgaben am selben Speicherort. Dadurch kann ein falsches Buildergebnis entstehen. Die betroffenen Dateien sind C:\PlatformerSaves\PlatformerSaves\build\_deps\bindings-src\bindings\2.2081\inline\CustomSFXCell.cpp, C:\PlatformerSaves\PlatformerSaves\build\bindings\bindings\Geode\source\CustomSFXCell.cpp. [C:\PlatformerSaves\PlatformerSaves\build\bindings\GeodeBindings.vcxproj]
C:\Program Files (x86)\Microsoft Visual Studio\2022\BuildTools\MSBuild\Microsoft\VC\v170\Microsoft.CppBuild.targets(1129,5): warning MSB8027: Mehrere Dateien mit dem Namen CustomSFXDelegate.cpp führen zu Ausgaben am selben Speicherort. Dadurch kann ein falsches Buildergebnis entstehen. Die betroffenen Dateien sind C:\PlatformerSaves\PlatformerSaves\build\_deps\bindings-src\bindings\2.2081\inline\CustomSFXDelegate.cpp, C:\PlatformerSaves\PlatformerSaves\build\bindings\bindings\Geode\source\CustomSFXDelegate.cpp. [C:\PlatformerSaves\PlatformerSaves\build\bindings\GeodeBindings.vcxproj]
C:\Program Files (x86)\Microsoft Visual Studio\2022\BuildTools\MSBuild\Microsoft\VC\v170\Microsoft.CppBuild.targets(1129,5): warning MSB8027: Mehrere Dateien mit dem Namen CustomSFXWidget.cpp führen zu Ausgaben am selben Speicherort. Dadurch kann ein falsches Buildergebnis entstehen. Die betroffenen Dateien sind C:\PlatformerSaves\PlatformerSaves\build\_deps\bindings-src\bindings\2.2081\inline\CustomSFXWidget.cpp, C:\PlatformerSaves\PlatformerSaves\build\bindings\bindings\Geode\source\CustomSFXWidget.cpp. [C:\PlatformerSaves\PlatformerSaves\build\bindings\GeodeBindings.vcxproj]
C:\Program Files (x86)\Microsoft Visual Studio\2022\BuildTools\MSBuild\Microsoft\VC\v170\Microsoft.CppBuild.targets(1129,5): warning MSB8027: Mehrere Dateien mit dem Namen CustomSongCell.cpp führen zu Ausgaben am selben Speicherort. Dadurch kann ein falsches Buildergebnis entstehen. Die betroffenen Dateien sind C:\PlatformerSaves\PlatformerSaves\build\_deps\bindings-src\bindings\2.2081\inline\CustomSongCell.cpp, C:\PlatformerSaves\PlatformerSaves\build\bindings\bindings\Geode\source\CustomSongCell.cpp. [C:\PlatformerSaves\PlatformerSaves\build\bindings\GeodeBindings.vcxproj]
C:\Program Files (x86)\Microsoft Visual Studio\2022\BuildTools\MSBuild\Microsoft\VC\v170\Microsoft.CppBuild.targets(1129,5): warning MSB8027: Mehrere Dateien mit dem Namen CustomSongDelegate.cpp führen zu Ausgaben am selben Speicherort. Dadurch kann ein falsches Buildergebnis entstehen. Die betroffenen Dateien sind C:\PlatformerSaves\PlatformerSaves\build\_deps\bindings-src\bindings\2.2081\inline\CustomSongDelegate.cpp, C:\PlatformerSaves\PlatformerSaves\build\bindings\bindings\Geode\source\CustomSongDelegate.cpp. [C:\PlatformerSaves\PlatformerSaves\build\bindings\GeodeBindings.vcxproj]
C:\Program Files (x86)\Microsoft Visual Studio\2022\BuildTools\MSBuild\Microsoft\VC\v170\Microsoft.CppBuild.targets(1129,5): warning MSB8027: Mehrere Dateien mit dem Namen CustomSongLayer.cpp führen zu Ausgaben am selben Speicherort. Dadurch kann ein falsches Buildergebnis entstehen. Die betroffenen Dateien sind C:\PlatformerSaves\PlatformerSaves\build\_deps\bindings-src\bindings\2.2081\inline\CustomSongLayer.cpp, C:\PlatformerSaves\PlatformerSaves\build\bindings\bindings\Geode\source\CustomSongLayer.cpp. [C:\PlatformerSaves\PlatformerSaves\build\bindings\GeodeBindings.vcxproj]
C:\Program Files (x86)\Microsoft Visual Studio\2022\BuildTools\MSBuild\Microsoft\VC\v170\Microsoft.CppBuild.targets(1129,5): warning MSB8027: Mehrere Dateien mit dem Namen CustomSongLayerDelegate.cpp führen zu Ausgaben am selben Speicherort. Dadurch kann ein falsches Buildergebnis entstehen. Die betroffenen Dateien sind C:\PlatformerSaves\PlatformerSaves\build\_deps\bindings-src\bindings\2.2081\inline\CustomSongLayerDelegate.cpp, C:\PlatformerSaves\PlatformerSaves\build\bindings\bindings\Geode\source\CustomSongLayerDelegate.cpp. [C:\PlatformerSaves\PlatformerSaves\build\bindings\GeodeBindings.vcxproj]
C:\Program Files (x86)\Microsoft Visual Studio\2022\BuildTools\MSBuild\Microsoft\VC\v170\Microsoft.CppBuild.targets(1129,5): warning MSB8027: Mehrere Dateien mit dem Namen CustomSongWidget.cpp führen zu Ausgaben am selben Speicherort. Dadurch kann ein falsches Buildergebnis entstehen. Die betroffenen Dateien sind C:\PlatformerSaves\PlatformerSaves\build\_deps\bindings-src\bindings\2.2081\inline\CustomSongWidget.cpp, C:\PlatformerSaves\PlatformerSaves\build\bindings\bindings\Geode\source\CustomSongWidget.cpp. [C:\PlatformerSaves\PlatformerSaves\build\bindings\GeodeBindings.vcxproj]
C:\Program Files (x86)\Microsoft Visual Studio\2022\BuildTools\MSBuild\Microsoft\VC\v170\Microsoft.CppBuild.targets(1129,5): warning MSB8027: Mehrere Dateien mit dem Namen CustomizeObjectLayer.cpp führen zu Ausgaben am selben Speicherort. Dadurch kann ein falsches Buildergebnis entstehen. Die betroffenen Dateien sind C:\PlatformerSaves\PlatformerSaves\build\_deps\bindings-src\bindings\2.2081\inline\CustomizeObjectLayer.cpp, C:\PlatformerSaves\PlatformerSaves\build\bindings\bindings\Geode\source\CustomizeObjectLayer.cpp. [C:\PlatformerSaves\PlatformerSaves\build\bindings\GeodeBindings.vcxproj]
C:\Program Files (x86)\Microsoft Visual Studio\2022\BuildTools\MSBuild\Microsoft\VC\v170\Microsoft.CppBuild.targets(1129,5): warning MSB8027: Mehrere Dateien mit dem Namen CustomizeObjectSettingsPopup.cpp führen zu Ausgaben am selben Speicherort. Dadurch kann ein falsches Buildergebnis entstehen. Die betroffenen Dateien sind C:\PlatformerSaves\PlatformerSaves\build\_deps\bindings-src\bindings\2.2081\inline\CustomizeObjectSettingsPopup.cpp, C:\PlatformerSaves\PlatformerSaves\build\bindings\bindings\Geode\source\CustomizeObjectSettingsPopup.cpp. [C:\PlatformerSaves\PlatformerSaves\build\bindings\GeodeBindings.vcxproj]
C:\Program Files (x86)\Microsoft Visual Studio\2022\BuildTools\MSBuild\Microsoft\VC\v170\Microsoft.CppBuild.targets(1129,5): warning MSB8027: Mehrere Dateien mit dem Namen DSP.cpp führen zu Ausgaben am selben Speicherort. Dadurch kann ein falsches Buildergebnis entstehen. Die betroffenen Dateien sind C:\PlatformerSaves\PlatformerSaves\build\_deps\bindings-src\bindings\2.2081\inline\DSP.cpp, C:\PlatformerSaves\PlatformerSaves\build\bindings\bindings\Geode\source\DSP.cpp. [C:\PlatformerSaves\PlatformerSaves\build\bindings\GeodeBindings.vcxproj]
C:\Program Files (x86)\Microsoft Visual Studio\2022\BuildTools\MSBuild\Microsoft\VC\v170\Microsoft.CppBuild.targets(1129,5): warning MSB8027: Mehrere Dateien mit dem Namen DSPConnection.cpp führen zu Ausgaben am selben Speicherort. Dadurch kann ein falsches Buildergebnis entstehen. Die betroffenen Dateien sind C:\PlatformerSaves\PlatformerSaves\build\_deps\bindings-src\bindings\2.2081\inline\DSPConnection.cpp, C:\PlatformerSaves\PlatformerSaves\build\bindings\bindings\Geode\source\DSPConnection.cpp. [C:\PlatformerSaves\PlatformerSaves\build\bindings\GeodeBindings.vcxproj]
C:\Program Files (x86)\Microsoft Visual Studio\2022\BuildTools\MSBuild\Microsoft\VC\v170\Microsoft.CppBuild.targets(1129,5): warning MSB8027: Mehrere Dateien mit dem Namen DS_Dictionary.cpp führen zu Ausgaben am selben Speicherort. Dadurch kann ein falsches Buildergebnis entstehen. Die betroffenen Dateien sind C:\PlatformerSaves\PlatformerSaves\build\_deps\bindings-src\bindings\2.2081\inline\DS_Dictionary.cpp, C:\PlatformerSaves\PlatformerSaves\build\bindings\bindings\Geode\source\DS_Dictionary.cpp. [C:\PlatformerSaves\PlatformerSaves\build\bindings\GeodeBindings.vcxproj]
C:\Program Files (x86)\Microsoft Visual Studio\2022\BuildTools\MSBuild\Microsoft\VC\v170\Microsoft.CppBuild.targets(1129,5): warning MSB8027: Mehrere Dateien mit dem Namen DailyLevelNode.cpp führen zu Ausgaben am selben Speicherort. Dadurch kann ein falsches Buildergebnis entstehen. Die betroffenen Dateien sind C:\PlatformerSaves\PlatformerSaves\build\_deps\bindings-src\bindings\2.2081\inline\DailyLevelNode.cpp, C:\PlatformerSaves\PlatformerSaves\build\bindings\bindings\Geode\source\DailyLevelNode.cpp. [C:\PlatformerSaves\PlatformerSaves\build\bindings\GeodeBindings.vcxproj]
C:\Program Files (x86)\Microsoft Visual Studio\2022\BuildTools\MSBuild\Microsoft\VC\v170\Microsoft.CppBuild.targets(1129,5): warning MSB8027: Mehrere Dateien mit dem Namen DailyLevelPage.cpp führen zu Ausgaben am selben Speicherort. Dadurch kann ein falsches Buildergebnis entstehen. Die betroffenen Dateien sind C:\PlatformerSaves\PlatformerSaves\build\_deps\bindings-src\bindings\2.2081\inline\DailyLevelPage.cpp, C:\PlatformerSaves\PlatformerSaves\build\bindings\bindings\Geode\source\DailyLevelPage.cpp. [C:\PlatformerSaves\PlatformerSaves\build\bindings\GeodeBindings.vcxproj]
C:\Program Files (x86)\Microsoft Visual Studio\2022\BuildTools\MSBuild\Microsoft\VC\v170\Microsoft.CppBuild.targets(1129,5): warning MSB8027: Mehrere Dateien mit dem Namen DashRingObject.cpp führen zu Ausgaben am selben Speicherort. Dadurch kann ein falsches Buildergebnis entstehen. Die betroffenen Dateien sind C:\PlatformerSaves\PlatformerSaves\build\_deps\bindings-src\bindings\2.2081\inline\DashRingObject.cpp, C:\PlatformerSaves\PlatformerSaves\build\bindings\bindings\Geode\source\DashRingObject.cpp. [C:\PlatformerSaves\PlatformerSaves\build\bindings\GeodeBindings.vcxproj]
C:\Program Files (x86)\Microsoft Visual Studio\2022\BuildTools\MSBuild\Microsoft\VC\v170\Microsoft.CppBuild.targets(1129,5): warning MSB8027: Mehrere Dateien mit dem Namen DelayedSpawnNode.cpp führen zu Ausgaben am selben Speicherort. Dadurch kann ein falsches Buildergebnis entstehen. Die betroffenen Dateien sind C:\PlatformerSaves\PlatformerSaves\build\_deps\bindings-src\bindings\2.2081\inline\DelayedSpawnNode.cpp, C:\PlatformerSaves\PlatformerSaves\build\bindings\bindings\Geode\source\DelayedSpawnNode.cpp. [C:\PlatformerSaves\PlatformerSaves\build\bindings\GeodeBindings.vcxproj]
C:\Program Files (x86)\Microsoft Visual Studio\2022\BuildTools\MSBuild\Microsoft\VC\v170\Microsoft.CppBuild.targets(1129,5): warning MSB8027: Mehrere Dateien mit dem Namen DemonFilterDelegate.cpp führen zu Ausgaben am selben Speicherort. Dadurch kann ein falsches Buildergebnis entstehen. Die betroffenen Dateien sind C:\PlatformerSaves\PlatformerSaves\build\_deps\bindings-src\bindings\2.2081\inline\DemonFilterDelegate.cpp, C:\PlatformerSaves\PlatformerSaves\build\bindings\bindings\Geode\source\DemonFilterDelegate.cpp. [C:\PlatformerSaves\PlatformerSaves\build\bindings\GeodeBindings.vcxproj]
C:\Program Files (x86)\Microsoft Visual Studio\2022\BuildTools\MSBuild\Microsoft\VC\v170\Microsoft.CppBuild.targets(1129,5): warning MSB8027: Mehrere Dateien mit dem Namen DemonFilterSelectLayer.cpp führen zu Ausgaben am selben Speicherort. Dadurch kann ein falsches Buildergebnis entstehen. Die betroffenen Dateien sind C:\PlatformerSaves\PlatformerSaves\build\_deps\bindings-src\bindings\2.2081\inline\DemonFilterSelectLayer.cpp, C:\PlatformerSaves\PlatformerSaves\build\bindings\bindings\Geode\source\DemonFilterSelectLayer.cpp. [C:\PlatformerSaves\PlatformerSaves\build\bindings\GeodeBindings.vcxproj]
C:\Program Files (x86)\Microsoft Visual Studio\2022\BuildTools\MSBuild\Microsoft\VC\v170\Microsoft.CppBuild.targets(1129,5): warning MSB8027: Mehrere Dateien mit dem Namen DemonInfoPopup.cpp führen zu Ausgaben am selben Speicherort. Dadurch kann ein falsches Buildergebnis entstehen. Die betroffenen Dateien sind C:\PlatformerSaves\PlatformerSaves\build\_deps\bindings-src\bindings\2.2081\inline\DemonInfoPopup.cpp, C:\PlatformerSaves\PlatformerSaves\build\bindings\bindings\Geode\source\DemonInfoPopup.cpp. [C:\PlatformerSaves\PlatformerSaves\build\bindings\GeodeBindings.vcxproj]
C:\Program Files (x86)\Microsoft Visual Studio\2022\BuildTools\MSBuild\Microsoft\VC\v170\Microsoft.CppBuild.targets(1129,5): warning MSB8027: Mehrere Dateien mit dem Namen DialogDelegate.cpp führen zu Ausgaben am selben Speicherort. Dadurch kann ein falsches Buildergebnis entstehen. Die betroffenen Dateien sind C:\PlatformerSaves\PlatformerSaves\build\_deps\bindings-src\bindings\2.2081\inline\DialogDelegate.cpp, C:\PlatformerSaves\PlatformerSaves\build\bindings\bindings\Geode\source\DialogDelegate.cpp. [C:\PlatformerSaves\PlatformerSaves\build\bindings\GeodeBindings.vcxproj]
C:\Program Files (x86)\Microsoft Visual Studio\2022\BuildTools\MSBuild\Microsoft\VC\v170\Microsoft.CppBuild.targets(1129,5): warning MSB8027: Mehrere Dateien mit dem Namen DialogLayer.cpp führen zu Ausgaben am selben Speicherort. Dadurch kann ein falsches Buildergebnis entstehen. Die betroffenen Dateien sind C:\PlatformerSaves\PlatformerSaves\build\_deps\bindings-src\bindings\2.2081\inline\DialogLayer.cpp, C:\PlatformerSaves\PlatformerSaves\build\bindings\bindings\Geode\source\DialogLayer.cpp. [C:\PlatformerSaves\PlatformerSaves\build\bindings\GeodeBindings.vcxproj]
C:\Program Files (x86)\Microsoft Visual Studio\2022\BuildTools\MSBuild\Microsoft\VC\v170\Microsoft.CppBuild.targets(1129,5): warning MSB8027: Mehrere Dateien mit dem Namen DialogObject.cpp führen zu Ausgaben am selben Speicherort. Dadurch kann ein falsches Buildergebnis entstehen. Die betroffenen Dateien sind C:\PlatformerSaves\PlatformerSaves\build\_deps\bindings-src\bindings\2.2081\inline\DialogObject.cpp, C:\PlatformerSaves\PlatformerSaves\build\bindings\bindings\Geode\source\DialogObject.cpp. [C:\PlatformerSaves\PlatformerSaves\build\bindings\GeodeBindings.vcxproj]
C:\Program Files (x86)\Microsoft Visual Studio\2022\BuildTools\MSBuild\Microsoft\VC\v170\Microsoft.CppBuild.targets(1129,5): warning MSB8027: Mehrere Dateien mit dem Namen DownloadMessageDelegate.cpp führen zu Ausgaben am selben Speicherort. Dadurch kann ein falsches Buildergebnis entstehen. Die betroffenen Dateien sind C:\PlatformerSaves\PlatformerSaves\build\_deps\bindings-src\bindings\2.2081\inline\DownloadMessageDelegate.cpp, C:\PlatformerSaves\PlatformerSaves\build\bindings\bindings\Geode\source\DownloadMessageDelegate.cpp. [C:\PlatformerSaves\PlatformerSaves\build\bindings\GeodeBindings.vcxproj]
C:\Program Files (x86)\Microsoft Visual Studio\2022\BuildTools\MSBuild\Microsoft\VC\v170\Microsoft.CppBuild.targets(1129,5): warning MSB8027: Mehrere Dateien mit dem Namen DrawGridLayer.cpp führen zu Ausgaben am selben Speicherort. Dadurch kann ein falsches Buildergebnis entstehen. Die betroffenen Dateien sind C:\PlatformerSaves\PlatformerSaves\build\_deps\bindings-src\bindings\2.2081\inline\DrawGridLayer.cpp, C:\PlatformerSaves\PlatformerSaves\build\bindings\bindings\Geode\source\DrawGridLayer.cpp. [C:\PlatformerSaves\PlatformerSaves\build\bindings\GeodeBindings.vcxproj]
C:\Program Files (x86)\Microsoft Visual Studio\2022\BuildTools\MSBuild\Microsoft\VC\v170\Microsoft.CppBuild.targets(1129,5): warning MSB8027: Mehrere Dateien mit dem Namen DungeonBarsSprite.cpp führen zu Ausgaben am selben Speicherort. Dadurch kann ein falsches Buildergebnis entstehen. Die betroffenen Dateien sind C:\PlatformerSaves\PlatformerSaves\build\_deps\bindings-src\bindings\2.2081\inline\DungeonBarsSprite.cpp, C:\PlatformerSaves\PlatformerSaves\build\bindings\bindings\Geode\source\DungeonBarsSprite.cpp. [C:\PlatformerSaves\PlatformerSaves\build\bindings\GeodeBindings.vcxproj]
C:\Program Files (x86)\Microsoft Visual Studio\2022\BuildTools\MSBuild\Microsoft\VC\v170\Microsoft.CppBuild.targets(1129,5): warning MSB8027: Mehrere Dateien mit dem Namen DynamicBitset.cpp führen zu Ausgaben am selben Speicherort. Dadurch kann ein falsches Buildergebnis entstehen. Die betroffenen Dateien sind C:\PlatformerSaves\PlatformerSaves\build\_deps\bindings-src\bindings\2.2081\inline\DynamicBitset.cpp, C:\PlatformerSaves\PlatformerSaves\build\bindings\bindings\Geode\source\DynamicBitset.cpp. [C:\PlatformerSaves\PlatformerSaves\build\bindings\GeodeBindings.vcxproj]
C:\Program Files (x86)\Microsoft Visual Studio\2022\BuildTools\MSBuild\Microsoft\VC\v170\Microsoft.CppBuild.targets(1129,5): warning MSB8027: Mehrere Dateien mit dem Namen DynamicMoveCalculation.cpp führen zu Ausgaben am selben Speicherort. Dadurch kann ein falsches Buildergebnis entstehen. Die betroffenen Dateien sind C:\PlatformerSaves\PlatformerSaves\build\_deps\bindings-src\bindings\2.2081\inline\DynamicMoveCalculation.cpp, C:\PlatformerSaves\PlatformerSaves\build\bindings\bindings\Geode\source\DynamicMoveCalculation.cpp. [C:\PlatformerSaves\PlatformerSaves\build\bindings\GeodeBindings.vcxproj]
C:\Program Files (x86)\Microsoft Visual Studio\2022\BuildTools\MSBuild\Microsoft\VC\v170\Microsoft.CppBuild.targets(1129,5): warning MSB8027: Mehrere Dateien mit dem Namen DynamicObjectAction.cpp führen zu Ausgaben am selben Speicherort. Dadurch kann ein falsches Buildergebnis entstehen. Die betroffenen Dateien sind C:\PlatformerSaves\PlatformerSaves\build\_deps\bindings-src\bindings\2.2081\inline\DynamicObjectAction.cpp, C:\PlatformerSaves\PlatformerSaves\build\bindings\bindings\Geode\source\DynamicObjectAction.cpp. [C:\PlatformerSaves\PlatformerSaves\build\bindings\GeodeBindings.vcxproj]
C:\Program Files (x86)\Microsoft Visual Studio\2022\BuildTools\MSBuild\Microsoft\VC\v170\Microsoft.CppBuild.targets(1129,5): warning MSB8027: Mehrere Dateien mit dem Namen DynamicScrollDelegate.cpp führen zu Ausgaben am selben Speicherort. Dadurch kann ein falsches Buildergebnis entstehen. Die betroffenen Dateien sind C:\PlatformerSaves\PlatformerSaves\build\_deps\bindings-src\bindings\2.2081\inline\DynamicScrollDelegate.cpp, C:\PlatformerSaves\PlatformerSaves\build\bindings\bindings\Geode\source\DynamicScrollDelegate.cpp. [C:\PlatformerSaves\PlatformerSaves\build\bindings\GeodeBindings.vcxproj]
C:\Program Files (x86)\Microsoft Visual Studio\2022\BuildTools\MSBuild\Microsoft\VC\v170\Microsoft.CppBuild.targets(1129,5): warning MSB8027: Mehrere Dateien mit dem Namen EditButtonBar.cpp führen zu Ausgaben am selben Speicherort. Dadurch kann ein falsches Buildergebnis entstehen. Die betroffenen Dateien sind C:\PlatformerSaves\PlatformerSaves\build\_deps\bindings-src\bindings\2.2081\inline\EditButtonBar.cpp, C:\PlatformerSaves\PlatformerSaves\build\bindings\bindings\Geode\source\EditButtonBar.cpp. [C:\PlatformerSaves\PlatformerSaves\build\bindings\GeodeBindings.vcxproj]
C:\Program Files (x86)\Microsoft Visual Studio\2022\BuildTools\MSBuild\Microsoft\VC\v170\Microsoft.CppBuild.targets(1129,5): warning MSB8027: Mehrere Dateien mit dem Namen EditGameObjectPopup.cpp führen zu Ausgaben am selben Speicherort. Dadurch kann ein falsches Buildergebnis entstehen. Die betroffenen Dateien sind C:\PlatformerSaves\PlatformerSaves\build\_deps\bindings-src\bindings\2.2081\inline\EditGameObjectPopup.cpp, C:\PlatformerSaves\PlatformerSaves\build\bindings\bindings\Geode\source\EditGameObjectPopup.cpp. [C:\PlatformerSaves\PlatformerSaves\build\bindings\GeodeBindings.vcxproj]
C:\Program Files (x86)\Microsoft Visual Studio\2022\BuildTools\MSBuild\Microsoft\VC\v170\Microsoft.CppBuild.targets(1129,5): warning MSB8027: Mehrere Dateien mit dem Namen EditLevelLayer.cpp führen zu Ausgaben am selben Speicherort. Dadurch kann ein falsches Buildergebnis entstehen. Die betroffenen Dateien sind C:\PlatformerSaves\PlatformerSaves\build\_deps\bindings-src\bindings\2.2081\inline\EditLevelLayer.cpp, C:\PlatformerSaves\PlatformerSaves\build\bindings\bindings\Geode\source\EditLevelLayer.cpp. [C:\PlatformerSaves\PlatformerSaves\build\bindings\GeodeBindings.vcxproj]
C:\Program Files (x86)\Microsoft Visual Studio\2022\BuildTools\MSBuild\Microsoft\VC\v170\Microsoft.CppBuild.targets(1129,5): warning MSB8027: Mehrere Dateien mit dem Namen EditTriggersPopup.cpp führen zu Ausgaben am selben Speicherort. Dadurch kann ein falsches Buildergebnis entstehen. Die betroffenen Dateien sind C:\PlatformerSaves\PlatformerSaves\build\_deps\bindings-src\bindings\2.2081\inline\EditTriggersPopup.cpp, C:\PlatformerSaves\PlatformerSaves\build\bindings\bindings\Geode\source\EditTriggersPopup.cpp. [C:\PlatformerSaves\PlatformerSaves\build\bindings\GeodeBindings.vcxproj]
C:\Program Files (x86)\Microsoft Visual Studio\2022\BuildTools\MSBuild\Microsoft\VC\v170\Microsoft.CppBuild.targets(1129,5): warning MSB8027: Mehrere Dateien mit dem Namen EditorOptionsLayer.cpp führen zu Ausgaben am selben Speicherort. Dadurch kann ein falsches Buildergebnis entstehen. Die betroffenen Dateien sind C:\PlatformerSaves\PlatformerSaves\build\_deps\bindings-src\bindings\2.2081\inline\EditorOptionsLayer.cpp, C:\PlatformerSaves\PlatformerSaves\build\bindings\bindings\Geode\source\EditorOptionsLayer.cpp. [C:\PlatformerSaves\PlatformerSaves\build\bindings\GeodeBindings.vcxproj]
C:\Program Files (x86)\Microsoft Visual Studio\2022\BuildTools\MSBuild\Microsoft\VC\v170\Microsoft.CppBuild.targets(1129,5): warning MSB8027: Mehrere Dateien mit dem Namen EditorPauseLayer.cpp führen zu Ausgaben am selben Speicherort. Dadurch kann ein falsches Buildergebnis entstehen. Die betroffenen Dateien sind C:\PlatformerSaves\PlatformerSaves\build\_deps\bindings-src\bindings\2.2081\inline\EditorPauseLayer.cpp, C:\PlatformerSaves\PlatformerSaves\build\bindings\bindings\Geode\source\EditorPauseLayer.cpp. [C:\PlatformerSaves\PlatformerSaves\build\bindings\GeodeBindings.vcxproj]
C:\Program Files (x86)\Microsoft Visual Studio\2022\BuildTools\MSBuild\Microsoft\VC\v170\Microsoft.CppBuild.targets(1129,5): warning MSB8027: Mehrere Dateien mit dem Namen EditorUI.cpp führen zu Ausgaben am selben Speicherort. Dadurch kann ein falsches Buildergebnis entstehen. Die betroffenen Dateien sind C:\PlatformerSaves\PlatformerSaves\build\_deps\bindings-src\bindings\2.2081\inline\EditorUI.cpp, C:\PlatformerSaves\PlatformerSaves\build\bindings\bindings\Geode\source\EditorUI.cpp. [C:\PlatformerSaves\PlatformerSaves\build\bindings\GeodeBindings.vcxproj]
C:\Program Files (x86)\Microsoft Visual Studio\2022\BuildTools\MSBuild\Microsoft\VC\v170\Microsoft.CppBuild.targets(1129,5): warning MSB8027: Mehrere Dateien mit dem Namen EffectGameObject.cpp führen zu Ausgaben am selben Speicherort. Dadurch kann ein falsches Buildergebnis entstehen. Die betroffenen Dateien sind C:\PlatformerSaves\PlatformerSaves\build\_deps\bindings-src\bindings\2.2081\inline\EffectGameObject.cpp, C:\PlatformerSaves\PlatformerSaves\build\bindings\bindings\Geode\source\EffectGameObject.cpp. [C:\PlatformerSaves\PlatformerSaves\build\bindings\GeodeBindings.vcxproj]
C:\Program Files (x86)\Microsoft Visual Studio\2022\BuildTools\MSBuild\Microsoft\VC\v170\Microsoft.CppBuild.targets(1129,5): warning MSB8027: Mehrere Dateien mit dem Namen EffectManagerState.cpp führen zu Ausgaben am selben Speicherort. Dadurch kann ein falsches Buildergebnis entstehen. Die betroffenen Dateien sind C:\PlatformerSaves\PlatformerSaves\build\_deps\bindings-src\bindings\2.2081\inline\EffectManagerState.cpp, C:\PlatformerSaves\PlatformerSaves\build\bindings\bindings\Geode\source\EffectManagerState.cpp. [C:\PlatformerSaves\PlatformerSaves\build\bindings\GeodeBindings.vcxproj]
C:\Program Files (x86)\Microsoft Visual Studio\2022\BuildTools\MSBuild\Microsoft\VC\v170\Microsoft.CppBuild.targets(1129,5): warning MSB8027: Mehrere Dateien mit dem Namen EndLevelLayer.cpp führen zu Ausgaben am selben Speicherort. Dadurch kann ein falsches Buildergebnis entstehen. Die betroffenen Dateien sind C:\PlatformerSaves\PlatformerSaves\build\_deps\bindings-src\bindings\2.2081\inline\EndLevelLayer.cpp, C:\PlatformerSaves\PlatformerSaves\build\bindings\bindings\Geode\source\EndLevelLayer.cpp. [C:\PlatformerSaves\PlatformerSaves\build\bindings\GeodeBindings.vcxproj]
C:\Program Files (x86)\Microsoft Visual Studio\2022\BuildTools\MSBuild\Microsoft\VC\v170\Microsoft.CppBuild.targets(1129,5): warning MSB8027: Mehrere Dateien mit dem Namen EndPortalObject.cpp führen zu Ausgaben am selben Speicherort. Dadurch kann ein falsches Buildergebnis entstehen. Die betroffenen Dateien sind C:\PlatformerSaves\PlatformerSaves\build\_deps\bindings-src\bindings\2.2081\inline\EndPortalObject.cpp, C:\PlatformerSaves\PlatformerSaves\build\bindings\bindings\Geode\source\EndPortalObject.cpp. [C:\PlatformerSaves\PlatformerSaves\build\bindings\GeodeBindings.vcxproj]
C:\Program Files (x86)\Microsoft Visual Studio\2022\BuildTools\MSBuild\Microsoft\VC\v170\Microsoft.CppBuild.targets(1129,5): warning MSB8027: Mehrere Dateien mit dem Namen EndTriggerGameObject.cpp führen zu Ausgaben am selben Speicherort. Dadurch kann ein falsches Buildergebnis entstehen. Die betroffenen Dateien sind C:\PlatformerSaves\PlatformerSaves\build\_deps\bindings-src\bindings\2.2081\inline\EndTriggerGameObject.cpp, C:\PlatformerSaves\PlatformerSaves\build\bindings\bindings\Geode\source\EndTriggerGameObject.cpp. [C:\PlatformerSaves\PlatformerSaves\build\bindings\GeodeBindings.vcxproj]
C:\Program Files (x86)\Microsoft Visual Studio\2022\BuildTools\MSBuild\Microsoft\VC\v170\Microsoft.CppBuild.targets(1129,5): warning MSB8027: Mehrere Dateien mit dem Namen EnhancedGameObject.cpp führen zu Ausgaben am selben Speicherort. Dadurch kann ein falsches Buildergebnis entstehen. Die betroffenen Dateien sind C:\PlatformerSaves\PlatformerSaves\build\_deps\bindings-src\bindings\2.2081\inline\EnhancedGameObject.cpp, C:\PlatformerSaves\PlatformerSaves\build\bindings\bindings\Geode\source\EnhancedGameObject.cpp. [C:\PlatformerSaves\PlatformerSaves\build\bindings\GeodeBindings.vcxproj]
C:\Program Files (x86)\Microsoft Visual Studio\2022\BuildTools\MSBuild\Microsoft\VC\v170\Microsoft.CppBuild.targets(1129,5): warning MSB8027: Mehrere Dateien mit dem Namen EnhancedTriggerObject.cpp führen zu Ausgaben am selben Speicherort. Dadurch kann ein falsches Buildergebnis entstehen. Die betroffenen Dateien sind C:\PlatformerSaves\PlatformerSaves\build\_deps\bindings-src\bindings\2.2081\inline\EnhancedTriggerObject.cpp, C:\PlatformerSaves\PlatformerSaves\build\bindings\bindings\Geode\source\EnhancedTriggerObject.cpp. [C:\PlatformerSaves\PlatformerSaves\build\bindings\GeodeBindings.vcxproj]
C:\Program Files (x86)\Microsoft Visual Studio\2022\BuildTools\MSBuild\Microsoft\VC\v170\Microsoft.CppBuild.targets(1129,5): warning MSB8027: Mehrere Dateien mit dem Namen EnterEffectAnimValue.cpp führen zu Ausgaben am selben Speicherort. Dadurch kann ein falsches Buildergebnis entstehen. Die betroffenen Dateien sind C:\PlatformerSaves\PlatformerSaves\build\_deps\bindings-src\bindings\2.2081\inline\EnterEffectAnimValue.cpp, C:\PlatformerSaves\PlatformerSaves\build\bindings\bindings\Geode\source\EnterEffectAnimValue.cpp. [C:\PlatformerSaves\PlatformerSaves\build\bindings\GeodeBindings.vcxproj]
C:\Program Files (x86)\Microsoft Visual Studio\2022\BuildTools\MSBuild\Microsoft\VC\v170\Microsoft.CppBuild.targets(1129,5): warning MSB8027: Mehrere Dateien mit dem Namen EnterEffectInstance.cpp führen zu Ausgaben am selben Speicherort. Dadurch kann ein falsches Buildergebnis entstehen. Die betroffenen Dateien sind C:\PlatformerSaves\PlatformerSaves\build\_deps\bindings-src\bindings\2.2081\inline\EnterEffectInstance.cpp, C:\PlatformerSaves\PlatformerSaves\build\bindings\bindings\Geode\source\EnterEffectInstance.cpp. [C:\PlatformerSaves\PlatformerSaves\build\bindings\GeodeBindings.vcxproj]
C:\Program Files (x86)\Microsoft Visual Studio\2022\BuildTools\MSBuild\Microsoft\VC\v170\Microsoft.CppBuild.targets(1129,5): warning MSB8027: Mehrere Dateien mit dem Namen EnterEffectObject.cpp führen zu Ausgaben am selben Speicherort. Dadurch kann ein falsches Buildergebnis entstehen. Die betroffenen Dateien sind C:\PlatformerSaves\PlatformerSaves\build\_deps\bindings-src\bindings\2.2081\inline\EnterEffectObject.cpp, C:\PlatformerSaves\PlatformerSaves\build\bindings\bindings\Geode\source\EnterEffectObject.cpp. [C:\PlatformerSaves\PlatformerSaves\build\bindings\GeodeBindings.vcxproj]
C:\Program Files (x86)\Microsoft Visual Studio\2022\BuildTools\MSBuild\Microsoft\VC\v170\Microsoft.CppBuild.targets(1129,5): warning MSB8027: Mehrere Dateien mit dem Namen EventLinkTrigger.cpp führen zu Ausgaben am selben Speicherort. Dadurch kann ein falsches Buildergebnis entstehen. Die betroffenen Dateien sind C:\PlatformerSaves\PlatformerSaves\build\_deps\bindings-src\bindings\2.2081\inline\EventLinkTrigger.cpp, C:\PlatformerSaves\PlatformerSaves\build\bindings\bindings\Geode\source\EventLinkTrigger.cpp. [C:\PlatformerSaves\PlatformerSaves\build\bindings\GeodeBindings.vcxproj]
C:\Program Files (x86)\Microsoft Visual Studio\2022\BuildTools\MSBuild\Microsoft\VC\v170\Microsoft.CppBuild.targets(1129,5): warning MSB8027: Mehrere Dateien mit dem Namen EventTriggerInstance.cpp führen zu Ausgaben am selben Speicherort. Dadurch kann ein falsches Buildergebnis entstehen. Die betroffenen Dateien sind C:\PlatformerSaves\PlatformerSaves\build\_deps\bindings-src\bindings\2.2081\inline\EventTriggerInstance.cpp, C:\PlatformerSaves\PlatformerSaves\build\bindings\bindings\Geode\source\EventTriggerInstance.cpp. [C:\PlatformerSaves\PlatformerSaves\build\bindings\GeodeBindings.vcxproj]
C:\Program Files (x86)\Microsoft Visual Studio\2022\BuildTools\MSBuild\Microsoft\VC\v170\Microsoft.CppBuild.targets(1129,5): warning MSB8027: Mehrere Dateien mit dem Namen ExplodeItemNode.cpp führen zu Ausgaben am selben Speicherort. Dadurch kann ein falsches Buildergebnis entstehen. Die betroffenen Dateien sind C:\PlatformerSaves\PlatformerSaves\build\_deps\bindings-src\bindings\2.2081\inline\ExplodeItemNode.cpp, C:\PlatformerSaves\PlatformerSaves\build\bindings\bindings\Geode\source\ExplodeItemNode.cpp. [C:\PlatformerSaves\PlatformerSaves\build\bindings\GeodeBindings.vcxproj]
C:\Program Files (x86)\Microsoft Visual Studio\2022\BuildTools\MSBuild\Microsoft\VC\v170\Microsoft.CppBuild.targets(1129,5): warning MSB8027: Mehrere Dateien mit dem Namen ExplodeItemSprite.cpp führen zu Ausgaben am selben Speicherort. Dadurch kann ein falsches Buildergebnis entstehen. Die betroffenen Dateien sind C:\PlatformerSaves\PlatformerSaves\build\_deps\bindings-src\bindings\2.2081\inline\ExplodeItemSprite.cpp, C:\PlatformerSaves\PlatformerSaves\build\bindings\bindings\Geode\source\ExplodeItemSprite.cpp. [C:\PlatformerSaves\PlatformerSaves\build\bindings\GeodeBindings.vcxproj]
C:\Program Files (x86)\Microsoft Visual Studio\2022\BuildTools\MSBuild\Microsoft\VC\v170\Microsoft.CppBuild.targets(1129,5): warning MSB8027: Mehrere Dateien mit dem Namen ExtendedLayer.cpp führen zu Ausgaben am selben Speicherort. Dadurch kann ein falsches Buildergebnis entstehen. Die betroffenen Dateien sind C:\PlatformerSaves\PlatformerSaves\build\_deps\bindings-src\bindings\2.2081\inline\ExtendedLayer.cpp, C:\PlatformerSaves\PlatformerSaves\build\bindings\bindings\Geode\source\ExtendedLayer.cpp. [C:\PlatformerSaves\PlatformerSaves\build\bindings\GeodeBindings.vcxproj]
C:\Program Files (x86)\Microsoft Visual Studio\2022\BuildTools\MSBuild\Microsoft\VC\v170\Microsoft.CppBuild.targets(1129,5): warning MSB8027: Mehrere Dateien mit dem Namen FLAlertLayer.cpp führen zu Ausgaben am selben Speicherort. Dadurch kann ein falsches Buildergebnis entstehen. Die betroffenen Dateien sind C:\PlatformerSaves\PlatformerSaves\build\_deps\bindings-src\bindings\2.2081\inline\FLAlertLayer.cpp, C:\PlatformerSaves\PlatformerSaves\build\bindings\bindings\Geode\source\FLAlertLayer.cpp. [C:\PlatformerSaves\PlatformerSaves\build\bindings\GeodeBindings.vcxproj]
C:\Program Files (x86)\Microsoft Visual Studio\2022\BuildTools\MSBuild\Microsoft\VC\v170\Microsoft.CppBuild.targets(1129,5): warning MSB8027: Mehrere Dateien mit dem Namen FLAlertLayerProtocol.cpp führen zu Ausgaben am selben Speicherort. Dadurch kann ein falsches Buildergebnis entstehen. Die betroffenen Dateien sind C:\PlatformerSaves\PlatformerSaves\build\_deps\bindings-src\bindings\2.2081\inline\FLAlertLayerProtocol.cpp, C:\PlatformerSaves\PlatformerSaves\build\bindings\bindings\Geode\source\FLAlertLayerProtocol.cpp. [C:\PlatformerSaves\PlatformerSaves\build\bindings\GeodeBindings.vcxproj]
C:\Program Files (x86)\Microsoft Visual Studio\2022\BuildTools\MSBuild\Microsoft\VC\v170\Microsoft.CppBuild.targets(1129,5): warning MSB8027: Mehrere Dateien mit dem Namen FMODAudioEngine.cpp führen zu Ausgaben am selben Speicherort. Dadurch kann ein falsches Buildergebnis entstehen. Die betroffenen Dateien sind C:\PlatformerSaves\PlatformerSaves\build\_deps\bindings-src\bindings\2.2081\inline\FMODAudioEngine.cpp, C:\PlatformerSaves\PlatformerSaves\build\bindings\bindings\Geode\source\FMODAudioEngine.cpp. [C:\PlatformerSaves\PlatformerSaves\build\bindings\GeodeBindings.vcxproj]
C:\Program Files (x86)\Microsoft Visual Studio\2022\BuildTools\MSBuild\Microsoft\VC\v170\Microsoft.CppBuild.targets(1129,5): warning MSB8027: Mehrere Dateien mit dem Namen FMODAudioState.cpp führen zu Ausgaben am selben Speicherort. Dadurch kann ein falsches Buildergebnis entstehen. Die betroffenen Dateien sind C:\PlatformerSaves\PlatformerSaves\build\_deps\bindings-src\bindings\2.2081\inline\FMODAudioState.cpp, C:\PlatformerSaves\PlatformerSaves\build\bindings\bindings\Geode\source\FMODAudioState.cpp. [C:\PlatformerSaves\PlatformerSaves\build\bindings\GeodeBindings.vcxproj]
C:\Program Files (x86)\Microsoft Visual Studio\2022\BuildTools\MSBuild\Microsoft\VC\v170\Microsoft.CppBuild.targets(1129,5): warning MSB8027: Mehrere Dateien mit dem Namen FMODLevelVisualizer.cpp führen zu Ausgaben am selben Speicherort. Dadurch kann ein falsches Buildergebnis entstehen. Die betroffenen Dateien sind C:\PlatformerSaves\PlatformerSaves\build\_deps\bindings-src\bindings\2.2081\inline\FMODLevelVisualizer.cpp, C:\PlatformerSaves\PlatformerSaves\build\bindings\bindings\Geode\source\FMODLevelVisualizer.cpp. [C:\PlatformerSaves\PlatformerSaves\build\bindings\GeodeBindings.vcxproj]
C:\Program Files (x86)\Microsoft Visual Studio\2022\BuildTools\MSBuild\Microsoft\VC\v170\Microsoft.CppBuild.targets(1129,5): warning MSB8027: Mehrere Dateien mit dem Namen FMODMusic.cpp führen zu Ausgaben am selben Speicherort. Dadurch kann ein falsches Buildergebnis entstehen. Die betroffenen Dateien sind C:\PlatformerSaves\PlatformerSaves\build\_deps\bindings-src\bindings\2.2081\inline\FMODMusic.cpp, C:\PlatformerSaves\PlatformerSaves\build\bindings\bindings\Geode\source\FMODMusic.cpp. [C:\PlatformerSaves\PlatformerSaves\build\bindings\GeodeBindings.vcxproj]
C:\Program Files (x86)\Microsoft Visual Studio\2022\BuildTools\MSBuild\Microsoft\VC\v170\Microsoft.CppBuild.targets(1129,5): warning MSB8027: Mehrere Dateien mit dem Namen FMODQueuedEffect.cpp führen zu Ausgaben am selben Speicherort. Dadurch kann ein falsches Buildergebnis entstehen. Die betroffenen Dateien sind C:\PlatformerSaves\PlatformerSaves\build\_deps\bindings-src\bindings\2.2081\inline\FMODQueuedEffect.cpp, C:\PlatformerSaves\PlatformerSaves\build\bindings\bindings\Geode\source\FMODQueuedEffect.cpp. [C:\PlatformerSaves\PlatformerSaves\build\bindings\GeodeBindings.vcxproj]
C:\Program Files (x86)\Microsoft Visual Studio\2022\BuildTools\MSBuild\Microsoft\VC\v170\Microsoft.CppBuild.targets(1129,5): warning MSB8027: Mehrere Dateien mit dem Namen FMODQueuedMusic.cpp führen zu Ausgaben am selben Speicherort. Dadurch kann ein falsches Buildergebnis entstehen. Die betroffenen Dateien sind C:\PlatformerSaves\PlatformerSaves\build\_deps\bindings-src\bindings\2.2081\inline\FMODQueuedMusic.cpp, C:\PlatformerSaves\PlatformerSaves\build\bindings\bindings\Geode\source\FMODQueuedMusic.cpp. [C:\PlatformerSaves\PlatformerSaves\build\bindings\GeodeBindings.vcxproj]
C:\Program Files (x86)\Microsoft Visual Studio\2022\BuildTools\MSBuild\Microsoft\VC\v170\Microsoft.CppBuild.targets(1129,5): warning MSB8027: Mehrere Dateien mit dem Namen FMODSound.cpp führen zu Ausgaben am selben Speicherort. Dadurch kann ein falsches Buildergebnis entstehen. Die betroffenen Dateien sind C:\PlatformerSaves\PlatformerSaves\build\_deps\bindings-src\bindings\2.2081\inline\FMODSound.cpp, C:\PlatformerSaves\PlatformerSaves\build\bindings\bindings\Geode\source\FMODSound.cpp. [C:\PlatformerSaves\PlatformerSaves\build\bindings\GeodeBindings.vcxproj]
C:\Program Files (x86)\Microsoft Visual Studio\2022\BuildTools\MSBuild\Microsoft\VC\v170\Microsoft.CppBuild.targets(1129,5): warning MSB8027: Mehrere Dateien mit dem Namen FMODSoundState.cpp führen zu Ausgaben am selben Speicherort. Dadurch kann ein falsches Buildergebnis entstehen. Die betroffenen Dateien sind C:\PlatformerSaves\PlatformerSaves\build\_deps\bindings-src\bindings\2.2081\inline\FMODSoundState.cpp, C:\PlatformerSaves\PlatformerSaves\build\bindings\bindings\Geode\source\FMODSoundState.cpp. [C:\PlatformerSaves\PlatformerSaves\build\bindings\GeodeBindings.vcxproj]
C:\Program Files (x86)\Microsoft Visual Studio\2022\BuildTools\MSBuild\Microsoft\VC\v170\Microsoft.CppBuild.targets(1129,5): warning MSB8027: Mehrere Dateien mit dem Namen FMODSoundTween.cpp führen zu Ausgaben am selben Speicherort. Dadurch kann ein falsches Buildergebnis entstehen. Die betroffenen Dateien sind C:\PlatformerSaves\PlatformerSaves\build\_deps\bindings-src\bindings\2.2081\inline\FMODSoundTween.cpp, C:\PlatformerSaves\PlatformerSaves\build\bindings\bindings\Geode\source\FMODSoundTween.cpp. [C:\PlatformerSaves\PlatformerSaves\build\bindings\GeodeBindings.vcxproj]
C:\Program Files (x86)\Microsoft Visual Studio\2022\BuildTools\MSBuild\Microsoft\VC\v170\Microsoft.CppBuild.targets(1129,5): warning MSB8027: Mehrere Dateien mit dem Namen FRequestProfilePage.cpp führen zu Ausgaben am selben Speicherort. Dadurch kann ein falsches Buildergebnis entstehen. Die betroffenen Dateien sind C:\PlatformerSaves\PlatformerSaves\build\_deps\bindings-src\bindings\2.2081\inline\FRequestProfilePage.cpp, C:\PlatformerSaves\PlatformerSaves\build\bindings\bindings\Geode\source\FRequestProfilePage.cpp. [C:\PlatformerSaves\PlatformerSaves\build\bindings\GeodeBindings.vcxproj]
C:\Program Files (x86)\Microsoft Visual Studio\2022\BuildTools\MSBuild\Microsoft\VC\v170\Microsoft.CppBuild.targets(1129,5): warning MSB8027: Mehrere Dateien mit dem Namen FileOperation.cpp führen zu Ausgaben am selben Speicherort. Dadurch kann ein falsches Buildergebnis entstehen. Die betroffenen Dateien sind C:\PlatformerSaves\PlatformerSaves\build\_deps\bindings-src\bindings\2.2081\inline\FileOperation.cpp, C:\PlatformerSaves\PlatformerSaves\build\bindings\bindings\Geode\source\FileOperation.cpp. [C:\PlatformerSaves\PlatformerSaves\build\bindings\GeodeBindings.vcxproj]
C:\Program Files (x86)\Microsoft Visual Studio\2022\BuildTools\MSBuild\Microsoft\VC\v170\Microsoft.CppBuild.targets(1129,5): warning MSB8027: Mehrere Dateien mit dem Namen FileSaveManager.cpp führen zu Ausgaben am selben Speicherort. Dadurch kann ein falsches Buildergebnis entstehen. Die betroffenen Dateien sind C:\PlatformerSaves\PlatformerSaves\build\_deps\bindings-src\bindings\2.2081\inline\FileSaveManager.cpp, C:\PlatformerSaves\PlatformerSaves\build\bindings\bindings\Geode\source\FileSaveManager.cpp. [C:\PlatformerSaves\PlatformerSaves\build\bindings\GeodeBindings.vcxproj]
C:\Program Files (x86)\Microsoft Visual Studio\2022\BuildTools\MSBuild\Microsoft\VC\v170\Microsoft.CppBuild.targets(1129,5): warning MSB8027: Mehrere Dateien mit dem Namen FindBPMLayer.cpp führen zu Ausgaben am selben Speicherort. Dadurch kann ein falsches Buildergebnis entstehen. Die betroffenen Dateien sind C:\PlatformerSaves\PlatformerSaves\build\_deps\bindings-src\bindings\2.2081\inline\FindBPMLayer.cpp, C:\PlatformerSaves\PlatformerSaves\build\bindings\bindings\Geode\source\FindBPMLayer.cpp. [C:\PlatformerSaves\PlatformerSaves\build\bindings\GeodeBindings.vcxproj]
C:\Program Files (x86)\Microsoft Visual Studio\2022\BuildTools\MSBuild\Microsoft\VC\v170\Microsoft.CppBuild.targets(1129,5): warning MSB8027: Mehrere Dateien mit dem Namen FindObjectPopup.cpp führen zu Ausgaben am selben Speicherort. Dadurch kann ein falsches Buildergebnis entstehen. Die betroffenen Dateien sind C:\PlatformerSaves\PlatformerSaves\build\_deps\bindings-src\bindings\2.2081\inline\FindObjectPopup.cpp, C:\PlatformerSaves\PlatformerSaves\build\bindings\bindings\Geode\source\FindObjectPopup.cpp. [C:\PlatformerSaves\PlatformerSaves\build\bindings\GeodeBindings.vcxproj]
C:\Program Files (x86)\Microsoft Visual Studio\2022\BuildTools\MSBuild\Microsoft\VC\v170\Microsoft.CppBuild.targets(1129,5): warning MSB8027: Mehrere Dateien mit dem Namen FollowRewardPage.cpp führen zu Ausgaben am selben Speicherort. Dadurch kann ein falsches Buildergebnis entstehen. Die betroffenen Dateien sind C:\PlatformerSaves\PlatformerSaves\build\_deps\bindings-src\bindings\2.2081\inline\FollowRewardPage.cpp, C:\PlatformerSaves\PlatformerSaves\build\bindings\bindings\Geode\source\FollowRewardPage.cpp. [C:\PlatformerSaves\PlatformerSaves\build\bindings\GeodeBindings.vcxproj]
C:\Program Files (x86)\Microsoft Visual Studio\2022\BuildTools\MSBuild\Microsoft\VC\v170\Microsoft.CppBuild.targets(1129,5): warning MSB8027: Mehrere Dateien mit dem Namen FontObject.cpp führen zu Ausgaben am selben Speicherort. Dadurch kann ein falsches Buildergebnis entstehen. Die betroffenen Dateien sind C:\PlatformerSaves\PlatformerSaves\build\_deps\bindings-src\bindings\2.2081\inline\FontObject.cpp, C:\PlatformerSaves\PlatformerSaves\build\bindings\bindings\Geode\source\FontObject.cpp. [C:\PlatformerSaves\PlatformerSaves\build\bindings\GeodeBindings.vcxproj]
C:\Program Files (x86)\Microsoft Visual Studio\2022\BuildTools\MSBuild\Microsoft\VC\v170\Microsoft.CppBuild.targets(1129,5): warning MSB8027: Mehrere Dateien mit dem Namen ForceBlockGameObject.cpp führen zu Ausgaben am selben Speicherort. Dadurch kann ein falsches Buildergebnis entstehen. Die betroffenen Dateien sind C:\PlatformerSaves\PlatformerSaves\build\_deps\bindings-src\bindings\2.2081\inline\ForceBlockGameObject.cpp, C:\PlatformerSaves\PlatformerSaves\build\bindings\bindings\Geode\source\ForceBlockGameObject.cpp. [C:\PlatformerSaves\PlatformerSaves\build\bindings\GeodeBindings.vcxproj]
C:\Program Files (x86)\Microsoft Visual Studio\2022\BuildTools\MSBuild\Microsoft\VC\v170\Microsoft.CppBuild.targets(1129,5): warning MSB8027: Mehrere Dateien mit dem Namen FriendRequestDelegate.cpp führen zu Ausgaben am selben Speicherort. Dadurch kann ein falsches Buildergebnis entstehen. Die betroffenen Dateien sind C:\PlatformerSaves\PlatformerSaves\build\_deps\bindings-src\bindings\2.2081\inline\FriendRequestDelegate.cpp, C:\PlatformerSaves\PlatformerSaves\build\bindings\bindings\Geode\source\FriendRequestDelegate.cpp. [C:\PlatformerSaves\PlatformerSaves\build\bindings\GeodeBindings.vcxproj]
C:\Program Files (x86)\Microsoft Visual Studio\2022\BuildTools\MSBuild\Microsoft\VC\v170\Microsoft.CppBuild.targets(1129,5): warning MSB8027: Mehrere Dateien mit dem Namen FriendRequestPopup.cpp führen zu Ausgaben am selben Speicherort. Dadurch kann ein falsches Buildergebnis entstehen. Die betroffenen Dateien sind C:\PlatformerSaves\PlatformerSaves\build\_deps\bindings-src\bindings\2.2081\inline\FriendRequestPopup.cpp, C:\PlatformerSaves\PlatformerSaves\build\bindings\bindings\Geode\source\FriendRequestPopup.cpp. [C:\PlatformerSaves\PlatformerSaves\build\bindings\GeodeBindings.vcxproj]
C:\Program Files (x86)\Microsoft Visual Studio\2022\BuildTools\MSBuild\Microsoft\VC\v170\Microsoft.CppBuild.targets(1129,5): warning MSB8027: Mehrere Dateien mit dem Namen FriendsProfilePage.cpp führen zu Ausgaben am selben Speicherort. Dadurch kann ein falsches Buildergebnis entstehen. Die betroffenen Dateien sind C:\PlatformerSaves\PlatformerSaves\build\_deps\bindings-src\bindings\2.2081\inline\FriendsProfilePage.cpp, C:\PlatformerSaves\PlatformerSaves\build\bindings\bindings\Geode\source\FriendsProfilePage.cpp. [C:\PlatformerSaves\PlatformerSaves\build\bindings\GeodeBindings.vcxproj]
C:\Program Files (x86)\Microsoft Visual Studio\2022\BuildTools\MSBuild\Microsoft\VC\v170\Microsoft.CppBuild.targets(1129,5): warning MSB8027: Mehrere Dateien mit dem Namen GJAccountBackupDelegate.cpp führen zu Ausgaben am selben Speicherort. Dadurch kann ein falsches Buildergebnis entstehen. Die betroffenen Dateien sind C:\PlatformerSaves\PlatformerSaves\build\_deps\bindings-src\bindings\2.2081\inline\GJAccountBackupDelegate.cpp, C:\PlatformerSaves\PlatformerSaves\build\bindings\bindings\Geode\source\GJAccountBackupDelegate.cpp. [C:\PlatformerSaves\PlatformerSaves\build\bindings\GeodeBindings.vcxproj]
C:\Program Files (x86)\Microsoft Visual Studio\2022\BuildTools\MSBuild\Microsoft\VC\v170\Microsoft.CppBuild.targets(1129,5): warning MSB8027: Mehrere Dateien mit dem Namen GJAccountDelegate.cpp führen zu Ausgaben am selben Speicherort. Dadurch kann ein falsches Buildergebnis entstehen. Die betroffenen Dateien sind C:\PlatformerSaves\PlatformerSaves\build\_deps\bindings-src\bindings\2.2081\inline\GJAccountDelegate.cpp, C:\PlatformerSaves\PlatformerSaves\build\bindings\bindings\Geode\source\GJAccountDelegate.cpp. [C:\PlatformerSaves\PlatformerSaves\build\bindings\GeodeBindings.vcxproj]
C:\Program Files (x86)\Microsoft Visual Studio\2022\BuildTools\MSBuild\Microsoft\VC\v170\Microsoft.CppBuild.targets(1129,5): warning MSB8027: Mehrere Dateien mit dem Namen GJAccountLoginDelegate.cpp führen zu Ausgaben am selben Speicherort. Dadurch kann ein falsches Buildergebnis entstehen. Die betroffenen Dateien sind C:\PlatformerSaves\PlatformerSaves\build\_deps\bindings-src\bindings\2.2081\inline\GJAccountLoginDelegate.cpp, C:\PlatformerSaves\PlatformerSaves\build\bindings\bindings\Geode\source\GJAccountLoginDelegate.cpp. [C:\PlatformerSaves\PlatformerSaves\build\bindings\GeodeBindings.vcxproj]
C:\Program Files (x86)\Microsoft Visual Studio\2022\BuildTools\MSBuild\Microsoft\VC\v170\Microsoft.CppBuild.targets(1129,5): warning MSB8027: Mehrere Dateien mit dem Namen GJAccountManager.cpp führen zu Ausgaben am selben Speicherort. Dadurch kann ein falsches Buildergebnis entstehen. Die betroffenen Dateien sind C:\PlatformerSaves\PlatformerSaves\build\_deps\bindings-src\bindings\2.2081\inline\GJAccountManager.cpp, C:\PlatformerSaves\PlatformerSaves\build\bindings\bindings\Geode\source\GJAccountManager.cpp. [C:\PlatformerSaves\PlatformerSaves\build\bindings\GeodeBindings.vcxproj]
C:\Program Files (x86)\Microsoft Visual Studio\2022\BuildTools\MSBuild\Microsoft\VC\v170\Microsoft.CppBuild.targets(1129,5): warning MSB8027: Mehrere Dateien mit dem Namen GJAccountRegisterDelegate.cpp führen zu Ausgaben am selben Speicherort. Dadurch kann ein falsches Buildergebnis entstehen. Die betroffenen Dateien sind C:\PlatformerSaves\PlatformerSaves\build\_deps\bindings-src\bindings\2.2081\inline\GJAccountRegisterDelegate.cpp, C:\PlatformerSaves\PlatformerSaves\build\bindings\bindings\Geode\source\GJAccountRegisterDelegate.cpp. [C:\PlatformerSaves\PlatformerSaves\build\bindings\GeodeBindings.vcxproj]
C:\Program Files (x86)\Microsoft Visual Studio\2022\BuildTools\MSBuild\Microsoft\VC\v170\Microsoft.CppBuild.targets(1129,5): warning MSB8027: Mehrere Dateien mit dem Namen GJAccountSettingsDelegate.cpp führen zu Ausgaben am selben Speicherort. Dadurch kann ein falsches Buildergebnis entstehen. Die betroffenen Dateien sind C:\PlatformerSaves\PlatformerSaves\build\_deps\bindings-src\bindings\2.2081\inline\GJAccountSettingsDelegate.cpp, C:\PlatformerSaves\PlatformerSaves\build\bindings\bindings\Geode\source\GJAccountSettingsDelegate.cpp. [C:\PlatformerSaves\PlatformerSaves\build\bindings\GeodeBindings.vcxproj]
C:\Program Files (x86)\Microsoft Visual Studio\2022\BuildTools\MSBuild\Microsoft\VC\v170\Microsoft.CppBuild.targets(1129,5): warning MSB8027: Mehrere Dateien mit dem Namen GJAccountSettingsLayer.cpp führen zu Ausgaben am selben Speicherort. Dadurch kann ein falsches Buildergebnis entstehen. Die betroffenen Dateien sind C:\PlatformerSaves\PlatformerSaves\build\_deps\bindings-src\bindings\2.2081\inline\GJAccountSettingsLayer.cpp, C:\PlatformerSaves\PlatformerSaves\build\bindings\bindings\Geode\source\GJAccountSettingsLayer.cpp. [C:\PlatformerSaves\PlatformerSaves\build\bindings\GeodeBindings.vcxproj]
C:\Program Files (x86)\Microsoft Visual Studio\2022\BuildTools\MSBuild\Microsoft\VC\v170\Microsoft.CppBuild.targets(1129,5): warning MSB8027: Mehrere Dateien mit dem Namen GJAccountSyncDelegate.cpp führen zu Ausgaben am selben Speicherort. Dadurch kann ein falsches Buildergebnis entstehen. Die betroffenen Dateien sind C:\PlatformerSaves\PlatformerSaves\build\_deps\bindings-src\bindings\2.2081\inline\GJAccountSyncDelegate.cpp, C:\PlatformerSaves\PlatformerSaves\build\bindings\bindings\Geode\source\GJAccountSyncDelegate.cpp. [C:\PlatformerSaves\PlatformerSaves\build\bindings\GeodeBindings.vcxproj]
C:\Program Files (x86)\Microsoft Visual Studio\2022\BuildTools\MSBuild\Microsoft\VC\v170\Microsoft.CppBuild.targets(1129,5): warning MSB8027: Mehrere Dateien mit dem Namen GJActionManager.cpp führen zu Ausgaben am selben Speicherort. Dadurch kann ein falsches Buildergebnis entstehen. Die betroffenen Dateien sind C:\PlatformerSaves\PlatformerSaves\build\_deps\bindings-src\bindings\2.2081\inline\GJActionManager.cpp, C:\PlatformerSaves\PlatformerSaves\build\bindings\bindings\Geode\source\GJActionManager.cpp. [C:\PlatformerSaves\PlatformerSaves\build\bindings\GeodeBindings.vcxproj]
C:\Program Files (x86)\Microsoft Visual Studio\2022\BuildTools\MSBuild\Microsoft\VC\v170\Microsoft.CppBuild.targets(1129,5): warning MSB8027: Mehrere Dateien mit dem Namen GJAssetDownloadAction.cpp führen zu Ausgaben am selben Speicherort. Dadurch kann ein falsches Buildergebnis entstehen. Die betroffenen Dateien sind C:\PlatformerSaves\PlatformerSaves\build\_deps\bindings-src\bindings\2.2081\inline\GJAssetDownloadAction.cpp, C:\PlatformerSaves\PlatformerSaves\build\bindings\bindings\Geode\source\GJAssetDownloadAction.cpp. [C:\PlatformerSaves\PlatformerSaves\build\bindings\GeodeBindings.vcxproj]
C:\Program Files (x86)\Microsoft Visual Studio\2022\BuildTools\MSBuild\Microsoft\VC\v170\Microsoft.CppBuild.targets(1129,5): warning MSB8027: Mehrere Dateien mit dem Namen GJBaseGameLayer.cpp führen zu Ausgaben am selben Speicherort. Dadurch kann ein falsches Buildergebnis entstehen. Die betroffenen Dateien sind C:\PlatformerSaves\PlatformerSaves\build\_deps\bindings-src\bindings\2.2081\inline\GJBaseGameLayer.cpp, C:\PlatformerSaves\PlatformerSaves\build\bindings\bindings\Geode\source\GJBaseGameLayer.cpp. [C:\PlatformerSaves\PlatformerSaves\build\bindings\GeodeBindings.vcxproj]
C:\Program Files (x86)\Microsoft Visual Studio\2022\BuildTools\MSBuild\Microsoft\VC\v170\Microsoft.CppBuild.targets(1129,5): warning MSB8027: Mehrere Dateien mit dem Namen GJBigSprite.cpp führen zu Ausgaben am selben Speicherort. Dadurch kann ein falsches Buildergebnis entstehen. Die betroffenen Dateien sind C:\PlatformerSaves\PlatformerSaves\build\_deps\bindings-src\bindings\2.2081\inline\GJBigSprite.cpp, C:\PlatformerSaves\PlatformerSaves\build\bindings\bindings\Geode\source\GJBigSprite.cpp. [C:\PlatformerSaves\PlatformerSaves\build\bindings\GeodeBindings.vcxproj]
C:\Program Files (x86)\Microsoft Visual Studio\2022\BuildTools\MSBuild\Microsoft\VC\v170\Microsoft.CppBuild.targets(1129,5): warning MSB8027: Mehrere Dateien mit dem Namen GJBigSpriteNode.cpp führen zu Ausgaben am selben Speicherort. Dadurch kann ein falsches Buildergebnis entstehen. Die betroffenen Dateien sind C:\PlatformerSaves\PlatformerSaves\build\_deps\bindings-src\bindings\2.2081\inline\GJBigSpriteNode.cpp, C:\PlatformerSaves\PlatformerSaves\build\bindings\bindings\Geode\source\GJBigSpriteNode.cpp. [C:\PlatformerSaves\PlatformerSaves\build\bindings\GeodeBindings.vcxproj]
C:\Program Files (x86)\Microsoft Visual Studio\2022\BuildTools\MSBuild\Microsoft\VC\v170\Microsoft.CppBuild.targets(1129,5): warning MSB8027: Mehrere Dateien mit dem Namen GJChallengeDelegate.cpp führen zu Ausgaben am selben Speicherort. Dadurch kann ein falsches Buildergebnis entstehen. Die betroffenen Dateien sind C:\PlatformerSaves\PlatformerSaves\build\_deps\bindings-src\bindings\2.2081\inline\GJChallengeDelegate.cpp, C:\PlatformerSaves\PlatformerSaves\build\bindings\bindings\Geode\source\GJChallengeDelegate.cpp. [C:\PlatformerSaves\PlatformerSaves\build\bindings\GeodeBindings.vcxproj]
C:\Program Files (x86)\Microsoft Visual Studio\2022\BuildTools\MSBuild\Microsoft\VC\v170\Microsoft.CppBuild.targets(1129,5): warning MSB8027: Mehrere Dateien mit dem Namen GJChallengeItem.cpp führen zu Ausgaben am selben Speicherort. Dadurch kann ein falsches Buildergebnis entstehen. Die betroffenen Dateien sind C:\PlatformerSaves\PlatformerSaves\build\_deps\bindings-src\bindings\2.2081\inline\GJChallengeItem.cpp, C:\PlatformerSaves\PlatformerSaves\build\bindings\bindings\Geode\source\GJChallengeItem.cpp. [C:\PlatformerSaves\PlatformerSaves\build\bindings\GeodeBindings.vcxproj]
C:\Program Files (x86)\Microsoft Visual Studio\2022\BuildTools\MSBuild\Microsoft\VC\v170\Microsoft.CppBuild.targets(1129,5): warning MSB8027: Mehrere Dateien mit dem Namen GJChestSprite.cpp führen zu Ausgaben am selben Speicherort. Dadurch kann ein falsches Buildergebnis entstehen. Die betroffenen Dateien sind C:\PlatformerSaves\PlatformerSaves\build\_deps\bindings-src\bindings\2.2081\inline\GJChestSprite.cpp, C:\PlatformerSaves\PlatformerSaves\build\bindings\bindings\Geode\source\GJChestSprite.cpp. [C:\PlatformerSaves\PlatformerSaves\build\bindings\GeodeBindings.vcxproj]
C:\Program Files (x86)\Microsoft Visual Studio\2022\BuildTools\MSBuild\Microsoft\VC\v170\Microsoft.CppBuild.targets(1129,5): warning MSB8027: Mehrere Dateien mit dem Namen GJColorSetupLayer.cpp führen zu Ausgaben am selben Speicherort. Dadurch kann ein falsches Buildergebnis entstehen. Die betroffenen Dateien sind C:\PlatformerSaves\PlatformerSaves\build\_deps\bindings-src\bindings\2.2081\inline\GJColorSetupLayer.cpp, C:\PlatformerSaves\PlatformerSaves\build\bindings\bindings\Geode\source\GJColorSetupLayer.cpp. [C:\PlatformerSaves\PlatformerSaves\build\bindings\GeodeBindings.vcxproj]
C:\Program Files (x86)\Microsoft Visual Studio\2022\BuildTools\MSBuild\Microsoft\VC\v170\Microsoft.CppBuild.targets(1129,5): warning MSB8027: Mehrere Dateien mit dem Namen GJComment.cpp führen zu Ausgaben am selben Speicherort. Dadurch kann ein falsches Buildergebnis entstehen. Die betroffenen Dateien sind C:\PlatformerSaves\PlatformerSaves\build\_deps\bindings-src\bindings\2.2081\inline\GJComment.cpp, C:\PlatformerSaves\PlatformerSaves\build\bindings\bindings\Geode\source\GJComment.cpp. [C:\PlatformerSaves\PlatformerSaves\build\bindings\GeodeBindings.vcxproj]
C:\Program Files (x86)\Microsoft Visual Studio\2022\BuildTools\MSBuild\Microsoft\VC\v170\Microsoft.CppBuild.targets(1129,5): warning MSB8027: Mehrere Dateien mit dem Namen GJCommentListLayer.cpp führen zu Ausgaben am selben Speicherort. Dadurch kann ein falsches Buildergebnis entstehen. Die betroffenen Dateien sind C:\PlatformerSaves\PlatformerSaves\build\_deps\bindings-src\bindings\2.2081\inline\GJCommentListLayer.cpp, C:\PlatformerSaves\PlatformerSaves\build\bindings\bindings\Geode\source\GJCommentListLayer.cpp. [C:\PlatformerSaves\PlatformerSaves\build\bindings\GeodeBindings.vcxproj]
C:\Program Files (x86)\Microsoft Visual Studio\2022\BuildTools\MSBuild\Microsoft\VC\v170\Microsoft.CppBuild.targets(1129,5): warning MSB8027: Mehrere Dateien mit dem Namen GJDailyLevelDelegate.cpp führen zu Ausgaben am selben Speicherort. Dadurch kann ein falsches Buildergebnis entstehen. Die betroffenen Dateien sind C:\PlatformerSaves\PlatformerSaves\build\_deps\bindings-src\bindings\2.2081\inline\GJDailyLevelDelegate.cpp, C:\PlatformerSaves\PlatformerSaves\build\bindings\bindings\Geode\source\GJDailyLevelDelegate.cpp. [C:\PlatformerSaves\PlatformerSaves\build\bindings\GeodeBindings.vcxproj]
C:\Program Files (x86)\Microsoft Visual Studio\2022\BuildTools\MSBuild\Microsoft\VC\v170\Microsoft.CppBuild.targets(1129,5): warning MSB8027: Mehrere Dateien mit dem Namen GJDifficultySprite.cpp führen zu Ausgaben am selben Speicherort. Dadurch kann ein falsches Buildergebnis entstehen. Die betroffenen Dateien sind C:\PlatformerSaves\PlatformerSaves\build\_deps\bindings-src\bindings\2.2081\inline\GJDifficultySprite.cpp, C:\PlatformerSaves\PlatformerSaves\build\bindings\bindings\Geode\source\GJDifficultySprite.cpp. [C:\PlatformerSaves\PlatformerSaves\build\bindings\GeodeBindings.vcxproj]
C:\Program Files (x86)\Microsoft Visual Studio\2022\BuildTools\MSBuild\Microsoft\VC\v170\Microsoft.CppBuild.targets(1129,5): warning MSB8027: Mehrere Dateien mit dem Namen GJDropDownLayer.cpp führen zu Ausgaben am selben Speicherort. Dadurch kann ein falsches Buildergebnis entstehen. Die betroffenen Dateien sind C:\PlatformerSaves\PlatformerSaves\build\_deps\bindings-src\bindings\2.2081\inline\GJDropDownLayer.cpp, C:\PlatformerSaves\PlatformerSaves\build\bindings\bindings\Geode\source\GJDropDownLayer.cpp. [C:\PlatformerSaves\PlatformerSaves\build\bindings\GeodeBindings.vcxproj]
C:\Program Files (x86)\Microsoft Visual Studio\2022\BuildTools\MSBuild\Microsoft\VC\v170\Microsoft.CppBuild.targets(1129,5): warning MSB8027: Mehrere Dateien mit dem Namen GJDropDownLayerDelegate.cpp führen zu Ausgaben am selben Speicherort. Dadurch kann ein falsches Buildergebnis entstehen. Die betroffenen Dateien sind C:\PlatformerSaves\PlatformerSaves\build\_deps\bindings-src\bindings\2.2081\inline\GJDropDownLayerDelegate.cpp, C:\PlatformerSaves\PlatformerSaves\build\bindings\bindings\Geode\source\GJDropDownLayerDelegate.cpp. [C:\PlatformerSaves\PlatformerSaves\build\bindings\GeodeBindings.vcxproj]
C:\Program Files (x86)\Microsoft Visual Studio\2022\BuildTools\MSBuild\Microsoft\VC\v170\Microsoft.CppBuild.targets(1129,5): warning MSB8027: Mehrere Dateien mit dem Namen GJEffectManager.cpp führen zu Ausgaben am selben Speicherort. Dadurch kann ein falsches Buildergebnis entstehen. Die betroffenen Dateien sind C:\PlatformerSaves\PlatformerSaves\build\_deps\bindings-src\bindings\2.2081\inline\GJEffectManager.cpp, C:\PlatformerSaves\PlatformerSaves\build\bindings\bindings\Geode\source\GJEffectManager.cpp. [C:\PlatformerSaves\PlatformerSaves\build\bindings\GeodeBindings.vcxproj]
C:\Program Files (x86)\Microsoft Visual Studio\2022\BuildTools\MSBuild\Microsoft\VC\v170\Microsoft.CppBuild.targets(1129,5): warning MSB8027: Mehrere Dateien mit dem Namen GJFlyGroundLayer.cpp führen zu Ausgaben am selben Speicherort. Dadurch kann ein falsches Buildergebnis entstehen. Die betroffenen Dateien sind C:\PlatformerSaves\PlatformerSaves\build\_deps\bindings-src\bindings\2.2081\inline\GJFlyGroundLayer.cpp, C:\PlatformerSaves\PlatformerSaves\build\bindings\bindings\Geode\source\GJFlyGroundLayer.cpp. [C:\PlatformerSaves\PlatformerSaves\build\bindings\GeodeBindings.vcxproj]
C:\Program Files (x86)\Microsoft Visual Studio\2022\BuildTools\MSBuild\Microsoft\VC\v170\Microsoft.CppBuild.targets(1129,5): warning MSB8027: Mehrere Dateien mit dem Namen GJFollowCommandLayer.cpp führen zu Ausgaben am selben Speicherort. Dadurch kann ein falsches Buildergebnis entstehen. Die betroffenen Dateien sind C:\PlatformerSaves\PlatformerSaves\build\_deps\bindings-src\bindings\2.2081\inline\GJFollowCommandLayer.cpp, C:\PlatformerSaves\PlatformerSaves\build\bindings\bindings\Geode\source\GJFollowCommandLayer.cpp. [C:\PlatformerSaves\PlatformerSaves\build\bindings\GeodeBindings.vcxproj]
C:\Program Files (x86)\Microsoft Visual Studio\2022\BuildTools\MSBuild\Microsoft\VC\v170\Microsoft.CppBuild.targets(1129,5): warning MSB8027: Mehrere Dateien mit dem Namen GJFriendRequest.cpp führen zu Ausgaben am selben Speicherort. Dadurch kann ein falsches Buildergebnis entstehen. Die betroffenen Dateien sind C:\PlatformerSaves\PlatformerSaves\build\_deps\bindings-src\bindings\2.2081\inline\GJFriendRequest.cpp, C:\PlatformerSaves\PlatformerSaves\build\bindings\bindings\Geode\source\GJFriendRequest.cpp. [C:\PlatformerSaves\PlatformerSaves\build\bindings\GeodeBindings.vcxproj]
C:\Program Files (x86)\Microsoft Visual Studio\2022\BuildTools\MSBuild\Microsoft\VC\v170\Microsoft.CppBuild.targets(1129,5): warning MSB8027: Mehrere Dateien mit dem Namen GJGameLevel.cpp führen zu Ausgaben am selben Speicherort. Dadurch kann ein falsches Buildergebnis entstehen. Die betroffenen Dateien sind C:\PlatformerSaves\PlatformerSaves\build\_deps\bindings-src\bindings\2.2081\inline\GJGameLevel.cpp, C:\PlatformerSaves\PlatformerSaves\build\bindings\bindings\Geode\source\GJGameLevel.cpp. [C:\PlatformerSaves\PlatformerSaves\build\bindings\GeodeBindings.vcxproj]
C:\Program Files (x86)\Microsoft Visual Studio\2022\BuildTools\MSBuild\Microsoft\VC\v170\Microsoft.CppBuild.targets(1129,5): warning MSB8027: Mehrere Dateien mit dem Namen GJGameLoadingLayer.cpp führen zu Ausgaben am selben Speicherort. Dadurch kann ein falsches Buildergebnis entstehen. Die betroffenen Dateien sind C:\PlatformerSaves\PlatformerSaves\build\_deps\bindings-src\bindings\2.2081\inline\GJGameLoadingLayer.cpp, C:\PlatformerSaves\PlatformerSaves\build\bindings\bindings\Geode\source\GJGameLoadingLayer.cpp. [C:\PlatformerSaves\PlatformerSaves\build\bindings\GeodeBindings.vcxproj]
C:\Program Files (x86)\Microsoft Visual Studio\2022\BuildTools\MSBuild\Microsoft\VC\v170\Microsoft.CppBuild.targets(1129,5): warning MSB8027: Mehrere Dateien mit dem Namen GJGameState.cpp führen zu Ausgaben am selben Speicherort. Dadurch kann ein falsches Buildergebnis entstehen. Die betroffenen Dateien sind C:\PlatformerSaves\PlatformerSaves\build\_deps\bindings-src\bindings\2.2081\inline\GJGameState.cpp, C:\PlatformerSaves\PlatformerSaves\build\bindings\bindings\Geode\source\GJGameState.cpp. [C:\PlatformerSaves\PlatformerSaves\build\bindings\GeodeBindings.vcxproj]
C:\Program Files (x86)\Microsoft Visual Studio\2022\BuildTools\MSBuild\Microsoft\VC\v170\Microsoft.CppBuild.targets(1129,5): warning MSB8027: Mehrere Dateien mit dem Namen GJGarageLayer.cpp führen zu Ausgaben am selben Speicherort. Dadurch kann ein falsches Buildergebnis entstehen. Die betroffenen Dateien sind C:\PlatformerSaves\PlatformerSaves\build\_deps\bindings-src\bindings\2.2081\inline\GJGarageLayer.cpp, C:\PlatformerSaves\PlatformerSaves\build\bindings\bindings\Geode\source\GJGarageLayer.cpp. [C:\PlatformerSaves\PlatformerSaves\build\bindings\GeodeBindings.vcxproj]
C:\Program Files (x86)\Microsoft Visual Studio\2022\BuildTools\MSBuild\Microsoft\VC\v170\Microsoft.CppBuild.targets(1129,5): warning MSB8027: Mehrere Dateien mit dem Namen GJGradientLayer.cpp führen zu Ausgaben am selben Speicherort. Dadurch kann ein falsches Buildergebnis entstehen. Die betroffenen Dateien sind C:\PlatformerSaves\PlatformerSaves\build\_deps\bindings-src\bindings\2.2081\inline\GJGradientLayer.cpp, C:\PlatformerSaves\PlatformerSaves\build\bindings\bindings\Geode\source\GJGradientLayer.cpp. [C:\PlatformerSaves\PlatformerSaves\build\bindings\GeodeBindings.vcxproj]
C:\Program Files (x86)\Microsoft Visual Studio\2022\BuildTools\MSBuild\Microsoft\VC\v170\Microsoft.CppBuild.targets(1129,5): warning MSB8027: Mehrere Dateien mit dem Namen GJGroundLayer.cpp führen zu Ausgaben am selben Speicherort. Dadurch kann ein falsches Buildergebnis entstehen. Die betroffenen Dateien sind C:\PlatformerSaves\PlatformerSaves\build\_deps\bindings-src\bindings\2.2081\inline\GJGroundLayer.cpp, C:\PlatformerSaves\PlatformerSaves\build\bindings\bindings\Geode\source\GJGroundLayer.cpp. [C:\PlatformerSaves\PlatformerSaves\build\bindings\GeodeBindings.vcxproj]
C:\Program Files (x86)\Microsoft Visual Studio\2022\BuildTools\MSBuild\Microsoft\VC\v170\Microsoft.CppBuild.targets(1129,5): warning MSB8027: Mehrere Dateien mit dem Namen GJHttpResult.cpp führen zu Ausgaben am selben Speicherort. Dadurch kann ein falsches Buildergebnis entstehen. Die betroffenen Dateien sind C:\PlatformerSaves\PlatformerSaves\build\_deps\bindings-src\bindings\2.2081\inline\GJHttpResult.cpp, C:\PlatformerSaves\PlatformerSaves\build\bindings\bindings\Geode\source\GJHttpResult.cpp. [C:\PlatformerSaves\PlatformerSaves\build\bindings\GeodeBindings.vcxproj]
C:\Program Files (x86)\Microsoft Visual Studio\2022\BuildTools\MSBuild\Microsoft\VC\v170\Microsoft.CppBuild.targets(1129,5): warning MSB8027: Mehrere Dateien mit dem Namen GJItemIcon.cpp führen zu Ausgaben am selben Speicherort. Dadurch kann ein falsches Buildergebnis entstehen. Die betroffenen Dateien sind C:\PlatformerSaves\PlatformerSaves\build\_deps\bindings-src\bindings\2.2081\inline\GJItemIcon.cpp, C:\PlatformerSaves\PlatformerSaves\build\bindings\bindings\Geode\source\GJItemIcon.cpp. [C:\PlatformerSaves\PlatformerSaves\build\bindings\GeodeBindings.vcxproj]
C:\Program Files (x86)\Microsoft Visual Studio\2022\BuildTools\MSBuild\Microsoft\VC\v170\Microsoft.CppBuild.targets(1129,5): warning MSB8027: Mehrere Dateien mit dem Namen GJLevelList.cpp führen zu Ausgaben am selben Speicherort. Dadurch kann ein falsches Buildergebnis entstehen. Die betroffenen Dateien sind C:\PlatformerSaves\PlatformerSaves\build\_deps\bindings-src\bindings\2.2081\inline\GJLevelList.cpp, C:\PlatformerSaves\PlatformerSaves\build\bindings\bindings\Geode\source\GJLevelList.cpp. [C:\PlatformerSaves\PlatformerSaves\build\bindings\GeodeBindings.vcxproj]
C:\Program Files (x86)\Microsoft Visual Studio\2022\BuildTools\MSBuild\Microsoft\VC\v170\Microsoft.CppBuild.targets(1129,5): warning MSB8027: Mehrere Dateien mit dem Namen GJLevelScoreCell.cpp führen zu Ausgaben am selben Speicherort. Dadurch kann ein falsches Buildergebnis entstehen. Die betroffenen Dateien sind C:\PlatformerSaves\PlatformerSaves\build\_deps\bindings-src\bindings\2.2081\inline\GJLevelScoreCell.cpp, C:\PlatformerSaves\PlatformerSaves\build\bindings\bindings\Geode\source\GJLevelScoreCell.cpp. [C:\PlatformerSaves\PlatformerSaves\build\bindings\GeodeBindings.vcxproj]
C:\Program Files (x86)\Microsoft Visual Studio\2022\BuildTools\MSBuild\Microsoft\VC\v170\Microsoft.CppBuild.targets(1129,5): warning MSB8027: Mehrere Dateien mit dem Namen GJListLayer.cpp führen zu Ausgaben am selben Speicherort. Dadurch kann ein falsches Buildergebnis entstehen. Die betroffenen Dateien sind C:\PlatformerSaves\PlatformerSaves\build\_deps\bindings-src\bindings\2.2081\inline\GJListLayer.cpp, C:\PlatformerSaves\PlatformerSaves\build\bindings\bindings\Geode\source\GJListLayer.cpp. [C:\PlatformerSaves\PlatformerSaves\build\bindings\GeodeBindings.vcxproj]
C:\Program Files (x86)\Microsoft Visual Studio\2022\BuildTools\MSBuild\Microsoft\VC\v170\Microsoft.CppBuild.targets(1129,5): warning MSB8027: Mehrere Dateien mit dem Namen GJLocalLevelScoreCell.cpp führen zu Ausgaben am selben Speicherort. Dadurch kann ein falsches Buildergebnis entstehen. Die betroffenen Dateien sind C:\PlatformerSaves\PlatformerSaves\build\_deps\bindings-src\bindings\2.2081\inline\GJLocalLevelScoreCell.cpp, C:\PlatformerSaves\PlatformerSaves\build\bindings\bindings\Geode\source\GJLocalLevelScoreCell.cpp. [C:\PlatformerSaves\PlatformerSaves\build\bindings\GeodeBindings.vcxproj]
C:\Program Files (x86)\Microsoft Visual Studio\2022\BuildTools\MSBuild\Microsoft\VC\v170\Microsoft.CppBuild.targets(1129,5): warning MSB8027: Mehrere Dateien mit dem Namen GJLocalScore.cpp führen zu Ausgaben am selben Speicherort. Dadurch kann ein falsches Buildergebnis entstehen. Die betroffenen Dateien sind C:\PlatformerSaves\PlatformerSaves\build\_deps\bindings-src\bindings\2.2081\inline\GJLocalScore.cpp, C:\PlatformerSaves\PlatformerSaves\build\bindings\bindings\Geode\source\GJLocalScore.cpp. [C:\PlatformerSaves\PlatformerSaves\build\bindings\GeodeBindings.vcxproj]
C:\Program Files (x86)\Microsoft Visual Studio\2022\BuildTools\MSBuild\Microsoft\VC\v170\Microsoft.CppBuild.targets(1129,5): warning MSB8027: Mehrere Dateien mit dem Namen GJMGLayer.cpp führen zu Ausgaben am selben Speicherort. Dadurch kann ein falsches Buildergebnis entstehen. Die betroffenen Dateien sind C:\PlatformerSaves\PlatformerSaves\build\_deps\bindings-src\bindings\2.2081\inline\GJMGLayer.cpp, C:\PlatformerSaves\PlatformerSaves\build\bindings\bindings\Geode\source\GJMGLayer.cpp. [C:\PlatformerSaves\PlatformerSaves\build\bindings\GeodeBindings.vcxproj]
C:\Program Files (x86)\Microsoft Visual Studio\2022\BuildTools\MSBuild\Microsoft\VC\v170\Microsoft.CppBuild.targets(1129,5): warning MSB8027: Mehrere Dateien mit dem Namen GJMPDelegate.cpp führen zu Ausgaben am selben Speicherort. Dadurch kann ein falsches Buildergebnis entstehen. Die betroffenen Dateien sind C:\PlatformerSaves\PlatformerSaves\build\_deps\bindings-src\bindings\2.2081\inline\GJMPDelegate.cpp, C:\PlatformerSaves\PlatformerSaves\build\bindings\bindings\Geode\source\GJMPDelegate.cpp. [C:\PlatformerSaves\PlatformerSaves\build\bindings\GeodeBindings.vcxproj]
C:\Program Files (x86)\Microsoft Visual Studio\2022\BuildTools\MSBuild\Microsoft\VC\v170\Microsoft.CppBuild.targets(1129,5): warning MSB8027: Mehrere Dateien mit dem Namen GJMapObject.cpp führen zu Ausgaben am selben Speicherort. Dadurch kann ein falsches Buildergebnis entstehen. Die betroffenen Dateien sind C:\PlatformerSaves\PlatformerSaves\build\_deps\bindings-src\bindings\2.2081\inline\GJMapObject.cpp, C:\PlatformerSaves\PlatformerSaves\build\bindings\bindings\Geode\source\GJMapObject.cpp. [C:\PlatformerSaves\PlatformerSaves\build\bindings\GeodeBindings.vcxproj]
C:\Program Files (x86)\Microsoft Visual Studio\2022\BuildTools\MSBuild\Microsoft\VC\v170\Microsoft.CppBuild.targets(1129,5): warning MSB8027: Mehrere Dateien mit dem Namen GJMapPack.cpp führen zu Ausgaben am selben Speicherort. Dadurch kann ein falsches Buildergebnis entstehen. Die betroffenen Dateien sind C:\PlatformerSaves\PlatformerSaves\build\_deps\bindings-src\bindings\2.2081\inline\GJMapPack.cpp, C:\PlatformerSaves\PlatformerSaves\build\bindings\bindings\Geode\source\GJMapPack.cpp. [C:\PlatformerSaves\PlatformerSaves\build\bindings\GeodeBindings.vcxproj]
C:\Program Files (x86)\Microsoft Visual Studio\2022\BuildTools\MSBuild\Microsoft\VC\v170\Microsoft.CppBuild.targets(1129,5): warning MSB8027: Mehrere Dateien mit dem Namen GJMessageCell.cpp führen zu Ausgaben am selben Speicherort. Dadurch kann ein falsches Buildergebnis entstehen. Die betroffenen Dateien sind C:\PlatformerSaves\PlatformerSaves\build\_deps\bindings-src\bindings\2.2081\inline\GJMessageCell.cpp, C:\PlatformerSaves\PlatformerSaves\build\bindings\bindings\Geode\source\GJMessageCell.cpp. [C:\PlatformerSaves\PlatformerSaves\build\bindings\GeodeBindings.vcxproj]
C:\Program Files (x86)\Microsoft Visual Studio\2022\BuildTools\MSBuild\Microsoft\VC\v170\Microsoft.CppBuild.targets(1129,5): warning MSB8027: Mehrere Dateien mit dem Namen GJMessagePopup.cpp führen zu Ausgaben am selben Speicherort. Dadurch kann ein falsches Buildergebnis entstehen. Die betroffenen Dateien sind C:\PlatformerSaves\PlatformerSaves\build\_deps\bindings-src\bindings\2.2081\inline\GJMessagePopup.cpp, C:\PlatformerSaves\PlatformerSaves\build\bindings\bindings\Geode\source\GJMessagePopup.cpp. [C:\PlatformerSaves\PlatformerSaves\build\bindings\GeodeBindings.vcxproj]
C:\Program Files (x86)\Microsoft Visual Studio\2022\BuildTools\MSBuild\Microsoft\VC\v170\Microsoft.CppBuild.targets(1129,5): warning MSB8027: Mehrere Dateien mit dem Namen GJMoreGamesLayer.cpp führen zu Ausgaben am selben Speicherort. Dadurch kann ein falsches Buildergebnis entstehen. Die betroffenen Dateien sind C:\PlatformerSaves\PlatformerSaves\build\_deps\bindings-src\bindings\2.2081\inline\GJMoreGamesLayer.cpp, C:\PlatformerSaves\PlatformerSaves\build\bindings\bindings\Geode\source\GJMoreGamesLayer.cpp. [C:\PlatformerSaves\PlatformerSaves\build\bindings\GeodeBindings.vcxproj]
C:\Program Files (x86)\Microsoft Visual Studio\2022\BuildTools\MSBuild\Microsoft\VC\v170\Microsoft.CppBuild.targets(1129,5): warning MSB8027: Mehrere Dateien mit dem Namen GJMultiplayerManager.cpp führen zu Ausgaben am selben Speicherort. Dadurch kann ein falsches Buildergebnis entstehen. Die betroffenen Dateien sind C:\PlatformerSaves\PlatformerSaves\build\_deps\bindings-src\bindings\2.2081\inline\GJMultiplayerManager.cpp, C:\PlatformerSaves\PlatformerSaves\build\bindings\bindings\Geode\source\GJMultiplayerManager.cpp. [C:\PlatformerSaves\PlatformerSaves\build\bindings\GeodeBindings.vcxproj]
C:\Program Files (x86)\Microsoft Visual Studio\2022\BuildTools\MSBuild\Microsoft\VC\v170\Microsoft.CppBuild.targets(1129,5): warning MSB8027: Mehrere Dateien mit dem Namen GJObjectDecoder.cpp führen zu Ausgaben am selben Speicherort. Dadurch kann ein falsches Buildergebnis entstehen. Die betroffenen Dateien sind C:\PlatformerSaves\PlatformerSaves\build\_deps\bindings-src\bindings\2.2081\inline\GJObjectDecoder.cpp, C:\PlatformerSaves\PlatformerSaves\build\bindings\bindings\Geode\source\GJObjectDecoder.cpp. [C:\PlatformerSaves\PlatformerSaves\build\bindings\GeodeBindings.vcxproj]
C:\Program Files (x86)\Microsoft Visual Studio\2022\BuildTools\MSBuild\Microsoft\VC\v170\Microsoft.CppBuild.targets(1129,5): warning MSB8027: Mehrere Dateien mit dem Namen GJOnlineRewardDelegate.cpp führen zu Ausgaben am selben Speicherort. Dadurch kann ein falsches Buildergebnis entstehen. Die betroffenen Dateien sind C:\PlatformerSaves\PlatformerSaves\build\_deps\bindings-src\bindings\2.2081\inline\GJOnlineRewardDelegate.cpp, C:\PlatformerSaves\PlatformerSaves\build\bindings\bindings\Geode\source\GJOnlineRewardDelegate.cpp. [C:\PlatformerSaves\PlatformerSaves\build\bindings\GeodeBindings.vcxproj]
C:\Program Files (x86)\Microsoft Visual Studio\2022\BuildTools\MSBuild\Microsoft\VC\v170\Microsoft.CppBuild.targets(1129,5): warning MSB8027: Mehrere Dateien mit dem Namen GJOptionsLayer.cpp führen zu Ausgaben am selben Speicherort. Dadurch kann ein falsches Buildergebnis entstehen. Die betroffenen Dateien sind C:\PlatformerSaves\PlatformerSaves\build\_deps\bindings-src\bindings\2.2081\inline\GJOptionsLayer.cpp, C:\PlatformerSaves\PlatformerSaves\build\bindings\bindings\Geode\source\GJOptionsLayer.cpp. [C:\PlatformerSaves\PlatformerSaves\build\bindings\GeodeBindings.vcxproj]
C:\Program Files (x86)\Microsoft Visual Studio\2022\BuildTools\MSBuild\Microsoft\VC\v170\Microsoft.CppBuild.targets(1129,5): warning MSB8027: Mehrere Dateien mit dem Namen GJPFollowCommandLayer.cpp führen zu Ausgaben am selben Speicherort. Dadurch kann ein falsches Buildergebnis entstehen. Die betroffenen Dateien sind C:\PlatformerSaves\PlatformerSaves\build\_deps\bindings-src\bindings\2.2081\inline\GJPFollowCommandLayer.cpp, C:\PlatformerSaves\PlatformerSaves\build\bindings\bindings\Geode\source\GJPFollowCommandLayer.cpp. [C:\PlatformerSaves\PlatformerSaves\build\bindings\GeodeBindings.vcxproj]
C:\Program Files (x86)\Microsoft Visual Studio\2022\BuildTools\MSBuild\Microsoft\VC\v170\Microsoft.CppBuild.targets(1129,5): warning MSB8027: Mehrere Dateien mit dem Namen GJPathPage.cpp führen zu Ausgaben am selben Speicherort. Dadurch kann ein falsches Buildergebnis entstehen. Die betroffenen Dateien sind C:\PlatformerSaves\PlatformerSaves\build\_deps\bindings-src\bindings\2.2081\inline\GJPathPage.cpp, C:\PlatformerSaves\PlatformerSaves\build\bindings\bindings\Geode\source\GJPathPage.cpp. [C:\PlatformerSaves\PlatformerSaves\build\bindings\GeodeBindings.vcxproj]
C:\Program Files (x86)\Microsoft Visual Studio\2022\BuildTools\MSBuild\Microsoft\VC\v170\Microsoft.CppBuild.targets(1129,5): warning MSB8027: Mehrere Dateien mit dem Namen GJPathRewardPopup.cpp führen zu Ausgaben am selben Speicherort. Dadurch kann ein falsches Buildergebnis entstehen. Die betroffenen Dateien sind C:\PlatformerSaves\PlatformerSaves\build\_deps\bindings-src\bindings\2.2081\inline\GJPathRewardPopup.cpp, C:\PlatformerSaves\PlatformerSaves\build\bindings\bindings\Geode\source\GJPathRewardPopup.cpp. [C:\PlatformerSaves\PlatformerSaves\build\bindings\GeodeBindings.vcxproj]
C:\Program Files (x86)\Microsoft Visual Studio\2022\BuildTools\MSBuild\Microsoft\VC\v170\Microsoft.CppBuild.targets(1129,5): warning MSB8027: Mehrere Dateien mit dem Namen GJPathSprite.cpp führen zu Ausgaben am selben Speicherort. Dadurch kann ein falsches Buildergebnis entstehen. Die betroffenen Dateien sind C:\PlatformerSaves\PlatformerSaves\build\_deps\bindings-src\bindings\2.2081\inline\GJPathSprite.cpp, C:\PlatformerSaves\PlatformerSaves\build\bindings\bindings\Geode\source\GJPathSprite.cpp. [C:\PlatformerSaves\PlatformerSaves\build\bindings\GeodeBindings.vcxproj]
C:\Program Files (x86)\Microsoft Visual Studio\2022\BuildTools\MSBuild\Microsoft\VC\v170\Microsoft.CppBuild.targets(1129,5): warning MSB8027: Mehrere Dateien mit dem Namen GJPathsLayer.cpp führen zu Ausgaben am selben Speicherort. Dadurch kann ein falsches Buildergebnis entstehen. Die betroffenen Dateien sind C:\PlatformerSaves\PlatformerSaves\build\_deps\bindings-src\bindings\2.2081\inline\GJPathsLayer.cpp, C:\PlatformerSaves\PlatformerSaves\build\bindings\bindings\Geode\source\GJPathsLayer.cpp. [C:\PlatformerSaves\PlatformerSaves\build\bindings\GeodeBindings.vcxproj]
C:\Program Files (x86)\Microsoft Visual Studio\2022\BuildTools\MSBuild\Microsoft\VC\v170\Microsoft.CppBuild.targets(1129,5): warning MSB8027: Mehrere Dateien mit dem Namen GJPointDouble.cpp führen zu Ausgaben am selben Speicherort. Dadurch kann ein falsches Buildergebnis entstehen. Die betroffenen Dateien sind C:\PlatformerSaves\PlatformerSaves\build\_deps\bindings-src\bindings\2.2081\inline\GJPointDouble.cpp, C:\PlatformerSaves\PlatformerSaves\build\bindings\bindings\Geode\source\GJPointDouble.cpp. [C:\PlatformerSaves\PlatformerSaves\build\bindings\GeodeBindings.vcxproj]
C:\Program Files (x86)\Microsoft Visual Studio\2022\BuildTools\MSBuild\Microsoft\VC\v170\Microsoft.CppBuild.targets(1129,5): warning MSB8027: Mehrere Dateien mit dem Namen GJPromoPopup.cpp führen zu Ausgaben am selben Speicherort. Dadurch kann ein falsches Buildergebnis entstehen. Die betroffenen Dateien sind C:\PlatformerSaves\PlatformerSaves\build\_deps\bindings-src\bindings\2.2081\inline\GJPromoPopup.cpp, C:\PlatformerSaves\PlatformerSaves\build\bindings\bindings\Geode\source\GJPromoPopup.cpp. [C:\PlatformerSaves\PlatformerSaves\build\bindings\GeodeBindings.vcxproj]
C:\Program Files (x86)\Microsoft Visual Studio\2022\BuildTools\MSBuild\Microsoft\VC\v170\Microsoft.CppBuild.targets(1129,5): warning MSB8027: Mehrere Dateien mit dem Namen GJPurchaseDelegate.cpp führen zu Ausgaben am selben Speicherort. Dadurch kann ein falsches Buildergebnis entstehen. Die betroffenen Dateien sind C:\PlatformerSaves\PlatformerSaves\build\_deps\bindings-src\bindings\2.2081\inline\GJPurchaseDelegate.cpp, C:\PlatformerSaves\PlatformerSaves\build\bindings\bindings\Geode\source\GJPurchaseDelegate.cpp. [C:\PlatformerSaves\PlatformerSaves\build\bindings\GeodeBindings.vcxproj]
C:\Program Files (x86)\Microsoft Visual Studio\2022\BuildTools\MSBuild\Microsoft\VC\v170\Microsoft.CppBuild.targets(1129,5): warning MSB8027: Mehrere Dateien mit dem Namen GJRateLevelLayer.cpp führen zu Ausgaben am selben Speicherort. Dadurch kann ein falsches Buildergebnis entstehen. Die betroffenen Dateien sind C:\PlatformerSaves\PlatformerSaves\build\_deps\bindings-src\bindings\2.2081\inline\GJRateLevelLayer.cpp, C:\PlatformerSaves\PlatformerSaves\build\bindings\bindings\Geode\source\GJRateLevelLayer.cpp. [C:\PlatformerSaves\PlatformerSaves\build\bindings\GeodeBindings.vcxproj]
C:\Program Files (x86)\Microsoft Visual Studio\2022\BuildTools\MSBuild\Microsoft\VC\v170\Microsoft.CppBuild.targets(1129,5): warning MSB8027: Mehrere Dateien mit dem Namen GJRequestCell.cpp führen zu Ausgaben am selben Speicherort. Dadurch kann ein falsches Buildergebnis entstehen. Die betroffenen Dateien sind C:\PlatformerSaves\PlatformerSaves\build\_deps\bindings-src\bindings\2.2081\inline\GJRequestCell.cpp, C:\PlatformerSaves\PlatformerSaves\build\bindings\bindings\Geode\source\GJRequestCell.cpp. [C:\PlatformerSaves\PlatformerSaves\build\bindings\GeodeBindings.vcxproj]
C:\Program Files (x86)\Microsoft Visual Studio\2022\BuildTools\MSBuild\Microsoft\VC\v170\Microsoft.CppBuild.targets(1129,5): warning MSB8027: Mehrere Dateien mit dem Namen GJRewardDelegate.cpp führen zu Ausgaben am selben Speicherort. Dadurch kann ein falsches Buildergebnis entstehen. Die betroffenen Dateien sind C:\PlatformerSaves\PlatformerSaves\build\_deps\bindings-src\bindings\2.2081\inline\GJRewardDelegate.cpp, C:\PlatformerSaves\PlatformerSaves\build\bindings\bindings\Geode\source\GJRewardDelegate.cpp. [C:\PlatformerSaves\PlatformerSaves\build\bindings\GeodeBindings.vcxproj]
C:\Program Files (x86)\Microsoft Visual Studio\2022\BuildTools\MSBuild\Microsoft\VC\v170\Microsoft.CppBuild.targets(1129,5): warning MSB8027: Mehrere Dateien mit dem Namen GJRewardItem.cpp führen zu Ausgaben am selben Speicherort. Dadurch kann ein falsches Buildergebnis entstehen. Die betroffenen Dateien sind C:\PlatformerSaves\PlatformerSaves\build\_deps\bindings-src\bindings\2.2081\inline\GJRewardItem.cpp, C:\PlatformerSaves\PlatformerSaves\build\bindings\bindings\Geode\source\GJRewardItem.cpp. [C:\PlatformerSaves\PlatformerSaves\build\bindings\GeodeBindings.vcxproj]
C:\Program Files (x86)\Microsoft Visual Studio\2022\BuildTools\MSBuild\Microsoft\VC\v170\Microsoft.CppBuild.targets(1129,5): warning MSB8027: Mehrere Dateien mit dem Namen GJRewardObject.cpp führen zu Ausgaben am selben Speicherort. Dadurch kann ein falsches Buildergebnis entstehen. Die betroffenen Dateien sind C:\PlatformerSaves\PlatformerSaves\build\_deps\bindings-src\bindings\2.2081\inline\GJRewardObject.cpp, C:\PlatformerSaves\PlatformerSaves\build\bindings\bindings\Geode\source\GJRewardObject.cpp. [C:\PlatformerSaves\PlatformerSaves\build\bindings\GeodeBindings.vcxproj]
C:\Program Files (x86)\Microsoft Visual Studio\2022\BuildTools\MSBuild\Microsoft\VC\v170\Microsoft.CppBuild.targets(1129,5): warning MSB8027: Mehrere Dateien mit dem Namen GJRobotSprite.cpp führen zu Ausgaben am selben Speicherort. Dadurch kann ein falsches Buildergebnis entstehen. Die betroffenen Dateien sind C:\PlatformerSaves\PlatformerSaves\build\_deps\bindings-src\bindings\2.2081\inline\GJRobotSprite.cpp, C:\PlatformerSaves\PlatformerSaves\build\bindings\bindings\Geode\source\GJRobotSprite.cpp. [C:\PlatformerSaves\PlatformerSaves\build\bindings\GeodeBindings.vcxproj]
C:\Program Files (x86)\Microsoft Visual Studio\2022\BuildTools\MSBuild\Microsoft\VC\v170\Microsoft.CppBuild.targets(1129,5): warning MSB8027: Mehrere Dateien mit dem Namen GJRotateCommandLayer.cpp führen zu Ausgaben am selben Speicherort. Dadurch kann ein falsches Buildergebnis entstehen. Die betroffenen Dateien sind C:\PlatformerSaves\PlatformerSaves\build\_deps\bindings-src\bindings\2.2081\inline\GJRotateCommandLayer.cpp, C:\PlatformerSaves\PlatformerSaves\build\bindings\bindings\Geode\source\GJRotateCommandLayer.cpp. [C:\PlatformerSaves\PlatformerSaves\build\bindings\GeodeBindings.vcxproj]
C:\Program Files (x86)\Microsoft Visual Studio\2022\BuildTools\MSBuild\Microsoft\VC\v170\Microsoft.CppBuild.targets(1129,5): warning MSB8027: Mehrere Dateien mit dem Namen GJRotationControl.cpp führen zu Ausgaben am selben Speicherort. Dadurch kann ein falsches Buildergebnis entstehen. Die betroffenen Dateien sind C:\PlatformerSaves\PlatformerSaves\build\_deps\bindings-src\bindings\2.2081\inline\GJRotationControl.cpp, C:\PlatformerSaves\PlatformerSaves\build\bindings\bindings\Geode\source\GJRotationControl.cpp. [C:\PlatformerSaves\PlatformerSaves\build\bindings\GeodeBindings.vcxproj]
C:\Program Files (x86)\Microsoft Visual Studio\2022\BuildTools\MSBuild\Microsoft\VC\v170\Microsoft.CppBuild.targets(1129,5): warning MSB8027: Mehrere Dateien mit dem Namen GJRotationControlDelegate.cpp führen zu Ausgaben am selben Speicherort. Dadurch kann ein falsches Buildergebnis entstehen. Die betroffenen Dateien sind C:\PlatformerSaves\PlatformerSaves\build\_deps\bindings-src\bindings\2.2081\inline\GJRotationControlDelegate.cpp, C:\PlatformerSaves\PlatformerSaves\build\bindings\bindings\Geode\source\GJRotationControlDelegate.cpp. [C:\PlatformerSaves\PlatformerSaves\build\bindings\GeodeBindings.vcxproj]
C:\Program Files (x86)\Microsoft Visual Studio\2022\BuildTools\MSBuild\Microsoft\VC\v170\Microsoft.CppBuild.targets(1129,5): warning MSB8027: Mehrere Dateien mit dem Namen GJScaleControl.cpp führen zu Ausgaben am selben Speicherort. Dadurch kann ein falsches Buildergebnis entstehen. Die betroffenen Dateien sind C:\PlatformerSaves\PlatformerSaves\build\_deps\bindings-src\bindings\2.2081\inline\GJScaleControl.cpp, C:\PlatformerSaves\PlatformerSaves\build\bindings\bindings\Geode\source\GJScaleControl.cpp. [C:\PlatformerSaves\PlatformerSaves\build\bindings\GeodeBindings.vcxproj]
C:\Program Files (x86)\Microsoft Visual Studio\2022\BuildTools\MSBuild\Microsoft\VC\v170\Microsoft.CppBuild.targets(1129,5): warning MSB8027: Mehrere Dateien mit dem Namen GJScaleControlDelegate.cpp führen zu Ausgaben am selben Speicherort. Dadurch kann ein falsches Buildergebnis entstehen. Die betroffenen Dateien sind C:\PlatformerSaves\PlatformerSaves\build\_deps\bindings-src\bindings\2.2081\inline\GJScaleControlDelegate.cpp, C:\PlatformerSaves\PlatformerSaves\build\bindings\bindings\Geode\source\GJScaleControlDelegate.cpp. [C:\PlatformerSaves\PlatformerSaves\build\bindings\GeodeBindings.vcxproj]
C:\Program Files (x86)\Microsoft Visual Studio\2022\BuildTools\MSBuild\Microsoft\VC\v170\Microsoft.CppBuild.targets(1129,5): warning MSB8027: Mehrere Dateien mit dem Namen GJScoreCell.cpp führen zu Ausgaben am selben Speicherort. Dadurch kann ein falsches Buildergebnis entstehen. Die betroffenen Dateien sind C:\PlatformerSaves\PlatformerSaves\build\_deps\bindings-src\bindings\2.2081\inline\GJScoreCell.cpp, C:\PlatformerSaves\PlatformerSaves\build\bindings\bindings\Geode\source\GJScoreCell.cpp. [C:\PlatformerSaves\PlatformerSaves\build\bindings\GeodeBindings.vcxproj]
C:\Program Files (x86)\Microsoft Visual Studio\2022\BuildTools\MSBuild\Microsoft\VC\v170\Microsoft.CppBuild.targets(1129,5): warning MSB8027: Mehrere Dateien mit dem Namen GJSearchObject.cpp führen zu Ausgaben am selben Speicherort. Dadurch kann ein falsches Buildergebnis entstehen. Die betroffenen Dateien sind C:\PlatformerSaves\PlatformerSaves\build\_deps\bindings-src\bindings\2.2081\inline\GJSearchObject.cpp, C:\PlatformerSaves\PlatformerSaves\build\bindings\bindings\Geode\source\GJSearchObject.cpp. [C:\PlatformerSaves\PlatformerSaves\build\bindings\GeodeBindings.vcxproj]
C:\Program Files (x86)\Microsoft Visual Studio\2022\BuildTools\MSBuild\Microsoft\VC\v170\Microsoft.CppBuild.targets(1129,5): warning MSB8027: Mehrere Dateien mit dem Namen GJShaderState.cpp führen zu Ausgaben am selben Speicherort. Dadurch kann ein falsches Buildergebnis entstehen. Die betroffenen Dateien sind C:\PlatformerSaves\PlatformerSaves\build\_deps\bindings-src\bindings\2.2081\inline\GJShaderState.cpp, C:\PlatformerSaves\PlatformerSaves\build\bindings\bindings\Geode\source\GJShaderState.cpp. [C:\PlatformerSaves\PlatformerSaves\build\bindings\GeodeBindings.vcxproj]
C:\Program Files (x86)\Microsoft Visual Studio\2022\BuildTools\MSBuild\Microsoft\VC\v170\Microsoft.CppBuild.targets(1129,5): warning MSB8027: Mehrere Dateien mit dem Namen GJShopLayer.cpp führen zu Ausgaben am selben Speicherort. Dadurch kann ein falsches Buildergebnis entstehen. Die betroffenen Dateien sind C:\PlatformerSaves\PlatformerSaves\build\_deps\bindings-src\bindings\2.2081\inline\GJShopLayer.cpp, C:\PlatformerSaves\PlatformerSaves\build\bindings\bindings\Geode\source\GJShopLayer.cpp. [C:\PlatformerSaves\PlatformerSaves\build\bindings\GeodeBindings.vcxproj]
C:\Program Files (x86)\Microsoft Visual Studio\2022\BuildTools\MSBuild\Microsoft\VC\v170\Microsoft.CppBuild.targets(1129,5): warning MSB8027: Mehrere Dateien mit dem Namen GJSmartBlockPreview.cpp führen zu Ausgaben am selben Speicherort. Dadurch kann ein falsches Buildergebnis entstehen. Die betroffenen Dateien sind C:\PlatformerSaves\PlatformerSaves\build\_deps\bindings-src\bindings\2.2081\inline\GJSmartBlockPreview.cpp, C:\PlatformerSaves\PlatformerSaves\build\bindings\bindings\Geode\source\GJSmartBlockPreview.cpp. [C:\PlatformerSaves\PlatformerSaves\build\bindings\GeodeBindings.vcxproj]
C:\Program Files (x86)\Microsoft Visual Studio\2022\BuildTools\MSBuild\Microsoft\VC\v170\Microsoft.CppBuild.targets(1129,5): warning MSB8027: Mehrere Dateien mit dem Namen GJSmartBlockPreviewSprite.cpp führen zu Ausgaben am selben Speicherort. Dadurch kann ein falsches Buildergebnis entstehen. Die betroffenen Dateien sind C:\PlatformerSaves\PlatformerSaves\build\_deps\bindings-src\bindings\2.2081\inline\GJSmartBlockPreviewSprite.cpp, C:\PlatformerSaves\PlatformerSaves\build\bindings\bindings\Geode\source\GJSmartBlockPreviewSprite.cpp. [C:\PlatformerSaves\PlatformerSaves\build\bindings\GeodeBindings.vcxproj]
C:\Program Files (x86)\Microsoft Visual Studio\2022\BuildTools\MSBuild\Microsoft\VC\v170\Microsoft.CppBuild.targets(1129,5): warning MSB8027: Mehrere Dateien mit dem Namen GJSmartPrefab.cpp führen zu Ausgaben am selben Speicherort. Dadurch kann ein falsches Buildergebnis entstehen. Die betroffenen Dateien sind C:\PlatformerSaves\PlatformerSaves\build\_deps\bindings-src\bindings\2.2081\inline\GJSmartPrefab.cpp, C:\PlatformerSaves\PlatformerSaves\build\bindings\bindings\Geode\source\GJSmartPrefab.cpp. [C:\PlatformerSaves\PlatformerSaves\build\bindings\GeodeBindings.vcxproj]
C:\Program Files (x86)\Microsoft Visual Studio\2022\BuildTools\MSBuild\Microsoft\VC\v170\Microsoft.CppBuild.targets(1129,5): warning MSB8027: Mehrere Dateien mit dem Namen GJSmartTemplate.cpp führen zu Ausgaben am selben Speicherort. Dadurch kann ein falsches Buildergebnis entstehen. Die betroffenen Dateien sind C:\PlatformerSaves\PlatformerSaves\build\_deps\bindings-src\bindings\2.2081\inline\GJSmartTemplate.cpp, C:\PlatformerSaves\PlatformerSaves\build\bindings\bindings\Geode\source\GJSmartTemplate.cpp. [C:\PlatformerSaves\PlatformerSaves\build\bindings\GeodeBindings.vcxproj]
C:\Program Files (x86)\Microsoft Visual Studio\2022\BuildTools\MSBuild\Microsoft\VC\v170\Microsoft.CppBuild.targets(1129,5): warning MSB8027: Mehrere Dateien mit dem Namen GJSongBrowser.cpp führen zu Ausgaben am selben Speicherort. Dadurch kann ein falsches Buildergebnis entstehen. Die betroffenen Dateien sind C:\PlatformerSaves\PlatformerSaves\build\_deps\bindings-src\bindings\2.2081\inline\GJSongBrowser.cpp, C:\PlatformerSaves\PlatformerSaves\build\bindings\bindings\Geode\source\GJSongBrowser.cpp. [C:\PlatformerSaves\PlatformerSaves\build\bindings\GeodeBindings.vcxproj]
C:\Program Files (x86)\Microsoft Visual Studio\2022\BuildTools\MSBuild\Microsoft\VC\v170\Microsoft.CppBuild.targets(1129,5): warning MSB8027: Mehrere Dateien mit dem Namen GJSpecialColorSelect.cpp führen zu Ausgaben am selben Speicherort. Dadurch kann ein falsches Buildergebnis entstehen. Die betroffenen Dateien sind C:\PlatformerSaves\PlatformerSaves\build\_deps\bindings-src\bindings\2.2081\inline\GJSpecialColorSelect.cpp, C:\PlatformerSaves\PlatformerSaves\build\bindings\bindings\Geode\source\GJSpecialColorSelect.cpp. [C:\PlatformerSaves\PlatformerSaves\build\bindings\GeodeBindings.vcxproj]
C:\Program Files (x86)\Microsoft Visual Studio\2022\BuildTools\MSBuild\Microsoft\VC\v170\Microsoft.CppBuild.targets(1129,5): warning MSB8027: Mehrere Dateien mit dem Namen GJSpecialColorSelectDelegate.cpp führen zu Ausgaben am selben Speicherort. Dadurch kann ein falsches Buildergebnis entstehen. Die betroffenen Dateien sind C:\PlatformerSaves\PlatformerSaves\build\_deps\bindings-src\bindings\2.2081\inline\GJSpecialColorSelectDelegate.cpp, C:\PlatformerSaves\PlatformerSaves\build\bindings\bindings\Geode\source\GJSpecialColorSelectDelegate.cpp. [C:\PlatformerSaves\PlatformerSaves\build\bindings\GeodeBindings.vcxproj]
C:\Program Files (x86)\Microsoft Visual Studio\2022\BuildTools\MSBuild\Microsoft\VC\v170\Microsoft.CppBuild.targets(1129,5): warning MSB8027: Mehrere Dateien mit dem Namen GJSpiderSprite.cpp führen zu Ausgaben am selben Speicherort. Dadurch kann ein falsches Buildergebnis entstehen. Die betroffenen Dateien sind C:\PlatformerSaves\PlatformerSaves\build\_deps\bindings-src\bindings\2.2081\inline\GJSpiderSprite.cpp, C:\PlatformerSaves\PlatformerSaves\build\bindings\bindings\Geode\source\GJSpiderSprite.cpp. [C:\PlatformerSaves\PlatformerSaves\build\bindings\GeodeBindings.vcxproj]
C:\Program Files (x86)\Microsoft Visual Studio\2022\BuildTools\MSBuild\Microsoft\VC\v170\Microsoft.CppBuild.targets(1129,5): warning MSB8027: Mehrere Dateien mit dem Namen GJSpriteColor.cpp führen zu Ausgaben am selben Speicherort. Dadurch kann ein falsches Buildergebnis entstehen. Die betroffenen Dateien sind C:\PlatformerSaves\PlatformerSaves\build\_deps\bindings-src\bindings\2.2081\inline\GJSpriteColor.cpp, C:\PlatformerSaves\PlatformerSaves\build\bindings\bindings\Geode\source\GJSpriteColor.cpp. [C:\PlatformerSaves\PlatformerSaves\build\bindings\GeodeBindings.vcxproj]
C:\Program Files (x86)\Microsoft Visual Studio\2022\BuildTools\MSBuild\Microsoft\VC\v170\Microsoft.CppBuild.targets(1129,5): warning MSB8027: Mehrere Dateien mit dem Namen GJStoreItem.cpp führen zu Ausgaben am selben Speicherort. Dadurch kann ein falsches Buildergebnis entstehen. Die betroffenen Dateien sind C:\PlatformerSaves\PlatformerSaves\build\_deps\bindings-src\bindings\2.2081\inline\GJStoreItem.cpp, C:\PlatformerSaves\PlatformerSaves\build\bindings\bindings\Geode\source\GJStoreItem.cpp. [C:\PlatformerSaves\PlatformerSaves\build\bindings\GeodeBindings.vcxproj]
C:\Program Files (x86)\Microsoft Visual Studio\2022\BuildTools\MSBuild\Microsoft\VC\v170\Microsoft.CppBuild.targets(1129,5): warning MSB8027: Mehrere Dateien mit dem Namen GJTransformControl.cpp führen zu Ausgaben am selben Speicherort. Dadurch kann ein falsches Buildergebnis entstehen. Die betroffenen Dateien sind C:\PlatformerSaves\PlatformerSaves\build\_deps\bindings-src\bindings\2.2081\inline\GJTransformControl.cpp, C:\PlatformerSaves\PlatformerSaves\build\bindings\bindings\Geode\source\GJTransformControl.cpp. [C:\PlatformerSaves\PlatformerSaves\build\bindings\GeodeBindings.vcxproj]
C:\Program Files (x86)\Microsoft Visual Studio\2022\BuildTools\MSBuild\Microsoft\VC\v170\Microsoft.CppBuild.targets(1129,5): warning MSB8027: Mehrere Dateien mit dem Namen GJTransformControlDelegate.cpp führen zu Ausgaben am selben Speicherort. Dadurch kann ein falsches Buildergebnis entstehen. Die betroffenen Dateien sind C:\PlatformerSaves\PlatformerSaves\build\_deps\bindings-src\bindings\2.2081\inline\GJTransformControlDelegate.cpp, C:\PlatformerSaves\PlatformerSaves\build\bindings\bindings\Geode\source\GJTransformControlDelegate.cpp. [C:\PlatformerSaves\PlatformerSaves\build\bindings\GeodeBindings.vcxproj]
C:\Program Files (x86)\Microsoft Visual Studio\2022\BuildTools\MSBuild\Microsoft\VC\v170\Microsoft.CppBuild.targets(1129,5): warning MSB8027: Mehrere Dateien mit dem Namen GJTransformState.cpp führen zu Ausgaben am selben Speicherort. Dadurch kann ein falsches Buildergebnis entstehen. Die betroffenen Dateien sind C:\PlatformerSaves\PlatformerSaves\build\_deps\bindings-src\bindings\2.2081\inline\GJTransformState.cpp, C:\PlatformerSaves\PlatformerSaves\build\bindings\bindings\Geode\source\GJTransformState.cpp. [C:\PlatformerSaves\PlatformerSaves\build\bindings\GeodeBindings.vcxproj]
C:\Program Files (x86)\Microsoft Visual Studio\2022\BuildTools\MSBuild\Microsoft\VC\v170\Microsoft.CppBuild.targets(1129,5): warning MSB8027: Mehrere Dateien mit dem Namen GJUINode.cpp führen zu Ausgaben am selben Speicherort. Dadurch kann ein falsches Buildergebnis entstehen. Die betroffenen Dateien sind C:\PlatformerSaves\PlatformerSaves\build\_deps\bindings-src\bindings\2.2081\inline\GJUINode.cpp, C:\PlatformerSaves\PlatformerSaves\build\bindings\bindings\Geode\source\GJUINode.cpp. [C:\PlatformerSaves\PlatformerSaves\build\bindings\GeodeBindings.vcxproj]
C:\Program Files (x86)\Microsoft Visual Studio\2022\BuildTools\MSBuild\Microsoft\VC\v170\Microsoft.CppBuild.targets(1129,5): warning MSB8027: Mehrere Dateien mit dem Namen GJUnlockableItem.cpp führen zu Ausgaben am selben Speicherort. Dadurch kann ein falsches Buildergebnis entstehen. Die betroffenen Dateien sind C:\PlatformerSaves\PlatformerSaves\build\_deps\bindings-src\bindings\2.2081\inline\GJUnlockableItem.cpp, C:\PlatformerSaves\PlatformerSaves\build\bindings\bindings\Geode\source\GJUnlockableItem.cpp. [C:\PlatformerSaves\PlatformerSaves\build\bindings\GeodeBindings.vcxproj]
C:\Program Files (x86)\Microsoft Visual Studio\2022\BuildTools\MSBuild\Microsoft\VC\v170\Microsoft.CppBuild.targets(1129,5): warning MSB8027: Mehrere Dateien mit dem Namen GJUserCell.cpp führen zu Ausgaben am selben Speicherort. Dadurch kann ein falsches Buildergebnis entstehen. Die betroffenen Dateien sind C:\PlatformerSaves\PlatformerSaves\build\_deps\bindings-src\bindings\2.2081\inline\GJUserCell.cpp, C:\PlatformerSaves\PlatformerSaves\build\bindings\bindings\Geode\source\GJUserCell.cpp. [C:\PlatformerSaves\PlatformerSaves\build\bindings\GeodeBindings.vcxproj]
C:\Program Files (x86)\Microsoft Visual Studio\2022\BuildTools\MSBuild\Microsoft\VC\v170\Microsoft.CppBuild.targets(1129,5): warning MSB8027: Mehrere Dateien mit dem Namen GJUserMessage.cpp führen zu Ausgaben am selben Speicherort. Dadurch kann ein falsches Buildergebnis entstehen. Die betroffenen Dateien sind C:\PlatformerSaves\PlatformerSaves\build\_deps\bindings-src\bindings\2.2081\inline\GJUserMessage.cpp, C:\PlatformerSaves\PlatformerSaves\build\bindings\bindings\Geode\source\GJUserMessage.cpp. [C:\PlatformerSaves\PlatformerSaves\build\bindings\GeodeBindings.vcxproj]
C:\Program Files (x86)\Microsoft Visual Studio\2022\BuildTools\MSBuild\Microsoft\VC\v170\Microsoft.CppBuild.targets(1129,5): warning MSB8027: Mehrere Dateien mit dem Namen GJUserScore.cpp führen zu Ausgaben am selben Speicherort. Dadurch kann ein falsches Buildergebnis entstehen. Die betroffenen Dateien sind C:\PlatformerSaves\PlatformerSaves\build\_deps\bindings-src\bindings\2.2081\inline\GJUserScore.cpp, C:\PlatformerSaves\PlatformerSaves\build\bindings\bindings\Geode\source\GJUserScore.cpp. [C:\PlatformerSaves\PlatformerSaves\build\bindings\GeodeBindings.vcxproj]
C:\Program Files (x86)\Microsoft Visual Studio\2022\BuildTools\MSBuild\Microsoft\VC\v170\Microsoft.CppBuild.targets(1129,5): warning MSB8027: Mehrere Dateien mit dem Namen GJValueTween.cpp führen zu Ausgaben am selben Speicherort. Dadurch kann ein falsches Buildergebnis entstehen. Die betroffenen Dateien sind C:\PlatformerSaves\PlatformerSaves\build\_deps\bindings-src\bindings\2.2081\inline\GJValueTween.cpp, C:\PlatformerSaves\PlatformerSaves\build\bindings\bindings\Geode\source\GJValueTween.cpp. [C:\PlatformerSaves\PlatformerSaves\build\bindings\GeodeBindings.vcxproj]
C:\Program Files (x86)\Microsoft Visual Studio\2022\BuildTools\MSBuild\Microsoft\VC\v170\Microsoft.CppBuild.targets(1129,5): warning MSB8027: Mehrere Dateien mit dem Namen GJWorldNode.cpp führen zu Ausgaben am selben Speicherort. Dadurch kann ein falsches Buildergebnis entstehen. Die betroffenen Dateien sind C:\PlatformerSaves\PlatformerSaves\build\_deps\bindings-src\bindings\2.2081\inline\GJWorldNode.cpp, C:\PlatformerSaves\PlatformerSaves\build\bindings\bindings\Geode\source\GJWorldNode.cpp. [C:\PlatformerSaves\PlatformerSaves\build\bindings\GeodeBindings.vcxproj]
C:\Program Files (x86)\Microsoft Visual Studio\2022\BuildTools\MSBuild\Microsoft\VC\v170\Microsoft.CppBuild.targets(1129,5): warning MSB8027: Mehrere Dateien mit dem Namen GJWriteMessagePopup.cpp führen zu Ausgaben am selben Speicherort. Dadurch kann ein falsches Buildergebnis entstehen. Die betroffenen Dateien sind C:\PlatformerSaves\PlatformerSaves\build\_deps\bindings-src\bindings\2.2081\inline\GJWriteMessagePopup.cpp, C:\PlatformerSaves\PlatformerSaves\build\bindings\bindings\Geode\source\GJWriteMessagePopup.cpp. [C:\PlatformerSaves\PlatformerSaves\build\bindings\GeodeBindings.vcxproj]
C:\Program Files (x86)\Microsoft Visual Studio\2022\BuildTools\MSBuild\Microsoft\VC\v170\Microsoft.CppBuild.targets(1129,5): warning MSB8027: Mehrere Dateien mit dem Namen GManager.cpp führen zu Ausgaben am selben Speicherort. Dadurch kann ein falsches Buildergebnis entstehen. Die betroffenen Dateien sind C:\PlatformerSaves\PlatformerSaves\build\_deps\bindings-src\bindings\2.2081\inline\GManager.cpp, C:\PlatformerSaves\PlatformerSaves\build\bindings\bindings\Geode\source\GManager.cpp. [C:\PlatformerSaves\PlatformerSaves\build\bindings\GeodeBindings.vcxproj]
C:\Program Files (x86)\Microsoft Visual Studio\2022\BuildTools\MSBuild\Microsoft\VC\v170\Microsoft.CppBuild.targets(1129,5): warning MSB8027: Mehrere Dateien mit dem Namen GameCell.cpp führen zu Ausgaben am selben Speicherort. Dadurch kann ein falsches Buildergebnis entstehen. Die betroffenen Dateien sind C:\PlatformerSaves\PlatformerSaves\build\_deps\bindings-src\bindings\2.2081\inline\GameCell.cpp, C:\PlatformerSaves\PlatformerSaves\build\bindings\bindings\Geode\source\GameCell.cpp. [C:\PlatformerSaves\PlatformerSaves\build\bindings\GeodeBindings.vcxproj]
C:\Program Files (x86)\Microsoft Visual Studio\2022\BuildTools\MSBuild\Microsoft\VC\v170\Microsoft.CppBuild.targets(1129,5): warning MSB8027: Mehrere Dateien mit dem Namen GameEffectsManager.cpp führen zu Ausgaben am selben Speicherort. Dadurch kann ein falsches Buildergebnis entstehen. Die betroffenen Dateien sind C:\PlatformerSaves\PlatformerSaves\build\_deps\bindings-src\bindings\2.2081\inline\GameEffectsManager.cpp, C:\PlatformerSaves\PlatformerSaves\build\bindings\bindings\Geode\source\GameEffectsManager.cpp. [C:\PlatformerSaves\PlatformerSaves\build\bindings\GeodeBindings.vcxproj]
C:\Program Files (x86)\Microsoft Visual Studio\2022\BuildTools\MSBuild\Microsoft\VC\v170\Microsoft.CppBuild.targets(1129,5): warning MSB8027: Mehrere Dateien mit dem Namen GameLevelManager.cpp führen zu Ausgaben am selben Speicherort. Dadurch kann ein falsches Buildergebnis entstehen. Die betroffenen Dateien sind C:\PlatformerSaves\PlatformerSaves\build\_deps\bindings-src\bindings\2.2081\inline\GameLevelManager.cpp, C:\PlatformerSaves\PlatformerSaves\build\bindings\bindings\Geode\source\GameLevelManager.cpp. [C:\PlatformerSaves\PlatformerSaves\build\bindings\GeodeBindings.vcxproj]
C:\Program Files (x86)\Microsoft Visual Studio\2022\BuildTools\MSBuild\Microsoft\VC\v170\Microsoft.CppBuild.targets(1129,5): warning MSB8027: Mehrere Dateien mit dem Namen GameLevelOptionsLayer.cpp führen zu Ausgaben am selben Speicherort. Dadurch kann ein falsches Buildergebnis entstehen. Die betroffenen Dateien sind C:\PlatformerSaves\PlatformerSaves\build\_deps\bindings-src\bindings\2.2081\inline\GameLevelOptionsLayer.cpp, C:\PlatformerSaves\PlatformerSaves\build\bindings\bindings\Geode\source\GameLevelOptionsLayer.cpp. [C:\PlatformerSaves\PlatformerSaves\build\bindings\GeodeBindings.vcxproj]
C:\Program Files (x86)\Microsoft Visual Studio\2022\BuildTools\MSBuild\Microsoft\VC\v170\Microsoft.CppBuild.targets(1129,5): warning MSB8027: Mehrere Dateien mit dem Namen GameManager.cpp führen zu Ausgaben am selben Speicherort. Dadurch kann ein falsches Buildergebnis entstehen. Die betroffenen Dateien sind C:\PlatformerSaves\PlatformerSaves\build\_deps\bindings-src\bindings\2.2081\inline\GameManager.cpp, C:\PlatformerSaves\PlatformerSaves\build\bindings\bindings\Geode\source\GameManager.cpp. [C:\PlatformerSaves\PlatformerSaves\build\bindings\GeodeBindings.vcxproj]
C:\Program Files (x86)\Microsoft Visual Studio\2022\BuildTools\MSBuild\Microsoft\VC\v170\Microsoft.CppBuild.targets(1129,5): warning MSB8027: Mehrere Dateien mit dem Namen GameObject.cpp führen zu Ausgaben am selben Speicherort. Dadurch kann ein falsches Buildergebnis entstehen. Die betroffenen Dateien sind C:\PlatformerSaves\PlatformerSaves\build\_deps\bindings-src\bindings\2.2081\inline\GameObject.cpp, C:\PlatformerSaves\PlatformerSaves\build\bindings\bindings\Geode\source\GameObject.cpp. [C:\PlatformerSaves\PlatformerSaves\build\bindings\GeodeBindings.vcxproj]
C:\Program Files (x86)\Microsoft Visual Studio\2022\BuildTools\MSBuild\Microsoft\VC\v170\Microsoft.CppBuild.targets(1129,5): warning MSB8027: Mehrere Dateien mit dem Namen GameObjectCopy.cpp führen zu Ausgaben am selben Speicherort. Dadurch kann ein falsches Buildergebnis entstehen. Die betroffenen Dateien sind C:\PlatformerSaves\PlatformerSaves\build\_deps\bindings-src\bindings\2.2081\inline\GameObjectCopy.cpp, C:\PlatformerSaves\PlatformerSaves\build\bindings\bindings\Geode\source\GameObjectCopy.cpp. [C:\PlatformerSaves\PlatformerSaves\build\bindings\GeodeBindings.vcxproj]
C:\Program Files (x86)\Microsoft Visual Studio\2022\BuildTools\MSBuild\Microsoft\VC\v170\Microsoft.CppBuild.targets(1129,5): warning MSB8027: Mehrere Dateien mit dem Namen GameObjectEditorState.cpp führen zu Ausgaben am selben Speicherort. Dadurch kann ein falsches Buildergebnis entstehen. Die betroffenen Dateien sind C:\PlatformerSaves\PlatformerSaves\build\_deps\bindings-src\bindings\2.2081\inline\GameObjectEditorState.cpp, C:\PlatformerSaves\PlatformerSaves\build\bindings\bindings\Geode\source\GameObjectEditorState.cpp. [C:\PlatformerSaves\PlatformerSaves\build\bindings\GeodeBindings.vcxproj]
C:\Program Files (x86)\Microsoft Visual Studio\2022\BuildTools\MSBuild\Microsoft\VC\v170\Microsoft.CppBuild.targets(1129,5): warning MSB8027: Mehrere Dateien mit dem Namen GameObjectPhysics.cpp führen zu Ausgaben am selben Speicherort. Dadurch kann ein falsches Buildergebnis entstehen. Die betroffenen Dateien sind C:\PlatformerSaves\PlatformerSaves\build\_deps\bindings-src\bindings\2.2081\inline\GameObjectPhysics.cpp, C:\PlatformerSaves\PlatformerSaves\build\bindings\bindings\Geode\source\GameObjectPhysics.cpp. [C:\PlatformerSaves\PlatformerSaves\build\bindings\GeodeBindings.vcxproj]
C:\Program Files (x86)\Microsoft Visual Studio\2022\BuildTools\MSBuild\Microsoft\VC\v170\Microsoft.CppBuild.targets(1129,5): warning MSB8027: Mehrere Dateien mit dem Namen GameOptionsLayer.cpp führen zu Ausgaben am selben Speicherort. Dadurch kann ein falsches Buildergebnis entstehen. Die betroffenen Dateien sind C:\PlatformerSaves\PlatformerSaves\build\_deps\bindings-src\bindings\2.2081\inline\GameOptionsLayer.cpp, C:\PlatformerSaves\PlatformerSaves\build\bindings\bindings\Geode\source\GameOptionsLayer.cpp. [C:\PlatformerSaves\PlatformerSaves\build\bindings\GeodeBindings.vcxproj]
C:\Program Files (x86)\Microsoft Visual Studio\2022\BuildTools\MSBuild\Microsoft\VC\v170\Microsoft.CppBuild.targets(1129,5): warning MSB8027: Mehrere Dateien mit dem Namen GameOptionsTrigger.cpp führen zu Ausgaben am selben Speicherort. Dadurch kann ein falsches Buildergebnis entstehen. Die betroffenen Dateien sind C:\PlatformerSaves\PlatformerSaves\build\_deps\bindings-src\bindings\2.2081\inline\GameOptionsTrigger.cpp, C:\PlatformerSaves\PlatformerSaves\build\bindings\bindings\Geode\source\GameOptionsTrigger.cpp. [C:\PlatformerSaves\PlatformerSaves\build\bindings\GeodeBindings.vcxproj]
C:\Program Files (x86)\Microsoft Visual Studio\2022\BuildTools\MSBuild\Microsoft\VC\v170\Microsoft.CppBuild.targets(1129,5): warning MSB8027: Mehrere Dateien mit dem Namen GameRateDelegate.cpp führen zu Ausgaben am selben Speicherort. Dadurch kann ein falsches Buildergebnis entstehen. Die betroffenen Dateien sind C:\PlatformerSaves\PlatformerSaves\build\_deps\bindings-src\bindings\2.2081\inline\GameRateDelegate.cpp, C:\PlatformerSaves\PlatformerSaves\build\bindings\bindings\Geode\source\GameRateDelegate.cpp. [C:\PlatformerSaves\PlatformerSaves\build\bindings\GeodeBindings.vcxproj]
C:\Program Files (x86)\Microsoft Visual Studio\2022\BuildTools\MSBuild\Microsoft\VC\v170\Microsoft.CppBuild.targets(1129,5): warning MSB8027: Mehrere Dateien mit dem Namen GameStatsManager.cpp führen zu Ausgaben am selben Speicherort. Dadurch kann ein falsches Buildergebnis entstehen. Die betroffenen Dateien sind C:\PlatformerSaves\PlatformerSaves\build\_deps\bindings-src\bindings\2.2081\inline\GameStatsManager.cpp, C:\PlatformerSaves\PlatformerSaves\build\bindings\bindings\Geode\source\GameStatsManager.cpp. [C:\PlatformerSaves\PlatformerSaves\build\bindings\GeodeBindings.vcxproj]
C:\Program Files (x86)\Microsoft Visual Studio\2022\BuildTools\MSBuild\Microsoft\VC\v170\Microsoft.CppBuild.targets(1129,5): warning MSB8027: Mehrere Dateien mit dem Namen GameToolbox.cpp führen zu Ausgaben am selben Speicherort. Dadurch kann ein falsches Buildergebnis entstehen. Die betroffenen Dateien sind C:\PlatformerSaves\PlatformerSaves\build\_deps\bindings-src\bindings\2.2081\inline\GameToolbox.cpp, C:\PlatformerSaves\PlatformerSaves\build\bindings\bindings\Geode\source\GameToolbox.cpp. [C:\PlatformerSaves\PlatformerSaves\build\bindings\GeodeBindings.vcxproj]
C:\Program Files (x86)\Microsoft Visual Studio\2022\BuildTools\MSBuild\Microsoft\VC\v170\Microsoft.CppBuild.targets(1129,5): warning MSB8027: Mehrere Dateien mit dem Namen GauntletLayer.cpp führen zu Ausgaben am selben Speicherort. Dadurch kann ein falsches Buildergebnis entstehen. Die betroffenen Dateien sind C:\PlatformerSaves\PlatformerSaves\build\_deps\bindings-src\bindings\2.2081\inline\GauntletLayer.cpp, C:\PlatformerSaves\PlatformerSaves\build\bindings\bindings\Geode\source\GauntletLayer.cpp. [C:\PlatformerSaves\PlatformerSaves\build\bindings\GeodeBindings.vcxproj]
C:\Program Files (x86)\Microsoft Visual Studio\2022\BuildTools\MSBuild\Microsoft\VC\v170\Microsoft.CppBuild.targets(1129,5): warning MSB8027: Mehrere Dateien mit dem Namen GauntletNode.cpp führen zu Ausgaben am selben Speicherort. Dadurch kann ein falsches Buildergebnis entstehen. Die betroffenen Dateien sind C:\PlatformerSaves\PlatformerSaves\build\_deps\bindings-src\bindings\2.2081\inline\GauntletNode.cpp, C:\PlatformerSaves\PlatformerSaves\build\bindings\bindings\Geode\source\GauntletNode.cpp. [C:\PlatformerSaves\PlatformerSaves\build\bindings\GeodeBindings.vcxproj]
C:\Program Files (x86)\Microsoft Visual Studio\2022\BuildTools\MSBuild\Microsoft\VC\v170\Microsoft.CppBuild.targets(1129,5): warning MSB8027: Mehrere Dateien mit dem Namen GauntletSelectLayer.cpp führen zu Ausgaben am selben Speicherort. Dadurch kann ein falsches Buildergebnis entstehen. Die betroffenen Dateien sind C:\PlatformerSaves\PlatformerSaves\build\_deps\bindings-src\bindings\2.2081\inline\GauntletSelectLayer.cpp, C:\PlatformerSaves\PlatformerSaves\build\bindings\bindings\Geode\source\GauntletSelectLayer.cpp. [C:\PlatformerSaves\PlatformerSaves\build\bindings\GeodeBindings.vcxproj]
C:\Program Files (x86)\Microsoft Visual Studio\2022\BuildTools\MSBuild\Microsoft\VC\v170\Microsoft.CppBuild.targets(1129,5): warning MSB8027: Mehrere Dateien mit dem Namen GauntletSprite.cpp führen zu Ausgaben am selben Speicherort. Dadurch kann ein falsches Buildergebnis entstehen. Die betroffenen Dateien sind C:\PlatformerSaves\PlatformerSaves\build\_deps\bindings-src\bindings\2.2081\inline\GauntletSprite.cpp, C:\PlatformerSaves\PlatformerSaves\build\bindings\bindings\Geode\source\GauntletSprite.cpp. [C:\PlatformerSaves\PlatformerSaves\build\bindings\GeodeBindings.vcxproj]
C:\Program Files (x86)\Microsoft Visual Studio\2022\BuildTools\MSBuild\Microsoft\VC\v170\Microsoft.CppBuild.targets(1129,5): warning MSB8027: Mehrere Dateien mit dem Namen Geometry.cpp führen zu Ausgaben am selben Speicherort. Dadurch kann ein falsches Buildergebnis entstehen. Die betroffenen Dateien sind C:\PlatformerSaves\PlatformerSaves\build\_deps\bindings-src\bindings\2.2081\inline\Geometry.cpp, C:\PlatformerSaves\PlatformerSaves\build\bindings\bindings\Geode\source\Geometry.cpp. [C:\PlatformerSaves\PlatformerSaves\build\bindings\GeodeBindings.vcxproj]
C:\Program Files (x86)\Microsoft Visual Studio\2022\BuildTools\MSBuild\Microsoft\VC\v170\Microsoft.CppBuild.targets(1129,5): warning MSB8027: Mehrere Dateien mit dem Namen GhostTrailEffect.cpp führen zu Ausgaben am selben Speicherort. Dadurch kann ein falsches Buildergebnis entstehen. Die betroffenen Dateien sind C:\PlatformerSaves\PlatformerSaves\build\_deps\bindings-src\bindings\2.2081\inline\GhostTrailEffect.cpp, C:\PlatformerSaves\PlatformerSaves\build\bindings\bindings\Geode\source\GhostTrailEffect.cpp. [C:\PlatformerSaves\PlatformerSaves\build\bindings\GeodeBindings.vcxproj]
C:\Program Files (x86)\Microsoft Visual Studio\2022\BuildTools\MSBuild\Microsoft\VC\v170\Microsoft.CppBuild.targets(1129,5): warning MSB8027: Mehrere Dateien mit dem Namen GooglePlayDelegate.cpp führen zu Ausgaben am selben Speicherort. Dadurch kann ein falsches Buildergebnis entstehen. Die betroffenen Dateien sind C:\PlatformerSaves\PlatformerSaves\build\_deps\bindings-src\bindings\2.2081\inline\GooglePlayDelegate.cpp, C:\PlatformerSaves\PlatformerSaves\build\bindings\bindings\Geode\source\GooglePlayDelegate.cpp. [C:\PlatformerSaves\PlatformerSaves\build\bindings\GeodeBindings.vcxproj]
C:\Program Files (x86)\Microsoft Visual Studio\2022\BuildTools\MSBuild\Microsoft\VC\v170\Microsoft.CppBuild.targets(1129,5): warning MSB8027: Mehrere Dateien mit dem Namen GooglePlayManager.cpp führen zu Ausgaben am selben Speicherort. Dadurch kann ein falsches Buildergebnis entstehen. Die betroffenen Dateien sind C:\PlatformerSaves\PlatformerSaves\build\_deps\bindings-src\bindings\2.2081\inline\GooglePlayManager.cpp, C:\PlatformerSaves\PlatformerSaves\build\bindings\bindings\Geode\source\GooglePlayManager.cpp. [C:\PlatformerSaves\PlatformerSaves\build\bindings\GeodeBindings.vcxproj]
C:\Program Files (x86)\Microsoft Visual Studio\2022\BuildTools\MSBuild\Microsoft\VC\v170\Microsoft.CppBuild.targets(1129,5): warning MSB8027: Mehrere Dateien mit dem Namen GradientTriggerObject.cpp führen zu Ausgaben am selben Speicherort. Dadurch kann ein falsches Buildergebnis entstehen. Die betroffenen Dateien sind C:\PlatformerSaves\PlatformerSaves\build\_deps\bindings-src\bindings\2.2081\inline\GradientTriggerObject.cpp, C:\PlatformerSaves\PlatformerSaves\build\bindings\bindings\Geode\source\GradientTriggerObject.cpp. [C:\PlatformerSaves\PlatformerSaves\build\bindings\GeodeBindings.vcxproj]
C:\Program Files (x86)\Microsoft Visual Studio\2022\BuildTools\MSBuild\Microsoft\VC\v170\Microsoft.CppBuild.targets(1129,5): warning MSB8027: Mehrere Dateien mit dem Namen GraphicsReloadLayer.cpp führen zu Ausgaben am selben Speicherort. Dadurch kann ein falsches Buildergebnis entstehen. Die betroffenen Dateien sind C:\PlatformerSaves\PlatformerSaves\build\_deps\bindings-src\bindings\2.2081\inline\GraphicsReloadLayer.cpp, C:\PlatformerSaves\PlatformerSaves\build\bindings\bindings\Geode\source\GraphicsReloadLayer.cpp. [C:\PlatformerSaves\PlatformerSaves\build\bindings\GeodeBindings.vcxproj]
C:\Program Files (x86)\Microsoft Visual Studio\2022\BuildTools\MSBuild\Microsoft\VC\v170\Microsoft.CppBuild.targets(1129,5): warning MSB8027: Mehrere Dateien mit dem Namen GravityEffectSprite.cpp führen zu Ausgaben am selben Speicherort. Dadurch kann ein falsches Buildergebnis entstehen. Die betroffenen Dateien sind C:\PlatformerSaves\PlatformerSaves\build\_deps\bindings-src\bindings\2.2081\inline\GravityEffectSprite.cpp, C:\PlatformerSaves\PlatformerSaves\build\bindings\bindings\Geode\source\GravityEffectSprite.cpp. [C:\PlatformerSaves\PlatformerSaves\build\bindings\GeodeBindings.vcxproj]
C:\Program Files (x86)\Microsoft Visual Studio\2022\BuildTools\MSBuild\Microsoft\VC\v170\Microsoft.CppBuild.targets(1129,5): warning MSB8027: Mehrere Dateien mit dem Namen GroupCommandObject2.cpp führen zu Ausgaben am selben Speicherort. Dadurch kann ein falsches Buildergebnis entstehen. Die betroffenen Dateien sind C:\PlatformerSaves\PlatformerSaves\build\_deps\bindings-src\bindings\2.2081\inline\GroupCommandObject2.cpp, C:\PlatformerSaves\PlatformerSaves\build\bindings\bindings\Geode\source\GroupCommandObject2.cpp. [C:\PlatformerSaves\PlatformerSaves\build\bindings\GeodeBindings.vcxproj]
C:\Program Files (x86)\Microsoft Visual Studio\2022\BuildTools\MSBuild\Microsoft\VC\v170\Microsoft.CppBuild.targets(1129,5): warning MSB8027: Mehrere Dateien mit dem Namen HSVLiveOverlay.cpp führen zu Ausgaben am selben Speicherort. Dadurch kann ein falsches Buildergebnis entstehen. Die betroffenen Dateien sind C:\PlatformerSaves\PlatformerSaves\build\_deps\bindings-src\bindings\2.2081\inline\HSVLiveOverlay.cpp, C:\PlatformerSaves\PlatformerSaves\build\bindings\bindings\Geode\source\HSVLiveOverlay.cpp. [C:\PlatformerSaves\PlatformerSaves\build\bindings\GeodeBindings.vcxproj]
C:\Program Files (x86)\Microsoft Visual Studio\2022\BuildTools\MSBuild\Microsoft\VC\v170\Microsoft.CppBuild.targets(1129,5): warning MSB8027: Mehrere Dateien mit dem Namen HSVWidgetDelegate.cpp führen zu Ausgaben am selben Speicherort. Dadurch kann ein falsches Buildergebnis entstehen. Die betroffenen Dateien sind C:\PlatformerSaves\PlatformerSaves\build\_deps\bindings-src\bindings\2.2081\inline\HSVWidgetDelegate.cpp, C:\PlatformerSaves\PlatformerSaves\build\bindings\bindings\Geode\source\HSVWidgetDelegate.cpp. [C:\PlatformerSaves\PlatformerSaves\build\bindings\GeodeBindings.vcxproj]
C:\Program Files (x86)\Microsoft Visual Studio\2022\BuildTools\MSBuild\Microsoft\VC\v170\Microsoft.CppBuild.targets(1129,5): warning MSB8027: Mehrere Dateien mit dem Namen HSVWidgetPopup.cpp führen zu Ausgaben am selben Speicherort. Dadurch kann ein falsches Buildergebnis entstehen. Die betroffenen Dateien sind C:\PlatformerSaves\PlatformerSaves\build\_deps\bindings-src\bindings\2.2081\inline\HSVWidgetPopup.cpp, C:\PlatformerSaves\PlatformerSaves\build\bindings\bindings\Geode\source\HSVWidgetPopup.cpp. [C:\PlatformerSaves\PlatformerSaves\build\bindings\GeodeBindings.vcxproj]
C:\Program Files (x86)\Microsoft Visual Studio\2022\BuildTools\MSBuild\Microsoft\VC\v170\Microsoft.CppBuild.targets(1129,5): warning MSB8027: Mehrere Dateien mit dem Namen HardStreak.cpp führen zu Ausgaben am selben Speicherort. Dadurch kann ein falsches Buildergebnis entstehen. Die betroffenen Dateien sind C:\PlatformerSaves\PlatformerSaves\build\_deps\bindings-src\bindings\2.2081\inline\HardStreak.cpp, C:\PlatformerSaves\PlatformerSaves\build\bindings\bindings\Geode\source\HardStreak.cpp. [C:\PlatformerSaves\PlatformerSaves\build\bindings\GeodeBindings.vcxproj]
C:\Program Files (x86)\Microsoft Visual Studio\2022\BuildTools\MSBuild\Microsoft\VC\v170\Microsoft.CppBuild.targets(1129,5): warning MSB8027: Mehrere Dateien mit dem Namen InfoAlertButton.cpp führen zu Ausgaben am selben Speicherort. Dadurch kann ein falsches Buildergebnis entstehen. Die betroffenen Dateien sind C:\PlatformerSaves\PlatformerSaves\build\_deps\bindings-src\bindings\2.2081\inline\InfoAlertButton.cpp, C:\PlatformerSaves\PlatformerSaves\build\bindings\bindings\Geode\source\InfoAlertButton.cpp. [C:\PlatformerSaves\PlatformerSaves\build\bindings\GeodeBindings.vcxproj]
C:\Program Files (x86)\Microsoft Visual Studio\2022\BuildTools\MSBuild\Microsoft\VC\v170\Microsoft.CppBuild.targets(1129,5): warning MSB8027: Mehrere Dateien mit dem Namen InfoLayer.cpp führen zu Ausgaben am selben Speicherort. Dadurch kann ein falsches Buildergebnis entstehen. Die betroffenen Dateien sind C:\PlatformerSaves\PlatformerSaves\build\_deps\bindings-src\bindings\2.2081\inline\InfoLayer.cpp, C:\PlatformerSaves\PlatformerSaves\build\bindings\bindings\Geode\source\InfoLayer.cpp. [C:\PlatformerSaves\PlatformerSaves\build\bindings\GeodeBindings.vcxproj]
C:\Program Files (x86)\Microsoft Visual Studio\2022\BuildTools\MSBuild\Microsoft\VC\v170\Microsoft.CppBuild.targets(1129,5): warning MSB8027: Mehrere Dateien mit dem Namen InheritanceNode.cpp führen zu Ausgaben am selben Speicherort. Dadurch kann ein falsches Buildergebnis entstehen. Die betroffenen Dateien sind C:\PlatformerSaves\PlatformerSaves\build\_deps\bindings-src\bindings\2.2081\inline\InheritanceNode.cpp, C:\PlatformerSaves\PlatformerSaves\build\bindings\bindings\Geode\source\InheritanceNode.cpp. [C:\PlatformerSaves\PlatformerSaves\build\bindings\GeodeBindings.vcxproj]
C:\Program Files (x86)\Microsoft Visual Studio\2022\BuildTools\MSBuild\Microsoft\VC\v170\Microsoft.CppBuild.targets(1129,5): warning MSB8027: Mehrere Dateien mit dem Namen ItemInfoPopup.cpp führen zu Ausgaben am selben Speicherort. Dadurch kann ein falsches Buildergebnis entstehen. Die betroffenen Dateien sind C:\PlatformerSaves\PlatformerSaves\build\_deps\bindings-src\bindings\2.2081\inline\ItemInfoPopup.cpp, C:\PlatformerSaves\PlatformerSaves\build\bindings\bindings\Geode\source\ItemInfoPopup.cpp. [C:\PlatformerSaves\PlatformerSaves\build\bindings\GeodeBindings.vcxproj]
C:\Program Files (x86)\Microsoft Visual Studio\2022\BuildTools\MSBuild\Microsoft\VC\v170\Microsoft.CppBuild.targets(1129,5): warning MSB8027: Mehrere Dateien mit dem Namen ItemTriggerGameObject.cpp führen zu Ausgaben am selben Speicherort. Dadurch kann ein falsches Buildergebnis entstehen. Die betroffenen Dateien sind C:\PlatformerSaves\PlatformerSaves\build\_deps\bindings-src\bindings\2.2081\inline\ItemTriggerGameObject.cpp, C:\PlatformerSaves\PlatformerSaves\build\bindings\bindings\Geode\source\ItemTriggerGameObject.cpp. [C:\PlatformerSaves\PlatformerSaves\build\bindings\GeodeBindings.vcxproj]
C:\Program Files (x86)\Microsoft Visual Studio\2022\BuildTools\MSBuild\Microsoft\VC\v170\Microsoft.CppBuild.targets(1129,5): warning MSB8027: Mehrere Dateien mit dem Namen KeybindingsLayer.cpp führen zu Ausgaben am selben Speicherort. Dadurch kann ein falsches Buildergebnis entstehen. Die betroffenen Dateien sind C:\PlatformerSaves\PlatformerSaves\build\_deps\bindings-src\bindings\2.2081\inline\KeybindingsLayer.cpp, C:\PlatformerSaves\PlatformerSaves\build\bindings\bindings\Geode\source\KeybindingsLayer.cpp. [C:\PlatformerSaves\PlatformerSaves\build\bindings\GeodeBindings.vcxproj]
C:\Program Files (x86)\Microsoft Visual Studio\2022\BuildTools\MSBuild\Microsoft\VC\v170\Microsoft.CppBuild.targets(1129,5): warning MSB8027: Mehrere Dateien mit dem Namen KeybindingsManager.cpp führen zu Ausgaben am selben Speicherort. Dadurch kann ein falsches Buildergebnis entstehen. Die betroffenen Dateien sind C:\PlatformerSaves\PlatformerSaves\build\_deps\bindings-src\bindings\2.2081\inline\KeybindingsManager.cpp, C:\PlatformerSaves\PlatformerSaves\build\bindings\bindings\Geode\source\KeybindingsManager.cpp. [C:\PlatformerSaves\PlatformerSaves\build\bindings\GeodeBindings.vcxproj]
C:\Program Files (x86)\Microsoft Visual Studio\2022\BuildTools\MSBuild\Microsoft\VC\v170\Microsoft.CppBuild.targets(1129,5): warning MSB8027: Mehrere Dateien mit dem Namen KeyframeAnimTriggerObject.cpp führen zu Ausgaben am selben Speicherort. Dadurch kann ein falsches Buildergebnis entstehen. Die betroffenen Dateien sind C:\PlatformerSaves\PlatformerSaves\build\_deps\bindings-src\bindings\2.2081\inline\KeyframeAnimTriggerObject.cpp, C:\PlatformerSaves\PlatformerSaves\build\bindings\bindings\Geode\source\KeyframeAnimTriggerObject.cpp. [C:\PlatformerSaves\PlatformerSaves\build\bindings\GeodeBindings.vcxproj]
C:\Program Files (x86)\Microsoft Visual Studio\2022\BuildTools\MSBuild\Microsoft\VC\v170\Microsoft.CppBuild.targets(1129,5): warning MSB8027: Mehrere Dateien mit dem Namen KeyframeGameObject.cpp führen zu Ausgaben am selben Speicherort. Dadurch kann ein falsches Buildergebnis entstehen. Die betroffenen Dateien sind C:\PlatformerSaves\PlatformerSaves\build\_deps\bindings-src\bindings\2.2081\inline\KeyframeGameObject.cpp, C:\PlatformerSaves\PlatformerSaves\build\bindings\bindings\Geode\source\KeyframeGameObject.cpp. [C:\PlatformerSaves\PlatformerSaves\build\bindings\GeodeBindings.vcxproj]
C:\Program Files (x86)\Microsoft Visual Studio\2022\BuildTools\MSBuild\Microsoft\VC\v170\Microsoft.CppBuild.targets(1129,5): warning MSB8027: Mehrere Dateien mit dem Namen KeyframeObject.cpp führen zu Ausgaben am selben Speicherort. Dadurch kann ein falsches Buildergebnis entstehen. Die betroffenen Dateien sind C:\PlatformerSaves\PlatformerSaves\build\_deps\bindings-src\bindings\2.2081\inline\KeyframeObject.cpp, C:\PlatformerSaves\PlatformerSaves\build\bindings\bindings\Geode\source\KeyframeObject.cpp. [C:\PlatformerSaves\PlatformerSaves\build\bindings\GeodeBindings.vcxproj]
C:\Program Files (x86)\Microsoft Visual Studio\2022\BuildTools\MSBuild\Microsoft\VC\v170\Microsoft.CppBuild.targets(1129,5): warning MSB8027: Mehrere Dateien mit dem Namen LabelGameObject.cpp führen zu Ausgaben am selben Speicherort. Dadurch kann ein falsches Buildergebnis entstehen. Die betroffenen Dateien sind C:\PlatformerSaves\PlatformerSaves\build\_deps\bindings-src\bindings\2.2081\inline\LabelGameObject.cpp, C:\PlatformerSaves\PlatformerSaves\build\bindings\bindings\Geode\source\LabelGameObject.cpp. [C:\PlatformerSaves\PlatformerSaves\build\bindings\GeodeBindings.vcxproj]
C:\Program Files (x86)\Microsoft Visual Studio\2022\BuildTools\MSBuild\Microsoft\VC\v170\Microsoft.CppBuild.targets(1129,5): warning MSB8027: Mehrere Dateien mit dem Namen LeaderboardManagerDelegate.cpp führen zu Ausgaben am selben Speicherort. Dadurch kann ein falsches Buildergebnis entstehen. Die betroffenen Dateien sind C:\PlatformerSaves\PlatformerSaves\build\_deps\bindings-src\bindings\2.2081\inline\LeaderboardManagerDelegate.cpp, C:\PlatformerSaves\PlatformerSaves\build\bindings\bindings\Geode\source\LeaderboardManagerDelegate.cpp. [C:\PlatformerSaves\PlatformerSaves\build\bindings\GeodeBindings.vcxproj]
C:\Program Files (x86)\Microsoft Visual Studio\2022\BuildTools\MSBuild\Microsoft\VC\v170\Microsoft.CppBuild.targets(1129,5): warning MSB8027: Mehrere Dateien mit dem Namen LeaderboardsLayer.cpp führen zu Ausgaben am selben Speicherort. Dadurch kann ein falsches Buildergebnis entstehen. Die betroffenen Dateien sind C:\PlatformerSaves\PlatformerSaves\build\_deps\bindings-src\bindings\2.2081\inline\LeaderboardsLayer.cpp, C:\PlatformerSaves\PlatformerSaves\build\bindings\bindings\Geode\source\LeaderboardsLayer.cpp. [C:\PlatformerSaves\PlatformerSaves\build\bindings\GeodeBindings.vcxproj]
C:\Program Files (x86)\Microsoft Visual Studio\2022\BuildTools\MSBuild\Microsoft\VC\v170\Microsoft.CppBuild.targets(1129,5): warning MSB8027: Mehrere Dateien mit dem Namen LevelAreaInnerLayer.cpp führen zu Ausgaben am selben Speicherort. Dadurch kann ein falsches Buildergebnis entstehen. Die betroffenen Dateien sind C:\PlatformerSaves\PlatformerSaves\build\_deps\bindings-src\bindings\2.2081\inline\LevelAreaInnerLayer.cpp, C:\PlatformerSaves\PlatformerSaves\build\bindings\bindings\Geode\source\LevelAreaInnerLayer.cpp. [C:\PlatformerSaves\PlatformerSaves\build\bindings\GeodeBindings.vcxproj]
C:\Program Files (x86)\Microsoft Visual Studio\2022\BuildTools\MSBuild\Microsoft\VC\v170\Microsoft.CppBuild.targets(1129,5): warning MSB8027: Mehrere Dateien mit dem Namen LevelAreaLayer.cpp führen zu Ausgaben am selben Speicherort. Dadurch kann ein falsches Buildergebnis entstehen. Die betroffenen Dateien sind C:\PlatformerSaves\PlatformerSaves\build\_deps\bindings-src\bindings\2.2081\inline\LevelAreaLayer.cpp, C:\PlatformerSaves\PlatformerSaves\build\bindings\bindings\Geode\source\LevelAreaLayer.cpp. [C:\PlatformerSaves\PlatformerSaves\build\bindings\GeodeBindings.vcxproj]
C:\Program Files (x86)\Microsoft Visual Studio\2022\BuildTools\MSBuild\Microsoft\VC\v170\Microsoft.CppBuild.targets(1129,5): warning MSB8027: Mehrere Dateien mit dem Namen LevelBrowserLayer.cpp führen zu Ausgaben am selben Speicherort. Dadurch kann ein falsches Buildergebnis entstehen. Die betroffenen Dateien sind C:\PlatformerSaves\PlatformerSaves\build\_deps\bindings-src\bindings\2.2081\inline\LevelBrowserLayer.cpp, C:\PlatformerSaves\PlatformerSaves\build\bindings\bindings\Geode\source\LevelBrowserLayer.cpp. [C:\PlatformerSaves\PlatformerSaves\build\bindings\GeodeBindings.vcxproj]
C:\Program Files (x86)\Microsoft Visual Studio\2022\BuildTools\MSBuild\Microsoft\VC\v170\Microsoft.CppBuild.targets(1129,5): warning MSB8027: Mehrere Dateien mit dem Namen LevelCell.cpp führen zu Ausgaben am selben Speicherort. Dadurch kann ein falsches Buildergebnis entstehen. Die betroffenen Dateien sind C:\PlatformerSaves\PlatformerSaves\build\_deps\bindings-src\bindings\2.2081\inline\LevelCell.cpp, C:\PlatformerSaves\PlatformerSaves\build\bindings\bindings\Geode\source\LevelCell.cpp. [C:\PlatformerSaves\PlatformerSaves\build\bindings\GeodeBindings.vcxproj]
C:\Program Files (x86)\Microsoft Visual Studio\2022\BuildTools\MSBuild\Microsoft\VC\v170\Microsoft.CppBuild.targets(1129,5): warning MSB8027: Mehrere Dateien mit dem Namen LevelCommentDelegate.cpp führen zu Ausgaben am selben Speicherort. Dadurch kann ein falsches Buildergebnis entstehen. Die betroffenen Dateien sind C:\PlatformerSaves\PlatformerSaves\build\_deps\bindings-src\bindings\2.2081\inline\LevelCommentDelegate.cpp, C:\PlatformerSaves\PlatformerSaves\build\bindings\bindings\Geode\source\LevelCommentDelegate.cpp. [C:\PlatformerSaves\PlatformerSaves\build\bindings\GeodeBindings.vcxproj]
C:\Program Files (x86)\Microsoft Visual Studio\2022\BuildTools\MSBuild\Microsoft\VC\v170\Microsoft.CppBuild.targets(1129,5): warning MSB8027: Mehrere Dateien mit dem Namen LevelDeleteDelegate.cpp führen zu Ausgaben am selben Speicherort. Dadurch kann ein falsches Buildergebnis entstehen. Die betroffenen Dateien sind C:\PlatformerSaves\PlatformerSaves\build\_deps\bindings-src\bindings\2.2081\inline\LevelDeleteDelegate.cpp, C:\PlatformerSaves\PlatformerSaves\build\bindings\bindings\Geode\source\LevelDeleteDelegate.cpp. [C:\PlatformerSaves\PlatformerSaves\build\bindings\GeodeBindings.vcxproj]
C:\Program Files (x86)\Microsoft Visual Studio\2022\BuildTools\MSBuild\Microsoft\VC\v170\Microsoft.CppBuild.targets(1129,5): warning MSB8027: Mehrere Dateien mit dem Namen LevelDownloadDelegate.cpp führen zu Ausgaben am selben Speicherort. Dadurch kann ein falsches Buildergebnis entstehen. Die betroffenen Dateien sind C:\PlatformerSaves\PlatformerSaves\build\_deps\bindings-src\bindings\2.2081\inline\LevelDownloadDelegate.cpp, C:\PlatformerSaves\PlatformerSaves\build\bindings\bindings\Geode\source\LevelDownloadDelegate.cpp. [C:\PlatformerSaves\PlatformerSaves\build\bindings\GeodeBindings.vcxproj]
C:\Program Files (x86)\Microsoft Visual Studio\2022\BuildTools\MSBuild\Microsoft\VC\v170\Microsoft.CppBuild.targets(1129,5): warning MSB8027: Mehrere Dateien mit dem Namen LevelEditorLayer.cpp führen zu Ausgaben am selben Speicherort. Dadurch kann ein falsches Buildergebnis entstehen. Die betroffenen Dateien sind C:\PlatformerSaves\PlatformerSaves\build\_deps\bindings-src\bindings\2.2081\inline\LevelEditorLayer.cpp, C:\PlatformerSaves\PlatformerSaves\build\bindings\bindings\Geode\source\LevelEditorLayer.cpp. [C:\PlatformerSaves\PlatformerSaves\build\bindings\GeodeBindings.vcxproj]
C:\Program Files (x86)\Microsoft Visual Studio\2022\BuildTools\MSBuild\Microsoft\VC\v170\Microsoft.CppBuild.targets(1129,5): warning MSB8027: Mehrere Dateien mit dem Namen LevelFeatureLayer.cpp führen zu Ausgaben am selben Speicherort. Dadurch kann ein falsches Buildergebnis entstehen. Die betroffenen Dateien sind C:\PlatformerSaves\PlatformerSaves\build\_deps\bindings-src\bindings\2.2081\inline\LevelFeatureLayer.cpp, C:\PlatformerSaves\PlatformerSaves\build\bindings\bindings\Geode\source\LevelFeatureLayer.cpp. [C:\PlatformerSaves\PlatformerSaves\build\bindings\GeodeBindings.vcxproj]
C:\Program Files (x86)\Microsoft Visual Studio\2022\BuildTools\MSBuild\Microsoft\VC\v170\Microsoft.CppBuild.targets(1129,5): warning MSB8027: Mehrere Dateien mit dem Namen LevelInfoLayer.cpp führen zu Ausgaben am selben Speicherort. Dadurch kann ein falsches Buildergebnis entstehen. Die betroffenen Dateien sind C:\PlatformerSaves\PlatformerSaves\build\_deps\bindings-src\bindings\2.2081\inline\LevelInfoLayer.cpp, C:\PlatformerSaves\PlatformerSaves\build\bindings\bindings\Geode\source\LevelInfoLayer.cpp. [C:\PlatformerSaves\PlatformerSaves\build\bindings\GeodeBindings.vcxproj]
C:\Program Files (x86)\Microsoft Visual Studio\2022\BuildTools\MSBuild\Microsoft\VC\v170\Microsoft.CppBuild.targets(1129,5): warning MSB8027: Mehrere Dateien mit dem Namen LevelLeaderboard.cpp führen zu Ausgaben am selben Speicherort. Dadurch kann ein falsches Buildergebnis entstehen. Die betroffenen Dateien sind C:\PlatformerSaves\PlatformerSaves\build\_deps\bindings-src\bindings\2.2081\inline\LevelLeaderboard.cpp, C:\PlatformerSaves\PlatformerSaves\build\bindings\bindings\Geode\source\LevelLeaderboard.cpp. [C:\PlatformerSaves\PlatformerSaves\build\bindings\GeodeBindings.vcxproj]
C:\Program Files (x86)\Microsoft Visual Studio\2022\BuildTools\MSBuild\Microsoft\VC\v170\Microsoft.CppBuild.targets(1129,5): warning MSB8027: Mehrere Dateien mit dem Namen LevelListCell.cpp führen zu Ausgaben am selben Speicherort. Dadurch kann ein falsches Buildergebnis entstehen. Die betroffenen Dateien sind C:\PlatformerSaves\PlatformerSaves\build\_deps\bindings-src\bindings\2.2081\inline\LevelListCell.cpp, C:\PlatformerSaves\PlatformerSaves\build\bindings\bindings\Geode\source\LevelListCell.cpp. [C:\PlatformerSaves\PlatformerSaves\build\bindings\GeodeBindings.vcxproj]
C:\Program Files (x86)\Microsoft Visual Studio\2022\BuildTools\MSBuild\Microsoft\VC\v170\Microsoft.CppBuild.targets(1129,5): warning MSB8027: Mehrere Dateien mit dem Namen LevelListDeleteDelegate.cpp führen zu Ausgaben am selben Speicherort. Dadurch kann ein falsches Buildergebnis entstehen. Die betroffenen Dateien sind C:\PlatformerSaves\PlatformerSaves\build\_deps\bindings-src\bindings\2.2081\inline\LevelListDeleteDelegate.cpp, C:\PlatformerSaves\PlatformerSaves\build\bindings\bindings\Geode\source\LevelListDeleteDelegate.cpp. [C:\PlatformerSaves\PlatformerSaves\build\bindings\GeodeBindings.vcxproj]
C:\Program Files (x86)\Microsoft Visual Studio\2022\BuildTools\MSBuild\Microsoft\VC\v170\Microsoft.CppBuild.targets(1129,5): warning MSB8027: Mehrere Dateien mit dem Namen LevelListLayer.cpp führen zu Ausgaben am selben Speicherort. Dadurch kann ein falsches Buildergebnis entstehen. Die betroffenen Dateien sind C:\PlatformerSaves\PlatformerSaves\build\_deps\bindings-src\bindings\2.2081\inline\LevelListLayer.cpp, C:\PlatformerSaves\PlatformerSaves\build\bindings\bindings\Geode\source\LevelListLayer.cpp. [C:\PlatformerSaves\PlatformerSaves\build\bindings\GeodeBindings.vcxproj]
C:\Program Files (x86)\Microsoft Visual Studio\2022\BuildTools\MSBuild\Microsoft\VC\v170\Microsoft.CppBuild.targets(1129,5): warning MSB8027: Mehrere Dateien mit dem Namen LevelManagerDelegate.cpp führen zu Ausgaben am selben Speicherort. Dadurch kann ein falsches Buildergebnis entstehen. Die betroffenen Dateien sind C:\PlatformerSaves\PlatformerSaves\build\_deps\bindings-src\bindings\2.2081\inline\LevelManagerDelegate.cpp, C:\PlatformerSaves\PlatformerSaves\build\bindings\bindings\Geode\source\LevelManagerDelegate.cpp. [C:\PlatformerSaves\PlatformerSaves\build\bindings\GeodeBindings.vcxproj]
C:\Program Files (x86)\Microsoft Visual Studio\2022\BuildTools\MSBuild\Microsoft\VC\v170\Microsoft.CppBuild.targets(1129,5): warning MSB8027: Mehrere Dateien mit dem Namen LevelOptionsLayer.cpp führen zu Ausgaben am selben Speicherort. Dadurch kann ein falsches Buildergebnis entstehen. Die betroffenen Dateien sind C:\PlatformerSaves\PlatformerSaves\build\_deps\bindings-src\bindings\2.2081\inline\LevelOptionsLayer.cpp, C:\PlatformerSaves\PlatformerSaves\build\bindings\bindings\Geode\source\LevelOptionsLayer.cpp. [C:\PlatformerSaves\PlatformerSaves\build\bindings\GeodeBindings.vcxproj]
C:\Program Files (x86)\Microsoft Visual Studio\2022\BuildTools\MSBuild\Microsoft\VC\v170\Microsoft.CppBuild.targets(1129,5): warning MSB8027: Mehrere Dateien mit dem Namen LevelOptionsLayer2.cpp führen zu Ausgaben am selben Speicherort. Dadurch kann ein falsches Buildergebnis entstehen. Die betroffenen Dateien sind C:\PlatformerSaves\PlatformerSaves\build\_deps\bindings-src\bindings\2.2081\inline\LevelOptionsLayer2.cpp, C:\PlatformerSaves\PlatformerSaves\build\bindings\bindings\Geode\source\LevelOptionsLayer2.cpp. [C:\PlatformerSaves\PlatformerSaves\build\bindings\GeodeBindings.vcxproj]
C:\Program Files (x86)\Microsoft Visual Studio\2022\BuildTools\MSBuild\Microsoft\VC\v170\Microsoft.CppBuild.targets(1129,5): warning MSB8027: Mehrere Dateien mit dem Namen LevelPage.cpp führen zu Ausgaben am selben Speicherort. Dadurch kann ein falsches Buildergebnis entstehen. Die betroffenen Dateien sind C:\PlatformerSaves\PlatformerSaves\build\_deps\bindings-src\bindings\2.2081\inline\LevelPage.cpp, C:\PlatformerSaves\PlatformerSaves\build\bindings\bindings\Geode\source\LevelPage.cpp. [C:\PlatformerSaves\PlatformerSaves\build\bindings\GeodeBindings.vcxproj]
C:\Program Files (x86)\Microsoft Visual Studio\2022\BuildTools\MSBuild\Microsoft\VC\v170\Microsoft.CppBuild.targets(1129,5): warning MSB8027: Mehrere Dateien mit dem Namen LevelRateInfoDelegate.cpp führen zu Ausgaben am selben Speicherort. Dadurch kann ein falsches Buildergebnis entstehen. Die betroffenen Dateien sind C:\PlatformerSaves\PlatformerSaves\build\_deps\bindings-src\bindings\2.2081\inline\LevelRateInfoDelegate.cpp, C:\PlatformerSaves\PlatformerSaves\build\bindings\bindings\Geode\source\LevelRateInfoDelegate.cpp. [C:\PlatformerSaves\PlatformerSaves\build\bindings\GeodeBindings.vcxproj]
C:\Program Files (x86)\Microsoft Visual Studio\2022\BuildTools\MSBuild\Microsoft\VC\v170\Microsoft.CppBuild.targets(1129,5): warning MSB8027: Mehrere Dateien mit dem Namen LevelSearchLayer.cpp führen zu Ausgaben am selben Speicherort. Dadurch kann ein falsches Buildergebnis entstehen. Die betroffenen Dateien sind C:\PlatformerSaves\PlatformerSaves\build\_deps\bindings-src\bindings\2.2081\inline\LevelSearchLayer.cpp, C:\PlatformerSaves\PlatformerSaves\build\bindings\bindings\Geode\source\LevelSearchLayer.cpp. [C:\PlatformerSaves\PlatformerSaves\build\bindings\GeodeBindings.vcxproj]
C:\Program Files (x86)\Microsoft Visual Studio\2022\BuildTools\MSBuild\Microsoft\VC\v170\Microsoft.CppBuild.targets(1129,5): warning MSB8027: Mehrere Dateien mit dem Namen LevelSelectLayer.cpp führen zu Ausgaben am selben Speicherort. Dadurch kann ein falsches Buildergebnis entstehen. Die betroffenen Dateien sind C:\PlatformerSaves\PlatformerSaves\build\_deps\bindings-src\bindings\2.2081\inline\LevelSelectLayer.cpp, C:\PlatformerSaves\PlatformerSaves\build\bindings\bindings\Geode\source\LevelSelectLayer.cpp. [C:\PlatformerSaves\PlatformerSaves\build\bindings\GeodeBindings.vcxproj]
C:\Program Files (x86)\Microsoft Visual Studio\2022\BuildTools\MSBuild\Microsoft\VC\v170\Microsoft.CppBuild.targets(1129,5): warning MSB8027: Mehrere Dateien mit dem Namen LevelSettingsDelegate.cpp führen zu Ausgaben am selben Speicherort. Dadurch kann ein falsches Buildergebnis entstehen. Die betroffenen Dateien sind C:\PlatformerSaves\PlatformerSaves\build\_deps\bindings-src\bindings\2.2081\inline\LevelSettingsDelegate.cpp, C:\PlatformerSaves\PlatformerSaves\build\bindings\bindings\Geode\source\LevelSettingsDelegate.cpp. [C:\PlatformerSaves\PlatformerSaves\build\bindings\GeodeBindings.vcxproj]
C:\Program Files (x86)\Microsoft Visual Studio\2022\BuildTools\MSBuild\Microsoft\VC\v170\Microsoft.CppBuild.targets(1129,5): warning MSB8027: Mehrere Dateien mit dem Namen LevelSettingsLayer.cpp führen zu Ausgaben am selben Speicherort. Dadurch kann ein falsches Buildergebnis entstehen. Die betroffenen Dateien sind C:\PlatformerSaves\PlatformerSaves\build\_deps\bindings-src\bindings\2.2081\inline\LevelSettingsLayer.cpp, C:\PlatformerSaves\PlatformerSaves\build\bindings\bindings\Geode\source\LevelSettingsLayer.cpp. [C:\PlatformerSaves\PlatformerSaves\build\bindings\GeodeBindings.vcxproj]
C:\Program Files (x86)\Microsoft Visual Studio\2022\BuildTools\MSBuild\Microsoft\VC\v170\Microsoft.CppBuild.targets(1129,5): warning MSB8027: Mehrere Dateien mit dem Namen LevelSettingsObject.cpp führen zu Ausgaben am selben Speicherort. Dadurch kann ein falsches Buildergebnis entstehen. Die betroffenen Dateien sind C:\PlatformerSaves\PlatformerSaves\build\_deps\bindings-src\bindings\2.2081\inline\LevelSettingsObject.cpp, C:\PlatformerSaves\PlatformerSaves\build\bindings\bindings\Geode\source\LevelSettingsObject.cpp. [C:\PlatformerSaves\PlatformerSaves\build\bindings\GeodeBindings.vcxproj]
C:\Program Files (x86)\Microsoft Visual Studio\2022\BuildTools\MSBuild\Microsoft\VC\v170\Microsoft.CppBuild.targets(1129,5): warning MSB8027: Mehrere Dateien mit dem Namen LevelTools.cpp führen zu Ausgaben am selben Speicherort. Dadurch kann ein falsches Buildergebnis entstehen. Die betroffenen Dateien sind C:\PlatformerSaves\PlatformerSaves\build\_deps\bindings-src\bindings\2.2081\inline\LevelTools.cpp, C:\PlatformerSaves\PlatformerSaves\build\bindings\bindings\Geode\source\LevelTools.cpp. [C:\PlatformerSaves\PlatformerSaves\build\bindings\GeodeBindings.vcxproj]
C:\Program Files (x86)\Microsoft Visual Studio\2022\BuildTools\MSBuild\Microsoft\VC\v170\Microsoft.CppBuild.targets(1129,5): warning MSB8027: Mehrere Dateien mit dem Namen LevelUpdateDelegate.cpp führen zu Ausgaben am selben Speicherort. Dadurch kann ein falsches Buildergebnis entstehen. Die betroffenen Dateien sind C:\PlatformerSaves\PlatformerSaves\build\_deps\bindings-src\bindings\2.2081\inline\LevelUpdateDelegate.cpp, C:\PlatformerSaves\PlatformerSaves\build\bindings\bindings\Geode\source\LevelUpdateDelegate.cpp. [C:\PlatformerSaves\PlatformerSaves\build\bindings\GeodeBindings.vcxproj]
C:\Program Files (x86)\Microsoft Visual Studio\2022\BuildTools\MSBuild\Microsoft\VC\v170\Microsoft.CppBuild.targets(1129,5): warning MSB8027: Mehrere Dateien mit dem Namen LevelUploadDelegate.cpp führen zu Ausgaben am selben Speicherort. Dadurch kann ein falsches Buildergebnis entstehen. Die betroffenen Dateien sind C:\PlatformerSaves\PlatformerSaves\build\_deps\bindings-src\bindings\2.2081\inline\LevelUploadDelegate.cpp, C:\PlatformerSaves\PlatformerSaves\build\bindings\bindings\Geode\source\LevelUploadDelegate.cpp. [C:\PlatformerSaves\PlatformerSaves\build\bindings\GeodeBindings.vcxproj]
C:\Program Files (x86)\Microsoft Visual Studio\2022\BuildTools\MSBuild\Microsoft\VC\v170\Microsoft.CppBuild.targets(1129,5): warning MSB8027: Mehrere Dateien mit dem Namen LikeItemDelegate.cpp führen zu Ausgaben am selben Speicherort. Dadurch kann ein falsches Buildergebnis entstehen. Die betroffenen Dateien sind C:\PlatformerSaves\PlatformerSaves\build\_deps\bindings-src\bindings\2.2081\inline\LikeItemDelegate.cpp, C:\PlatformerSaves\PlatformerSaves\build\bindings\bindings\Geode\source\LikeItemDelegate.cpp. [C:\PlatformerSaves\PlatformerSaves\build\bindings\GeodeBindings.vcxproj]
C:\Program Files (x86)\Microsoft Visual Studio\2022\BuildTools\MSBuild\Microsoft\VC\v170\Microsoft.CppBuild.targets(1129,5): warning MSB8027: Mehrere Dateien mit dem Namen LikeItemLayer.cpp führen zu Ausgaben am selben Speicherort. Dadurch kann ein falsches Buildergebnis entstehen. Die betroffenen Dateien sind C:\PlatformerSaves\PlatformerSaves\build\_deps\bindings-src\bindings\2.2081\inline\LikeItemLayer.cpp, C:\PlatformerSaves\PlatformerSaves\build\bindings\bindings\Geode\source\LikeItemLayer.cpp. [C:\PlatformerSaves\PlatformerSaves\build\bindings\GeodeBindings.vcxproj]
C:\Program Files (x86)\Microsoft Visual Studio\2022\BuildTools\MSBuild\Microsoft\VC\v170\Microsoft.CppBuild.targets(1129,5): warning MSB8027: Mehrere Dateien mit dem Namen ListButtonBar.cpp führen zu Ausgaben am selben Speicherort. Dadurch kann ein falsches Buildergebnis entstehen. Die betroffenen Dateien sind C:\PlatformerSaves\PlatformerSaves\build\_deps\bindings-src\bindings\2.2081\inline\ListButtonBar.cpp, C:\PlatformerSaves\PlatformerSaves\build\bindings\bindings\Geode\source\ListButtonBar.cpp. [C:\PlatformerSaves\PlatformerSaves\build\bindings\GeodeBindings.vcxproj]
C:\Program Files (x86)\Microsoft Visual Studio\2022\BuildTools\MSBuild\Microsoft\VC\v170\Microsoft.CppBuild.targets(1129,5): warning MSB8027: Mehrere Dateien mit dem Namen ListButtonBarDelegate.cpp führen zu Ausgaben am selben Speicherort. Dadurch kann ein falsches Buildergebnis entstehen. Die betroffenen Dateien sind C:\PlatformerSaves\PlatformerSaves\build\_deps\bindings-src\bindings\2.2081\inline\ListButtonBarDelegate.cpp, C:\PlatformerSaves\PlatformerSaves\build\bindings\bindings\Geode\source\ListButtonBarDelegate.cpp. [C:\PlatformerSaves\PlatformerSaves\build\bindings\GeodeBindings.vcxproj]
C:\Program Files (x86)\Microsoft Visual Studio\2022\BuildTools\MSBuild\Microsoft\VC\v170\Microsoft.CppBuild.targets(1129,5): warning MSB8027: Mehrere Dateien mit dem Namen ListButtonPage.cpp führen zu Ausgaben am selben Speicherort. Dadurch kann ein falsches Buildergebnis entstehen. Die betroffenen Dateien sind C:\PlatformerSaves\PlatformerSaves\build\_deps\bindings-src\bindings\2.2081\inline\ListButtonPage.cpp, C:\PlatformerSaves\PlatformerSaves\build\bindings\bindings\Geode\source\ListButtonPage.cpp. [C:\PlatformerSaves\PlatformerSaves\build\bindings\GeodeBindings.vcxproj]
C:\Program Files (x86)\Microsoft Visual Studio\2022\BuildTools\MSBuild\Microsoft\VC\v170\Microsoft.CppBuild.targets(1129,5): warning MSB8027: Mehrere Dateien mit dem Namen ListCell.cpp führen zu Ausgaben am selben Speicherort. Dadurch kann ein falsches Buildergebnis entstehen. Die betroffenen Dateien sind C:\PlatformerSaves\PlatformerSaves\build\_deps\bindings-src\bindings\2.2081\inline\ListCell.cpp, C:\PlatformerSaves\PlatformerSaves\build\bindings\bindings\Geode\source\ListCell.cpp. [C:\PlatformerSaves\PlatformerSaves\build\bindings\GeodeBindings.vcxproj]
C:\Program Files (x86)\Microsoft Visual Studio\2022\BuildTools\MSBuild\Microsoft\VC\v170\Microsoft.CppBuild.targets(1129,5): warning MSB8027: Mehrere Dateien mit dem Namen ListUploadDelegate.cpp führen zu Ausgaben am selben Speicherort. Dadurch kann ein falsches Buildergebnis entstehen. Die betroffenen Dateien sind C:\PlatformerSaves\PlatformerSaves\build\_deps\bindings-src\bindings\2.2081\inline\ListUploadDelegate.cpp, C:\PlatformerSaves\PlatformerSaves\build\bindings\bindings\Geode\source\ListUploadDelegate.cpp. [C:\PlatformerSaves\PlatformerSaves\build\bindings\GeodeBindings.vcxproj]
C:\Program Files (x86)\Microsoft Visual Studio\2022\BuildTools\MSBuild\Microsoft\VC\v170\Microsoft.CppBuild.targets(1129,5): warning MSB8027: Mehrere Dateien mit dem Namen LoadingCircle.cpp führen zu Ausgaben am selben Speicherort. Dadurch kann ein falsches Buildergebnis entstehen. Die betroffenen Dateien sind C:\PlatformerSaves\PlatformerSaves\build\_deps\bindings-src\bindings\2.2081\inline\LoadingCircle.cpp, C:\PlatformerSaves\PlatformerSaves\build\bindings\bindings\Geode\source\LoadingCircle.cpp. [C:\PlatformerSaves\PlatformerSaves\build\bindings\GeodeBindings.vcxproj]
C:\Program Files (x86)\Microsoft Visual Studio\2022\BuildTools\MSBuild\Microsoft\VC\v170\Microsoft.CppBuild.targets(1129,5): warning MSB8027: Mehrere Dateien mit dem Namen LoadingCircleSprite.cpp führen zu Ausgaben am selben Speicherort. Dadurch kann ein falsches Buildergebnis entstehen. Die betroffenen Dateien sind C:\PlatformerSaves\PlatformerSaves\build\_deps\bindings-src\bindings\2.2081\inline\LoadingCircleSprite.cpp, C:\PlatformerSaves\PlatformerSaves\build\bindings\bindings\Geode\source\LoadingCircleSprite.cpp. [C:\PlatformerSaves\PlatformerSaves\build\bindings\GeodeBindings.vcxproj]
C:\Program Files (x86)\Microsoft Visual Studio\2022\BuildTools\MSBuild\Microsoft\VC\v170\Microsoft.CppBuild.targets(1129,5): warning MSB8027: Mehrere Dateien mit dem Namen LoadingLayer.cpp führen zu Ausgaben am selben Speicherort. Dadurch kann ein falsches Buildergebnis entstehen. Die betroffenen Dateien sind C:\PlatformerSaves\PlatformerSaves\build\_deps\bindings-src\bindings\2.2081\inline\LoadingLayer.cpp, C:\PlatformerSaves\PlatformerSaves\build\bindings\bindings\Geode\source\LoadingLayer.cpp. [C:\PlatformerSaves\PlatformerSaves\build\bindings\GeodeBindings.vcxproj]
C:\Program Files (x86)\Microsoft Visual Studio\2022\BuildTools\MSBuild\Microsoft\VC\v170\Microsoft.CppBuild.targets(1129,5): warning MSB8027: Mehrere Dateien mit dem Namen LocalLevelManager.cpp führen zu Ausgaben am selben Speicherort. Dadurch kann ein falsches Buildergebnis entstehen. Die betroffenen Dateien sind C:\PlatformerSaves\PlatformerSaves\build\_deps\bindings-src\bindings\2.2081\inline\LocalLevelManager.cpp, C:\PlatformerSaves\PlatformerSaves\build\bindings\bindings\Geode\source\LocalLevelManager.cpp. [C:\PlatformerSaves\PlatformerSaves\build\bindings\GeodeBindings.vcxproj]
C:\Program Files (x86)\Microsoft Visual Studio\2022\BuildTools\MSBuild\Microsoft\VC\v170\Microsoft.CppBuild.targets(1129,5): warning MSB8027: Mehrere Dateien mit dem Namen MPLobbyLayer.cpp führen zu Ausgaben am selben Speicherort. Dadurch kann ein falsches Buildergebnis entstehen. Die betroffenen Dateien sind C:\PlatformerSaves\PlatformerSaves\build\_deps\bindings-src\bindings\2.2081\inline\MPLobbyLayer.cpp, C:\PlatformerSaves\PlatformerSaves\build\bindings\bindings\Geode\source\MPLobbyLayer.cpp. [C:\PlatformerSaves\PlatformerSaves\build\bindings\GeodeBindings.vcxproj]
C:\Program Files (x86)\Microsoft Visual Studio\2022\BuildTools\MSBuild\Microsoft\VC\v170\Microsoft.CppBuild.targets(1129,5): warning MSB8027: Mehrere Dateien mit dem Namen MapPackCell.cpp führen zu Ausgaben am selben Speicherort. Dadurch kann ein falsches Buildergebnis entstehen. Die betroffenen Dateien sind C:\PlatformerSaves\PlatformerSaves\build\_deps\bindings-src\bindings\2.2081\inline\MapPackCell.cpp, C:\PlatformerSaves\PlatformerSaves\build\bindings\bindings\Geode\source\MapPackCell.cpp. [C:\PlatformerSaves\PlatformerSaves\build\bindings\GeodeBindings.vcxproj]
C:\Program Files (x86)\Microsoft Visual Studio\2022\BuildTools\MSBuild\Microsoft\VC\v170\Microsoft.CppBuild.targets(1129,5): warning MSB8027: Mehrere Dateien mit dem Namen MapSelectLayer.cpp führen zu Ausgaben am selben Speicherort. Dadurch kann ein falsches Buildergebnis entstehen. Die betroffenen Dateien sind C:\PlatformerSaves\PlatformerSaves\build\_deps\bindings-src\bindings\2.2081\inline\MapSelectLayer.cpp, C:\PlatformerSaves\PlatformerSaves\build\bindings\bindings\Geode\source\MapSelectLayer.cpp. [C:\PlatformerSaves\PlatformerSaves\build\bindings\GeodeBindings.vcxproj]
C:\Program Files (x86)\Microsoft Visual Studio\2022\BuildTools\MSBuild\Microsoft\VC\v170\Microsoft.CppBuild.targets(1129,5): warning MSB8027: Mehrere Dateien mit dem Namen MenuGameLayer.cpp führen zu Ausgaben am selben Speicherort. Dadurch kann ein falsches Buildergebnis entstehen. Die betroffenen Dateien sind C:\PlatformerSaves\PlatformerSaves\build\_deps\bindings-src\bindings\2.2081\inline\MenuGameLayer.cpp, C:\PlatformerSaves\PlatformerSaves\build\bindings\bindings\Geode\source\MenuGameLayer.cpp. [C:\PlatformerSaves\PlatformerSaves\build\bindings\GeodeBindings.vcxproj]
C:\Program Files (x86)\Microsoft Visual Studio\2022\BuildTools\MSBuild\Microsoft\VC\v170\Microsoft.CppBuild.targets(1129,5): warning MSB8027: Mehrere Dateien mit dem Namen MenuLayer.cpp führen zu Ausgaben am selben Speicherort. Dadurch kann ein falsches Buildergebnis entstehen. Die betroffenen Dateien sind C:\PlatformerSaves\PlatformerSaves\build\_deps\bindings-src\bindings\2.2081\inline\MenuLayer.cpp, C:\PlatformerSaves\PlatformerSaves\build\bindings\bindings\Geode\source\MenuLayer.cpp. [C:\PlatformerSaves\PlatformerSaves\build\bindings\GeodeBindings.vcxproj]
C:\Program Files (x86)\Microsoft Visual Studio\2022\BuildTools\MSBuild\Microsoft\VC\v170\Microsoft.CppBuild.targets(1129,5): warning MSB8027: Mehrere Dateien mit dem Namen MessageListDelegate.cpp führen zu Ausgaben am selben Speicherort. Dadurch kann ein falsches Buildergebnis entstehen. Die betroffenen Dateien sind C:\PlatformerSaves\PlatformerSaves\build\_deps\bindings-src\bindings\2.2081\inline\MessageListDelegate.cpp, C:\PlatformerSaves\PlatformerSaves\build\bindings\bindings\Geode\source\MessageListDelegate.cpp. [C:\PlatformerSaves\PlatformerSaves\build\bindings\GeodeBindings.vcxproj]
C:\Program Files (x86)\Microsoft Visual Studio\2022\BuildTools\MSBuild\Microsoft\VC\v170\Microsoft.CppBuild.targets(1129,5): warning MSB8027: Mehrere Dateien mit dem Namen MessagesProfilePage.cpp führen zu Ausgaben am selben Speicherort. Dadurch kann ein falsches Buildergebnis entstehen. Die betroffenen Dateien sind C:\PlatformerSaves\PlatformerSaves\build\_deps\bindings-src\bindings\2.2081\inline\MessagesProfilePage.cpp, C:\PlatformerSaves\PlatformerSaves\build\bindings\bindings\Geode\source\MessagesProfilePage.cpp. [C:\PlatformerSaves\PlatformerSaves\build\bindings\GeodeBindings.vcxproj]
C:\Program Files (x86)\Microsoft Visual Studio\2022\BuildTools\MSBuild\Microsoft\VC\v170\Microsoft.CppBuild.targets(1129,5): warning MSB8027: Mehrere Dateien mit dem Namen MoreOptionsLayer.cpp führen zu Ausgaben am selben Speicherort. Dadurch kann ein falsches Buildergebnis entstehen. Die betroffenen Dateien sind C:\PlatformerSaves\PlatformerSaves\build\_deps\bindings-src\bindings\2.2081\inline\MoreOptionsLayer.cpp, C:\PlatformerSaves\PlatformerSaves\build\bindings\bindings\Geode\source\MoreOptionsLayer.cpp. [C:\PlatformerSaves\PlatformerSaves\build\bindings\GeodeBindings.vcxproj]
C:\Program Files (x86)\Microsoft Visual Studio\2022\BuildTools\MSBuild\Microsoft\VC\v170\Microsoft.CppBuild.targets(1129,5): warning MSB8027: Mehrere Dateien mit dem Namen MoreSearchLayer.cpp führen zu Ausgaben am selben Speicherort. Dadurch kann ein falsches Buildergebnis entstehen. Die betroffenen Dateien sind C:\PlatformerSaves\PlatformerSaves\build\_deps\bindings-src\bindings\2.2081\inline\MoreSearchLayer.cpp, C:\PlatformerSaves\PlatformerSaves\build\bindings\bindings\Geode\source\MoreSearchLayer.cpp. [C:\PlatformerSaves\PlatformerSaves\build\bindings\GeodeBindings.vcxproj]
C:\Program Files (x86)\Microsoft Visual Studio\2022\BuildTools\MSBuild\Microsoft\VC\v170\Microsoft.CppBuild.targets(1129,5): warning MSB8027: Mehrere Dateien mit dem Namen MoreVideoOptionsLayer.cpp führen zu Ausgaben am selben Speicherort. Dadurch kann ein falsches Buildergebnis entstehen. Die betroffenen Dateien sind C:\PlatformerSaves\PlatformerSaves\build\_deps\bindings-src\bindings\2.2081\inline\MoreVideoOptionsLayer.cpp, C:\PlatformerSaves\PlatformerSaves\build\bindings\bindings\Geode\source\MoreVideoOptionsLayer.cpp. [C:\PlatformerSaves\PlatformerSaves\build\bindings\GeodeBindings.vcxproj]
C:\Program Files (x86)\Microsoft Visual Studio\2022\BuildTools\MSBuild\Microsoft\VC\v170\Microsoft.CppBuild.targets(1129,5): warning MSB8027: Mehrere Dateien mit dem Namen MultiTriggerPopup.cpp führen zu Ausgaben am selben Speicherort. Dadurch kann ein falsches Buildergebnis entstehen. Die betroffenen Dateien sind C:\PlatformerSaves\PlatformerSaves\build\_deps\bindings-src\bindings\2.2081\inline\MultiTriggerPopup.cpp, C:\PlatformerSaves\PlatformerSaves\build\bindings\bindings\Geode\source\MultiTriggerPopup.cpp. [C:\PlatformerSaves\PlatformerSaves\build\bindings\GeodeBindings.vcxproj]
C:\Program Files (x86)\Microsoft Visual Studio\2022\BuildTools\MSBuild\Microsoft\VC\v170\Microsoft.CppBuild.targets(1129,5): warning MSB8027: Mehrere Dateien mit dem Namen MultilineBitmapFont.cpp führen zu Ausgaben am selben Speicherort. Dadurch kann ein falsches Buildergebnis entstehen. Die betroffenen Dateien sind C:\PlatformerSaves\PlatformerSaves\build\_deps\bindings-src\bindings\2.2081\inline\MultilineBitmapFont.cpp, C:\PlatformerSaves\PlatformerSaves\build\bindings\bindings\Geode\source\MultilineBitmapFont.cpp. [C:\PlatformerSaves\PlatformerSaves\build\bindings\GeodeBindings.vcxproj]
C:\Program Files (x86)\Microsoft Visual Studio\2022\BuildTools\MSBuild\Microsoft\VC\v170\Microsoft.CppBuild.targets(1129,5): warning MSB8027: Mehrere Dateien mit dem Namen MultiplayerLayer.cpp führen zu Ausgaben am selben Speicherort. Dadurch kann ein falsches Buildergebnis entstehen. Die betroffenen Dateien sind C:\PlatformerSaves\PlatformerSaves\build\_deps\bindings-src\bindings\2.2081\inline\MultiplayerLayer.cpp, C:\PlatformerSaves\PlatformerSaves\build\bindings\bindings\Geode\source\MultiplayerLayer.cpp. [C:\PlatformerSaves\PlatformerSaves\build\bindings\GeodeBindings.vcxproj]
C:\Program Files (x86)\Microsoft Visual Studio\2022\BuildTools\MSBuild\Microsoft\VC\v170\Microsoft.CppBuild.targets(1129,5): warning MSB8027: Mehrere Dateien mit dem Namen MusicArtistObject.cpp führen zu Ausgaben am selben Speicherort. Dadurch kann ein falsches Buildergebnis entstehen. Die betroffenen Dateien sind C:\PlatformerSaves\PlatformerSaves\build\_deps\bindings-src\bindings\2.2081\inline\MusicArtistObject.cpp, C:\PlatformerSaves\PlatformerSaves\build\bindings\bindings\Geode\source\MusicArtistObject.cpp. [C:\PlatformerSaves\PlatformerSaves\build\bindings\GeodeBindings.vcxproj]
C:\Program Files (x86)\Microsoft Visual Studio\2022\BuildTools\MSBuild\Microsoft\VC\v170\Microsoft.CppBuild.targets(1129,5): warning MSB8027: Mehrere Dateien mit dem Namen MusicBrowser.cpp führen zu Ausgaben am selben Speicherort. Dadurch kann ein falsches Buildergebnis entstehen. Die betroffenen Dateien sind C:\PlatformerSaves\PlatformerSaves\build\_deps\bindings-src\bindings\2.2081\inline\MusicBrowser.cpp, C:\PlatformerSaves\PlatformerSaves\build\bindings\bindings\Geode\source\MusicBrowser.cpp. [C:\PlatformerSaves\PlatformerSaves\build\bindings\GeodeBindings.vcxproj]
C:\Program Files (x86)\Microsoft Visual Studio\2022\BuildTools\MSBuild\Microsoft\VC\v170\Microsoft.CppBuild.targets(1129,5): warning MSB8027: Mehrere Dateien mit dem Namen MusicBrowserDelegate.cpp führen zu Ausgaben am selben Speicherort. Dadurch kann ein falsches Buildergebnis entstehen. Die betroffenen Dateien sind C:\PlatformerSaves\PlatformerSaves\build\_deps\bindings-src\bindings\2.2081\inline\MusicBrowserDelegate.cpp, C:\PlatformerSaves\PlatformerSaves\build\bindings\bindings\Geode\source\MusicBrowserDelegate.cpp. [C:\PlatformerSaves\PlatformerSaves\build\bindings\GeodeBindings.vcxproj]
C:\Program Files (x86)\Microsoft Visual Studio\2022\BuildTools\MSBuild\Microsoft\VC\v170\Microsoft.CppBuild.targets(1129,5): warning MSB8027: Mehrere Dateien mit dem Namen MusicDelegateHandler.cpp führen zu Ausgaben am selben Speicherort. Dadurch kann ein falsches Buildergebnis entstehen. Die betroffenen Dateien sind C:\PlatformerSaves\PlatformerSaves\build\_deps\bindings-src\bindings\2.2081\inline\MusicDelegateHandler.cpp, C:\PlatformerSaves\PlatformerSaves\build\bindings\bindings\Geode\source\MusicDelegateHandler.cpp. [C:\PlatformerSaves\PlatformerSaves\build\bindings\GeodeBindings.vcxproj]
C:\Program Files (x86)\Microsoft Visual Studio\2022\BuildTools\MSBuild\Microsoft\VC\v170\Microsoft.CppBuild.targets(1129,5): warning MSB8027: Mehrere Dateien mit dem Namen MusicDownloadDelegate.cpp führen zu Ausgaben am selben Speicherort. Dadurch kann ein falsches Buildergebnis entstehen. Die betroffenen Dateien sind C:\PlatformerSaves\PlatformerSaves\build\_deps\bindings-src\bindings\2.2081\inline\MusicDownloadDelegate.cpp, C:\PlatformerSaves\PlatformerSaves\build\bindings\bindings\Geode\source\MusicDownloadDelegate.cpp. [C:\PlatformerSaves\PlatformerSaves\build\bindings\GeodeBindings.vcxproj]
C:\Program Files (x86)\Microsoft Visual Studio\2022\BuildTools\MSBuild\Microsoft\VC\v170\Microsoft.CppBuild.targets(1129,5): warning MSB8027: Mehrere Dateien mit dem Namen MusicDownloadManager.cpp führen zu Ausgaben am selben Speicherort. Dadurch kann ein falsches Buildergebnis entstehen. Die betroffenen Dateien sind C:\PlatformerSaves\PlatformerSaves\build\_deps\bindings-src\bindings\2.2081\inline\MusicDownloadManager.cpp, C:\PlatformerSaves\PlatformerSaves\build\bindings\bindings\Geode\source\MusicDownloadManager.cpp. [C:\PlatformerSaves\PlatformerSaves\build\bindings\GeodeBindings.vcxproj]
C:\Program Files (x86)\Microsoft Visual Studio\2022\BuildTools\MSBuild\Microsoft\VC\v170\Microsoft.CppBuild.targets(1129,5): warning MSB8027: Mehrere Dateien mit dem Namen MusicSearchResult.cpp führen zu Ausgaben am selben Speicherort. Dadurch kann ein falsches Buildergebnis entstehen. Die betroffenen Dateien sind C:\PlatformerSaves\PlatformerSaves\build\_deps\bindings-src\bindings\2.2081\inline\MusicSearchResult.cpp, C:\PlatformerSaves\PlatformerSaves\build\bindings\bindings\Geode\source\MusicSearchResult.cpp. [C:\PlatformerSaves\PlatformerSaves\build\bindings\GeodeBindings.vcxproj]
C:\Program Files (x86)\Microsoft Visual Studio\2022\BuildTools\MSBuild\Microsoft\VC\v170\Microsoft.CppBuild.targets(1129,5): warning MSB8027: Mehrere Dateien mit dem Namen NCSInfoLayer.cpp führen zu Ausgaben am selben Speicherort. Dadurch kann ein falsches Buildergebnis entstehen. Die betroffenen Dateien sind C:\PlatformerSaves\PlatformerSaves\build\_deps\bindings-src\bindings\2.2081\inline\NCSInfoLayer.cpp, C:\PlatformerSaves\PlatformerSaves\build\bindings\bindings\Geode\source\NCSInfoLayer.cpp. [C:\PlatformerSaves\PlatformerSaves\build\bindings\GeodeBindings.vcxproj]
C:\Program Files (x86)\Microsoft Visual Studio\2022\BuildTools\MSBuild\Microsoft\VC\v170\Microsoft.CppBuild.targets(1129,5): warning MSB8027: Mehrere Dateien mit dem Namen NewgroundsInfoLayer.cpp führen zu Ausgaben am selben Speicherort. Dadurch kann ein falsches Buildergebnis entstehen. Die betroffenen Dateien sind C:\PlatformerSaves\PlatformerSaves\build\_deps\bindings-src\bindings\2.2081\inline\NewgroundsInfoLayer.cpp, C:\PlatformerSaves\PlatformerSaves\build\bindings\bindings\Geode\source\NewgroundsInfoLayer.cpp. [C:\PlatformerSaves\PlatformerSaves\build\bindings\GeodeBindings.vcxproj]
C:\Program Files (x86)\Microsoft Visual Studio\2022\BuildTools\MSBuild\Microsoft\VC\v170\Microsoft.CppBuild.targets(1129,5): warning MSB8027: Mehrere Dateien mit dem Namen NodePoint.cpp führen zu Ausgaben am selben Speicherort. Dadurch kann ein falsches Buildergebnis entstehen. Die betroffenen Dateien sind C:\PlatformerSaves\PlatformerSaves\build\_deps\bindings-src\bindings\2.2081\inline\NodePoint.cpp, C:\PlatformerSaves\PlatformerSaves\build\bindings\bindings\Geode\source\NodePoint.cpp. [C:\PlatformerSaves\PlatformerSaves\build\bindings\GeodeBindings.vcxproj]
C:\Program Files (x86)\Microsoft Visual Studio\2022\BuildTools\MSBuild\Microsoft\VC\v170\Microsoft.CppBuild.targets(1129,5): warning MSB8027: Mehrere Dateien mit dem Namen NumberInputDelegate.cpp führen zu Ausgaben am selben Speicherort. Dadurch kann ein falsches Buildergebnis entstehen. Die betroffenen Dateien sind C:\PlatformerSaves\PlatformerSaves\build\_deps\bindings-src\bindings\2.2081\inline\NumberInputDelegate.cpp, C:\PlatformerSaves\PlatformerSaves\build\bindings\bindings\Geode\source\NumberInputDelegate.cpp. [C:\PlatformerSaves\PlatformerSaves\build\bindings\GeodeBindings.vcxproj]
C:\Program Files (x86)\Microsoft Visual Studio\2022\BuildTools\MSBuild\Microsoft\VC\v170\Microsoft.CppBuild.targets(1129,5): warning MSB8027: Mehrere Dateien mit dem Namen NumberInputLayer.cpp führen zu Ausgaben am selben Speicherort. Dadurch kann ein falsches Buildergebnis entstehen. Die betroffenen Dateien sind C:\PlatformerSaves\PlatformerSaves\build\_deps\bindings-src\bindings\2.2081\inline\NumberInputLayer.cpp, C:\PlatformerSaves\PlatformerSaves\build\bindings\bindings\Geode\source\NumberInputLayer.cpp. [C:\PlatformerSaves\PlatformerSaves\build\bindings\GeodeBindings.vcxproj]
C:\Program Files (x86)\Microsoft Visual Studio\2022\BuildTools\MSBuild\Microsoft\VC\v170\Microsoft.CppBuild.targets(1129,5): warning MSB8027: Mehrere Dateien mit dem Namen OBB2D.cpp führen zu Ausgaben am selben Speicherort. Dadurch kann ein falsches Buildergebnis entstehen. Die betroffenen Dateien sind C:\PlatformerSaves\PlatformerSaves\build\_deps\bindings-src\bindings\2.2081\inline\OBB2D.cpp, C:\PlatformerSaves\PlatformerSaves\build\bindings\bindings\Geode\source\OBB2D.cpp. [C:\PlatformerSaves\PlatformerSaves\build\bindings\GeodeBindings.vcxproj]
C:\Program Files (x86)\Microsoft Visual Studio\2022\BuildTools\MSBuild\Microsoft\VC\v170\Microsoft.CppBuild.targets(1129,5): warning MSB8027: Mehrere Dateien mit dem Namen ObjectControlGameObject.cpp führen zu Ausgaben am selben Speicherort. Dadurch kann ein falsches Buildergebnis entstehen. Die betroffenen Dateien sind C:\PlatformerSaves\PlatformerSaves\build\_deps\bindings-src\bindings\2.2081\inline\ObjectControlGameObject.cpp, C:\PlatformerSaves\PlatformerSaves\build\bindings\bindings\Geode\source\ObjectControlGameObject.cpp. [C:\PlatformerSaves\PlatformerSaves\build\bindings\GeodeBindings.vcxproj]
C:\Program Files (x86)\Microsoft Visual Studio\2022\BuildTools\MSBuild\Microsoft\VC\v170\Microsoft.CppBuild.targets(1129,5): warning MSB8027: Mehrere Dateien mit dem Namen ObjectDecoder.cpp führen zu Ausgaben am selben Speicherort. Dadurch kann ein falsches Buildergebnis entstehen. Die betroffenen Dateien sind C:\PlatformerSaves\PlatformerSaves\build\_deps\bindings-src\bindings\2.2081\inline\ObjectDecoder.cpp, C:\PlatformerSaves\PlatformerSaves\build\bindings\bindings\Geode\source\ObjectDecoder.cpp. [C:\PlatformerSaves\PlatformerSaves\build\bindings\GeodeBindings.vcxproj]
C:\Program Files (x86)\Microsoft Visual Studio\2022\BuildTools\MSBuild\Microsoft\VC\v170\Microsoft.CppBuild.targets(1129,5): warning MSB8027: Mehrere Dateien mit dem Namen ObjectManager.cpp führen zu Ausgaben am selben Speicherort. Dadurch kann ein falsches Buildergebnis entstehen. Die betroffenen Dateien sind C:\PlatformerSaves\PlatformerSaves\build\_deps\bindings-src\bindings\2.2081\inline\ObjectManager.cpp, C:\PlatformerSaves\PlatformerSaves\build\bindings\bindings\Geode\source\ObjectManager.cpp. [C:\PlatformerSaves\PlatformerSaves\build\bindings\GeodeBindings.vcxproj]
C:\Program Files (x86)\Microsoft Visual Studio\2022\BuildTools\MSBuild\Microsoft\VC\v170\Microsoft.CppBuild.targets(1129,5): warning MSB8027: Mehrere Dateien mit dem Namen ObjectToolbox.cpp führen zu Ausgaben am selben Speicherort. Dadurch kann ein falsches Buildergebnis entstehen. Die betroffenen Dateien sind C:\PlatformerSaves\PlatformerSaves\build\_deps\bindings-src\bindings\2.2081\inline\ObjectToolbox.cpp, C:\PlatformerSaves\PlatformerSaves\build\bindings\bindings\Geode\source\ObjectToolbox.cpp. [C:\PlatformerSaves\PlatformerSaves\build\bindings\GeodeBindings.vcxproj]
C:\Program Files (x86)\Microsoft Visual Studio\2022\BuildTools\MSBuild\Microsoft\VC\v170\Microsoft.CppBuild.targets(1129,5): warning MSB8027: Mehrere Dateien mit dem Namen OnlineListDelegate.cpp führen zu Ausgaben am selben Speicherort. Dadurch kann ein falsches Buildergebnis entstehen. Die betroffenen Dateien sind C:\PlatformerSaves\PlatformerSaves\build\_deps\bindings-src\bindings\2.2081\inline\OnlineListDelegate.cpp, C:\PlatformerSaves\PlatformerSaves\build\bindings\bindings\Geode\source\OnlineListDelegate.cpp. [C:\PlatformerSaves\PlatformerSaves\build\bindings\GeodeBindings.vcxproj]
C:\Program Files (x86)\Microsoft Visual Studio\2022\BuildTools\MSBuild\Microsoft\VC\v170\Microsoft.CppBuild.targets(1129,5): warning MSB8027: Mehrere Dateien mit dem Namen OpacityEffectAction.cpp führen zu Ausgaben am selben Speicherort. Dadurch kann ein falsches Buildergebnis entstehen. Die betroffenen Dateien sind C:\PlatformerSaves\PlatformerSaves\build\_deps\bindings-src\bindings\2.2081\inline\OpacityEffectAction.cpp, C:\PlatformerSaves\PlatformerSaves\build\bindings\bindings\Geode\source\OpacityEffectAction.cpp. [C:\PlatformerSaves\PlatformerSaves\build\bindings\GeodeBindings.vcxproj]
C:\Program Files (x86)\Microsoft Visual Studio\2022\BuildTools\MSBuild\Microsoft\VC\v170\Microsoft.CppBuild.targets(1129,5): warning MSB8027: Mehrere Dateien mit dem Namen OptionsCell.cpp führen zu Ausgaben am selben Speicherort. Dadurch kann ein falsches Buildergebnis entstehen. Die betroffenen Dateien sind C:\PlatformerSaves\PlatformerSaves\build\_deps\bindings-src\bindings\2.2081\inline\OptionsCell.cpp, C:\PlatformerSaves\PlatformerSaves\build\bindings\bindings\Geode\source\OptionsCell.cpp. [C:\PlatformerSaves\PlatformerSaves\build\bindings\GeodeBindings.vcxproj]
C:\Program Files (x86)\Microsoft Visual Studio\2022\BuildTools\MSBuild\Microsoft\VC\v170\Microsoft.CppBuild.targets(1129,5): warning MSB8027: Mehrere Dateien mit dem Namen OptionsLayer.cpp führen zu Ausgaben am selben Speicherort. Dadurch kann ein falsches Buildergebnis entstehen. Die betroffenen Dateien sind C:\PlatformerSaves\PlatformerSaves\build\_deps\bindings-src\bindings\2.2081\inline\OptionsLayer.cpp, C:\PlatformerSaves\PlatformerSaves\build\bindings\bindings\Geode\source\OptionsLayer.cpp. [C:\PlatformerSaves\PlatformerSaves\build\bindings\GeodeBindings.vcxproj]
C:\Program Files (x86)\Microsoft Visual Studio\2022\BuildTools\MSBuild\Microsoft\VC\v170\Microsoft.CppBuild.targets(1129,5): warning MSB8027: Mehrere Dateien mit dem Namen OptionsObject.cpp führen zu Ausgaben am selben Speicherort. Dadurch kann ein falsches Buildergebnis entstehen. Die betroffenen Dateien sind C:\PlatformerSaves\PlatformerSaves\build\_deps\bindings-src\bindings\2.2081\inline\OptionsObject.cpp, C:\PlatformerSaves\PlatformerSaves\build\bindings\bindings\Geode\source\OptionsObject.cpp. [C:\PlatformerSaves\PlatformerSaves\build\bindings\GeodeBindings.vcxproj]
C:\Program Files (x86)\Microsoft Visual Studio\2022\BuildTools\MSBuild\Microsoft\VC\v170\Microsoft.CppBuild.targets(1129,5): warning MSB8027: Mehrere Dateien mit dem Namen OptionsObjectDelegate.cpp führen zu Ausgaben am selben Speicherort. Dadurch kann ein falsches Buildergebnis entstehen. Die betroffenen Dateien sind C:\PlatformerSaves\PlatformerSaves\build\_deps\bindings-src\bindings\2.2081\inline\OptionsObjectDelegate.cpp, C:\PlatformerSaves\PlatformerSaves\build\bindings\bindings\Geode\source\OptionsObjectDelegate.cpp. [C:\PlatformerSaves\PlatformerSaves\build\bindings\GeodeBindings.vcxproj]
C:\Program Files (x86)\Microsoft Visual Studio\2022\BuildTools\MSBuild\Microsoft\VC\v170\Microsoft.CppBuild.targets(1129,5): warning MSB8027: Mehrere Dateien mit dem Namen OptionsScrollLayer.cpp führen zu Ausgaben am selben Speicherort. Dadurch kann ein falsches Buildergebnis entstehen. Die betroffenen Dateien sind C:\PlatformerSaves\PlatformerSaves\build\_deps\bindings-src\bindings\2.2081\inline\OptionsScrollLayer.cpp, C:\PlatformerSaves\PlatformerSaves\build\bindings\bindings\Geode\source\OptionsScrollLayer.cpp. [C:\PlatformerSaves\PlatformerSaves\build\bindings\GeodeBindings.vcxproj]
C:\Program Files (x86)\Microsoft Visual Studio\2022\BuildTools\MSBuild\Microsoft\VC\v170\Microsoft.CppBuild.targets(1129,5): warning MSB8027: Mehrere Dateien mit dem Namen ParentalOptionsLayer.cpp führen zu Ausgaben am selben Speicherort. Dadurch kann ein falsches Buildergebnis entstehen. Die betroffenen Dateien sind C:\PlatformerSaves\PlatformerSaves\build\_deps\bindings-src\bindings\2.2081\inline\ParentalOptionsLayer.cpp, C:\PlatformerSaves\PlatformerSaves\build\bindings\bindings\Geode\source\ParentalOptionsLayer.cpp. [C:\PlatformerSaves\PlatformerSaves\build\bindings\GeodeBindings.vcxproj]
C:\Program Files (x86)\Microsoft Visual Studio\2022\BuildTools\MSBuild\Microsoft\VC\v170\Microsoft.CppBuild.targets(1129,5): warning MSB8027: Mehrere Dateien mit dem Namen ParticleGameObject.cpp führen zu Ausgaben am selben Speicherort. Dadurch kann ein falsches Buildergebnis entstehen. Die betroffenen Dateien sind C:\PlatformerSaves\PlatformerSaves\build\_deps\bindings-src\bindings\2.2081\inline\ParticleGameObject.cpp, C:\PlatformerSaves\PlatformerSaves\build\bindings\bindings\Geode\source\ParticleGameObject.cpp. [C:\PlatformerSaves\PlatformerSaves\build\bindings\GeodeBindings.vcxproj]
C:\Program Files (x86)\Microsoft Visual Studio\2022\BuildTools\MSBuild\Microsoft\VC\v170\Microsoft.CppBuild.targets(1129,5): warning MSB8027: Mehrere Dateien mit dem Namen ParticlePreviewLayer.cpp führen zu Ausgaben am selben Speicherort. Dadurch kann ein falsches Buildergebnis entstehen. Die betroffenen Dateien sind C:\PlatformerSaves\PlatformerSaves\build\_deps\bindings-src\bindings\2.2081\inline\ParticlePreviewLayer.cpp, C:\PlatformerSaves\PlatformerSaves\build\bindings\bindings\Geode\source\ParticlePreviewLayer.cpp. [C:\PlatformerSaves\PlatformerSaves\build\bindings\GeodeBindings.vcxproj]
C:\Program Files (x86)\Microsoft Visual Studio\2022\BuildTools\MSBuild\Microsoft\VC\v170\Microsoft.CppBuild.targets(1129,5): warning MSB8027: Mehrere Dateien mit dem Namen PauseLayer.cpp führen zu Ausgaben am selben Speicherort. Dadurch kann ein falsches Buildergebnis entstehen. Die betroffenen Dateien sind C:\PlatformerSaves\PlatformerSaves\build\_deps\bindings-src\bindings\2.2081\inline\PauseLayer.cpp, C:\PlatformerSaves\PlatformerSaves\build\bindings\bindings\Geode\source\PauseLayer.cpp. [C:\PlatformerSaves\PlatformerSaves\build\bindings\GeodeBindings.vcxproj]
C:\Program Files (x86)\Microsoft Visual Studio\2022\BuildTools\MSBuild\Microsoft\VC\v170\Microsoft.CppBuild.targets(1129,5): warning MSB8027: Mehrere Dateien mit dem Namen PlatformDownloadDelegate.cpp führen zu Ausgaben am selben Speicherort. Dadurch kann ein falsches Buildergebnis entstehen. Die betroffenen Dateien sind C:\PlatformerSaves\PlatformerSaves\build\_deps\bindings-src\bindings\2.2081\inline\PlatformDownloadDelegate.cpp, C:\PlatformerSaves\PlatformerSaves\build\bindings\bindings\Geode\source\PlatformDownloadDelegate.cpp. [C:\PlatformerSaves\PlatformerSaves\build\bindings\GeodeBindings.vcxproj]
C:\Program Files (x86)\Microsoft Visual Studio\2022\BuildTools\MSBuild\Microsoft\VC\v170\Microsoft.CppBuild.targets(1129,5): warning MSB8027: Mehrere Dateien mit dem Namen PlatformToolbox.cpp führen zu Ausgaben am selben Speicherort. Dadurch kann ein falsches Buildergebnis entstehen. Die betroffenen Dateien sind C:\PlatformerSaves\PlatformerSaves\build\_deps\bindings-src\bindings\2.2081\inline\PlatformToolbox.cpp, C:\PlatformerSaves\PlatformerSaves\build\bindings\bindings\Geode\source\PlatformToolbox.cpp. [C:\PlatformerSaves\PlatformerSaves\build\bindings\GeodeBindings.vcxproj]
C:\Program Files (x86)\Microsoft Visual Studio\2022\BuildTools\MSBuild\Microsoft\VC\v170\Microsoft.CppBuild.targets(1129,5): warning MSB8027: Mehrere Dateien mit dem Namen PlayLayer.cpp führen zu Ausgaben am selben Speicherort. Dadurch kann ein falsches Buildergebnis entstehen. Die betroffenen Dateien sind C:\PlatformerSaves\PlatformerSaves\build\_deps\bindings-src\bindings\2.2081\inline\PlayLayer.cpp, C:\PlatformerSaves\PlatformerSaves\build\bindings\bindings\Geode\source\PlayLayer.cpp. [C:\PlatformerSaves\PlatformerSaves\build\bindings\GeodeBindings.vcxproj]
C:\Program Files (x86)\Microsoft Visual Studio\2022\BuildTools\MSBuild\Microsoft\VC\v170\Microsoft.CppBuild.targets(1129,5): warning MSB8027: Mehrere Dateien mit dem Namen PlayerButtonCommand.cpp führen zu Ausgaben am selben Speicherort. Dadurch kann ein falsches Buildergebnis entstehen. Die betroffenen Dateien sind C:\PlatformerSaves\PlatformerSaves\build\_deps\bindings-src\bindings\2.2081\inline\PlayerButtonCommand.cpp, C:\PlatformerSaves\PlatformerSaves\build\bindings\bindings\Geode\source\PlayerButtonCommand.cpp. [C:\PlatformerSaves\PlatformerSaves\build\bindings\GeodeBindings.vcxproj]
C:\Program Files (x86)\Microsoft Visual Studio\2022\BuildTools\MSBuild\Microsoft\VC\v170\Microsoft.CppBuild.targets(1129,5): warning MSB8027: Mehrere Dateien mit dem Namen PlayerCheckpoint.cpp führen zu Ausgaben am selben Speicherort. Dadurch kann ein falsches Buildergebnis entstehen. Die betroffenen Dateien sind C:\PlatformerSaves\PlatformerSaves\build\_deps\bindings-src\bindings\2.2081\inline\PlayerCheckpoint.cpp, C:\PlatformerSaves\PlatformerSaves\build\bindings\bindings\Geode\source\PlayerCheckpoint.cpp. [C:\PlatformerSaves\PlatformerSaves\build\bindings\GeodeBindings.vcxproj]
C:\Program Files (x86)\Microsoft Visual Studio\2022\BuildTools\MSBuild\Microsoft\VC\v170\Microsoft.CppBuild.targets(1129,5): warning MSB8027: Mehrere Dateien mit dem Namen PlayerControlGameObject.cpp führen zu Ausgaben am selben Speicherort. Dadurch kann ein falsches Buildergebnis entstehen. Die betroffenen Dateien sind C:\PlatformerSaves\PlatformerSaves\build\_deps\bindings-src\bindings\2.2081\inline\PlayerControlGameObject.cpp, C:\PlatformerSaves\PlatformerSaves\build\bindings\bindings\Geode\source\PlayerControlGameObject.cpp. [C:\PlatformerSaves\PlatformerSaves\build\bindings\GeodeBindings.vcxproj]
C:\Program Files (x86)\Microsoft Visual Studio\2022\BuildTools\MSBuild\Microsoft\VC\v170\Microsoft.CppBuild.targets(1129,5): warning MSB8027: Mehrere Dateien mit dem Namen PlayerFireBoostSprite.cpp führen zu Ausgaben am selben Speicherort. Dadurch kann ein falsches Buildergebnis entstehen. Die betroffenen Dateien sind C:\PlatformerSaves\PlatformerSaves\build\_deps\bindings-src\bindings\2.2081\inline\PlayerFireBoostSprite.cpp, C:\PlatformerSaves\PlatformerSaves\build\bindings\bindings\Geode\source\PlayerFireBoostSprite.cpp. [C:\PlatformerSaves\PlatformerSaves\build\bindings\GeodeBindings.vcxproj]
C:\Program Files (x86)\Microsoft Visual Studio\2022\BuildTools\MSBuild\Microsoft\VC\v170\Microsoft.CppBuild.targets(1129,5): warning MSB8027: Mehrere Dateien mit dem Namen PlayerObject.cpp führen zu Ausgaben am selben Speicherort. Dadurch kann ein falsches Buildergebnis entstehen. Die betroffenen Dateien sind C:\PlatformerSaves\PlatformerSaves\build\_deps\bindings-src\bindings\2.2081\inline\PlayerObject.cpp, C:\PlatformerSaves\PlatformerSaves\build\bindings\bindings\Geode\source\PlayerObject.cpp. [C:\PlatformerSaves\PlatformerSaves\build\bindings\GeodeBindings.vcxproj]
C:\Program Files (x86)\Microsoft Visual Studio\2022\BuildTools\MSBuild\Microsoft\VC\v170\Microsoft.CppBuild.targets(1129,5): warning MSB8027: Mehrere Dateien mit dem Namen PointNode.cpp führen zu Ausgaben am selben Speicherort. Dadurch kann ein falsches Buildergebnis entstehen. Die betroffenen Dateien sind C:\PlatformerSaves\PlatformerSaves\build\_deps\bindings-src\bindings\2.2081\inline\PointNode.cpp, C:\PlatformerSaves\PlatformerSaves\build\bindings\bindings\Geode\source\PointNode.cpp. [C:\PlatformerSaves\PlatformerSaves\build\bindings\GeodeBindings.vcxproj]
C:\Program Files (x86)\Microsoft Visual Studio\2022\BuildTools\MSBuild\Microsoft\VC\v170\Microsoft.CppBuild.targets(1129,5): warning MSB8027: Mehrere Dateien mit dem Namen PriceLabel.cpp führen zu Ausgaben am selben Speicherort. Dadurch kann ein falsches Buildergebnis entstehen. Die betroffenen Dateien sind C:\PlatformerSaves\PlatformerSaves\build\_deps\bindings-src\bindings\2.2081\inline\PriceLabel.cpp, C:\PlatformerSaves\PlatformerSaves\build\bindings\bindings\Geode\source\PriceLabel.cpp. [C:\PlatformerSaves\PlatformerSaves\build\bindings\GeodeBindings.vcxproj]
C:\Program Files (x86)\Microsoft Visual Studio\2022\BuildTools\MSBuild\Microsoft\VC\v170\Microsoft.CppBuild.targets(1129,5): warning MSB8027: Mehrere Dateien mit dem Namen ProfilePage.cpp führen zu Ausgaben am selben Speicherort. Dadurch kann ein falsches Buildergebnis entstehen. Die betroffenen Dateien sind C:\PlatformerSaves\PlatformerSaves\build\_deps\bindings-src\bindings\2.2081\inline\ProfilePage.cpp, C:\PlatformerSaves\PlatformerSaves\build\bindings\bindings\Geode\source\ProfilePage.cpp. [C:\PlatformerSaves\PlatformerSaves\build\bindings\GeodeBindings.vcxproj]
C:\Program Files (x86)\Microsoft Visual Studio\2022\BuildTools\MSBuild\Microsoft\VC\v170\Microsoft.CppBuild.targets(1129,5): warning MSB8027: Mehrere Dateien mit dem Namen PromoInterstitial.cpp führen zu Ausgaben am selben Speicherort. Dadurch kann ein falsches Buildergebnis entstehen. Die betroffenen Dateien sind C:\PlatformerSaves\PlatformerSaves\build\_deps\bindings-src\bindings\2.2081\inline\PromoInterstitial.cpp, C:\PlatformerSaves\PlatformerSaves\build\bindings\bindings\Geode\source\PromoInterstitial.cpp. [C:\PlatformerSaves\PlatformerSaves\build\bindings\GeodeBindings.vcxproj]
C:\Program Files (x86)\Microsoft Visual Studio\2022\BuildTools\MSBuild\Microsoft\VC\v170\Microsoft.CppBuild.targets(1129,5): warning MSB8027: Mehrere Dateien mit dem Namen PulseEffectAction.cpp führen zu Ausgaben am selben Speicherort. Dadurch kann ein falsches Buildergebnis entstehen. Die betroffenen Dateien sind C:\PlatformerSaves\PlatformerSaves\build\_deps\bindings-src\bindings\2.2081\inline\PulseEffectAction.cpp, C:\PlatformerSaves\PlatformerSaves\build\bindings\bindings\Geode\source\PulseEffectAction.cpp. [C:\PlatformerSaves\PlatformerSaves\build\bindings\GeodeBindings.vcxproj]
C:\Program Files (x86)\Microsoft Visual Studio\2022\BuildTools\MSBuild\Microsoft\VC\v170\Microsoft.CppBuild.targets(1129,5): warning MSB8027: Mehrere Dateien mit dem Namen PurchaseItemPopup.cpp führen zu Ausgaben am selben Speicherort. Dadurch kann ein falsches Buildergebnis entstehen. Die betroffenen Dateien sind C:\PlatformerSaves\PlatformerSaves\build\_deps\bindings-src\bindings\2.2081\inline\PurchaseItemPopup.cpp, C:\PlatformerSaves\PlatformerSaves\build\bindings\bindings\Geode\source\PurchaseItemPopup.cpp. [C:\PlatformerSaves\PlatformerSaves\build\bindings\GeodeBindings.vcxproj]
C:\Program Files (x86)\Microsoft Visual Studio\2022\BuildTools\MSBuild\Microsoft\VC\v170\Microsoft.CppBuild.targets(1129,5): warning MSB8027: Mehrere Dateien mit dem Namen RandTriggerGameObject.cpp führen zu Ausgaben am selben Speicherort. Dadurch kann ein falsches Buildergebnis entstehen. Die betroffenen Dateien sind C:\PlatformerSaves\PlatformerSaves\build\_deps\bindings-src\bindings\2.2081\inline\RandTriggerGameObject.cpp, C:\PlatformerSaves\PlatformerSaves\build\bindings\bindings\Geode\source\RandTriggerGameObject.cpp. [C:\PlatformerSaves\PlatformerSaves\build\bindings\GeodeBindings.vcxproj]
C:\Program Files (x86)\Microsoft Visual Studio\2022\BuildTools\MSBuild\Microsoft\VC\v170\Microsoft.CppBuild.targets(1129,5): warning MSB8027: Mehrere Dateien mit dem Namen RateDemonLayer.cpp führen zu Ausgaben am selben Speicherort. Dadurch kann ein falsches Buildergebnis entstehen. Die betroffenen Dateien sind C:\PlatformerSaves\PlatformerSaves\build\_deps\bindings-src\bindings\2.2081\inline\RateDemonLayer.cpp, C:\PlatformerSaves\PlatformerSaves\build\bindings\bindings\Geode\source\RateDemonLayer.cpp. [C:\PlatformerSaves\PlatformerSaves\build\bindings\GeodeBindings.vcxproj]
C:\Program Files (x86)\Microsoft Visual Studio\2022\BuildTools\MSBuild\Microsoft\VC\v170\Microsoft.CppBuild.targets(1129,5): warning MSB8027: Mehrere Dateien mit dem Namen RateLevelDelegate.cpp führen zu Ausgaben am selben Speicherort. Dadurch kann ein falsches Buildergebnis entstehen. Die betroffenen Dateien sind C:\PlatformerSaves\PlatformerSaves\build\_deps\bindings-src\bindings\2.2081\inline\RateLevelDelegate.cpp, C:\PlatformerSaves\PlatformerSaves\build\bindings\bindings\Geode\source\RateLevelDelegate.cpp. [C:\PlatformerSaves\PlatformerSaves\build\bindings\GeodeBindings.vcxproj]
C:\Program Files (x86)\Microsoft Visual Studio\2022\BuildTools\MSBuild\Microsoft\VC\v170\Microsoft.CppBuild.targets(1129,5): warning MSB8027: Mehrere Dateien mit dem Namen RateLevelLayer.cpp führen zu Ausgaben am selben Speicherort. Dadurch kann ein falsches Buildergebnis entstehen. Die betroffenen Dateien sind C:\PlatformerSaves\PlatformerSaves\build\_deps\bindings-src\bindings\2.2081\inline\RateLevelLayer.cpp, C:\PlatformerSaves\PlatformerSaves\build\bindings\bindings\Geode\source\RateLevelLayer.cpp. [C:\PlatformerSaves\PlatformerSaves\build\bindings\GeodeBindings.vcxproj]
C:\Program Files (x86)\Microsoft Visual Studio\2022\BuildTools\MSBuild\Microsoft\VC\v170\Microsoft.CppBuild.targets(1129,5): warning MSB8027: Mehrere Dateien mit dem Namen RateStarsLayer.cpp führen zu Ausgaben am selben Speicherort. Dadurch kann ein falsches Buildergebnis entstehen. Die betroffenen Dateien sind C:\PlatformerSaves\PlatformerSaves\build\_deps\bindings-src\bindings\2.2081\inline\RateStarsLayer.cpp, C:\PlatformerSaves\PlatformerSaves\build\bindings\bindings\Geode\source\RateStarsLayer.cpp. [C:\PlatformerSaves\PlatformerSaves\build\bindings\GeodeBindings.vcxproj]
C:\Program Files (x86)\Microsoft Visual Studio\2022\BuildTools\MSBuild\Microsoft\VC\v170\Microsoft.CppBuild.targets(1129,5): warning MSB8027: Mehrere Dateien mit dem Namen RetryLevelLayer.cpp führen zu Ausgaben am selben Speicherort. Dadurch kann ein falsches Buildergebnis entstehen. Die betroffenen Dateien sind C:\PlatformerSaves\PlatformerSaves\build\_deps\bindings-src\bindings\2.2081\inline\RetryLevelLayer.cpp, C:\PlatformerSaves\PlatformerSaves\build\bindings\bindings\Geode\source\RetryLevelLayer.cpp. [C:\PlatformerSaves\PlatformerSaves\build\bindings\GeodeBindings.vcxproj]
C:\Program Files (x86)\Microsoft Visual Studio\2022\BuildTools\MSBuild\Microsoft\VC\v170\Microsoft.CppBuild.targets(1129,5): warning MSB8027: Mehrere Dateien mit dem Namen Reverb3D.cpp führen zu Ausgaben am selben Speicherort. Dadurch kann ein falsches Buildergebnis entstehen. Die betroffenen Dateien sind C:\PlatformerSaves\PlatformerSaves\build\_deps\bindings-src\bindings\2.2081\inline\Reverb3D.cpp, C:\PlatformerSaves\PlatformerSaves\build\bindings\bindings\Geode\source\Reverb3D.cpp. [C:\PlatformerSaves\PlatformerSaves\build\bindings\GeodeBindings.vcxproj]
C:\Program Files (x86)\Microsoft Visual Studio\2022\BuildTools\MSBuild\Microsoft\VC\v170\Microsoft.CppBuild.targets(1129,5): warning MSB8027: Mehrere Dateien mit dem Namen RewardUnlockLayer.cpp führen zu Ausgaben am selben Speicherort. Dadurch kann ein falsches Buildergebnis entstehen. Die betroffenen Dateien sind C:\PlatformerSaves\PlatformerSaves\build\_deps\bindings-src\bindings\2.2081\inline\RewardUnlockLayer.cpp, C:\PlatformerSaves\PlatformerSaves\build\bindings\bindings\Geode\source\RewardUnlockLayer.cpp. [C:\PlatformerSaves\PlatformerSaves\build\bindings\GeodeBindings.vcxproj]
C:\Program Files (x86)\Microsoft Visual Studio\2022\BuildTools\MSBuild\Microsoft\VC\v170\Microsoft.CppBuild.targets(1129,5): warning MSB8027: Mehrere Dateien mit dem Namen RewardedVideoDelegate.cpp führen zu Ausgaben am selben Speicherort. Dadurch kann ein falsches Buildergebnis entstehen. Die betroffenen Dateien sind C:\PlatformerSaves\PlatformerSaves\build\_deps\bindings-src\bindings\2.2081\inline\RewardedVideoDelegate.cpp, C:\PlatformerSaves\PlatformerSaves\build\bindings\bindings\Geode\source\RewardedVideoDelegate.cpp. [C:\PlatformerSaves\PlatformerSaves\build\bindings\GeodeBindings.vcxproj]
C:\Program Files (x86)\Microsoft Visual Studio\2022\BuildTools\MSBuild\Microsoft\VC\v170\Microsoft.CppBuild.targets(1129,5): warning MSB8027: Mehrere Dateien mit dem Namen RewardsPage.cpp führen zu Ausgaben am selben Speicherort. Dadurch kann ein falsches Buildergebnis entstehen. Die betroffenen Dateien sind C:\PlatformerSaves\PlatformerSaves\build\_deps\bindings-src\bindings\2.2081\inline\RewardsPage.cpp, C:\PlatformerSaves\PlatformerSaves\build\bindings\bindings\Geode\source\RewardsPage.cpp. [C:\PlatformerSaves\PlatformerSaves\build\bindings\GeodeBindings.vcxproj]
C:\Program Files (x86)\Microsoft Visual Studio\2022\BuildTools\MSBuild\Microsoft\VC\v170\Microsoft.CppBuild.targets(1129,5): warning MSB8027: Mehrere Dateien mit dem Namen RingObject.cpp führen zu Ausgaben am selben Speicherort. Dadurch kann ein falsches Buildergebnis entstehen. Die betroffenen Dateien sind C:\PlatformerSaves\PlatformerSaves\build\_deps\bindings-src\bindings\2.2081\inline\RingObject.cpp, C:\PlatformerSaves\PlatformerSaves\build\bindings\bindings\Geode\source\RingObject.cpp. [C:\PlatformerSaves\PlatformerSaves\build\bindings\GeodeBindings.vcxproj]
C:\Program Files (x86)\Microsoft Visual Studio\2022\BuildTools\MSBuild\Microsoft\VC\v170\Microsoft.CppBuild.targets(1129,5): warning MSB8027: Mehrere Dateien mit dem Namen RotateGameplayGameObject.cpp führen zu Ausgaben am selben Speicherort. Dadurch kann ein falsches Buildergebnis entstehen. Die betroffenen Dateien sind C:\PlatformerSaves\PlatformerSaves\build\_deps\bindings-src\bindings\2.2081\inline\RotateGameplayGameObject.cpp, C:\PlatformerSaves\PlatformerSaves\build\bindings\bindings\Geode\source\RotateGameplayGameObject.cpp. [C:\PlatformerSaves\PlatformerSaves\build\bindings\GeodeBindings.vcxproj]
C:\Program Files (x86)\Microsoft Visual Studio\2022\BuildTools\MSBuild\Microsoft\VC\v170\Microsoft.CppBuild.targets(1129,5): warning MSB8027: Mehrere Dateien mit dem Namen SFXBrowser.cpp führen zu Ausgaben am selben Speicherort. Dadurch kann ein falsches Buildergebnis entstehen. Die betroffenen Dateien sind C:\PlatformerSaves\PlatformerSaves\build\_deps\bindings-src\bindings\2.2081\inline\SFXBrowser.cpp, C:\PlatformerSaves\PlatformerSaves\build\bindings\bindings\Geode\source\SFXBrowser.cpp. [C:\PlatformerSaves\PlatformerSaves\build\bindings\GeodeBindings.vcxproj]
C:\Program Files (x86)\Microsoft Visual Studio\2022\BuildTools\MSBuild\Microsoft\VC\v170\Microsoft.CppBuild.targets(1129,5): warning MSB8027: Mehrere Dateien mit dem Namen SFXBrowserDelegate.cpp führen zu Ausgaben am selben Speicherort. Dadurch kann ein falsches Buildergebnis entstehen. Die betroffenen Dateien sind C:\PlatformerSaves\PlatformerSaves\build\_deps\bindings-src\bindings\2.2081\inline\SFXBrowserDelegate.cpp, C:\PlatformerSaves\PlatformerSaves\build\bindings\bindings\Geode\source\SFXBrowserDelegate.cpp. [C:\PlatformerSaves\PlatformerSaves\build\bindings\GeodeBindings.vcxproj]
C:\Program Files (x86)\Microsoft Visual Studio\2022\BuildTools\MSBuild\Microsoft\VC\v170\Microsoft.CppBuild.targets(1129,5): warning MSB8027: Mehrere Dateien mit dem Namen SFXFolderObject.cpp führen zu Ausgaben am selben Speicherort. Dadurch kann ein falsches Buildergebnis entstehen. Die betroffenen Dateien sind C:\PlatformerSaves\PlatformerSaves\build\_deps\bindings-src\bindings\2.2081\inline\SFXFolderObject.cpp, C:\PlatformerSaves\PlatformerSaves\build\bindings\bindings\Geode\source\SFXFolderObject.cpp. [C:\PlatformerSaves\PlatformerSaves\build\bindings\GeodeBindings.vcxproj]
C:\Program Files (x86)\Microsoft Visual Studio\2022\BuildTools\MSBuild\Microsoft\VC\v170\Microsoft.CppBuild.targets(1129,5): warning MSB8027: Mehrere Dateien mit dem Namen SFXInfoObject.cpp führen zu Ausgaben am selben Speicherort. Dadurch kann ein falsches Buildergebnis entstehen. Die betroffenen Dateien sind C:\PlatformerSaves\PlatformerSaves\build\_deps\bindings-src\bindings\2.2081\inline\SFXInfoObject.cpp, C:\PlatformerSaves\PlatformerSaves\build\bindings\bindings\Geode\source\SFXInfoObject.cpp. [C:\PlatformerSaves\PlatformerSaves\build\bindings\GeodeBindings.vcxproj]
C:\Program Files (x86)\Microsoft Visual Studio\2022\BuildTools\MSBuild\Microsoft\VC\v170\Microsoft.CppBuild.targets(1129,5): warning MSB8027: Mehrere Dateien mit dem Namen SFXSearchResult.cpp führen zu Ausgaben am selben Speicherort. Dadurch kann ein falsches Buildergebnis entstehen. Die betroffenen Dateien sind C:\PlatformerSaves\PlatformerSaves\build\_deps\bindings-src\bindings\2.2081\inline\SFXSearchResult.cpp, C:\PlatformerSaves\PlatformerSaves\build\bindings\bindings\Geode\source\SFXSearchResult.cpp. [C:\PlatformerSaves\PlatformerSaves\build\bindings\GeodeBindings.vcxproj]
C:\Program Files (x86)\Microsoft Visual Studio\2022\BuildTools\MSBuild\Microsoft\VC\v170\Microsoft.CppBuild.targets(1129,5): warning MSB8027: Mehrere Dateien mit dem Namen SFXStateContainer.cpp führen zu Ausgaben am selben Speicherort. Dadurch kann ein falsches Buildergebnis entstehen. Die betroffenen Dateien sind C:\PlatformerSaves\PlatformerSaves\build\_deps\bindings-src\bindings\2.2081\inline\SFXStateContainer.cpp, C:\PlatformerSaves\PlatformerSaves\build\bindings\bindings\Geode\source\SFXStateContainer.cpp. [C:\PlatformerSaves\PlatformerSaves\build\bindings\GeodeBindings.vcxproj]
C:\Program Files (x86)\Microsoft Visual Studio\2022\BuildTools\MSBuild\Microsoft\VC\v170\Microsoft.CppBuild.targets(1129,5): warning MSB8027: Mehrere Dateien mit dem Namen SFXTriggerGameObject.cpp führen zu Ausgaben am selben Speicherort. Dadurch kann ein falsches Buildergebnis entstehen. Die betroffenen Dateien sind C:\PlatformerSaves\PlatformerSaves\build\_deps\bindings-src\bindings\2.2081\inline\SFXTriggerGameObject.cpp, C:\PlatformerSaves\PlatformerSaves\build\bindings\bindings\Geode\source\SFXTriggerGameObject.cpp. [C:\PlatformerSaves\PlatformerSaves\build\bindings\GeodeBindings.vcxproj]
C:\Program Files (x86)\Microsoft Visual Studio\2022\BuildTools\MSBuild\Microsoft\VC\v170\Microsoft.CppBuild.targets(1129,5): warning MSB8027: Mehrere Dateien mit dem Namen SFXTriggerInstance.cpp führen zu Ausgaben am selben Speicherort. Dadurch kann ein falsches Buildergebnis entstehen. Die betroffenen Dateien sind C:\PlatformerSaves\PlatformerSaves\build\_deps\bindings-src\bindings\2.2081\inline\SFXTriggerInstance.cpp, C:\PlatformerSaves\PlatformerSaves\build\bindings\bindings\Geode\source\SFXTriggerInstance.cpp. [C:\PlatformerSaves\PlatformerSaves\build\bindings\GeodeBindings.vcxproj]
C:\Program Files (x86)\Microsoft Visual Studio\2022\BuildTools\MSBuild\Microsoft\VC\v170\Microsoft.CppBuild.targets(1129,5): warning MSB8027: Mehrere Dateien mit dem Namen SFXTriggerState.cpp führen zu Ausgaben am selben Speicherort. Dadurch kann ein falsches Buildergebnis entstehen. Die betroffenen Dateien sind C:\PlatformerSaves\PlatformerSaves\build\_deps\bindings-src\bindings\2.2081\inline\SFXTriggerState.cpp, C:\PlatformerSaves\PlatformerSaves\build\bindings\bindings\Geode\source\SFXTriggerState.cpp. [C:\PlatformerSaves\PlatformerSaves\build\bindings\GeodeBindings.vcxproj]
C:\Program Files (x86)\Microsoft Visual Studio\2022\BuildTools\MSBuild\Microsoft\VC\v170\Microsoft.CppBuild.targets(1129,5): warning MSB8027: Mehrere Dateien mit dem Namen SavedActiveObjectState.cpp führen zu Ausgaben am selben Speicherort. Dadurch kann ein falsches Buildergebnis entstehen. Die betroffenen Dateien sind C:\PlatformerSaves\PlatformerSaves\build\_deps\bindings-src\bindings\2.2081\inline\SavedActiveObjectState.cpp, C:\PlatformerSaves\PlatformerSaves\build\bindings\bindings\Geode\source\SavedActiveObjectState.cpp. [C:\PlatformerSaves\PlatformerSaves\build\bindings\GeodeBindings.vcxproj]
C:\Program Files (x86)\Microsoft Visual Studio\2022\BuildTools\MSBuild\Microsoft\VC\v170\Microsoft.CppBuild.targets(1129,5): warning MSB8027: Mehrere Dateien mit dem Namen SavedObjectStateRef.cpp führen zu Ausgaben am selben Speicherort. Dadurch kann ein falsches Buildergebnis entstehen. Die betroffenen Dateien sind C:\PlatformerSaves\PlatformerSaves\build\_deps\bindings-src\bindings\2.2081\inline\SavedObjectStateRef.cpp, C:\PlatformerSaves\PlatformerSaves\build\bindings\bindings\Geode\source\SavedObjectStateRef.cpp. [C:\PlatformerSaves\PlatformerSaves\build\bindings\GeodeBindings.vcxproj]
C:\Program Files (x86)\Microsoft Visual Studio\2022\BuildTools\MSBuild\Microsoft\VC\v170\Microsoft.CppBuild.targets(1129,5): warning MSB8027: Mehrere Dateien mit dem Namen SavedSpecialObjectState.cpp führen zu Ausgaben am selben Speicherort. Dadurch kann ein falsches Buildergebnis entstehen. Die betroffenen Dateien sind C:\PlatformerSaves\PlatformerSaves\build\_deps\bindings-src\bindings\2.2081\inline\SavedSpecialObjectState.cpp, C:\PlatformerSaves\PlatformerSaves\build\bindings\bindings\Geode\source\SavedSpecialObjectState.cpp. [C:\PlatformerSaves\PlatformerSaves\build\bindings\GeodeBindings.vcxproj]
C:\Program Files (x86)\Microsoft Visual Studio\2022\BuildTools\MSBuild\Microsoft\VC\v170\Microsoft.CppBuild.targets(1129,5): warning MSB8027: Mehrere Dateien mit dem Namen ScrollingLayer.cpp führen zu Ausgaben am selben Speicherort. Dadurch kann ein falsches Buildergebnis entstehen. Die betroffenen Dateien sind C:\PlatformerSaves\PlatformerSaves\build\_deps\bindings-src\bindings\2.2081\inline\ScrollingLayer.cpp, C:\PlatformerSaves\PlatformerSaves\build\bindings\bindings\Geode\source\ScrollingLayer.cpp. [C:\PlatformerSaves\PlatformerSaves\build\bindings\GeodeBindings.vcxproj]
C:\Program Files (x86)\Microsoft Visual Studio\2022\BuildTools\MSBuild\Microsoft\VC\v170\Microsoft.CppBuild.targets(1129,5): warning MSB8027: Mehrere Dateien mit dem Namen SearchButton.cpp führen zu Ausgaben am selben Speicherort. Dadurch kann ein falsches Buildergebnis entstehen. Die betroffenen Dateien sind C:\PlatformerSaves\PlatformerSaves\build\_deps\bindings-src\bindings\2.2081\inline\SearchButton.cpp, C:\PlatformerSaves\PlatformerSaves\build\bindings\bindings\Geode\source\SearchButton.cpp. [C:\PlatformerSaves\PlatformerSaves\build\bindings\GeodeBindings.vcxproj]
C:\Program Files (x86)\Microsoft Visual Studio\2022\BuildTools\MSBuild\Microsoft\VC\v170\Microsoft.CppBuild.targets(1129,5): warning MSB8027: Mehrere Dateien mit dem Namen SearchSFXPopup.cpp führen zu Ausgaben am selben Speicherort. Dadurch kann ein falsches Buildergebnis entstehen. Die betroffenen Dateien sind C:\PlatformerSaves\PlatformerSaves\build\_deps\bindings-src\bindings\2.2081\inline\SearchSFXPopup.cpp, C:\PlatformerSaves\PlatformerSaves\build\bindings\bindings\Geode\source\SearchSFXPopup.cpp. [C:\PlatformerSaves\PlatformerSaves\build\bindings\GeodeBindings.vcxproj]
C:\Program Files (x86)\Microsoft Visual Studio\2022\BuildTools\MSBuild\Microsoft\VC\v170\Microsoft.CppBuild.targets(1129,5): warning MSB8027: Mehrere Dateien mit dem Namen SecretGame01Layer.cpp führen zu Ausgaben am selben Speicherort. Dadurch kann ein falsches Buildergebnis entstehen. Die betroffenen Dateien sind C:\PlatformerSaves\PlatformerSaves\build\_deps\bindings-src\bindings\2.2081\inline\SecretGame01Layer.cpp, C:\PlatformerSaves\PlatformerSaves\build\bindings\bindings\Geode\source\SecretGame01Layer.cpp. [C:\PlatformerSaves\PlatformerSaves\build\bindings\GeodeBindings.vcxproj]
C:\Program Files (x86)\Microsoft Visual Studio\2022\BuildTools\MSBuild\Microsoft\VC\v170\Microsoft.CppBuild.targets(1129,5): warning MSB8027: Mehrere Dateien mit dem Namen SecretLayer.cpp führen zu Ausgaben am selben Speicherort. Dadurch kann ein falsches Buildergebnis entstehen. Die betroffenen Dateien sind C:\PlatformerSaves\PlatformerSaves\build\_deps\bindings-src\bindings\2.2081\inline\SecretLayer.cpp, C:\PlatformerSaves\PlatformerSaves\build\bindings\bindings\Geode\source\SecretLayer.cpp. [C:\PlatformerSaves\PlatformerSaves\build\bindings\GeodeBindings.vcxproj]
C:\Program Files (x86)\Microsoft Visual Studio\2022\BuildTools\MSBuild\Microsoft\VC\v170\Microsoft.CppBuild.targets(1129,5): warning MSB8027: Mehrere Dateien mit dem Namen SecretLayer2.cpp führen zu Ausgaben am selben Speicherort. Dadurch kann ein falsches Buildergebnis entstehen. Die betroffenen Dateien sind C:\PlatformerSaves\PlatformerSaves\build\_deps\bindings-src\bindings\2.2081\inline\SecretLayer2.cpp, C:\PlatformerSaves\PlatformerSaves\build\bindings\bindings\Geode\source\SecretLayer2.cpp. [C:\PlatformerSaves\PlatformerSaves\build\bindings\GeodeBindings.vcxproj]
C:\Program Files (x86)\Microsoft Visual Studio\2022\BuildTools\MSBuild\Microsoft\VC\v170\Microsoft.CppBuild.targets(1129,5): warning MSB8027: Mehrere Dateien mit dem Namen SecretLayer3.cpp führen zu Ausgaben am selben Speicherort. Dadurch kann ein falsches Buildergebnis entstehen. Die betroffenen Dateien sind C:\PlatformerSaves\PlatformerSaves\build\_deps\bindings-src\bindings\2.2081\inline\SecretLayer3.cpp, C:\PlatformerSaves\PlatformerSaves\build\bindings\bindings\Geode\source\SecretLayer3.cpp. [C:\PlatformerSaves\PlatformerSaves\build\bindings\GeodeBindings.vcxproj]
C:\Program Files (x86)\Microsoft Visual Studio\2022\BuildTools\MSBuild\Microsoft\VC\v170\Microsoft.CppBuild.targets(1129,5): warning MSB8027: Mehrere Dateien mit dem Namen SecretLayer4.cpp führen zu Ausgaben am selben Speicherort. Dadurch kann ein falsches Buildergebnis entstehen. Die betroffenen Dateien sind C:\PlatformerSaves\PlatformerSaves\build\_deps\bindings-src\bindings\2.2081\inline\SecretLayer4.cpp, C:\PlatformerSaves\PlatformerSaves\build\bindings\bindings\Geode\source\SecretLayer4.cpp. [C:\PlatformerSaves\PlatformerSaves\build\bindings\GeodeBindings.vcxproj]
C:\Program Files (x86)\Microsoft Visual Studio\2022\BuildTools\MSBuild\Microsoft\VC\v170\Microsoft.CppBuild.targets(1129,5): warning MSB8027: Mehrere Dateien mit dem Namen SecretLayer5.cpp führen zu Ausgaben am selben Speicherort. Dadurch kann ein falsches Buildergebnis entstehen. Die betroffenen Dateien sind C:\PlatformerSaves\PlatformerSaves\build\_deps\bindings-src\bindings\2.2081\inline\SecretLayer5.cpp, C:\PlatformerSaves\PlatformerSaves\build\bindings\bindings\Geode\source\SecretLayer5.cpp. [C:\PlatformerSaves\PlatformerSaves\build\bindings\GeodeBindings.vcxproj]
C:\Program Files (x86)\Microsoft Visual Studio\2022\BuildTools\MSBuild\Microsoft\VC\v170\Microsoft.CppBuild.targets(1129,5): warning MSB8027: Mehrere Dateien mit dem Namen SecretLayer6.cpp führen zu Ausgaben am selben Speicherort. Dadurch kann ein falsches Buildergebnis entstehen. Die betroffenen Dateien sind C:\PlatformerSaves\PlatformerSaves\build\_deps\bindings-src\bindings\2.2081\inline\SecretLayer6.cpp, C:\PlatformerSaves\PlatformerSaves\build\bindings\bindings\Geode\source\SecretLayer6.cpp. [C:\PlatformerSaves\PlatformerSaves\build\bindings\GeodeBindings.vcxproj]
C:\Program Files (x86)\Microsoft Visual Studio\2022\BuildTools\MSBuild\Microsoft\VC\v170\Microsoft.CppBuild.targets(1129,5): warning MSB8027: Mehrere Dateien mit dem Namen SecretNumberLayer.cpp führen zu Ausgaben am selben Speicherort. Dadurch kann ein falsches Buildergebnis entstehen. Die betroffenen Dateien sind C:\PlatformerSaves\PlatformerSaves\build\_deps\bindings-src\bindings\2.2081\inline\SecretNumberLayer.cpp, C:\PlatformerSaves\PlatformerSaves\build\bindings\bindings\Geode\source\SecretNumberLayer.cpp. [C:\PlatformerSaves\PlatformerSaves\build\bindings\GeodeBindings.vcxproj]
C:\Program Files (x86)\Microsoft Visual Studio\2022\BuildTools\MSBuild\Microsoft\VC\v170\Microsoft.CppBuild.targets(1129,5): warning MSB8027: Mehrere Dateien mit dem Namen SecretRewardsLayer.cpp führen zu Ausgaben am selben Speicherort. Dadurch kann ein falsches Buildergebnis entstehen. Die betroffenen Dateien sind C:\PlatformerSaves\PlatformerSaves\build\_deps\bindings-src\bindings\2.2081\inline\SecretRewardsLayer.cpp, C:\PlatformerSaves\PlatformerSaves\build\bindings\bindings\Geode\source\SecretRewardsLayer.cpp. [C:\PlatformerSaves\PlatformerSaves\build\bindings\GeodeBindings.vcxproj]
C:\Program Files (x86)\Microsoft Visual Studio\2022\BuildTools\MSBuild\Microsoft\VC\v170\Microsoft.CppBuild.targets(1129,5): warning MSB8027: Mehrere Dateien mit dem Namen SelectArtDelegate.cpp führen zu Ausgaben am selben Speicherort. Dadurch kann ein falsches Buildergebnis entstehen. Die betroffenen Dateien sind C:\PlatformerSaves\PlatformerSaves\build\_deps\bindings-src\bindings\2.2081\inline\SelectArtDelegate.cpp, C:\PlatformerSaves\PlatformerSaves\build\bindings\bindings\Geode\source\SelectArtDelegate.cpp. [C:\PlatformerSaves\PlatformerSaves\build\bindings\GeodeBindings.vcxproj]
C:\Program Files (x86)\Microsoft Visual Studio\2022\BuildTools\MSBuild\Microsoft\VC\v170\Microsoft.CppBuild.targets(1129,5): warning MSB8027: Mehrere Dateien mit dem Namen SelectArtLayer.cpp führen zu Ausgaben am selben Speicherort. Dadurch kann ein falsches Buildergebnis entstehen. Die betroffenen Dateien sind C:\PlatformerSaves\PlatformerSaves\build\_deps\bindings-src\bindings\2.2081\inline\SelectArtLayer.cpp, C:\PlatformerSaves\PlatformerSaves\build\bindings\bindings\Geode\source\SelectArtLayer.cpp. [C:\PlatformerSaves\PlatformerSaves\build\bindings\GeodeBindings.vcxproj]
C:\Program Files (x86)\Microsoft Visual Studio\2022\BuildTools\MSBuild\Microsoft\VC\v170\Microsoft.CppBuild.targets(1129,5): warning MSB8027: Mehrere Dateien mit dem Namen SelectEventLayer.cpp führen zu Ausgaben am selben Speicherort. Dadurch kann ein falsches Buildergebnis entstehen. Die betroffenen Dateien sind C:\PlatformerSaves\PlatformerSaves\build\_deps\bindings-src\bindings\2.2081\inline\SelectEventLayer.cpp, C:\PlatformerSaves\PlatformerSaves\build\bindings\bindings\Geode\source\SelectEventLayer.cpp. [C:\PlatformerSaves\PlatformerSaves\build\bindings\GeodeBindings.vcxproj]
C:\Program Files (x86)\Microsoft Visual Studio\2022\BuildTools\MSBuild\Microsoft\VC\v170\Microsoft.CppBuild.targets(1129,5): warning MSB8027: Mehrere Dateien mit dem Namen SelectFontLayer.cpp führen zu Ausgaben am selben Speicherort. Dadurch kann ein falsches Buildergebnis entstehen. Die betroffenen Dateien sind C:\PlatformerSaves\PlatformerSaves\build\_deps\bindings-src\bindings\2.2081\inline\SelectFontLayer.cpp, C:\PlatformerSaves\PlatformerSaves\build\bindings\bindings\Geode\source\SelectFontLayer.cpp. [C:\PlatformerSaves\PlatformerSaves\build\bindings\GeodeBindings.vcxproj]
C:\Program Files (x86)\Microsoft Visual Studio\2022\BuildTools\MSBuild\Microsoft\VC\v170\Microsoft.CppBuild.targets(1129,5): warning MSB8027: Mehrere Dateien mit dem Namen SelectListIconDelegate.cpp führen zu Ausgaben am selben Speicherort. Dadurch kann ein falsches Buildergebnis entstehen. Die betroffenen Dateien sind C:\PlatformerSaves\PlatformerSaves\build\_deps\bindings-src\bindings\2.2081\inline\SelectListIconDelegate.cpp, C:\PlatformerSaves\PlatformerSaves\build\bindings\bindings\Geode\source\SelectListIconDelegate.cpp. [C:\PlatformerSaves\PlatformerSaves\build\bindings\GeodeBindings.vcxproj]
C:\Program Files (x86)\Microsoft Visual Studio\2022\BuildTools\MSBuild\Microsoft\VC\v170\Microsoft.CppBuild.targets(1129,5): warning MSB8027: Mehrere Dateien mit dem Namen SelectListIconLayer.cpp führen zu Ausgaben am selben Speicherort. Dadurch kann ein falsches Buildergebnis entstehen. Die betroffenen Dateien sind C:\PlatformerSaves\PlatformerSaves\build\_deps\bindings-src\bindings\2.2081\inline\SelectListIconLayer.cpp, C:\PlatformerSaves\PlatformerSaves\build\bindings\bindings\Geode\source\SelectListIconLayer.cpp. [C:\PlatformerSaves\PlatformerSaves\build\bindings\GeodeBindings.vcxproj]
C:\Program Files (x86)\Microsoft Visual Studio\2022\BuildTools\MSBuild\Microsoft\VC\v170\Microsoft.CppBuild.targets(1129,5): warning MSB8027: Mehrere Dateien mit dem Namen SelectPremadeDelegate.cpp führen zu Ausgaben am selben Speicherort. Dadurch kann ein falsches Buildergebnis entstehen. Die betroffenen Dateien sind C:\PlatformerSaves\PlatformerSaves\build\_deps\bindings-src\bindings\2.2081\inline\SelectPremadeDelegate.cpp, C:\PlatformerSaves\PlatformerSaves\build\bindings\bindings\Geode\source\SelectPremadeDelegate.cpp. [C:\PlatformerSaves\PlatformerSaves\build\bindings\GeodeBindings.vcxproj]
C:\Program Files (x86)\Microsoft Visual Studio\2022\BuildTools\MSBuild\Microsoft\VC\v170\Microsoft.CppBuild.targets(1129,5): warning MSB8027: Mehrere Dateien mit dem Namen SelectPremadeLayer.cpp führen zu Ausgaben am selben Speicherort. Dadurch kann ein falsches Buildergebnis entstehen. Die betroffenen Dateien sind C:\PlatformerSaves\PlatformerSaves\build\_deps\bindings-src\bindings\2.2081\inline\SelectPremadeLayer.cpp, C:\PlatformerSaves\PlatformerSaves\build\bindings\bindings\Geode\source\SelectPremadeLayer.cpp. [C:\PlatformerSaves\PlatformerSaves\build\bindings\GeodeBindings.vcxproj]
C:\Program Files (x86)\Microsoft Visual Studio\2022\BuildTools\MSBuild\Microsoft\VC\v170\Microsoft.CppBuild.targets(1129,5): warning MSB8027: Mehrere Dateien mit dem Namen SelectSFXSortDelegate.cpp führen zu Ausgaben am selben Speicherort. Dadurch kann ein falsches Buildergebnis entstehen. Die betroffenen Dateien sind C:\PlatformerSaves\PlatformerSaves\build\_deps\bindings-src\bindings\2.2081\inline\SelectSFXSortDelegate.cpp, C:\PlatformerSaves\PlatformerSaves\build\bindings\bindings\Geode\source\SelectSFXSortDelegate.cpp. [C:\PlatformerSaves\PlatformerSaves\build\bindings\GeodeBindings.vcxproj]
C:\Program Files (x86)\Microsoft Visual Studio\2022\BuildTools\MSBuild\Microsoft\VC\v170\Microsoft.CppBuild.targets(1129,5): warning MSB8027: Mehrere Dateien mit dem Namen SelectSFXSortLayer.cpp führen zu Ausgaben am selben Speicherort. Dadurch kann ein falsches Buildergebnis entstehen. Die betroffenen Dateien sind C:\PlatformerSaves\PlatformerSaves\build\_deps\bindings-src\bindings\2.2081\inline\SelectSFXSortLayer.cpp, C:\PlatformerSaves\PlatformerSaves\build\bindings\bindings\Geode\source\SelectSFXSortLayer.cpp. [C:\PlatformerSaves\PlatformerSaves\build\bindings\GeodeBindings.vcxproj]
C:\Program Files (x86)\Microsoft Visual Studio\2022\BuildTools\MSBuild\Microsoft\VC\v170\Microsoft.CppBuild.targets(1129,5): warning MSB8027: Mehrere Dateien mit dem Namen SelectSettingDelegate.cpp führen zu Ausgaben am selben Speicherort. Dadurch kann ein falsches Buildergebnis entstehen. Die betroffenen Dateien sind C:\PlatformerSaves\PlatformerSaves\build\_deps\bindings-src\bindings\2.2081\inline\SelectSettingDelegate.cpp, C:\PlatformerSaves\PlatformerSaves\build\bindings\bindings\Geode\source\SelectSettingDelegate.cpp. [C:\PlatformerSaves\PlatformerSaves\build\bindings\GeodeBindings.vcxproj]
C:\Program Files (x86)\Microsoft Visual Studio\2022\BuildTools\MSBuild\Microsoft\VC\v170\Microsoft.CppBuild.targets(1129,5): warning MSB8027: Mehrere Dateien mit dem Namen SelectSettingLayer.cpp führen zu Ausgaben am selben Speicherort. Dadurch kann ein falsches Buildergebnis entstehen. Die betroffenen Dateien sind C:\PlatformerSaves\PlatformerSaves\build\_deps\bindings-src\bindings\2.2081\inline\SelectSettingLayer.cpp, C:\PlatformerSaves\PlatformerSaves\build\bindings\bindings\Geode\source\SelectSettingLayer.cpp. [C:\PlatformerSaves\PlatformerSaves\build\bindings\GeodeBindings.vcxproj]
C:\Program Files (x86)\Microsoft Visual Studio\2022\BuildTools\MSBuild\Microsoft\VC\v170\Microsoft.CppBuild.targets(1129,5): warning MSB8027: Mehrere Dateien mit dem Namen SequenceTriggerGameObject.cpp führen zu Ausgaben am selben Speicherort. Dadurch kann ein falsches Buildergebnis entstehen. Die betroffenen Dateien sind C:\PlatformerSaves\PlatformerSaves\build\_deps\bindings-src\bindings\2.2081\inline\SequenceTriggerGameObject.cpp, C:\PlatformerSaves\PlatformerSaves\build\bindings\bindings\Geode\source\SequenceTriggerGameObject.cpp. [C:\PlatformerSaves\PlatformerSaves\build\bindings\GeodeBindings.vcxproj]
C:\Program Files (x86)\Microsoft Visual Studio\2022\BuildTools\MSBuild\Microsoft\VC\v170\Microsoft.CppBuild.targets(1129,5): warning MSB8027: Mehrere Dateien mit dem Namen SequenceTriggerState.cpp führen zu Ausgaben am selben Speicherort. Dadurch kann ein falsches Buildergebnis entstehen. Die betroffenen Dateien sind C:\PlatformerSaves\PlatformerSaves\build\_deps\bindings-src\bindings\2.2081\inline\SequenceTriggerState.cpp, C:\PlatformerSaves\PlatformerSaves\build\bindings\bindings\Geode\source\SequenceTriggerState.cpp. [C:\PlatformerSaves\PlatformerSaves\build\bindings\GeodeBindings.vcxproj]
C:\Program Files (x86)\Microsoft Visual Studio\2022\BuildTools\MSBuild\Microsoft\VC\v170\Microsoft.CppBuild.targets(1129,5): warning MSB8027: Mehrere Dateien mit dem Namen SetColorIDPopup.cpp führen zu Ausgaben am selben Speicherort. Dadurch kann ein falsches Buildergebnis entstehen. Die betroffenen Dateien sind C:\PlatformerSaves\PlatformerSaves\build\_deps\bindings-src\bindings\2.2081\inline\SetColorIDPopup.cpp, C:\PlatformerSaves\PlatformerSaves\build\bindings\bindings\Geode\source\SetColorIDPopup.cpp. [C:\PlatformerSaves\PlatformerSaves\build\bindings\GeodeBindings.vcxproj]
C:\Program Files (x86)\Microsoft Visual Studio\2022\BuildTools\MSBuild\Microsoft\VC\v170\Microsoft.CppBuild.targets(1129,5): warning MSB8027: Mehrere Dateien mit dem Namen SetFolderPopup.cpp führen zu Ausgaben am selben Speicherort. Dadurch kann ein falsches Buildergebnis entstehen. Die betroffenen Dateien sind C:\PlatformerSaves\PlatformerSaves\build\_deps\bindings-src\bindings\2.2081\inline\SetFolderPopup.cpp, C:\PlatformerSaves\PlatformerSaves\build\bindings\bindings\Geode\source\SetFolderPopup.cpp. [C:\PlatformerSaves\PlatformerSaves\build\bindings\GeodeBindings.vcxproj]
C:\Program Files (x86)\Microsoft Visual Studio\2022\BuildTools\MSBuild\Microsoft\VC\v170\Microsoft.CppBuild.targets(1129,5): warning MSB8027: Mehrere Dateien mit dem Namen SetGroupIDLayer.cpp führen zu Ausgaben am selben Speicherort. Dadurch kann ein falsches Buildergebnis entstehen. Die betroffenen Dateien sind C:\PlatformerSaves\PlatformerSaves\build\_deps\bindings-src\bindings\2.2081\inline\SetGroupIDLayer.cpp, C:\PlatformerSaves\PlatformerSaves\build\bindings\bindings\Geode\source\SetGroupIDLayer.cpp. [C:\PlatformerSaves\PlatformerSaves\build\bindings\GeodeBindings.vcxproj]
C:\Program Files (x86)\Microsoft Visual Studio\2022\BuildTools\MSBuild\Microsoft\VC\v170\Microsoft.CppBuild.targets(1129,5): warning MSB8027: Mehrere Dateien mit dem Namen SetIDPopup.cpp führen zu Ausgaben am selben Speicherort. Dadurch kann ein falsches Buildergebnis entstehen. Die betroffenen Dateien sind C:\PlatformerSaves\PlatformerSaves\build\_deps\bindings-src\bindings\2.2081\inline\SetIDPopup.cpp, C:\PlatformerSaves\PlatformerSaves\build\bindings\bindings\Geode\source\SetIDPopup.cpp. [C:\PlatformerSaves\PlatformerSaves\build\bindings\GeodeBindings.vcxproj]
C:\Program Files (x86)\Microsoft Visual Studio\2022\BuildTools\MSBuild\Microsoft\VC\v170\Microsoft.CppBuild.targets(1129,5): warning MSB8027: Mehrere Dateien mit dem Namen SetIDPopupDelegate.cpp führen zu Ausgaben am selben Speicherort. Dadurch kann ein falsches Buildergebnis entstehen. Die betroffenen Dateien sind C:\PlatformerSaves\PlatformerSaves\build\_deps\bindings-src\bindings\2.2081\inline\SetIDPopupDelegate.cpp, C:\PlatformerSaves\PlatformerSaves\build\bindings\bindings\Geode\source\SetIDPopupDelegate.cpp. [C:\PlatformerSaves\PlatformerSaves\build\bindings\GeodeBindings.vcxproj]
C:\Program Files (x86)\Microsoft Visual Studio\2022\BuildTools\MSBuild\Microsoft\VC\v170\Microsoft.CppBuild.targets(1129,5): warning MSB8027: Mehrere Dateien mit dem Namen SetItemIDLayer.cpp führen zu Ausgaben am selben Speicherort. Dadurch kann ein falsches Buildergebnis entstehen. Die betroffenen Dateien sind C:\PlatformerSaves\PlatformerSaves\build\_deps\bindings-src\bindings\2.2081\inline\SetItemIDLayer.cpp, C:\PlatformerSaves\PlatformerSaves\build\bindings\bindings\Geode\source\SetItemIDLayer.cpp. [C:\PlatformerSaves\PlatformerSaves\build\bindings\GeodeBindings.vcxproj]
C:\Program Files (x86)\Microsoft Visual Studio\2022\BuildTools\MSBuild\Microsoft\VC\v170\Microsoft.CppBuild.targets(1129,5): warning MSB8027: Mehrere Dateien mit dem Namen SetLevelOrderPopup.cpp führen zu Ausgaben am selben Speicherort. Dadurch kann ein falsches Buildergebnis entstehen. Die betroffenen Dateien sind C:\PlatformerSaves\PlatformerSaves\build\_deps\bindings-src\bindings\2.2081\inline\SetLevelOrderPopup.cpp, C:\PlatformerSaves\PlatformerSaves\build\bindings\bindings\Geode\source\SetLevelOrderPopup.cpp. [C:\PlatformerSaves\PlatformerSaves\build\bindings\GeodeBindings.vcxproj]
C:\Program Files (x86)\Microsoft Visual Studio\2022\BuildTools\MSBuild\Microsoft\VC\v170\Microsoft.CppBuild.targets(1129,5): warning MSB8027: Mehrere Dateien mit dem Namen SetTargetIDLayer.cpp führen zu Ausgaben am selben Speicherort. Dadurch kann ein falsches Buildergebnis entstehen. Die betroffenen Dateien sind C:\PlatformerSaves\PlatformerSaves\build\_deps\bindings-src\bindings\2.2081\inline\SetTargetIDLayer.cpp, C:\PlatformerSaves\PlatformerSaves\build\bindings\bindings\Geode\source\SetTargetIDLayer.cpp. [C:\PlatformerSaves\PlatformerSaves\build\bindings\GeodeBindings.vcxproj]
C:\Program Files (x86)\Microsoft Visual Studio\2022\BuildTools\MSBuild\Microsoft\VC\v170\Microsoft.CppBuild.targets(1129,5): warning MSB8027: Mehrere Dateien mit dem Namen SetTextPopup.cpp führen zu Ausgaben am selben Speicherort. Dadurch kann ein falsches Buildergebnis entstehen. Die betroffenen Dateien sind C:\PlatformerSaves\PlatformerSaves\build\_deps\bindings-src\bindings\2.2081\inline\SetTextPopup.cpp, C:\PlatformerSaves\PlatformerSaves\build\bindings\bindings\Geode\source\SetTextPopup.cpp. [C:\PlatformerSaves\PlatformerSaves\build\bindings\GeodeBindings.vcxproj]
C:\Program Files (x86)\Microsoft Visual Studio\2022\BuildTools\MSBuild\Microsoft\VC\v170\Microsoft.CppBuild.targets(1129,5): warning MSB8027: Mehrere Dateien mit dem Namen SetTextPopupDelegate.cpp führen zu Ausgaben am selben Speicherort. Dadurch kann ein falsches Buildergebnis entstehen. Die betroffenen Dateien sind C:\PlatformerSaves\PlatformerSaves\build\_deps\bindings-src\bindings\2.2081\inline\SetTextPopupDelegate.cpp, C:\PlatformerSaves\PlatformerSaves\build\bindings\bindings\Geode\source\SetTextPopupDelegate.cpp. [C:\PlatformerSaves\PlatformerSaves\build\bindings\GeodeBindings.vcxproj]
C:\Program Files (x86)\Microsoft Visual Studio\2022\BuildTools\MSBuild\Microsoft\VC\v170\Microsoft.CppBuild.targets(1129,5): warning MSB8027: Mehrere Dateien mit dem Namen SetupAdvFollowEditPhysicsPopup.cpp führen zu Ausgaben am selben Speicherort. Dadurch kann ein falsches Buildergebnis entstehen. Die betroffenen Dateien sind C:\PlatformerSaves\PlatformerSaves\build\_deps\bindings-src\bindings\2.2081\inline\SetupAdvFollowEditPhysicsPopup.cpp, C:\PlatformerSaves\PlatformerSaves\build\bindings\bindings\Geode\source\SetupAdvFollowEditPhysicsPopup.cpp. [C:\PlatformerSaves\PlatformerSaves\build\bindings\GeodeBindings.vcxproj]
C:\Program Files (x86)\Microsoft Visual Studio\2022\BuildTools\MSBuild\Microsoft\VC\v170\Microsoft.CppBuild.targets(1129,5): warning MSB8027: Mehrere Dateien mit dem Namen SetupAdvFollowPopup.cpp führen zu Ausgaben am selben Speicherort. Dadurch kann ein falsches Buildergebnis entstehen. Die betroffenen Dateien sind C:\PlatformerSaves\PlatformerSaves\build\_deps\bindings-src\bindings\2.2081\inline\SetupAdvFollowPopup.cpp, C:\PlatformerSaves\PlatformerSaves\build\bindings\bindings\Geode\source\SetupAdvFollowPopup.cpp. [C:\PlatformerSaves\PlatformerSaves\build\bindings\GeodeBindings.vcxproj]
C:\Program Files (x86)\Microsoft Visual Studio\2022\BuildTools\MSBuild\Microsoft\VC\v170\Microsoft.CppBuild.targets(1129,5): warning MSB8027: Mehrere Dateien mit dem Namen SetupAdvFollowRetargetPopup.cpp führen zu Ausgaben am selben Speicherort. Dadurch kann ein falsches Buildergebnis entstehen. Die betroffenen Dateien sind C:\PlatformerSaves\PlatformerSaves\build\_deps\bindings-src\bindings\2.2081\inline\SetupAdvFollowRetargetPopup.cpp, C:\PlatformerSaves\PlatformerSaves\build\bindings\bindings\Geode\source\SetupAdvFollowRetargetPopup.cpp. [C:\PlatformerSaves\PlatformerSaves\build\bindings\GeodeBindings.vcxproj]
C:\Program Files (x86)\Microsoft Visual Studio\2022\BuildTools\MSBuild\Microsoft\VC\v170\Microsoft.CppBuild.targets(1129,5): warning MSB8027: Mehrere Dateien mit dem Namen SetupAnimSettingsPopup.cpp führen zu Ausgaben am selben Speicherort. Dadurch kann ein falsches Buildergebnis entstehen. Die betroffenen Dateien sind C:\PlatformerSaves\PlatformerSaves\build\_deps\bindings-src\bindings\2.2081\inline\SetupAnimSettingsPopup.cpp, C:\PlatformerSaves\PlatformerSaves\build\bindings\bindings\Geode\source\SetupAnimSettingsPopup.cpp. [C:\PlatformerSaves\PlatformerSaves\build\bindings\GeodeBindings.vcxproj]
C:\Program Files (x86)\Microsoft Visual Studio\2022\BuildTools\MSBuild\Microsoft\VC\v170\Microsoft.CppBuild.targets(1129,5): warning MSB8027: Mehrere Dateien mit dem Namen SetupAnimationPopup.cpp führen zu Ausgaben am selben Speicherort. Dadurch kann ein falsches Buildergebnis entstehen. Die betroffenen Dateien sind C:\PlatformerSaves\PlatformerSaves\build\_deps\bindings-src\bindings\2.2081\inline\SetupAnimationPopup.cpp, C:\PlatformerSaves\PlatformerSaves\build\bindings\bindings\Geode\source\SetupAnimationPopup.cpp. [C:\PlatformerSaves\PlatformerSaves\build\bindings\GeodeBindings.vcxproj]
C:\Program Files (x86)\Microsoft Visual Studio\2022\BuildTools\MSBuild\Microsoft\VC\v170\Microsoft.CppBuild.targets(1129,5): warning MSB8027: Mehrere Dateien mit dem Namen SetupAreaAnimTriggerPopup.cpp führen zu Ausgaben am selben Speicherort. Dadurch kann ein falsches Buildergebnis entstehen. Die betroffenen Dateien sind C:\PlatformerSaves\PlatformerSaves\build\_deps\bindings-src\bindings\2.2081\inline\SetupAreaAnimTriggerPopup.cpp, C:\PlatformerSaves\PlatformerSaves\build\bindings\bindings\Geode\source\SetupAreaAnimTriggerPopup.cpp. [C:\PlatformerSaves\PlatformerSaves\build\bindings\GeodeBindings.vcxproj]
C:\Program Files (x86)\Microsoft Visual Studio\2022\BuildTools\MSBuild\Microsoft\VC\v170\Microsoft.CppBuild.targets(1129,5): warning MSB8027: Mehrere Dateien mit dem Namen SetupAreaFadeTriggerPopup.cpp führen zu Ausgaben am selben Speicherort. Dadurch kann ein falsches Buildergebnis entstehen. Die betroffenen Dateien sind C:\PlatformerSaves\PlatformerSaves\build\_deps\bindings-src\bindings\2.2081\inline\SetupAreaFadeTriggerPopup.cpp, C:\PlatformerSaves\PlatformerSaves\build\bindings\bindings\Geode\source\SetupAreaFadeTriggerPopup.cpp. [C:\PlatformerSaves\PlatformerSaves\build\bindings\GeodeBindings.vcxproj]
C:\Program Files (x86)\Microsoft Visual Studio\2022\BuildTools\MSBuild\Microsoft\VC\v170\Microsoft.CppBuild.targets(1129,5): warning MSB8027: Mehrere Dateien mit dem Namen SetupAreaMoveTriggerPopup.cpp führen zu Ausgaben am selben Speicherort. Dadurch kann ein falsches Buildergebnis entstehen. Die betroffenen Dateien sind C:\PlatformerSaves\PlatformerSaves\build\_deps\bindings-src\bindings\2.2081\inline\SetupAreaMoveTriggerPopup.cpp, C:\PlatformerSaves\PlatformerSaves\build\bindings\bindings\Geode\source\SetupAreaMoveTriggerPopup.cpp. [C:\PlatformerSaves\PlatformerSaves\build\bindings\GeodeBindings.vcxproj]
C:\Program Files (x86)\Microsoft Visual Studio\2022\BuildTools\MSBuild\Microsoft\VC\v170\Microsoft.CppBuild.targets(1129,5): warning MSB8027: Mehrere Dateien mit dem Namen SetupAreaRotateTriggerPopup.cpp führen zu Ausgaben am selben Speicherort. Dadurch kann ein falsches Buildergebnis entstehen. Die betroffenen Dateien sind C:\PlatformerSaves\PlatformerSaves\build\_deps\bindings-src\bindings\2.2081\inline\SetupAreaRotateTriggerPopup.cpp, C:\PlatformerSaves\PlatformerSaves\build\bindings\bindings\Geode\source\SetupAreaRotateTriggerPopup.cpp. [C:\PlatformerSaves\PlatformerSaves\build\bindings\GeodeBindings.vcxproj]
C:\Program Files (x86)\Microsoft Visual Studio\2022\BuildTools\MSBuild\Microsoft\VC\v170\Microsoft.CppBuild.targets(1129,5): warning MSB8027: Mehrere Dateien mit dem Namen SetupAreaTintTriggerPopup.cpp führen zu Ausgaben am selben Speicherort. Dadurch kann ein falsches Buildergebnis entstehen. Die betroffenen Dateien sind C:\PlatformerSaves\PlatformerSaves\build\_deps\bindings-src\bindings\2.2081\inline\SetupAreaTintTriggerPopup.cpp, C:\PlatformerSaves\PlatformerSaves\build\bindings\bindings\Geode\source\SetupAreaTintTriggerPopup.cpp. [C:\PlatformerSaves\PlatformerSaves\build\bindings\GeodeBindings.vcxproj]
C:\Program Files (x86)\Microsoft Visual Studio\2022\BuildTools\MSBuild\Microsoft\VC\v170\Microsoft.CppBuild.targets(1129,5): warning MSB8027: Mehrere Dateien mit dem Namen SetupAreaTransformTriggerPopup.cpp führen zu Ausgaben am selben Speicherort. Dadurch kann ein falsches Buildergebnis entstehen. Die betroffenen Dateien sind C:\PlatformerSaves\PlatformerSaves\build\_deps\bindings-src\bindings\2.2081\inline\SetupAreaTransformTriggerPopup.cpp, C:\PlatformerSaves\PlatformerSaves\build\bindings\bindings\Geode\source\SetupAreaTransformTriggerPopup.cpp. [C:\PlatformerSaves\PlatformerSaves\build\bindings\GeodeBindings.vcxproj]
C:\Program Files (x86)\Microsoft Visual Studio\2022\BuildTools\MSBuild\Microsoft\VC\v170\Microsoft.CppBuild.targets(1129,5): warning MSB8027: Mehrere Dateien mit dem Namen SetupAreaTriggerPopup.cpp führen zu Ausgaben am selben Speicherort. Dadurch kann ein falsches Buildergebnis entstehen. Die betroffenen Dateien sind C:\PlatformerSaves\PlatformerSaves\build\_deps\bindings-src\bindings\2.2081\inline\SetupAreaTriggerPopup.cpp, C:\PlatformerSaves\PlatformerSaves\build\bindings\bindings\Geode\source\SetupAreaTriggerPopup.cpp. [C:\PlatformerSaves\PlatformerSaves\build\bindings\GeodeBindings.vcxproj]
C:\Program Files (x86)\Microsoft Visual Studio\2022\BuildTools\MSBuild\Microsoft\VC\v170\Microsoft.CppBuild.targets(1129,5): warning MSB8027: Mehrere Dateien mit dem Namen SetupArtSwitchPopup.cpp führen zu Ausgaben am selben Speicherort. Dadurch kann ein falsches Buildergebnis entstehen. Die betroffenen Dateien sind C:\PlatformerSaves\PlatformerSaves\build\_deps\bindings-src\bindings\2.2081\inline\SetupArtSwitchPopup.cpp, C:\PlatformerSaves\PlatformerSaves\build\bindings\bindings\Geode\source\SetupArtSwitchPopup.cpp. [C:\PlatformerSaves\PlatformerSaves\build\bindings\GeodeBindings.vcxproj]
C:\Program Files (x86)\Microsoft Visual Studio\2022\BuildTools\MSBuild\Microsoft\VC\v170\Microsoft.CppBuild.targets(1129,5): warning MSB8027: Mehrere Dateien mit dem Namen SetupAudioLineGuidePopup.cpp führen zu Ausgaben am selben Speicherort. Dadurch kann ein falsches Buildergebnis entstehen. Die betroffenen Dateien sind C:\PlatformerSaves\PlatformerSaves\build\_deps\bindings-src\bindings\2.2081\inline\SetupAudioLineGuidePopup.cpp, C:\PlatformerSaves\PlatformerSaves\build\bindings\bindings\Geode\source\SetupAudioLineGuidePopup.cpp. [C:\PlatformerSaves\PlatformerSaves\build\bindings\GeodeBindings.vcxproj]
C:\Program Files (x86)\Microsoft Visual Studio\2022\BuildTools\MSBuild\Microsoft\VC\v170\Microsoft.CppBuild.targets(1129,5): warning MSB8027: Mehrere Dateien mit dem Namen SetupAudioTriggerPopup.cpp führen zu Ausgaben am selben Speicherort. Dadurch kann ein falsches Buildergebnis entstehen. Die betroffenen Dateien sind C:\PlatformerSaves\PlatformerSaves\build\_deps\bindings-src\bindings\2.2081\inline\SetupAudioTriggerPopup.cpp, C:\PlatformerSaves\PlatformerSaves\build\bindings\bindings\Geode\source\SetupAudioTriggerPopup.cpp. [C:\PlatformerSaves\PlatformerSaves\build\bindings\GeodeBindings.vcxproj]
C:\Program Files (x86)\Microsoft Visual Studio\2022\BuildTools\MSBuild\Microsoft\VC\v170\Microsoft.CppBuild.targets(1129,5): warning MSB8027: Mehrere Dateien mit dem Namen SetupBGSpeedTrigger.cpp führen zu Ausgaben am selben Speicherort. Dadurch kann ein falsches Buildergebnis entstehen. Die betroffenen Dateien sind C:\PlatformerSaves\PlatformerSaves\build\_deps\bindings-src\bindings\2.2081\inline\SetupBGSpeedTrigger.cpp, C:\PlatformerSaves\PlatformerSaves\build\bindings\bindings\Geode\source\SetupBGSpeedTrigger.cpp. [C:\PlatformerSaves\PlatformerSaves\build\bindings\GeodeBindings.vcxproj]
C:\Program Files (x86)\Microsoft Visual Studio\2022\BuildTools\MSBuild\Microsoft\VC\v170\Microsoft.CppBuild.targets(1129,5): warning MSB8027: Mehrere Dateien mit dem Namen SetupCameraEdgePopup.cpp führen zu Ausgaben am selben Speicherort. Dadurch kann ein falsches Buildergebnis entstehen. Die betroffenen Dateien sind C:\PlatformerSaves\PlatformerSaves\build\_deps\bindings-src\bindings\2.2081\inline\SetupCameraEdgePopup.cpp, C:\PlatformerSaves\PlatformerSaves\build\bindings\bindings\Geode\source\SetupCameraEdgePopup.cpp. [C:\PlatformerSaves\PlatformerSaves\build\bindings\GeodeBindings.vcxproj]
C:\Program Files (x86)\Microsoft Visual Studio\2022\BuildTools\MSBuild\Microsoft\VC\v170\Microsoft.CppBuild.targets(1129,5): warning MSB8027: Mehrere Dateien mit dem Namen SetupCameraGuidePopup.cpp führen zu Ausgaben am selben Speicherort. Dadurch kann ein falsches Buildergebnis entstehen. Die betroffenen Dateien sind C:\PlatformerSaves\PlatformerSaves\build\_deps\bindings-src\bindings\2.2081\inline\SetupCameraGuidePopup.cpp, C:\PlatformerSaves\PlatformerSaves\build\bindings\bindings\Geode\source\SetupCameraGuidePopup.cpp. [C:\PlatformerSaves\PlatformerSaves\build\bindings\GeodeBindings.vcxproj]
C:\Program Files (x86)\Microsoft Visual Studio\2022\BuildTools\MSBuild\Microsoft\VC\v170\Microsoft.CppBuild.targets(1129,5): warning MSB8027: Mehrere Dateien mit dem Namen SetupCameraModePopup.cpp führen zu Ausgaben am selben Speicherort. Dadurch kann ein falsches Buildergebnis entstehen. Die betroffenen Dateien sind C:\PlatformerSaves\PlatformerSaves\build\_deps\bindings-src\bindings\2.2081\inline\SetupCameraModePopup.cpp, C:\PlatformerSaves\PlatformerSaves\build\bindings\bindings\Geode\source\SetupCameraModePopup.cpp. [C:\PlatformerSaves\PlatformerSaves\build\bindings\GeodeBindings.vcxproj]
C:\Program Files (x86)\Microsoft Visual Studio\2022\BuildTools\MSBuild\Microsoft\VC\v170\Microsoft.CppBuild.targets(1129,5): warning MSB8027: Mehrere Dateien mit dem Namen SetupCameraOffsetTrigger.cpp führen zu Ausgaben am selben Speicherort. Dadurch kann ein falsches Buildergebnis entstehen. Die betroffenen Dateien sind C:\PlatformerSaves\PlatformerSaves\build\_deps\bindings-src\bindings\2.2081\inline\SetupCameraOffsetTrigger.cpp, C:\PlatformerSaves\PlatformerSaves\build\bindings\bindings\Geode\source\SetupCameraOffsetTrigger.cpp. [C:\PlatformerSaves\PlatformerSaves\build\bindings\GeodeBindings.vcxproj]
C:\Program Files (x86)\Microsoft Visual Studio\2022\BuildTools\MSBuild\Microsoft\VC\v170\Microsoft.CppBuild.targets(1129,5): warning MSB8027: Mehrere Dateien mit dem Namen SetupCameraRotatePopup.cpp führen zu Ausgaben am selben Speicherort. Dadurch kann ein falsches Buildergebnis entstehen. Die betroffenen Dateien sind C:\PlatformerSaves\PlatformerSaves\build\_deps\bindings-src\bindings\2.2081\inline\SetupCameraRotatePopup.cpp, C:\PlatformerSaves\PlatformerSaves\build\bindings\bindings\Geode\source\SetupCameraRotatePopup.cpp. [C:\PlatformerSaves\PlatformerSaves\build\bindings\GeodeBindings.vcxproj]
C:\Program Files (x86)\Microsoft Visual Studio\2022\BuildTools\MSBuild\Microsoft\VC\v170\Microsoft.CppBuild.targets(1129,5): warning MSB8027: Mehrere Dateien mit dem Namen SetupCameraRotatePopup2.cpp führen zu Ausgaben am selben Speicherort. Dadurch kann ein falsches Buildergebnis entstehen. Die betroffenen Dateien sind C:\PlatformerSaves\PlatformerSaves\build\_deps\bindings-src\bindings\2.2081\inline\SetupCameraRotatePopup2.cpp, C:\PlatformerSaves\PlatformerSaves\build\bindings\bindings\Geode\source\SetupCameraRotatePopup2.cpp. [C:\PlatformerSaves\PlatformerSaves\build\bindings\GeodeBindings.vcxproj]
C:\Program Files (x86)\Microsoft Visual Studio\2022\BuildTools\MSBuild\Microsoft\VC\v170\Microsoft.CppBuild.targets(1129,5): warning MSB8027: Mehrere Dateien mit dem Namen SetupCheckpointPopup.cpp führen zu Ausgaben am selben Speicherort. Dadurch kann ein falsches Buildergebnis entstehen. Die betroffenen Dateien sind C:\PlatformerSaves\PlatformerSaves\build\_deps\bindings-src\bindings\2.2081\inline\SetupCheckpointPopup.cpp, C:\PlatformerSaves\PlatformerSaves\build\bindings\bindings\Geode\source\SetupCheckpointPopup.cpp. [C:\PlatformerSaves\PlatformerSaves\build\bindings\GeodeBindings.vcxproj]
C:\Program Files (x86)\Microsoft Visual Studio\2022\BuildTools\MSBuild\Microsoft\VC\v170\Microsoft.CppBuild.targets(1129,5): warning MSB8027: Mehrere Dateien mit dem Namen SetupCoinLayer.cpp führen zu Ausgaben am selben Speicherort. Dadurch kann ein falsches Buildergebnis entstehen. Die betroffenen Dateien sind C:\PlatformerSaves\PlatformerSaves\build\_deps\bindings-src\bindings\2.2081\inline\SetupCoinLayer.cpp, C:\PlatformerSaves\PlatformerSaves\build\bindings\bindings\Geode\source\SetupCoinLayer.cpp. [C:\PlatformerSaves\PlatformerSaves\build\bindings\GeodeBindings.vcxproj]
C:\Program Files (x86)\Microsoft Visual Studio\2022\BuildTools\MSBuild\Microsoft\VC\v170\Microsoft.CppBuild.targets(1129,5): warning MSB8027: Mehrere Dateien mit dem Namen SetupCollisionStateTriggerPopup.cpp führen zu Ausgaben am selben Speicherort. Dadurch kann ein falsches Buildergebnis entstehen. Die betroffenen Dateien sind C:\PlatformerSaves\PlatformerSaves\build\_deps\bindings-src\bindings\2.2081\inline\SetupCollisionStateTriggerPopup.cpp, C:\PlatformerSaves\PlatformerSaves\build\bindings\bindings\Geode\source\SetupCollisionStateTriggerPopup.cpp. [C:\PlatformerSaves\PlatformerSaves\build\bindings\GeodeBindings.vcxproj]
C:\Program Files (x86)\Microsoft Visual Studio\2022\BuildTools\MSBuild\Microsoft\VC\v170\Microsoft.CppBuild.targets(1129,5): warning MSB8027: Mehrere Dateien mit dem Namen SetupCollisionTriggerPopup.cpp führen zu Ausgaben am selben Speicherort. Dadurch kann ein falsches Buildergebnis entstehen. Die betroffenen Dateien sind C:\PlatformerSaves\PlatformerSaves\build\_deps\bindings-src\bindings\2.2081\inline\SetupCollisionTriggerPopup.cpp, C:\PlatformerSaves\PlatformerSaves\build\bindings\bindings\Geode\source\SetupCollisionTriggerPopup.cpp. [C:\PlatformerSaves\PlatformerSaves\build\bindings\GeodeBindings.vcxproj]
C:\Program Files (x86)\Microsoft Visual Studio\2022\BuildTools\MSBuild\Microsoft\VC\v170\Microsoft.CppBuild.targets(1129,5): warning MSB8027: Mehrere Dateien mit dem Namen SetupCountTriggerPopup.cpp führen zu Ausgaben am selben Speicherort. Dadurch kann ein falsches Buildergebnis entstehen. Die betroffenen Dateien sind C:\PlatformerSaves\PlatformerSaves\build\_deps\bindings-src\bindings\2.2081\inline\SetupCountTriggerPopup.cpp, C:\PlatformerSaves\PlatformerSaves\build\bindings\bindings\Geode\source\SetupCountTriggerPopup.cpp. [C:\PlatformerSaves\PlatformerSaves\build\bindings\GeodeBindings.vcxproj]
C:\Program Files (x86)\Microsoft Visual Studio\2022\BuildTools\MSBuild\Microsoft\VC\v170\Microsoft.CppBuild.targets(1129,5): warning MSB8027: Mehrere Dateien mit dem Namen SetupDashRingPopup.cpp führen zu Ausgaben am selben Speicherort. Dadurch kann ein falsches Buildergebnis entstehen. Die betroffenen Dateien sind C:\PlatformerSaves\PlatformerSaves\build\_deps\bindings-src\bindings\2.2081\inline\SetupDashRingPopup.cpp, C:\PlatformerSaves\PlatformerSaves\build\bindings\bindings\Geode\source\SetupDashRingPopup.cpp. [C:\PlatformerSaves\PlatformerSaves\build\bindings\GeodeBindings.vcxproj]
C:\Program Files (x86)\Microsoft Visual Studio\2022\BuildTools\MSBuild\Microsoft\VC\v170\Microsoft.CppBuild.targets(1129,5): warning MSB8027: Mehrere Dateien mit dem Namen SetupEndPopup.cpp führen zu Ausgaben am selben Speicherort. Dadurch kann ein falsches Buildergebnis entstehen. Die betroffenen Dateien sind C:\PlatformerSaves\PlatformerSaves\build\_deps\bindings-src\bindings\2.2081\inline\SetupEndPopup.cpp, C:\PlatformerSaves\PlatformerSaves\build\bindings\bindings\Geode\source\SetupEndPopup.cpp. [C:\PlatformerSaves\PlatformerSaves\build\bindings\GeodeBindings.vcxproj]
C:\Program Files (x86)\Microsoft Visual Studio\2022\BuildTools\MSBuild\Microsoft\VC\v170\Microsoft.CppBuild.targets(1129,5): warning MSB8027: Mehrere Dateien mit dem Namen SetupEnterEffectPopup.cpp führen zu Ausgaben am selben Speicherort. Dadurch kann ein falsches Buildergebnis entstehen. Die betroffenen Dateien sind C:\PlatformerSaves\PlatformerSaves\build\_deps\bindings-src\bindings\2.2081\inline\SetupEnterEffectPopup.cpp, C:\PlatformerSaves\PlatformerSaves\build\bindings\bindings\Geode\source\SetupEnterEffectPopup.cpp. [C:\PlatformerSaves\PlatformerSaves\build\bindings\GeodeBindings.vcxproj]
C:\Program Files (x86)\Microsoft Visual Studio\2022\BuildTools\MSBuild\Microsoft\VC\v170\Microsoft.CppBuild.targets(1129,5): warning MSB8027: Mehrere Dateien mit dem Namen SetupEnterTriggerPopup.cpp führen zu Ausgaben am selben Speicherort. Dadurch kann ein falsches Buildergebnis entstehen. Die betroffenen Dateien sind C:\PlatformerSaves\PlatformerSaves\build\_deps\bindings-src\bindings\2.2081\inline\SetupEnterTriggerPopup.cpp, C:\PlatformerSaves\PlatformerSaves\build\bindings\bindings\Geode\source\SetupEnterTriggerPopup.cpp. [C:\PlatformerSaves\PlatformerSaves\build\bindings\GeodeBindings.vcxproj]
C:\Program Files (x86)\Microsoft Visual Studio\2022\BuildTools\MSBuild\Microsoft\VC\v170\Microsoft.CppBuild.targets(1129,5): warning MSB8027: Mehrere Dateien mit dem Namen SetupEventLinkPopup.cpp führen zu Ausgaben am selben Speicherort. Dadurch kann ein falsches Buildergebnis entstehen. Die betroffenen Dateien sind C:\PlatformerSaves\PlatformerSaves\build\_deps\bindings-src\bindings\2.2081\inline\SetupEventLinkPopup.cpp, C:\PlatformerSaves\PlatformerSaves\build\bindings\bindings\Geode\source\SetupEventLinkPopup.cpp. [C:\PlatformerSaves\PlatformerSaves\build\bindings\GeodeBindings.vcxproj]
C:\Program Files (x86)\Microsoft Visual Studio\2022\BuildTools\MSBuild\Microsoft\VC\v170\Microsoft.CppBuild.targets(1129,5): warning MSB8027: Mehrere Dateien mit dem Namen SetupForceBlockPopup.cpp führen zu Ausgaben am selben Speicherort. Dadurch kann ein falsches Buildergebnis entstehen. Die betroffenen Dateien sind C:\PlatformerSaves\PlatformerSaves\build\_deps\bindings-src\bindings\2.2081\inline\SetupForceBlockPopup.cpp, C:\PlatformerSaves\PlatformerSaves\build\bindings\bindings\Geode\source\SetupForceBlockPopup.cpp. [C:\PlatformerSaves\PlatformerSaves\build\bindings\GeodeBindings.vcxproj]
C:\Program Files (x86)\Microsoft Visual Studio\2022\BuildTools\MSBuild\Microsoft\VC\v170\Microsoft.CppBuild.targets(1129,5): warning MSB8027: Mehrere Dateien mit dem Namen SetupGameplayOffsetPopup.cpp führen zu Ausgaben am selben Speicherort. Dadurch kann ein falsches Buildergebnis entstehen. Die betroffenen Dateien sind C:\PlatformerSaves\PlatformerSaves\build\_deps\bindings-src\bindings\2.2081\inline\SetupGameplayOffsetPopup.cpp, C:\PlatformerSaves\PlatformerSaves\build\bindings\bindings\Geode\source\SetupGameplayOffsetPopup.cpp. [C:\PlatformerSaves\PlatformerSaves\build\bindings\GeodeBindings.vcxproj]
C:\Program Files (x86)\Microsoft Visual Studio\2022\BuildTools\MSBuild\Microsoft\VC\v170\Microsoft.CppBuild.targets(1129,5): warning MSB8027: Mehrere Dateien mit dem Namen SetupGradientPopup.cpp führen zu Ausgaben am selben Speicherort. Dadurch kann ein falsches Buildergebnis entstehen. Die betroffenen Dateien sind C:\PlatformerSaves\PlatformerSaves\build\_deps\bindings-src\bindings\2.2081\inline\SetupGradientPopup.cpp, C:\PlatformerSaves\PlatformerSaves\build\bindings\bindings\Geode\source\SetupGradientPopup.cpp. [C:\PlatformerSaves\PlatformerSaves\build\bindings\GeodeBindings.vcxproj]
C:\Program Files (x86)\Microsoft Visual Studio\2022\BuildTools\MSBuild\Microsoft\VC\v170\Microsoft.CppBuild.targets(1129,5): warning MSB8027: Mehrere Dateien mit dem Namen SetupGravityModPopup.cpp führen zu Ausgaben am selben Speicherort. Dadurch kann ein falsches Buildergebnis entstehen. Die betroffenen Dateien sind C:\PlatformerSaves\PlatformerSaves\build\_deps\bindings-src\bindings\2.2081\inline\SetupGravityModPopup.cpp, C:\PlatformerSaves\PlatformerSaves\build\bindings\bindings\Geode\source\SetupGravityModPopup.cpp. [C:\PlatformerSaves\PlatformerSaves\build\bindings\GeodeBindings.vcxproj]
C:\Program Files (x86)\Microsoft Visual Studio\2022\BuildTools\MSBuild\Microsoft\VC\v170\Microsoft.CppBuild.targets(1129,5): warning MSB8027: Mehrere Dateien mit dem Namen SetupGravityTriggerPopup.cpp führen zu Ausgaben am selben Speicherort. Dadurch kann ein falsches Buildergebnis entstehen. Die betroffenen Dateien sind C:\PlatformerSaves\PlatformerSaves\build\_deps\bindings-src\bindings\2.2081\inline\SetupGravityTriggerPopup.cpp, C:\PlatformerSaves\PlatformerSaves\build\bindings\bindings\Geode\source\SetupGravityTriggerPopup.cpp. [C:\PlatformerSaves\PlatformerSaves\build\bindings\GeodeBindings.vcxproj]
C:\Program Files (x86)\Microsoft Visual Studio\2022\BuildTools\MSBuild\Microsoft\VC\v170\Microsoft.CppBuild.targets(1129,5): warning MSB8027: Mehrere Dateien mit dem Namen SetupInstantCollisionTriggerPopup.cpp führen zu Ausgaben am selben Speicherort. Dadurch kann ein falsches Buildergebnis entstehen. Die betroffenen Dateien sind C:\PlatformerSaves\PlatformerSaves\build\_deps\bindings-src\bindings\2.2081\inline\SetupInstantCollisionTriggerPopup.cpp, C:\PlatformerSaves\PlatformerSaves\build\bindings\bindings\Geode\source\SetupInstantCollisionTriggerPopup.cpp. [C:\PlatformerSaves\PlatformerSaves\build\bindings\GeodeBindings.vcxproj]
C:\Program Files (x86)\Microsoft Visual Studio\2022\BuildTools\MSBuild\Microsoft\VC\v170\Microsoft.CppBuild.targets(1129,5): warning MSB8027: Mehrere Dateien mit dem Namen SetupInstantCountPopup.cpp führen zu Ausgaben am selben Speicherort. Dadurch kann ein falsches Buildergebnis entstehen. Die betroffenen Dateien sind C:\PlatformerSaves\PlatformerSaves\build\_deps\bindings-src\bindings\2.2081\inline\SetupInstantCountPopup.cpp, C:\PlatformerSaves\PlatformerSaves\build\bindings\bindings\Geode\source\SetupInstantCountPopup.cpp. [C:\PlatformerSaves\PlatformerSaves\build\bindings\GeodeBindings.vcxproj]
C:\Program Files (x86)\Microsoft Visual Studio\2022\BuildTools\MSBuild\Microsoft\VC\v170\Microsoft.CppBuild.targets(1129,5): warning MSB8027: Mehrere Dateien mit dem Namen SetupInteractObjectPopup.cpp führen zu Ausgaben am selben Speicherort. Dadurch kann ein falsches Buildergebnis entstehen. Die betroffenen Dateien sind C:\PlatformerSaves\PlatformerSaves\build\_deps\bindings-src\bindings\2.2081\inline\SetupInteractObjectPopup.cpp, C:\PlatformerSaves\PlatformerSaves\build\bindings\bindings\Geode\source\SetupInteractObjectPopup.cpp. [C:\PlatformerSaves\PlatformerSaves\build\bindings\GeodeBindings.vcxproj]
C:\Program Files (x86)\Microsoft Visual Studio\2022\BuildTools\MSBuild\Microsoft\VC\v170\Microsoft.CppBuild.targets(1129,5): warning MSB8027: Mehrere Dateien mit dem Namen SetupItemCompareTriggerPopup.cpp führen zu Ausgaben am selben Speicherort. Dadurch kann ein falsches Buildergebnis entstehen. Die betroffenen Dateien sind C:\PlatformerSaves\PlatformerSaves\build\_deps\bindings-src\bindings\2.2081\inline\SetupItemCompareTriggerPopup.cpp, C:\PlatformerSaves\PlatformerSaves\build\bindings\bindings\Geode\source\SetupItemCompareTriggerPopup.cpp. [C:\PlatformerSaves\PlatformerSaves\build\bindings\GeodeBindings.vcxproj]
C:\Program Files (x86)\Microsoft Visual Studio\2022\BuildTools\MSBuild\Microsoft\VC\v170\Microsoft.CppBuild.targets(1129,5): warning MSB8027: Mehrere Dateien mit dem Namen SetupItemEditTriggerPopup.cpp führen zu Ausgaben am selben Speicherort. Dadurch kann ein falsches Buildergebnis entstehen. Die betroffenen Dateien sind C:\PlatformerSaves\PlatformerSaves\build\_deps\bindings-src\bindings\2.2081\inline\SetupItemEditTriggerPopup.cpp, C:\PlatformerSaves\PlatformerSaves\build\bindings\bindings\Geode\source\SetupItemEditTriggerPopup.cpp. [C:\PlatformerSaves\PlatformerSaves\build\bindings\GeodeBindings.vcxproj]
C:\Program Files (x86)\Microsoft Visual Studio\2022\BuildTools\MSBuild\Microsoft\VC\v170\Microsoft.CppBuild.targets(1129,5): warning MSB8027: Mehrere Dateien mit dem Namen SetupKeyframeAnimPopup.cpp führen zu Ausgaben am selben Speicherort. Dadurch kann ein falsches Buildergebnis entstehen. Die betroffenen Dateien sind C:\PlatformerSaves\PlatformerSaves\build\_deps\bindings-src\bindings\2.2081\inline\SetupKeyframeAnimPopup.cpp, C:\PlatformerSaves\PlatformerSaves\build\bindings\bindings\Geode\source\SetupKeyframeAnimPopup.cpp. [C:\PlatformerSaves\PlatformerSaves\build\bindings\GeodeBindings.vcxproj]
C:\Program Files (x86)\Microsoft Visual Studio\2022\BuildTools\MSBuild\Microsoft\VC\v170\Microsoft.CppBuild.targets(1129,5): warning MSB8027: Mehrere Dateien mit dem Namen SetupKeyframePopup.cpp führen zu Ausgaben am selben Speicherort. Dadurch kann ein falsches Buildergebnis entstehen. Die betroffenen Dateien sind C:\PlatformerSaves\PlatformerSaves\build\_deps\bindings-src\bindings\2.2081\inline\SetupKeyframePopup.cpp, C:\PlatformerSaves\PlatformerSaves\build\bindings\bindings\Geode\source\SetupKeyframePopup.cpp. [C:\PlatformerSaves\PlatformerSaves\build\bindings\GeodeBindings.vcxproj]
C:\Program Files (x86)\Microsoft Visual Studio\2022\BuildTools\MSBuild\Microsoft\VC\v170\Microsoft.CppBuild.targets(1129,5): warning MSB8027: Mehrere Dateien mit dem Namen SetupMGTrigger.cpp führen zu Ausgaben am selben Speicherort. Dadurch kann ein falsches Buildergebnis entstehen. Die betroffenen Dateien sind C:\PlatformerSaves\PlatformerSaves\build\_deps\bindings-src\bindings\2.2081\inline\SetupMGTrigger.cpp, C:\PlatformerSaves\PlatformerSaves\build\bindings\bindings\Geode\source\SetupMGTrigger.cpp. [C:\PlatformerSaves\PlatformerSaves\build\bindings\GeodeBindings.vcxproj]
C:\Program Files (x86)\Microsoft Visual Studio\2022\BuildTools\MSBuild\Microsoft\VC\v170\Microsoft.CppBuild.targets(1129,5): warning MSB8027: Mehrere Dateien mit dem Namen SetupMoveCommandPopup.cpp führen zu Ausgaben am selben Speicherort. Dadurch kann ein falsches Buildergebnis entstehen. Die betroffenen Dateien sind C:\PlatformerSaves\PlatformerSaves\build\_deps\bindings-src\bindings\2.2081\inline\SetupMoveCommandPopup.cpp, C:\PlatformerSaves\PlatformerSaves\build\bindings\bindings\Geode\source\SetupMoveCommandPopup.cpp. [C:\PlatformerSaves\PlatformerSaves\build\bindings\GeodeBindings.vcxproj]
C:\Program Files (x86)\Microsoft Visual Studio\2022\BuildTools\MSBuild\Microsoft\VC\v170\Microsoft.CppBuild.targets(1129,5): warning MSB8027: Mehrere Dateien mit dem Namen SetupObjectControlPopup.cpp führen zu Ausgaben am selben Speicherort. Dadurch kann ein falsches Buildergebnis entstehen. Die betroffenen Dateien sind C:\PlatformerSaves\PlatformerSaves\build\_deps\bindings-src\bindings\2.2081\inline\SetupObjectControlPopup.cpp, C:\PlatformerSaves\PlatformerSaves\build\bindings\bindings\Geode\source\SetupObjectControlPopup.cpp. [C:\PlatformerSaves\PlatformerSaves\build\bindings\GeodeBindings.vcxproj]
C:\Program Files (x86)\Microsoft Visual Studio\2022\BuildTools\MSBuild\Microsoft\VC\v170\Microsoft.CppBuild.targets(1129,5): warning MSB8027: Mehrere Dateien mit dem Namen SetupObjectOptions2Popup.cpp führen zu Ausgaben am selben Speicherort. Dadurch kann ein falsches Buildergebnis entstehen. Die betroffenen Dateien sind C:\PlatformerSaves\PlatformerSaves\build\_deps\bindings-src\bindings\2.2081\inline\SetupObjectOptions2Popup.cpp, C:\PlatformerSaves\PlatformerSaves\build\bindings\bindings\Geode\source\SetupObjectOptions2Popup.cpp. [C:\PlatformerSaves\PlatformerSaves\build\bindings\GeodeBindings.vcxproj]
C:\Program Files (x86)\Microsoft Visual Studio\2022\BuildTools\MSBuild\Microsoft\VC\v170\Microsoft.CppBuild.targets(1129,5): warning MSB8027: Mehrere Dateien mit dem Namen SetupObjectOptionsPopup.cpp führen zu Ausgaben am selben Speicherort. Dadurch kann ein falsches Buildergebnis entstehen. Die betroffenen Dateien sind C:\PlatformerSaves\PlatformerSaves\build\_deps\bindings-src\bindings\2.2081\inline\SetupObjectOptionsPopup.cpp, C:\PlatformerSaves\PlatformerSaves\build\bindings\bindings\Geode\source\SetupObjectOptionsPopup.cpp. [C:\PlatformerSaves\PlatformerSaves\build\bindings\GeodeBindings.vcxproj]
C:\Program Files (x86)\Microsoft Visual Studio\2022\BuildTools\MSBuild\Microsoft\VC\v170\Microsoft.CppBuild.targets(1129,5): warning MSB8027: Mehrere Dateien mit dem Namen SetupObjectTogglePopup.cpp führen zu Ausgaben am selben Speicherort. Dadurch kann ein falsches Buildergebnis entstehen. Die betroffenen Dateien sind C:\PlatformerSaves\PlatformerSaves\build\_deps\bindings-src\bindings\2.2081\inline\SetupObjectTogglePopup.cpp, C:\PlatformerSaves\PlatformerSaves\build\bindings\bindings\Geode\source\SetupObjectTogglePopup.cpp. [C:\PlatformerSaves\PlatformerSaves\build\bindings\GeodeBindings.vcxproj]
C:\Program Files (x86)\Microsoft Visual Studio\2022\BuildTools\MSBuild\Microsoft\VC\v170\Microsoft.CppBuild.targets(1129,5): warning MSB8027: Mehrere Dateien mit dem Namen SetupOpacityPopup.cpp führen zu Ausgaben am selben Speicherort. Dadurch kann ein falsches Buildergebnis entstehen. Die betroffenen Dateien sind C:\PlatformerSaves\PlatformerSaves\build\_deps\bindings-src\bindings\2.2081\inline\SetupOpacityPopup.cpp, C:\PlatformerSaves\PlatformerSaves\build\bindings\bindings\Geode\source\SetupOpacityPopup.cpp. [C:\PlatformerSaves\PlatformerSaves\build\bindings\GeodeBindings.vcxproj]
C:\Program Files (x86)\Microsoft Visual Studio\2022\BuildTools\MSBuild\Microsoft\VC\v170\Microsoft.CppBuild.targets(1129,5): warning MSB8027: Mehrere Dateien mit dem Namen SetupOptionsTriggerPopup.cpp führen zu Ausgaben am selben Speicherort. Dadurch kann ein falsches Buildergebnis entstehen. Die betroffenen Dateien sind C:\PlatformerSaves\PlatformerSaves\build\_deps\bindings-src\bindings\2.2081\inline\SetupOptionsTriggerPopup.cpp, C:\PlatformerSaves\PlatformerSaves\build\bindings\bindings\Geode\source\SetupOptionsTriggerPopup.cpp. [C:\PlatformerSaves\PlatformerSaves\build\bindings\GeodeBindings.vcxproj]
C:\Program Files (x86)\Microsoft Visual Studio\2022\BuildTools\MSBuild\Microsoft\VC\v170\Microsoft.CppBuild.targets(1129,5): warning MSB8027: Mehrere Dateien mit dem Namen SetupPersistentItemTriggerPopup.cpp führen zu Ausgaben am selben Speicherort. Dadurch kann ein falsches Buildergebnis entstehen. Die betroffenen Dateien sind C:\PlatformerSaves\PlatformerSaves\build\_deps\bindings-src\bindings\2.2081\inline\SetupPersistentItemTriggerPopup.cpp, C:\PlatformerSaves\PlatformerSaves\build\bindings\bindings\Geode\source\SetupPersistentItemTriggerPopup.cpp. [C:\PlatformerSaves\PlatformerSaves\build\bindings\GeodeBindings.vcxproj]
C:\Program Files (x86)\Microsoft Visual Studio\2022\BuildTools\MSBuild\Microsoft\VC\v170\Microsoft.CppBuild.targets(1129,5): warning MSB8027: Mehrere Dateien mit dem Namen SetupPickupTriggerPopup.cpp führen zu Ausgaben am selben Speicherort. Dadurch kann ein falsches Buildergebnis entstehen. Die betroffenen Dateien sind C:\PlatformerSaves\PlatformerSaves\build\_deps\bindings-src\bindings\2.2081\inline\SetupPickupTriggerPopup.cpp, C:\PlatformerSaves\PlatformerSaves\build\bindings\bindings\Geode\source\SetupPickupTriggerPopup.cpp. [C:\PlatformerSaves\PlatformerSaves\build\bindings\GeodeBindings.vcxproj]
C:\Program Files (x86)\Microsoft Visual Studio\2022\BuildTools\MSBuild\Microsoft\VC\v170\Microsoft.CppBuild.targets(1129,5): warning MSB8027: Mehrere Dateien mit dem Namen SetupPlatformerEndPopup.cpp führen zu Ausgaben am selben Speicherort. Dadurch kann ein falsches Buildergebnis entstehen. Die betroffenen Dateien sind C:\PlatformerSaves\PlatformerSaves\build\_deps\bindings-src\bindings\2.2081\inline\SetupPlatformerEndPopup.cpp, C:\PlatformerSaves\PlatformerSaves\build\bindings\bindings\Geode\source\SetupPlatformerEndPopup.cpp. [C:\PlatformerSaves\PlatformerSaves\build\bindings\GeodeBindings.vcxproj]
C:\Program Files (x86)\Microsoft Visual Studio\2022\BuildTools\MSBuild\Microsoft\VC\v170\Microsoft.CppBuild.targets(1129,5): warning MSB8027: Mehrere Dateien mit dem Namen SetupPlayerControlPopup.cpp führen zu Ausgaben am selben Speicherort. Dadurch kann ein falsches Buildergebnis entstehen. Die betroffenen Dateien sind C:\PlatformerSaves\PlatformerSaves\build\_deps\bindings-src\bindings\2.2081\inline\SetupPlayerControlPopup.cpp, C:\PlatformerSaves\PlatformerSaves\build\bindings\bindings\Geode\source\SetupPlayerControlPopup.cpp. [C:\PlatformerSaves\PlatformerSaves\build\bindings\GeodeBindings.vcxproj]
C:\Program Files (x86)\Microsoft Visual Studio\2022\BuildTools\MSBuild\Microsoft\VC\v170\Microsoft.CppBuild.targets(1129,5): warning MSB8027: Mehrere Dateien mit dem Namen SetupPortalPopup.cpp führen zu Ausgaben am selben Speicherort. Dadurch kann ein falsches Buildergebnis entstehen. Die betroffenen Dateien sind C:\PlatformerSaves\PlatformerSaves\build\_deps\bindings-src\bindings\2.2081\inline\SetupPortalPopup.cpp, C:\PlatformerSaves\PlatformerSaves\build\bindings\bindings\Geode\source\SetupPortalPopup.cpp. [C:\PlatformerSaves\PlatformerSaves\build\bindings\GeodeBindings.vcxproj]
C:\Program Files (x86)\Microsoft Visual Studio\2022\BuildTools\MSBuild\Microsoft\VC\v170\Microsoft.CppBuild.targets(1129,5): warning MSB8027: Mehrere Dateien mit dem Namen SetupPulsePopup.cpp führen zu Ausgaben am selben Speicherort. Dadurch kann ein falsches Buildergebnis entstehen. Die betroffenen Dateien sind C:\PlatformerSaves\PlatformerSaves\build\_deps\bindings-src\bindings\2.2081\inline\SetupPulsePopup.cpp, C:\PlatformerSaves\PlatformerSaves\build\bindings\bindings\Geode\source\SetupPulsePopup.cpp. [C:\PlatformerSaves\PlatformerSaves\build\bindings\GeodeBindings.vcxproj]
C:\Program Files (x86)\Microsoft Visual Studio\2022\BuildTools\MSBuild\Microsoft\VC\v170\Microsoft.CppBuild.targets(1129,5): warning MSB8027: Mehrere Dateien mit dem Namen SetupRandAdvTriggerPopup.cpp führen zu Ausgaben am selben Speicherort. Dadurch kann ein falsches Buildergebnis entstehen. Die betroffenen Dateien sind C:\PlatformerSaves\PlatformerSaves\build\_deps\bindings-src\bindings\2.2081\inline\SetupRandAdvTriggerPopup.cpp, C:\PlatformerSaves\PlatformerSaves\build\bindings\bindings\Geode\source\SetupRandAdvTriggerPopup.cpp. [C:\PlatformerSaves\PlatformerSaves\build\bindings\GeodeBindings.vcxproj]
C:\Program Files (x86)\Microsoft Visual Studio\2022\BuildTools\MSBuild\Microsoft\VC\v170\Microsoft.CppBuild.targets(1129,5): warning MSB8027: Mehrere Dateien mit dem Namen SetupRandTriggerPopup.cpp führen zu Ausgaben am selben Speicherort. Dadurch kann ein falsches Buildergebnis entstehen. Die betroffenen Dateien sind C:\PlatformerSaves\PlatformerSaves\build\_deps\bindings-src\bindings\2.2081\inline\SetupRandTriggerPopup.cpp, C:\PlatformerSaves\PlatformerSaves\build\bindings\bindings\Geode\source\SetupRandTriggerPopup.cpp. [C:\PlatformerSaves\PlatformerSaves\build\bindings\GeodeBindings.vcxproj]
C:\Program Files (x86)\Microsoft Visual Studio\2022\BuildTools\MSBuild\Microsoft\VC\v170\Microsoft.CppBuild.targets(1129,5): warning MSB8027: Mehrere Dateien mit dem Namen SetupResetTriggerPopup.cpp führen zu Ausgaben am selben Speicherort. Dadurch kann ein falsches Buildergebnis entstehen. Die betroffenen Dateien sind C:\PlatformerSaves\PlatformerSaves\build\_deps\bindings-src\bindings\2.2081\inline\SetupResetTriggerPopup.cpp, C:\PlatformerSaves\PlatformerSaves\build\bindings\bindings\Geode\source\SetupResetTriggerPopup.cpp. [C:\PlatformerSaves\PlatformerSaves\build\bindings\GeodeBindings.vcxproj]
C:\Program Files (x86)\Microsoft Visual Studio\2022\BuildTools\MSBuild\Microsoft\VC\v170\Microsoft.CppBuild.targets(1129,5): warning MSB8027: Mehrere Dateien mit dem Namen SetupReverbPopup.cpp führen zu Ausgaben am selben Speicherort. Dadurch kann ein falsches Buildergebnis entstehen. Die betroffenen Dateien sind C:\PlatformerSaves\PlatformerSaves\build\_deps\bindings-src\bindings\2.2081\inline\SetupReverbPopup.cpp, C:\PlatformerSaves\PlatformerSaves\build\bindings\bindings\Geode\source\SetupReverbPopup.cpp. [C:\PlatformerSaves\PlatformerSaves\build\bindings\GeodeBindings.vcxproj]
C:\Program Files (x86)\Microsoft Visual Studio\2022\BuildTools\MSBuild\Microsoft\VC\v170\Microsoft.CppBuild.targets(1129,5): warning MSB8027: Mehrere Dateien mit dem Namen SetupRotateCommandPopup.cpp führen zu Ausgaben am selben Speicherort. Dadurch kann ein falsches Buildergebnis entstehen. Die betroffenen Dateien sind C:\PlatformerSaves\PlatformerSaves\build\_deps\bindings-src\bindings\2.2081\inline\SetupRotateCommandPopup.cpp, C:\PlatformerSaves\PlatformerSaves\build\bindings\bindings\Geode\source\SetupRotateCommandPopup.cpp. [C:\PlatformerSaves\PlatformerSaves\build\bindings\GeodeBindings.vcxproj]
C:\Program Files (x86)\Microsoft Visual Studio\2022\BuildTools\MSBuild\Microsoft\VC\v170\Microsoft.CppBuild.targets(1129,5): warning MSB8027: Mehrere Dateien mit dem Namen SetupRotateGameplayPopup.cpp führen zu Ausgaben am selben Speicherort. Dadurch kann ein falsches Buildergebnis entstehen. Die betroffenen Dateien sind C:\PlatformerSaves\PlatformerSaves\build\_deps\bindings-src\bindings\2.2081\inline\SetupRotateGameplayPopup.cpp, C:\PlatformerSaves\PlatformerSaves\build\bindings\bindings\Geode\source\SetupRotateGameplayPopup.cpp. [C:\PlatformerSaves\PlatformerSaves\build\bindings\GeodeBindings.vcxproj]
C:\Program Files (x86)\Microsoft Visual Studio\2022\BuildTools\MSBuild\Microsoft\VC\v170\Microsoft.CppBuild.targets(1129,5): warning MSB8027: Mehrere Dateien mit dem Namen SetupRotatePopup.cpp führen zu Ausgaben am selben Speicherort. Dadurch kann ein falsches Buildergebnis entstehen. Die betroffenen Dateien sind C:\PlatformerSaves\PlatformerSaves\build\_deps\bindings-src\bindings\2.2081\inline\SetupRotatePopup.cpp, C:\PlatformerSaves\PlatformerSaves\build\bindings\bindings\Geode\source\SetupRotatePopup.cpp. [C:\PlatformerSaves\PlatformerSaves\build\bindings\GeodeBindings.vcxproj]
C:\Program Files (x86)\Microsoft Visual Studio\2022\BuildTools\MSBuild\Microsoft\VC\v170\Microsoft.CppBuild.targets(1129,5): warning MSB8027: Mehrere Dateien mit dem Namen SetupSFXEditPopup.cpp führen zu Ausgaben am selben Speicherort. Dadurch kann ein falsches Buildergebnis entstehen. Die betroffenen Dateien sind C:\PlatformerSaves\PlatformerSaves\build\_deps\bindings-src\bindings\2.2081\inline\SetupSFXEditPopup.cpp, C:\PlatformerSaves\PlatformerSaves\build\bindings\bindings\Geode\source\SetupSFXEditPopup.cpp. [C:\PlatformerSaves\PlatformerSaves\build\bindings\GeodeBindings.vcxproj]
C:\Program Files (x86)\Microsoft Visual Studio\2022\BuildTools\MSBuild\Microsoft\VC\v170\Microsoft.CppBuild.targets(1129,5): warning MSB8027: Mehrere Dateien mit dem Namen SetupSFXPopup.cpp führen zu Ausgaben am selben Speicherort. Dadurch kann ein falsches Buildergebnis entstehen. Die betroffenen Dateien sind C:\PlatformerSaves\PlatformerSaves\build\_deps\bindings-src\bindings\2.2081\inline\SetupSFXPopup.cpp, C:\PlatformerSaves\PlatformerSaves\build\bindings\bindings\Geode\source\SetupSFXPopup.cpp. [C:\PlatformerSaves\PlatformerSaves\build\bindings\GeodeBindings.vcxproj]
C:\Program Files (x86)\Microsoft Visual Studio\2022\BuildTools\MSBuild\Microsoft\VC\v170\Microsoft.CppBuild.targets(1129,5): warning MSB8027: Mehrere Dateien mit dem Namen SetupSequenceTriggerPopup.cpp führen zu Ausgaben am selben Speicherort. Dadurch kann ein falsches Buildergebnis entstehen. Die betroffenen Dateien sind C:\PlatformerSaves\PlatformerSaves\build\_deps\bindings-src\bindings\2.2081\inline\SetupSequenceTriggerPopup.cpp, C:\PlatformerSaves\PlatformerSaves\build\bindings\bindings\Geode\source\SetupSequenceTriggerPopup.cpp. [C:\PlatformerSaves\PlatformerSaves\build\bindings\GeodeBindings.vcxproj]
C:\Program Files (x86)\Microsoft Visual Studio\2022\BuildTools\MSBuild\Microsoft\VC\v170\Microsoft.CppBuild.targets(1129,5): warning MSB8027: Mehrere Dateien mit dem Namen SetupShaderEffectPopup.cpp führen zu Ausgaben am selben Speicherort. Dadurch kann ein falsches Buildergebnis entstehen. Die betroffenen Dateien sind C:\PlatformerSaves\PlatformerSaves\build\_deps\bindings-src\bindings\2.2081\inline\SetupShaderEffectPopup.cpp, C:\PlatformerSaves\PlatformerSaves\build\bindings\bindings\Geode\source\SetupShaderEffectPopup.cpp. [C:\PlatformerSaves\PlatformerSaves\build\bindings\GeodeBindings.vcxproj]
C:\Program Files (x86)\Microsoft Visual Studio\2022\BuildTools\MSBuild\Microsoft\VC\v170\Microsoft.CppBuild.targets(1129,5): warning MSB8027: Mehrere Dateien mit dem Namen SetupShakePopup.cpp führen zu Ausgaben am selben Speicherort. Dadurch kann ein falsches Buildergebnis entstehen. Die betroffenen Dateien sind C:\PlatformerSaves\PlatformerSaves\build\_deps\bindings-src\bindings\2.2081\inline\SetupShakePopup.cpp, C:\PlatformerSaves\PlatformerSaves\build\bindings\bindings\Geode\source\SetupShakePopup.cpp. [C:\PlatformerSaves\PlatformerSaves\build\bindings\GeodeBindings.vcxproj]
C:\Program Files (x86)\Microsoft Visual Studio\2022\BuildTools\MSBuild\Microsoft\VC\v170\Microsoft.CppBuild.targets(1129,5): warning MSB8027: Mehrere Dateien mit dem Namen SetupSmartBlockLayer.cpp führen zu Ausgaben am selben Speicherort. Dadurch kann ein falsches Buildergebnis entstehen. Die betroffenen Dateien sind C:\PlatformerSaves\PlatformerSaves\build\_deps\bindings-src\bindings\2.2081\inline\SetupSmartBlockLayer.cpp, C:\PlatformerSaves\PlatformerSaves\build\bindings\bindings\Geode\source\SetupSmartBlockLayer.cpp. [C:\PlatformerSaves\PlatformerSaves\build\bindings\GeodeBindings.vcxproj]
C:\Program Files (x86)\Microsoft Visual Studio\2022\BuildTools\MSBuild\Microsoft\VC\v170\Microsoft.CppBuild.targets(1129,5): warning MSB8027: Mehrere Dateien mit dem Namen SetupSmartTemplateLayer.cpp führen zu Ausgaben am selben Speicherort. Dadurch kann ein falsches Buildergebnis entstehen. Die betroffenen Dateien sind C:\PlatformerSaves\PlatformerSaves\build\_deps\bindings-src\bindings\2.2081\inline\SetupSmartTemplateLayer.cpp, C:\PlatformerSaves\PlatformerSaves\build\bindings\bindings\Geode\source\SetupSmartTemplateLayer.cpp. [C:\PlatformerSaves\PlatformerSaves\build\bindings\GeodeBindings.vcxproj]
C:\Program Files (x86)\Microsoft Visual Studio\2022\BuildTools\MSBuild\Microsoft\VC\v170\Microsoft.CppBuild.targets(1129,5): warning MSB8027: Mehrere Dateien mit dem Namen SetupSongTriggerPopup.cpp führen zu Ausgaben am selben Speicherort. Dadurch kann ein falsches Buildergebnis entstehen. Die betroffenen Dateien sind C:\PlatformerSaves\PlatformerSaves\build\_deps\bindings-src\bindings\2.2081\inline\SetupSongTriggerPopup.cpp, C:\PlatformerSaves\PlatformerSaves\build\bindings\bindings\Geode\source\SetupSongTriggerPopup.cpp. [C:\PlatformerSaves\PlatformerSaves\build\bindings\GeodeBindings.vcxproj]
C:\Program Files (x86)\Microsoft Visual Studio\2022\BuildTools\MSBuild\Microsoft\VC\v170\Microsoft.CppBuild.targets(1129,5): warning MSB8027: Mehrere Dateien mit dem Namen SetupSpawnParticlePopup.cpp führen zu Ausgaben am selben Speicherort. Dadurch kann ein falsches Buildergebnis entstehen. Die betroffenen Dateien sind C:\PlatformerSaves\PlatformerSaves\build\_deps\bindings-src\bindings\2.2081\inline\SetupSpawnParticlePopup.cpp, C:\PlatformerSaves\PlatformerSaves\build\bindings\bindings\Geode\source\SetupSpawnParticlePopup.cpp. [C:\PlatformerSaves\PlatformerSaves\build\bindings\GeodeBindings.vcxproj]
C:\Program Files (x86)\Microsoft Visual Studio\2022\BuildTools\MSBuild\Microsoft\VC\v170\Microsoft.CppBuild.targets(1129,5): warning MSB8027: Mehrere Dateien mit dem Namen SetupSpawnPopup.cpp führen zu Ausgaben am selben Speicherort. Dadurch kann ein falsches Buildergebnis entstehen. Die betroffenen Dateien sind C:\PlatformerSaves\PlatformerSaves\build\_deps\bindings-src\bindings\2.2081\inline\SetupSpawnPopup.cpp, C:\PlatformerSaves\PlatformerSaves\build\bindings\bindings\Geode\source\SetupSpawnPopup.cpp. [C:\PlatformerSaves\PlatformerSaves\build\bindings\GeodeBindings.vcxproj]
C:\Program Files (x86)\Microsoft Visual Studio\2022\BuildTools\MSBuild\Microsoft\VC\v170\Microsoft.CppBuild.targets(1129,5): warning MSB8027: Mehrere Dateien mit dem Namen SetupStaticCameraPopup.cpp führen zu Ausgaben am selben Speicherort. Dadurch kann ein falsches Buildergebnis entstehen. Die betroffenen Dateien sind C:\PlatformerSaves\PlatformerSaves\build\_deps\bindings-src\bindings\2.2081\inline\SetupStaticCameraPopup.cpp, C:\PlatformerSaves\PlatformerSaves\build\bindings\bindings\Geode\source\SetupStaticCameraPopup.cpp. [C:\PlatformerSaves\PlatformerSaves\build\bindings\GeodeBindings.vcxproj]
C:\Program Files (x86)\Microsoft Visual Studio\2022\BuildTools\MSBuild\Microsoft\VC\v170\Microsoft.CppBuild.targets(1129,5): warning MSB8027: Mehrere Dateien mit dem Namen SetupStopTriggerPopup.cpp führen zu Ausgaben am selben Speicherort. Dadurch kann ein falsches Buildergebnis entstehen. Die betroffenen Dateien sind C:\PlatformerSaves\PlatformerSaves\build\_deps\bindings-src\bindings\2.2081\inline\SetupStopTriggerPopup.cpp, C:\PlatformerSaves\PlatformerSaves\build\bindings\bindings\Geode\source\SetupStopTriggerPopup.cpp. [C:\PlatformerSaves\PlatformerSaves\build\bindings\GeodeBindings.vcxproj]
C:\Program Files (x86)\Microsoft Visual Studio\2022\BuildTools\MSBuild\Microsoft\VC\v170\Microsoft.CppBuild.targets(1129,5): warning MSB8027: Mehrere Dateien mit dem Namen SetupTeleportPopup.cpp führen zu Ausgaben am selben Speicherort. Dadurch kann ein falsches Buildergebnis entstehen. Die betroffenen Dateien sind C:\PlatformerSaves\PlatformerSaves\build\_deps\bindings-src\bindings\2.2081\inline\SetupTeleportPopup.cpp, C:\PlatformerSaves\PlatformerSaves\build\bindings\bindings\Geode\source\SetupTeleportPopup.cpp. [C:\PlatformerSaves\PlatformerSaves\build\bindings\GeodeBindings.vcxproj]
C:\Program Files (x86)\Microsoft Visual Studio\2022\BuildTools\MSBuild\Microsoft\VC\v170\Microsoft.CppBuild.targets(1129,5): warning MSB8027: Mehrere Dateien mit dem Namen SetupTimeWarpPopup.cpp führen zu Ausgaben am selben Speicherort. Dadurch kann ein falsches Buildergebnis entstehen. Die betroffenen Dateien sind C:\PlatformerSaves\PlatformerSaves\build\_deps\bindings-src\bindings\2.2081\inline\SetupTimeWarpPopup.cpp, C:\PlatformerSaves\PlatformerSaves\build\bindings\bindings\Geode\source\SetupTimeWarpPopup.cpp. [C:\PlatformerSaves\PlatformerSaves\build\bindings\GeodeBindings.vcxproj]
C:\Program Files (x86)\Microsoft Visual Studio\2022\BuildTools\MSBuild\Microsoft\VC\v170\Microsoft.CppBuild.targets(1129,5): warning MSB8027: Mehrere Dateien mit dem Namen SetupTimerControlTriggerPopup.cpp führen zu Ausgaben am selben Speicherort. Dadurch kann ein falsches Buildergebnis entstehen. Die betroffenen Dateien sind C:\PlatformerSaves\PlatformerSaves\build\_deps\bindings-src\bindings\2.2081\inline\SetupTimerControlTriggerPopup.cpp, C:\PlatformerSaves\PlatformerSaves\build\bindings\bindings\Geode\source\SetupTimerControlTriggerPopup.cpp. [C:\PlatformerSaves\PlatformerSaves\build\bindings\GeodeBindings.vcxproj]
C:\Program Files (x86)\Microsoft Visual Studio\2022\BuildTools\MSBuild\Microsoft\VC\v170\Microsoft.CppBuild.targets(1129,5): warning MSB8027: Mehrere Dateien mit dem Namen SetupTimerEventTriggerPopup.cpp führen zu Ausgaben am selben Speicherort. Dadurch kann ein falsches Buildergebnis entstehen. Die betroffenen Dateien sind C:\PlatformerSaves\PlatformerSaves\build\_deps\bindings-src\bindings\2.2081\inline\SetupTimerEventTriggerPopup.cpp, C:\PlatformerSaves\PlatformerSaves\build\bindings\bindings\Geode\source\SetupTimerEventTriggerPopup.cpp. [C:\PlatformerSaves\PlatformerSaves\build\bindings\GeodeBindings.vcxproj]
C:\Program Files (x86)\Microsoft Visual Studio\2022\BuildTools\MSBuild\Microsoft\VC\v170\Microsoft.CppBuild.targets(1129,5): warning MSB8027: Mehrere Dateien mit dem Namen SetupTimerTriggerPopup.cpp führen zu Ausgaben am selben Speicherort. Dadurch kann ein falsches Buildergebnis entstehen. Die betroffenen Dateien sind C:\PlatformerSaves\PlatformerSaves\build\_deps\bindings-src\bindings\2.2081\inline\SetupTimerTriggerPopup.cpp, C:\PlatformerSaves\PlatformerSaves\build\bindings\bindings\Geode\source\SetupTimerTriggerPopup.cpp. [C:\PlatformerSaves\PlatformerSaves\build\bindings\GeodeBindings.vcxproj]
C:\Program Files (x86)\Microsoft Visual Studio\2022\BuildTools\MSBuild\Microsoft\VC\v170\Microsoft.CppBuild.targets(1129,5): warning MSB8027: Mehrere Dateien mit dem Namen SetupTouchTogglePopup.cpp führen zu Ausgaben am selben Speicherort. Dadurch kann ein falsches Buildergebnis entstehen. Die betroffenen Dateien sind C:\PlatformerSaves\PlatformerSaves\build\_deps\bindings-src\bindings\2.2081\inline\SetupTouchTogglePopup.cpp, C:\PlatformerSaves\PlatformerSaves\build\bindings\bindings\Geode\source\SetupTouchTogglePopup.cpp. [C:\PlatformerSaves\PlatformerSaves\build\bindings\GeodeBindings.vcxproj]
C:\Program Files (x86)\Microsoft Visual Studio\2022\BuildTools\MSBuild\Microsoft\VC\v170\Microsoft.CppBuild.targets(1129,5): warning MSB8027: Mehrere Dateien mit dem Namen SetupTransformPopup.cpp führen zu Ausgaben am selben Speicherort. Dadurch kann ein falsches Buildergebnis entstehen. Die betroffenen Dateien sind C:\PlatformerSaves\PlatformerSaves\build\_deps\bindings-src\bindings\2.2081\inline\SetupTransformPopup.cpp, C:\PlatformerSaves\PlatformerSaves\build\bindings\bindings\Geode\source\SetupTransformPopup.cpp. [C:\PlatformerSaves\PlatformerSaves\build\bindings\GeodeBindings.vcxproj]
C:\Program Files (x86)\Microsoft Visual Studio\2022\BuildTools\MSBuild\Microsoft\VC\v170\Microsoft.CppBuild.targets(1129,5): warning MSB8027: Mehrere Dateien mit dem Namen SetupTriggerPopup.cpp führen zu Ausgaben am selben Speicherort. Dadurch kann ein falsches Buildergebnis entstehen. Die betroffenen Dateien sind C:\PlatformerSaves\PlatformerSaves\build\_deps\bindings-src\bindings\2.2081\inline\SetupTriggerPopup.cpp, C:\PlatformerSaves\PlatformerSaves\build\bindings\bindings\Geode\source\SetupTriggerPopup.cpp. [C:\PlatformerSaves\PlatformerSaves\build\bindings\GeodeBindings.vcxproj]
C:\Program Files (x86)\Microsoft Visual Studio\2022\BuildTools\MSBuild\Microsoft\VC\v170\Microsoft.CppBuild.targets(1129,5): warning MSB8027: Mehrere Dateien mit dem Namen SetupZoomTriggerPopup.cpp führen zu Ausgaben am selben Speicherort. Dadurch kann ein falsches Buildergebnis entstehen. Die betroffenen Dateien sind C:\PlatformerSaves\PlatformerSaves\build\_deps\bindings-src\bindings\2.2081\inline\SetupZoomTriggerPopup.cpp, C:\PlatformerSaves\PlatformerSaves\build\bindings\bindings\Geode\source\SetupZoomTriggerPopup.cpp. [C:\PlatformerSaves\PlatformerSaves\build\bindings\GeodeBindings.vcxproj]
C:\Program Files (x86)\Microsoft Visual Studio\2022\BuildTools\MSBuild\Microsoft\VC\v170\Microsoft.CppBuild.targets(1129,5): warning MSB8027: Mehrere Dateien mit dem Namen ShaderGameObject.cpp führen zu Ausgaben am selben Speicherort. Dadurch kann ein falsches Buildergebnis entstehen. Die betroffenen Dateien sind C:\PlatformerSaves\PlatformerSaves\build\_deps\bindings-src\bindings\2.2081\inline\ShaderGameObject.cpp, C:\PlatformerSaves\PlatformerSaves\build\bindings\bindings\Geode\source\ShaderGameObject.cpp. [C:\PlatformerSaves\PlatformerSaves\build\bindings\GeodeBindings.vcxproj]
C:\Program Files (x86)\Microsoft Visual Studio\2022\BuildTools\MSBuild\Microsoft\VC\v170\Microsoft.CppBuild.targets(1129,5): warning MSB8027: Mehrere Dateien mit dem Namen ShaderLayer.cpp führen zu Ausgaben am selben Speicherort. Dadurch kann ein falsches Buildergebnis entstehen. Die betroffenen Dateien sind C:\PlatformerSaves\PlatformerSaves\build\_deps\bindings-src\bindings\2.2081\inline\ShaderLayer.cpp, C:\PlatformerSaves\PlatformerSaves\build\bindings\bindings\Geode\source\ShaderLayer.cpp. [C:\PlatformerSaves\PlatformerSaves\build\bindings\GeodeBindings.vcxproj]
C:\Program Files (x86)\Microsoft Visual Studio\2022\BuildTools\MSBuild\Microsoft\VC\v170\Microsoft.CppBuild.targets(1129,5): warning MSB8027: Mehrere Dateien mit dem Namen ShardsPage.cpp führen zu Ausgaben am selben Speicherort. Dadurch kann ein falsches Buildergebnis entstehen. Die betroffenen Dateien sind C:\PlatformerSaves\PlatformerSaves\build\_deps\bindings-src\bindings\2.2081\inline\ShardsPage.cpp, C:\PlatformerSaves\PlatformerSaves\build\bindings\bindings\Geode\source\ShardsPage.cpp. [C:\PlatformerSaves\PlatformerSaves\build\bindings\GeodeBindings.vcxproj]
C:\Program Files (x86)\Microsoft Visual Studio\2022\BuildTools\MSBuild\Microsoft\VC\v170\Microsoft.CppBuild.targets(1129,5): warning MSB8027: Mehrere Dateien mit dem Namen ShareCommentDelegate.cpp führen zu Ausgaben am selben Speicherort. Dadurch kann ein falsches Buildergebnis entstehen. Die betroffenen Dateien sind C:\PlatformerSaves\PlatformerSaves\build\_deps\bindings-src\bindings\2.2081\inline\ShareCommentDelegate.cpp, C:\PlatformerSaves\PlatformerSaves\build\bindings\bindings\Geode\source\ShareCommentDelegate.cpp. [C:\PlatformerSaves\PlatformerSaves\build\bindings\GeodeBindings.vcxproj]
C:\Program Files (x86)\Microsoft Visual Studio\2022\BuildTools\MSBuild\Microsoft\VC\v170\Microsoft.CppBuild.targets(1129,5): warning MSB8027: Mehrere Dateien mit dem Namen ShareCommentLayer.cpp führen zu Ausgaben am selben Speicherort. Dadurch kann ein falsches Buildergebnis entstehen. Die betroffenen Dateien sind C:\PlatformerSaves\PlatformerSaves\build\_deps\bindings-src\bindings\2.2081\inline\ShareCommentLayer.cpp, C:\PlatformerSaves\PlatformerSaves\build\bindings\bindings\Geode\source\ShareCommentLayer.cpp. [C:\PlatformerSaves\PlatformerSaves\build\bindings\GeodeBindings.vcxproj]
C:\Program Files (x86)\Microsoft Visual Studio\2022\BuildTools\MSBuild\Microsoft\VC\v170\Microsoft.CppBuild.targets(1129,5): warning MSB8027: Mehrere Dateien mit dem Namen ShareLevelLayer.cpp führen zu Ausgaben am selben Speicherort. Dadurch kann ein falsches Buildergebnis entstehen. Die betroffenen Dateien sind C:\PlatformerSaves\PlatformerSaves\build\_deps\bindings-src\bindings\2.2081\inline\ShareLevelLayer.cpp, C:\PlatformerSaves\PlatformerSaves\build\bindings\bindings\Geode\source\ShareLevelLayer.cpp. [C:\PlatformerSaves\PlatformerSaves\build\bindings\GeodeBindings.vcxproj]
C:\Program Files (x86)\Microsoft Visual Studio\2022\BuildTools\MSBuild\Microsoft\VC\v170\Microsoft.CppBuild.targets(1129,5): warning MSB8027: Mehrere Dateien mit dem Namen ShareLevelSettingsLayer.cpp führen zu Ausgaben am selben Speicherort. Dadurch kann ein falsches Buildergebnis entstehen. Die betroffenen Dateien sind C:\PlatformerSaves\PlatformerSaves\build\_deps\bindings-src\bindings\2.2081\inline\ShareLevelSettingsLayer.cpp, C:\PlatformerSaves\PlatformerSaves\build\bindings\bindings\Geode\source\ShareLevelSettingsLayer.cpp. [C:\PlatformerSaves\PlatformerSaves\build\bindings\GeodeBindings.vcxproj]
C:\Program Files (x86)\Microsoft Visual Studio\2022\BuildTools\MSBuild\Microsoft\VC\v170\Microsoft.CppBuild.targets(1129,5): warning MSB8027: Mehrere Dateien mit dem Namen ShareListLayer.cpp führen zu Ausgaben am selben Speicherort. Dadurch kann ein falsches Buildergebnis entstehen. Die betroffenen Dateien sind C:\PlatformerSaves\PlatformerSaves\build\_deps\bindings-src\bindings\2.2081\inline\ShareListLayer.cpp, C:\PlatformerSaves\PlatformerSaves\build\bindings\bindings\Geode\source\ShareListLayer.cpp. [C:\PlatformerSaves\PlatformerSaves\build\bindings\GeodeBindings.vcxproj]
C:\Program Files (x86)\Microsoft Visual Studio\2022\BuildTools\MSBuild\Microsoft\VC\v170\Microsoft.CppBuild.targets(1129,5): warning MSB8027: Mehrere Dateien mit dem Namen SimpleObject.cpp führen zu Ausgaben am selben Speicherort. Dadurch kann ein falsches Buildergebnis entstehen. Die betroffenen Dateien sind C:\PlatformerSaves\PlatformerSaves\build\_deps\bindings-src\bindings\2.2081\inline\SimpleObject.cpp, C:\PlatformerSaves\PlatformerSaves\build\bindings\bindings\Geode\source\SimpleObject.cpp. [C:\PlatformerSaves\PlatformerSaves\build\bindings\GeodeBindings.vcxproj]
C:\Program Files (x86)\Microsoft Visual Studio\2022\BuildTools\MSBuild\Microsoft\VC\v170\Microsoft.CppBuild.targets(1129,5): warning MSB8027: Mehrere Dateien mit dem Namen SimplePlayer.cpp führen zu Ausgaben am selben Speicherort. Dadurch kann ein falsches Buildergebnis entstehen. Die betroffenen Dateien sind C:\PlatformerSaves\PlatformerSaves\build\_deps\bindings-src\bindings\2.2081\inline\SimplePlayer.cpp, C:\PlatformerSaves\PlatformerSaves\build\bindings\bindings\Geode\source\SimplePlayer.cpp. [C:\PlatformerSaves\PlatformerSaves\build\bindings\GeodeBindings.vcxproj]
C:\Program Files (x86)\Microsoft Visual Studio\2022\BuildTools\MSBuild\Microsoft\VC\v170\Microsoft.CppBuild.targets(1129,5): warning MSB8027: Mehrere Dateien mit dem Namen SlideInLayer.cpp führen zu Ausgaben am selben Speicherort. Dadurch kann ein falsches Buildergebnis entstehen. Die betroffenen Dateien sind C:\PlatformerSaves\PlatformerSaves\build\_deps\bindings-src\bindings\2.2081\inline\SlideInLayer.cpp, C:\PlatformerSaves\PlatformerSaves\build\bindings\bindings\Geode\source\SlideInLayer.cpp. [C:\PlatformerSaves\PlatformerSaves\build\bindings\GeodeBindings.vcxproj]
C:\Program Files (x86)\Microsoft Visual Studio\2022\BuildTools\MSBuild\Microsoft\VC\v170\Microsoft.CppBuild.targets(1129,5): warning MSB8027: Mehrere Dateien mit dem Namen Slider.cpp führen zu Ausgaben am selben Speicherort. Dadurch kann ein falsches Buildergebnis entstehen. Die betroffenen Dateien sind C:\PlatformerSaves\PlatformerSaves\build\_deps\bindings-src\bindings\2.2081\inline\Slider.cpp, C:\PlatformerSaves\PlatformerSaves\build\bindings\bindings\Geode\source\Slider.cpp. [C:\PlatformerSaves\PlatformerSaves\build\bindings\GeodeBindings.vcxproj]
C:\Program Files (x86)\Microsoft Visual Studio\2022\BuildTools\MSBuild\Microsoft\VC\v170\Microsoft.CppBuild.targets(1129,5): warning MSB8027: Mehrere Dateien mit dem Namen SliderDelegate.cpp führen zu Ausgaben am selben Speicherort. Dadurch kann ein falsches Buildergebnis entstehen. Die betroffenen Dateien sind C:\PlatformerSaves\PlatformerSaves\build\_deps\bindings-src\bindings\2.2081\inline\SliderDelegate.cpp, C:\PlatformerSaves\PlatformerSaves\build\bindings\bindings\Geode\source\SliderDelegate.cpp. [C:\PlatformerSaves\PlatformerSaves\build\bindings\GeodeBindings.vcxproj]
C:\Program Files (x86)\Microsoft Visual Studio\2022\BuildTools\MSBuild\Microsoft\VC\v170\Microsoft.CppBuild.targets(1129,5): warning MSB8027: Mehrere Dateien mit dem Namen SliderThumb.cpp führen zu Ausgaben am selben Speicherort. Dadurch kann ein falsches Buildergebnis entstehen. Die betroffenen Dateien sind C:\PlatformerSaves\PlatformerSaves\build\_deps\bindings-src\bindings\2.2081\inline\SliderThumb.cpp, C:\PlatformerSaves\PlatformerSaves\build\bindings\bindings\Geode\source\SliderThumb.cpp. [C:\PlatformerSaves\PlatformerSaves\build\bindings\GeodeBindings.vcxproj]
C:\Program Files (x86)\Microsoft Visual Studio\2022\BuildTools\MSBuild\Microsoft\VC\v170\Microsoft.CppBuild.targets(1129,5): warning MSB8027: Mehrere Dateien mit dem Namen SliderTouchLogic.cpp führen zu Ausgaben am selben Speicherort. Dadurch kann ein falsches Buildergebnis entstehen. Die betroffenen Dateien sind C:\PlatformerSaves\PlatformerSaves\build\_deps\bindings-src\bindings\2.2081\inline\SliderTouchLogic.cpp, C:\PlatformerSaves\PlatformerSaves\build\bindings\bindings\Geode\source\SliderTouchLogic.cpp. [C:\PlatformerSaves\PlatformerSaves\build\bindings\GeodeBindings.vcxproj]
C:\Program Files (x86)\Microsoft Visual Studio\2022\BuildTools\MSBuild\Microsoft\VC\v170\Microsoft.CppBuild.targets(1129,5): warning MSB8027: Mehrere Dateien mit dem Namen SmartGameObject.cpp führen zu Ausgaben am selben Speicherort. Dadurch kann ein falsches Buildergebnis entstehen. Die betroffenen Dateien sind C:\PlatformerSaves\PlatformerSaves\build\_deps\bindings-src\bindings\2.2081\inline\SmartGameObject.cpp, C:\PlatformerSaves\PlatformerSaves\build\bindings\bindings\Geode\source\SmartGameObject.cpp. [C:\PlatformerSaves\PlatformerSaves\build\bindings\GeodeBindings.vcxproj]
C:\Program Files (x86)\Microsoft Visual Studio\2022\BuildTools\MSBuild\Microsoft\VC\v170\Microsoft.CppBuild.targets(1129,5): warning MSB8027: Mehrere Dateien mit dem Namen SmartPrefabResult.cpp führen zu Ausgaben am selben Speicherort. Dadurch kann ein falsches Buildergebnis entstehen. Die betroffenen Dateien sind C:\PlatformerSaves\PlatformerSaves\build\_deps\bindings-src\bindings\2.2081\inline\SmartPrefabResult.cpp, C:\PlatformerSaves\PlatformerSaves\build\bindings\bindings\Geode\source\SmartPrefabResult.cpp. [C:\PlatformerSaves\PlatformerSaves\build\bindings\GeodeBindings.vcxproj]
C:\Program Files (x86)\Microsoft Visual Studio\2022\BuildTools\MSBuild\Microsoft\VC\v170\Microsoft.CppBuild.targets(1129,5): warning MSB8027: Mehrere Dateien mit dem Namen SmartTemplateCell.cpp führen zu Ausgaben am selben Speicherort. Dadurch kann ein falsches Buildergebnis entstehen. Die betroffenen Dateien sind C:\PlatformerSaves\PlatformerSaves\build\_deps\bindings-src\bindings\2.2081\inline\SmartTemplateCell.cpp, C:\PlatformerSaves\PlatformerSaves\build\bindings\bindings\Geode\source\SmartTemplateCell.cpp. [C:\PlatformerSaves\PlatformerSaves\build\bindings\GeodeBindings.vcxproj]
C:\Program Files (x86)\Microsoft Visual Studio\2022\BuildTools\MSBuild\Microsoft\VC\v170\Microsoft.CppBuild.targets(1129,5): warning MSB8027: Mehrere Dateien mit dem Namen SongCell.cpp führen zu Ausgaben am selben Speicherort. Dadurch kann ein falsches Buildergebnis entstehen. Die betroffenen Dateien sind C:\PlatformerSaves\PlatformerSaves\build\_deps\bindings-src\bindings\2.2081\inline\SongCell.cpp, C:\PlatformerSaves\PlatformerSaves\build\bindings\bindings\Geode\source\SongCell.cpp. [C:\PlatformerSaves\PlatformerSaves\build\bindings\GeodeBindings.vcxproj]
C:\Program Files (x86)\Microsoft Visual Studio\2022\BuildTools\MSBuild\Microsoft\VC\v170\Microsoft.CppBuild.targets(1129,5): warning MSB8027: Mehrere Dateien mit dem Namen SongChannelState.cpp führen zu Ausgaben am selben Speicherort. Dadurch kann ein falsches Buildergebnis entstehen. Die betroffenen Dateien sind C:\PlatformerSaves\PlatformerSaves\build\_deps\bindings-src\bindings\2.2081\inline\SongChannelState.cpp, C:\PlatformerSaves\PlatformerSaves\build\bindings\bindings\Geode\source\SongChannelState.cpp. [C:\PlatformerSaves\PlatformerSaves\build\bindings\GeodeBindings.vcxproj]
C:\Program Files (x86)\Microsoft Visual Studio\2022\BuildTools\MSBuild\Microsoft\VC\v170\Microsoft.CppBuild.targets(1129,5): warning MSB8027: Mehrere Dateien mit dem Namen SongInfoLayer.cpp führen zu Ausgaben am selben Speicherort. Dadurch kann ein falsches Buildergebnis entstehen. Die betroffenen Dateien sind C:\PlatformerSaves\PlatformerSaves\build\_deps\bindings-src\bindings\2.2081\inline\SongInfoLayer.cpp, C:\PlatformerSaves\PlatformerSaves\build\bindings\bindings\Geode\source\SongInfoLayer.cpp. [C:\PlatformerSaves\PlatformerSaves\build\bindings\GeodeBindings.vcxproj]
C:\Program Files (x86)\Microsoft Visual Studio\2022\BuildTools\MSBuild\Microsoft\VC\v170\Microsoft.CppBuild.targets(1129,5): warning MSB8027: Mehrere Dateien mit dem Namen SongInfoObject.cpp führen zu Ausgaben am selben Speicherort. Dadurch kann ein falsches Buildergebnis entstehen. Die betroffenen Dateien sind C:\PlatformerSaves\PlatformerSaves\build\_deps\bindings-src\bindings\2.2081\inline\SongInfoObject.cpp, C:\PlatformerSaves\PlatformerSaves\build\bindings\bindings\Geode\source\SongInfoObject.cpp. [C:\PlatformerSaves\PlatformerSaves\build\bindings\GeodeBindings.vcxproj]
C:\Program Files (x86)\Microsoft Visual Studio\2022\BuildTools\MSBuild\Microsoft\VC\v170\Microsoft.CppBuild.targets(1129,5): warning MSB8027: Mehrere Dateien mit dem Namen SongObject.cpp führen zu Ausgaben am selben Speicherort. Dadurch kann ein falsches Buildergebnis entstehen. Die betroffenen Dateien sind C:\PlatformerSaves\PlatformerSaves\build\_deps\bindings-src\bindings\2.2081\inline\SongObject.cpp, C:\PlatformerSaves\PlatformerSaves\build\bindings\bindings\Geode\source\SongObject.cpp. [C:\PlatformerSaves\PlatformerSaves\build\bindings\GeodeBindings.vcxproj]
C:\Program Files (x86)\Microsoft Visual Studio\2022\BuildTools\MSBuild\Microsoft\VC\v170\Microsoft.CppBuild.targets(1129,5): warning MSB8027: Mehrere Dateien mit dem Namen SongOptionsLayer.cpp führen zu Ausgaben am selben Speicherort. Dadurch kann ein falsches Buildergebnis entstehen. Die betroffenen Dateien sind C:\PlatformerSaves\PlatformerSaves\build\_deps\bindings-src\bindings\2.2081\inline\SongOptionsLayer.cpp, C:\PlatformerSaves\PlatformerSaves\build\bindings\bindings\Geode\source\SongOptionsLayer.cpp. [C:\PlatformerSaves\PlatformerSaves\build\bindings\GeodeBindings.vcxproj]
C:\Program Files (x86)\Microsoft Visual Studio\2022\BuildTools\MSBuild\Microsoft\VC\v170\Microsoft.CppBuild.targets(1129,5): warning MSB8027: Mehrere Dateien mit dem Namen SongPlaybackDelegate.cpp führen zu Ausgaben am selben Speicherort. Dadurch kann ein falsches Buildergebnis entstehen. Die betroffenen Dateien sind C:\PlatformerSaves\PlatformerSaves\build\_deps\bindings-src\bindings\2.2081\inline\SongPlaybackDelegate.cpp, C:\PlatformerSaves\PlatformerSaves\build\bindings\bindings\Geode\source\SongPlaybackDelegate.cpp. [C:\PlatformerSaves\PlatformerSaves\build\bindings\GeodeBindings.vcxproj]
C:\Program Files (x86)\Microsoft Visual Studio\2022\BuildTools\MSBuild\Microsoft\VC\v170\Microsoft.CppBuild.targets(1129,5): warning MSB8027: Mehrere Dateien mit dem Namen SongSelectNode.cpp führen zu Ausgaben am selben Speicherort. Dadurch kann ein falsches Buildergebnis entstehen. Die betroffenen Dateien sind C:\PlatformerSaves\PlatformerSaves\build\_deps\bindings-src\bindings\2.2081\inline\SongSelectNode.cpp, C:\PlatformerSaves\PlatformerSaves\build\bindings\bindings\Geode\source\SongSelectNode.cpp. [C:\PlatformerSaves\PlatformerSaves\build\bindings\GeodeBindings.vcxproj]
C:\Program Files (x86)\Microsoft Visual Studio\2022\BuildTools\MSBuild\Microsoft\VC\v170\Microsoft.CppBuild.targets(1129,5): warning MSB8027: Mehrere Dateien mit dem Namen SongTriggerGameObject.cpp führen zu Ausgaben am selben Speicherort. Dadurch kann ein falsches Buildergebnis entstehen. Die betroffenen Dateien sind C:\PlatformerSaves\PlatformerSaves\build\_deps\bindings-src\bindings\2.2081\inline\SongTriggerGameObject.cpp, C:\PlatformerSaves\PlatformerSaves\build\bindings\bindings\Geode\source\SongTriggerGameObject.cpp. [C:\PlatformerSaves\PlatformerSaves\build\bindings\GeodeBindings.vcxproj]
C:\Program Files (x86)\Microsoft Visual Studio\2022\BuildTools\MSBuild\Microsoft\VC\v170\Microsoft.CppBuild.targets(1129,5): warning MSB8027: Mehrere Dateien mit dem Namen SongTriggerState.cpp führen zu Ausgaben am selben Speicherort. Dadurch kann ein falsches Buildergebnis entstehen. Die betroffenen Dateien sind C:\PlatformerSaves\PlatformerSaves\build\_deps\bindings-src\bindings\2.2081\inline\SongTriggerState.cpp, C:\PlatformerSaves\PlatformerSaves\build\bindings\bindings\Geode\source\SongTriggerState.cpp. [C:\PlatformerSaves\PlatformerSaves\build\bindings\GeodeBindings.vcxproj]
C:\Program Files (x86)\Microsoft Visual Studio\2022\BuildTools\MSBuild\Microsoft\VC\v170\Microsoft.CppBuild.targets(1129,5): warning MSB8027: Mehrere Dateien mit dem Namen SongsLayer.cpp führen zu Ausgaben am selben Speicherort. Dadurch kann ein falsches Buildergebnis entstehen. Die betroffenen Dateien sind C:\PlatformerSaves\PlatformerSaves\build\_deps\bindings-src\bindings\2.2081\inline\SongsLayer.cpp, C:\PlatformerSaves\PlatformerSaves\build\bindings\bindings\Geode\source\SongsLayer.cpp. [C:\PlatformerSaves\PlatformerSaves\build\bindings\GeodeBindings.vcxproj]
C:\Program Files (x86)\Microsoft Visual Studio\2022\BuildTools\MSBuild\Microsoft\VC\v170\Microsoft.CppBuild.targets(1129,5): warning MSB8027: Mehrere Dateien mit dem Namen Sound.cpp führen zu Ausgaben am selben Speicherort. Dadurch kann ein falsches Buildergebnis entstehen. Die betroffenen Dateien sind C:\PlatformerSaves\PlatformerSaves\build\_deps\bindings-src\bindings\2.2081\inline\Sound.cpp, C:\PlatformerSaves\PlatformerSaves\build\bindings\bindings\Geode\source\Sound.cpp. [C:\PlatformerSaves\PlatformerSaves\build\bindings\GeodeBindings.vcxproj]
C:\Program Files (x86)\Microsoft Visual Studio\2022\BuildTools\MSBuild\Microsoft\VC\v170\Microsoft.CppBuild.targets(1129,5): warning MSB8027: Mehrere Dateien mit dem Namen SoundGroup.cpp führen zu Ausgaben am selben Speicherort. Dadurch kann ein falsches Buildergebnis entstehen. Die betroffenen Dateien sind C:\PlatformerSaves\PlatformerSaves\build\_deps\bindings-src\bindings\2.2081\inline\SoundGroup.cpp, C:\PlatformerSaves\PlatformerSaves\build\bindings\bindings\Geode\source\SoundGroup.cpp. [C:\PlatformerSaves\PlatformerSaves\build\bindings\GeodeBindings.vcxproj]
C:\Program Files (x86)\Microsoft Visual Studio\2022\BuildTools\MSBuild\Microsoft\VC\v170\Microsoft.CppBuild.targets(1129,5): warning MSB8027: Mehrere Dateien mit dem Namen SoundStateContainer.cpp führen zu Ausgaben am selben Speicherort. Dadurch kann ein falsches Buildergebnis entstehen. Die betroffenen Dateien sind C:\PlatformerSaves\PlatformerSaves\build\_deps\bindings-src\bindings\2.2081\inline\SoundStateContainer.cpp, C:\PlatformerSaves\PlatformerSaves\build\bindings\bindings\Geode\source\SoundStateContainer.cpp. [C:\PlatformerSaves\PlatformerSaves\build\bindings\GeodeBindings.vcxproj]
C:\Program Files (x86)\Microsoft Visual Studio\2022\BuildTools\MSBuild\Microsoft\VC\v170\Microsoft.CppBuild.targets(1129,5): warning MSB8027: Mehrere Dateien mit dem Namen SpawnParticleGameObject.cpp führen zu Ausgaben am selben Speicherort. Dadurch kann ein falsches Buildergebnis entstehen. Die betroffenen Dateien sind C:\PlatformerSaves\PlatformerSaves\build\_deps\bindings-src\bindings\2.2081\inline\SpawnParticleGameObject.cpp, C:\PlatformerSaves\PlatformerSaves\build\bindings\bindings\Geode\source\SpawnParticleGameObject.cpp. [C:\PlatformerSaves\PlatformerSaves\build\bindings\GeodeBindings.vcxproj]
C:\Program Files (x86)\Microsoft Visual Studio\2022\BuildTools\MSBuild\Microsoft\VC\v170\Microsoft.CppBuild.targets(1129,5): warning MSB8027: Mehrere Dateien mit dem Namen SpawnTriggerAction.cpp führen zu Ausgaben am selben Speicherort. Dadurch kann ein falsches Buildergebnis entstehen. Die betroffenen Dateien sind C:\PlatformerSaves\PlatformerSaves\build\_deps\bindings-src\bindings\2.2081\inline\SpawnTriggerAction.cpp, C:\PlatformerSaves\PlatformerSaves\build\bindings\bindings\Geode\source\SpawnTriggerAction.cpp. [C:\PlatformerSaves\PlatformerSaves\build\bindings\GeodeBindings.vcxproj]
C:\Program Files (x86)\Microsoft Visual Studio\2022\BuildTools\MSBuild\Microsoft\VC\v170\Microsoft.CppBuild.targets(1129,5): warning MSB8027: Mehrere Dateien mit dem Namen SpawnTriggerGameObject.cpp führen zu Ausgaben am selben Speicherort. Dadurch kann ein falsches Buildergebnis entstehen. Die betroffenen Dateien sind C:\PlatformerSaves\PlatformerSaves\build\_deps\bindings-src\bindings\2.2081\inline\SpawnTriggerGameObject.cpp, C:\PlatformerSaves\PlatformerSaves\build\bindings\bindings\Geode\source\SpawnTriggerGameObject.cpp. [C:\PlatformerSaves\PlatformerSaves\build\bindings\GeodeBindings.vcxproj]
C:\Program Files (x86)\Microsoft Visual Studio\2022\BuildTools\MSBuild\Microsoft\VC\v170\Microsoft.CppBuild.targets(1129,5): warning MSB8027: Mehrere Dateien mit dem Namen SpecialAnimGameObject.cpp führen zu Ausgaben am selben Speicherort. Dadurch kann ein falsches Buildergebnis entstehen. Die betroffenen Dateien sind C:\PlatformerSaves\PlatformerSaves\build\_deps\bindings-src\bindings\2.2081\inline\SpecialAnimGameObject.cpp, C:\PlatformerSaves\PlatformerSaves\build\bindings\bindings\Geode\source\SpecialAnimGameObject.cpp. [C:\PlatformerSaves\PlatformerSaves\build\bindings\GeodeBindings.vcxproj]
C:\Program Files (x86)\Microsoft Visual Studio\2022\BuildTools\MSBuild\Microsoft\VC\v170\Microsoft.CppBuild.targets(1129,5): warning MSB8027: Mehrere Dateien mit dem Namen SpriteAnimationManager.cpp führen zu Ausgaben am selben Speicherort. Dadurch kann ein falsches Buildergebnis entstehen. Die betroffenen Dateien sind C:\PlatformerSaves\PlatformerSaves\build\_deps\bindings-src\bindings\2.2081\inline\SpriteAnimationManager.cpp, C:\PlatformerSaves\PlatformerSaves\build\bindings\bindings\Geode\source\SpriteAnimationManager.cpp. [C:\PlatformerSaves\PlatformerSaves\build\bindings\GeodeBindings.vcxproj]
C:\Program Files (x86)\Microsoft Visual Studio\2022\BuildTools\MSBuild\Microsoft\VC\v170\Microsoft.CppBuild.targets(1129,5): warning MSB8027: Mehrere Dateien mit dem Namen SpriteDescription.cpp führen zu Ausgaben am selben Speicherort. Dadurch kann ein falsches Buildergebnis entstehen. Die betroffenen Dateien sind C:\PlatformerSaves\PlatformerSaves\build\_deps\bindings-src\bindings\2.2081\inline\SpriteDescription.cpp, C:\PlatformerSaves\PlatformerSaves\build\bindings\bindings\Geode\source\SpriteDescription.cpp. [C:\PlatformerSaves\PlatformerSaves\build\bindings\GeodeBindings.vcxproj]
C:\Program Files (x86)\Microsoft Visual Studio\2022\BuildTools\MSBuild\Microsoft\VC\v170\Microsoft.CppBuild.targets(1129,5): warning MSB8027: Mehrere Dateien mit dem Namen SpritePartDelegate.cpp führen zu Ausgaben am selben Speicherort. Dadurch kann ein falsches Buildergebnis entstehen. Die betroffenen Dateien sind C:\PlatformerSaves\PlatformerSaves\build\_deps\bindings-src\bindings\2.2081\inline\SpritePartDelegate.cpp, C:\PlatformerSaves\PlatformerSaves\build\bindings\bindings\Geode\source\SpritePartDelegate.cpp. [C:\PlatformerSaves\PlatformerSaves\build\bindings\GeodeBindings.vcxproj]
C:\Program Files (x86)\Microsoft Visual Studio\2022\BuildTools\MSBuild\Microsoft\VC\v170\Microsoft.CppBuild.targets(1129,5): warning MSB8027: Mehrere Dateien mit dem Namen StarInfoPopup.cpp führen zu Ausgaben am selben Speicherort. Dadurch kann ein falsches Buildergebnis entstehen. Die betroffenen Dateien sind C:\PlatformerSaves\PlatformerSaves\build\_deps\bindings-src\bindings\2.2081\inline\StarInfoPopup.cpp, C:\PlatformerSaves\PlatformerSaves\build\bindings\bindings\Geode\source\StarInfoPopup.cpp. [C:\PlatformerSaves\PlatformerSaves\build\bindings\GeodeBindings.vcxproj]
C:\Program Files (x86)\Microsoft Visual Studio\2022\BuildTools\MSBuild\Microsoft\VC\v170\Microsoft.CppBuild.targets(1129,5): warning MSB8027: Mehrere Dateien mit dem Namen StartPosObject.cpp führen zu Ausgaben am selben Speicherort. Dadurch kann ein falsches Buildergebnis entstehen. Die betroffenen Dateien sind C:\PlatformerSaves\PlatformerSaves\build\_deps\bindings-src\bindings\2.2081\inline\StartPosObject.cpp, C:\PlatformerSaves\PlatformerSaves\build\bindings\bindings\Geode\source\StartPosObject.cpp. [C:\PlatformerSaves\PlatformerSaves\build\bindings\GeodeBindings.vcxproj]
C:\Program Files (x86)\Microsoft Visual Studio\2022\BuildTools\MSBuild\Microsoft\VC\v170\Microsoft.CppBuild.targets(1129,5): warning MSB8027: Mehrere Dateien mit dem Namen StatsCell.cpp führen zu Ausgaben am selben Speicherort. Dadurch kann ein falsches Buildergebnis entstehen. Die betroffenen Dateien sind C:\PlatformerSaves\PlatformerSaves\build\_deps\bindings-src\bindings\2.2081\inline\StatsCell.cpp, C:\PlatformerSaves\PlatformerSaves\build\bindings\bindings\Geode\source\StatsCell.cpp. [C:\PlatformerSaves\PlatformerSaves\build\bindings\GeodeBindings.vcxproj]
C:\Program Files (x86)\Microsoft Visual Studio\2022\BuildTools\MSBuild\Microsoft\VC\v170\Microsoft.CppBuild.targets(1129,5): warning MSB8027: Mehrere Dateien mit dem Namen StatsLayer.cpp führen zu Ausgaben am selben Speicherort. Dadurch kann ein falsches Buildergebnis entstehen. Die betroffenen Dateien sind C:\PlatformerSaves\PlatformerSaves\build\_deps\bindings-src\bindings\2.2081\inline\StatsLayer.cpp, C:\PlatformerSaves\PlatformerSaves\build\bindings\bindings\Geode\source\StatsLayer.cpp. [C:\PlatformerSaves\PlatformerSaves\build\bindings\GeodeBindings.vcxproj]
C:\Program Files (x86)\Microsoft Visual Studio\2022\BuildTools\MSBuild\Microsoft\VC\v170\Microsoft.CppBuild.targets(1129,5): warning MSB8027: Mehrere Dateien mit dem Namen StatsObject.cpp führen zu Ausgaben am selben Speicherort. Dadurch kann ein falsches Buildergebnis entstehen. Die betroffenen Dateien sind C:\PlatformerSaves\PlatformerSaves\build\_deps\bindings-src\bindings\2.2081\inline\StatsObject.cpp, C:\PlatformerSaves\PlatformerSaves\build\bindings\bindings\Geode\source\StatsObject.cpp. [C:\PlatformerSaves\PlatformerSaves\build\bindings\GeodeBindings.vcxproj]
C:\Program Files (x86)\Microsoft Visual Studio\2022\BuildTools\MSBuild\Microsoft\VC\v170\Microsoft.CppBuild.targets(1129,5): warning MSB8027: Mehrere Dateien mit dem Namen SupportLayer.cpp führen zu Ausgaben am selben Speicherort. Dadurch kann ein falsches Buildergebnis entstehen. Die betroffenen Dateien sind C:\PlatformerSaves\PlatformerSaves\build\_deps\bindings-src\bindings\2.2081\inline\SupportLayer.cpp, C:\PlatformerSaves\PlatformerSaves\build\bindings\bindings\Geode\source\SupportLayer.cpp. [C:\PlatformerSaves\PlatformerSaves\build\bindings\GeodeBindings.vcxproj]
C:\Program Files (x86)\Microsoft Visual Studio\2022\BuildTools\MSBuild\Microsoft\VC\v170\Microsoft.CppBuild.targets(1129,5): warning MSB8027: Mehrere Dateien mit dem Namen System.cpp führen zu Ausgaben am selben Speicherort. Dadurch kann ein falsches Buildergebnis entstehen. Die betroffenen Dateien sind C:\PlatformerSaves\PlatformerSaves\build\_deps\bindings-src\bindings\2.2081\inline\System.cpp, C:\PlatformerSaves\PlatformerSaves\build\bindings\bindings\Geode\source\System.cpp. [C:\PlatformerSaves\PlatformerSaves\build\bindings\GeodeBindings.vcxproj]
C:\Program Files (x86)\Microsoft Visual Studio\2022\BuildTools\MSBuild\Microsoft\VC\v170\Microsoft.CppBuild.targets(1129,5): warning MSB8027: Mehrere Dateien mit dem Namen TOSPopup.cpp führen zu Ausgaben am selben Speicherort. Dadurch kann ein falsches Buildergebnis entstehen. Die betroffenen Dateien sind C:\PlatformerSaves\PlatformerSaves\build\_deps\bindings-src\bindings\2.2081\inline\TOSPopup.cpp, C:\PlatformerSaves\PlatformerSaves\build\bindings\bindings\Geode\source\TOSPopup.cpp. [C:\PlatformerSaves\PlatformerSaves\build\bindings\GeodeBindings.vcxproj]
C:\Program Files (x86)\Microsoft Visual Studio\2022\BuildTools\MSBuild\Microsoft\VC\v170\Microsoft.CppBuild.targets(1129,5): warning MSB8027: Mehrere Dateien mit dem Namen TableView.cpp führen zu Ausgaben am selben Speicherort. Dadurch kann ein falsches Buildergebnis entstehen. Die betroffenen Dateien sind C:\PlatformerSaves\PlatformerSaves\build\_deps\bindings-src\bindings\2.2081\inline\TableView.cpp, C:\PlatformerSaves\PlatformerSaves\build\bindings\bindings\Geode\source\TableView.cpp. [C:\PlatformerSaves\PlatformerSaves\build\bindings\GeodeBindings.vcxproj]
C:\Program Files (x86)\Microsoft Visual Studio\2022\BuildTools\MSBuild\Microsoft\VC\v170\Microsoft.CppBuild.targets(1129,5): warning MSB8027: Mehrere Dateien mit dem Namen TableViewCell.cpp führen zu Ausgaben am selben Speicherort. Dadurch kann ein falsches Buildergebnis entstehen. Die betroffenen Dateien sind C:\PlatformerSaves\PlatformerSaves\build\_deps\bindings-src\bindings\2.2081\inline\TableViewCell.cpp, C:\PlatformerSaves\PlatformerSaves\build\bindings\bindings\Geode\source\TableViewCell.cpp. [C:\PlatformerSaves\PlatformerSaves\build\bindings\GeodeBindings.vcxproj]
C:\Program Files (x86)\Microsoft Visual Studio\2022\BuildTools\MSBuild\Microsoft\VC\v170\Microsoft.CppBuild.targets(1129,5): warning MSB8027: Mehrere Dateien mit dem Namen TableViewCellDelegate.cpp führen zu Ausgaben am selben Speicherort. Dadurch kann ein falsches Buildergebnis entstehen. Die betroffenen Dateien sind C:\PlatformerSaves\PlatformerSaves\build\_deps\bindings-src\bindings\2.2081\inline\TableViewCellDelegate.cpp, C:\PlatformerSaves\PlatformerSaves\build\bindings\bindings\Geode\source\TableViewCellDelegate.cpp. [C:\PlatformerSaves\PlatformerSaves\build\bindings\GeodeBindings.vcxproj]
C:\Program Files (x86)\Microsoft Visual Studio\2022\BuildTools\MSBuild\Microsoft\VC\v170\Microsoft.CppBuild.targets(1129,5): warning MSB8027: Mehrere Dateien mit dem Namen TableViewDataSource.cpp führen zu Ausgaben am selben Speicherort. Dadurch kann ein falsches Buildergebnis entstehen. Die betroffenen Dateien sind C:\PlatformerSaves\PlatformerSaves\build\_deps\bindings-src\bindings\2.2081\inline\TableViewDataSource.cpp, C:\PlatformerSaves\PlatformerSaves\build\bindings\bindings\Geode\source\TableViewDataSource.cpp. [C:\PlatformerSaves\PlatformerSaves\build\bindings\GeodeBindings.vcxproj]
C:\Program Files (x86)\Microsoft Visual Studio\2022\BuildTools\MSBuild\Microsoft\VC\v170\Microsoft.CppBuild.targets(1129,5): warning MSB8027: Mehrere Dateien mit dem Namen TableViewDelegate.cpp führen zu Ausgaben am selben Speicherort. Dadurch kann ein falsches Buildergebnis entstehen. Die betroffenen Dateien sind C:\PlatformerSaves\PlatformerSaves\build\_deps\bindings-src\bindings\2.2081\inline\TableViewDelegate.cpp, C:\PlatformerSaves\PlatformerSaves\build\bindings\bindings\Geode\source\TableViewDelegate.cpp. [C:\PlatformerSaves\PlatformerSaves\build\bindings\GeodeBindings.vcxproj]
C:\Program Files (x86)\Microsoft Visual Studio\2022\BuildTools\MSBuild\Microsoft\VC\v170\Microsoft.CppBuild.targets(1129,5): warning MSB8027: Mehrere Dateien mit dem Namen TeleportPortalObject.cpp führen zu Ausgaben am selben Speicherort. Dadurch kann ein falsches Buildergebnis entstehen. Die betroffenen Dateien sind C:\PlatformerSaves\PlatformerSaves\build\_deps\bindings-src\bindings\2.2081\inline\TeleportPortalObject.cpp, C:\PlatformerSaves\PlatformerSaves\build\bindings\bindings\Geode\source\TeleportPortalObject.cpp. [C:\PlatformerSaves\PlatformerSaves\build\bindings\GeodeBindings.vcxproj]
C:\Program Files (x86)\Microsoft Visual Studio\2022\BuildTools\MSBuild\Microsoft\VC\v170\Microsoft.CppBuild.targets(1129,5): warning MSB8027: Mehrere Dateien mit dem Namen TextAlertPopup.cpp führen zu Ausgaben am selben Speicherort. Dadurch kann ein falsches Buildergebnis entstehen. Die betroffenen Dateien sind C:\PlatformerSaves\PlatformerSaves\build\_deps\bindings-src\bindings\2.2081\inline\TextAlertPopup.cpp, C:\PlatformerSaves\PlatformerSaves\build\bindings\bindings\Geode\source\TextAlertPopup.cpp. [C:\PlatformerSaves\PlatformerSaves\build\bindings\GeodeBindings.vcxproj]
C:\Program Files (x86)\Microsoft Visual Studio\2022\BuildTools\MSBuild\Microsoft\VC\v170\Microsoft.CppBuild.targets(1129,5): warning MSB8027: Mehrere Dateien mit dem Namen TextArea.cpp führen zu Ausgaben am selben Speicherort. Dadurch kann ein falsches Buildergebnis entstehen. Die betroffenen Dateien sind C:\PlatformerSaves\PlatformerSaves\build\_deps\bindings-src\bindings\2.2081\inline\TextArea.cpp, C:\PlatformerSaves\PlatformerSaves\build\bindings\bindings\Geode\source\TextArea.cpp. [C:\PlatformerSaves\PlatformerSaves\build\bindings\GeodeBindings.vcxproj]
C:\Program Files (x86)\Microsoft Visual Studio\2022\BuildTools\MSBuild\Microsoft\VC\v170\Microsoft.CppBuild.targets(1129,5): warning MSB8027: Mehrere Dateien mit dem Namen TextAreaDelegate.cpp führen zu Ausgaben am selben Speicherort. Dadurch kann ein falsches Buildergebnis entstehen. Die betroffenen Dateien sind C:\PlatformerSaves\PlatformerSaves\build\_deps\bindings-src\bindings\2.2081\inline\TextAreaDelegate.cpp, C:\PlatformerSaves\PlatformerSaves\build\bindings\bindings\Geode\source\TextAreaDelegate.cpp. [C:\PlatformerSaves\PlatformerSaves\build\bindings\GeodeBindings.vcxproj]
C:\Program Files (x86)\Microsoft Visual Studio\2022\BuildTools\MSBuild\Microsoft\VC\v170\Microsoft.CppBuild.targets(1129,5): warning MSB8027: Mehrere Dateien mit dem Namen TextGameObject.cpp führen zu Ausgaben am selben Speicherort. Dadurch kann ein falsches Buildergebnis entstehen. Die betroffenen Dateien sind C:\PlatformerSaves\PlatformerSaves\build\_deps\bindings-src\bindings\2.2081\inline\TextGameObject.cpp, C:\PlatformerSaves\PlatformerSaves\build\bindings\bindings\Geode\source\TextGameObject.cpp. [C:\PlatformerSaves\PlatformerSaves\build\bindings\GeodeBindings.vcxproj]
C:\Program Files (x86)\Microsoft Visual Studio\2022\BuildTools\MSBuild\Microsoft\VC\v170\Microsoft.CppBuild.targets(1129,5): warning MSB8027: Mehrere Dateien mit dem Namen TextInputDelegate.cpp führen zu Ausgaben am selben Speicherort. Dadurch kann ein falsches Buildergebnis entstehen. Die betroffenen Dateien sind C:\PlatformerSaves\PlatformerSaves\build\_deps\bindings-src\bindings\2.2081\inline\TextInputDelegate.cpp, C:\PlatformerSaves\PlatformerSaves\build\bindings\bindings\Geode\source\TextInputDelegate.cpp. [C:\PlatformerSaves\PlatformerSaves\build\bindings\GeodeBindings.vcxproj]
C:\Program Files (x86)\Microsoft Visual Studio\2022\BuildTools\MSBuild\Microsoft\VC\v170\Microsoft.CppBuild.targets(1129,5): warning MSB8027: Mehrere Dateien mit dem Namen TextStyleSection.cpp führen zu Ausgaben am selben Speicherort. Dadurch kann ein falsches Buildergebnis entstehen. Die betroffenen Dateien sind C:\PlatformerSaves\PlatformerSaves\build\_deps\bindings-src\bindings\2.2081\inline\TextStyleSection.cpp, C:\PlatformerSaves\PlatformerSaves\build\bindings\bindings\Geode\source\TextStyleSection.cpp. [C:\PlatformerSaves\PlatformerSaves\build\bindings\GeodeBindings.vcxproj]
C:\Program Files (x86)\Microsoft Visual Studio\2022\BuildTools\MSBuild\Microsoft\VC\v170\Microsoft.CppBuild.targets(1129,5): warning MSB8027: Mehrere Dateien mit dem Namen TimerItem.cpp führen zu Ausgaben am selben Speicherort. Dadurch kann ein falsches Buildergebnis entstehen. Die betroffenen Dateien sind C:\PlatformerSaves\PlatformerSaves\build\_deps\bindings-src\bindings\2.2081\inline\TimerItem.cpp, C:\PlatformerSaves\PlatformerSaves\build\bindings\bindings\Geode\source\TimerItem.cpp. [C:\PlatformerSaves\PlatformerSaves\build\bindings\GeodeBindings.vcxproj]
C:\Program Files (x86)\Microsoft Visual Studio\2022\BuildTools\MSBuild\Microsoft\VC\v170\Microsoft.CppBuild.targets(1129,5): warning MSB8027: Mehrere Dateien mit dem Namen TimerTriggerAction.cpp führen zu Ausgaben am selben Speicherort. Dadurch kann ein falsches Buildergebnis entstehen. Die betroffenen Dateien sind C:\PlatformerSaves\PlatformerSaves\build\_deps\bindings-src\bindings\2.2081\inline\TimerTriggerAction.cpp, C:\PlatformerSaves\PlatformerSaves\build\bindings\bindings\Geode\source\TimerTriggerAction.cpp. [C:\PlatformerSaves\PlatformerSaves\build\bindings\GeodeBindings.vcxproj]
C:\Program Files (x86)\Microsoft Visual Studio\2022\BuildTools\MSBuild\Microsoft\VC\v170\Microsoft.CppBuild.targets(1129,5): warning MSB8027: Mehrere Dateien mit dem Namen TimerTriggerGameObject.cpp führen zu Ausgaben am selben Speicherort. Dadurch kann ein falsches Buildergebnis entstehen. Die betroffenen Dateien sind C:\PlatformerSaves\PlatformerSaves\build\_deps\bindings-src\bindings\2.2081\inline\TimerTriggerGameObject.cpp, C:\PlatformerSaves\PlatformerSaves\build\bindings\bindings\Geode\source\TimerTriggerGameObject.cpp. [C:\PlatformerSaves\PlatformerSaves\build\bindings\GeodeBindings.vcxproj]
C:\Program Files (x86)\Microsoft Visual Studio\2022\BuildTools\MSBuild\Microsoft\VC\v170\Microsoft.CppBuild.targets(1129,5): warning MSB8027: Mehrere Dateien mit dem Namen ToggleTriggerAction.cpp führen zu Ausgaben am selben Speicherort. Dadurch kann ein falsches Buildergebnis entstehen. Die betroffenen Dateien sind C:\PlatformerSaves\PlatformerSaves\build\_deps\bindings-src\bindings\2.2081\inline\ToggleTriggerAction.cpp, C:\PlatformerSaves\PlatformerSaves\build\bindings\bindings\Geode\source\ToggleTriggerAction.cpp. [C:\PlatformerSaves\PlatformerSaves\build\bindings\GeodeBindings.vcxproj]
C:\Program Files (x86)\Microsoft Visual Studio\2022\BuildTools\MSBuild\Microsoft\VC\v170\Microsoft.CppBuild.targets(1129,5): warning MSB8027: Mehrere Dateien mit dem Namen TopArtistsLayer.cpp führen zu Ausgaben am selben Speicherort. Dadurch kann ein falsches Buildergebnis entstehen. Die betroffenen Dateien sind C:\PlatformerSaves\PlatformerSaves\build\_deps\bindings-src\bindings\2.2081\inline\TopArtistsLayer.cpp, C:\PlatformerSaves\PlatformerSaves\build\bindings\bindings\Geode\source\TopArtistsLayer.cpp. [C:\PlatformerSaves\PlatformerSaves\build\bindings\GeodeBindings.vcxproj]
C:\Program Files (x86)\Microsoft Visual Studio\2022\BuildTools\MSBuild\Microsoft\VC\v170\Microsoft.CppBuild.targets(1129,5): warning MSB8027: Mehrere Dateien mit dem Namen TouchToggleAction.cpp führen zu Ausgaben am selben Speicherort. Dadurch kann ein falsches Buildergebnis entstehen. Die betroffenen Dateien sind C:\PlatformerSaves\PlatformerSaves\build\_deps\bindings-src\bindings\2.2081\inline\TouchToggleAction.cpp, C:\PlatformerSaves\PlatformerSaves\build\bindings\bindings\Geode\source\TouchToggleAction.cpp. [C:\PlatformerSaves\PlatformerSaves\build\bindings\GeodeBindings.vcxproj]
C:\Program Files (x86)\Microsoft Visual Studio\2022\BuildTools\MSBuild\Microsoft\VC\v170\Microsoft.CppBuild.targets(1129,5): warning MSB8027: Mehrere Dateien mit dem Namen TransformTriggerGameObject.cpp führen zu Ausgaben am selben Speicherort. Dadurch kann ein falsches Buildergebnis entstehen. Die betroffenen Dateien sind C:\PlatformerSaves\PlatformerSaves\build\_deps\bindings-src\bindings\2.2081\inline\TransformTriggerGameObject.cpp, C:\PlatformerSaves\PlatformerSaves\build\bindings\bindings\Geode\source\TransformTriggerGameObject.cpp. [C:\PlatformerSaves\PlatformerSaves\build\bindings\GeodeBindings.vcxproj]
C:\Program Files (x86)\Microsoft Visual Studio\2022\BuildTools\MSBuild\Microsoft\VC\v170\Microsoft.CppBuild.targets(1129,5): warning MSB8027: Mehrere Dateien mit dem Namen TriggerControlGameObject.cpp führen zu Ausgaben am selben Speicherort. Dadurch kann ein falsches Buildergebnis entstehen. Die betroffenen Dateien sind C:\PlatformerSaves\PlatformerSaves\build\_deps\bindings-src\bindings\2.2081\inline\TriggerControlGameObject.cpp, C:\PlatformerSaves\PlatformerSaves\build\bindings\bindings\Geode\source\TriggerControlGameObject.cpp. [C:\PlatformerSaves\PlatformerSaves\build\bindings\GeodeBindings.vcxproj]
C:\Program Files (x86)\Microsoft Visual Studio\2022\BuildTools\MSBuild\Microsoft\VC\v170\Microsoft.CppBuild.targets(1129,5): warning MSB8027: Mehrere Dateien mit dem Namen TriggerEffectDelegate.cpp führen zu Ausgaben am selben Speicherort. Dadurch kann ein falsches Buildergebnis entstehen. Die betroffenen Dateien sind C:\PlatformerSaves\PlatformerSaves\build\_deps\bindings-src\bindings\2.2081\inline\TriggerEffectDelegate.cpp, C:\PlatformerSaves\PlatformerSaves\build\bindings\bindings\Geode\source\TriggerEffectDelegate.cpp. [C:\PlatformerSaves\PlatformerSaves\build\bindings\GeodeBindings.vcxproj]
C:\Program Files (x86)\Microsoft Visual Studio\2022\BuildTools\MSBuild\Microsoft\VC\v170\Microsoft.CppBuild.targets(1129,5): warning MSB8027: Mehrere Dateien mit dem Namen TutorialLayer.cpp führen zu Ausgaben am selben Speicherort. Dadurch kann ein falsches Buildergebnis entstehen. Die betroffenen Dateien sind C:\PlatformerSaves\PlatformerSaves\build\_deps\bindings-src\bindings\2.2081\inline\TutorialLayer.cpp, C:\PlatformerSaves\PlatformerSaves\build\bindings\bindings\Geode\source\TutorialLayer.cpp. [C:\PlatformerSaves\PlatformerSaves\build\bindings\GeodeBindings.vcxproj]
C:\Program Files (x86)\Microsoft Visual Studio\2022\BuildTools\MSBuild\Microsoft\VC\v170\Microsoft.CppBuild.targets(1129,5): warning MSB8027: Mehrere Dateien mit dem Namen TutorialPopup.cpp führen zu Ausgaben am selben Speicherort. Dadurch kann ein falsches Buildergebnis entstehen. Die betroffenen Dateien sind C:\PlatformerSaves\PlatformerSaves\build\_deps\bindings-src\bindings\2.2081\inline\TutorialPopup.cpp, C:\PlatformerSaves\PlatformerSaves\build\bindings\bindings\Geode\source\TutorialPopup.cpp. [C:\PlatformerSaves\PlatformerSaves\build\bindings\GeodeBindings.vcxproj]
C:\Program Files (x86)\Microsoft Visual Studio\2022\BuildTools\MSBuild\Microsoft\VC\v170\Microsoft.CppBuild.targets(1129,5): warning MSB8027: Mehrere Dateien mit dem Namen UIButtonConfig.cpp führen zu Ausgaben am selben Speicherort. Dadurch kann ein falsches Buildergebnis entstehen. Die betroffenen Dateien sind C:\PlatformerSaves\PlatformerSaves\build\_deps\bindings-src\bindings\2.2081\inline\UIButtonConfig.cpp, C:\PlatformerSaves\PlatformerSaves\build\bindings\bindings\Geode\source\UIButtonConfig.cpp. [C:\PlatformerSaves\PlatformerSaves\build\bindings\GeodeBindings.vcxproj]
C:\Program Files (x86)\Microsoft Visual Studio\2022\BuildTools\MSBuild\Microsoft\VC\v170\Microsoft.CppBuild.targets(1129,5): warning MSB8027: Mehrere Dateien mit dem Namen UILayer.cpp führen zu Ausgaben am selben Speicherort. Dadurch kann ein falsches Buildergebnis entstehen. Die betroffenen Dateien sind C:\PlatformerSaves\PlatformerSaves\build\_deps\bindings-src\bindings\2.2081\inline\UILayer.cpp, C:\PlatformerSaves\PlatformerSaves\build\bindings\bindings\Geode\source\UILayer.cpp. [C:\PlatformerSaves\PlatformerSaves\build\bindings\GeodeBindings.vcxproj]
C:\Program Files (x86)\Microsoft Visual Studio\2022\BuildTools\MSBuild\Microsoft\VC\v170\Microsoft.CppBuild.targets(1129,5): warning MSB8027: Mehrere Dateien mit dem Namen UIObjectSettingsPopup.cpp führen zu Ausgaben am selben Speicherort. Dadurch kann ein falsches Buildergebnis entstehen. Die betroffenen Dateien sind C:\PlatformerSaves\PlatformerSaves\build\_deps\bindings-src\bindings\2.2081\inline\UIObjectSettingsPopup.cpp, C:\PlatformerSaves\PlatformerSaves\build\bindings\bindings\Geode\source\UIObjectSettingsPopup.cpp. [C:\PlatformerSaves\PlatformerSaves\build\bindings\GeodeBindings.vcxproj]
C:\Program Files (x86)\Microsoft Visual Studio\2022\BuildTools\MSBuild\Microsoft\VC\v170\Microsoft.CppBuild.targets(1129,5): warning MSB8027: Mehrere Dateien mit dem Namen UIOptionsLayer.cpp führen zu Ausgaben am selben Speicherort. Dadurch kann ein falsches Buildergebnis entstehen. Die betroffenen Dateien sind C:\PlatformerSaves\PlatformerSaves\build\_deps\bindings-src\bindings\2.2081\inline\UIOptionsLayer.cpp, C:\PlatformerSaves\PlatformerSaves\build\bindings\bindings\Geode\source\UIOptionsLayer.cpp. [C:\PlatformerSaves\PlatformerSaves\build\bindings\GeodeBindings.vcxproj]
C:\Program Files (x86)\Microsoft Visual Studio\2022\BuildTools\MSBuild\Microsoft\VC\v170\Microsoft.CppBuild.targets(1129,5): warning MSB8027: Mehrere Dateien mit dem Namen UIPOptionsLayer.cpp führen zu Ausgaben am selben Speicherort. Dadurch kann ein falsches Buildergebnis entstehen. Die betroffenen Dateien sind C:\PlatformerSaves\PlatformerSaves\build\_deps\bindings-src\bindings\2.2081\inline\UIPOptionsLayer.cpp, C:\PlatformerSaves\PlatformerSaves\build\bindings\bindings\Geode\source\UIPOptionsLayer.cpp. [C:\PlatformerSaves\PlatformerSaves\build\bindings\GeodeBindings.vcxproj]
C:\Program Files (x86)\Microsoft Visual Studio\2022\BuildTools\MSBuild\Microsoft\VC\v170\Microsoft.CppBuild.targets(1129,5): warning MSB8027: Mehrere Dateien mit dem Namen UISaveLoadLayer.cpp führen zu Ausgaben am selben Speicherort. Dadurch kann ein falsches Buildergebnis entstehen. Die betroffenen Dateien sind C:\PlatformerSaves\PlatformerSaves\build\_deps\bindings-src\bindings\2.2081\inline\UISaveLoadLayer.cpp, C:\PlatformerSaves\PlatformerSaves\build\bindings\bindings\Geode\source\UISaveLoadLayer.cpp. [C:\PlatformerSaves\PlatformerSaves\build\bindings\GeodeBindings.vcxproj]
C:\Program Files (x86)\Microsoft Visual Studio\2022\BuildTools\MSBuild\Microsoft\VC\v170\Microsoft.CppBuild.targets(1129,5): warning MSB8027: Mehrere Dateien mit dem Namen UISettingsGameObject.cpp führen zu Ausgaben am selben Speicherort. Dadurch kann ein falsches Buildergebnis entstehen. Die betroffenen Dateien sind C:\PlatformerSaves\PlatformerSaves\build\_deps\bindings-src\bindings\2.2081\inline\UISettingsGameObject.cpp, C:\PlatformerSaves\PlatformerSaves\build\bindings\bindings\Geode\source\UISettingsGameObject.cpp. [C:\PlatformerSaves\PlatformerSaves\build\bindings\GeodeBindings.vcxproj]
C:\Program Files (x86)\Microsoft Visual Studio\2022\BuildTools\MSBuild\Microsoft\VC\v170\Microsoft.CppBuild.targets(1129,5): warning MSB8027: Mehrere Dateien mit dem Namen URLCell.cpp führen zu Ausgaben am selben Speicherort. Dadurch kann ein falsches Buildergebnis entstehen. Die betroffenen Dateien sind C:\PlatformerSaves\PlatformerSaves\build\_deps\bindings-src\bindings\2.2081\inline\URLCell.cpp, C:\PlatformerSaves\PlatformerSaves\build\bindings\bindings\Geode\source\URLCell.cpp. [C:\PlatformerSaves\PlatformerSaves\build\bindings\GeodeBindings.vcxproj]
C:\Program Files (x86)\Microsoft Visual Studio\2022\BuildTools\MSBuild\Microsoft\VC\v170\Microsoft.CppBuild.targets(1129,5): warning MSB8027: Mehrere Dateien mit dem Namen URLViewLayer.cpp führen zu Ausgaben am selben Speicherort. Dadurch kann ein falsches Buildergebnis entstehen. Die betroffenen Dateien sind C:\PlatformerSaves\PlatformerSaves\build\_deps\bindings-src\bindings\2.2081\inline\URLViewLayer.cpp, C:\PlatformerSaves\PlatformerSaves\build\bindings\bindings\Geode\source\URLViewLayer.cpp. [C:\PlatformerSaves\PlatformerSaves\build\bindings\GeodeBindings.vcxproj]
C:\Program Files (x86)\Microsoft Visual Studio\2022\BuildTools\MSBuild\Microsoft\VC\v170\Microsoft.CppBuild.targets(1129,5): warning MSB8027: Mehrere Dateien mit dem Namen UndoObject.cpp führen zu Ausgaben am selben Speicherort. Dadurch kann ein falsches Buildergebnis entstehen. Die betroffenen Dateien sind C:\PlatformerSaves\PlatformerSaves\build\_deps\bindings-src\bindings\2.2081\inline\UndoObject.cpp, C:\PlatformerSaves\PlatformerSaves\build\bindings\bindings\Geode\source\UndoObject.cpp. [C:\PlatformerSaves\PlatformerSaves\build\bindings\GeodeBindings.vcxproj]
C:\Program Files (x86)\Microsoft Visual Studio\2022\BuildTools\MSBuild\Microsoft\VC\v170\Microsoft.CppBuild.targets(1129,5): warning MSB8027: Mehrere Dateien mit dem Namen UpdateAccountSettingsPopup.cpp führen zu Ausgaben am selben Speicherort. Dadurch kann ein falsches Buildergebnis entstehen. Die betroffenen Dateien sind C:\PlatformerSaves\PlatformerSaves\build\_deps\bindings-src\bindings\2.2081\inline\UpdateAccountSettingsPopup.cpp, C:\PlatformerSaves\PlatformerSaves\build\bindings\bindings\Geode\source\UpdateAccountSettingsPopup.cpp. [C:\PlatformerSaves\PlatformerSaves\build\bindings\GeodeBindings.vcxproj]
C:\Program Files (x86)\Microsoft Visual Studio\2022\BuildTools\MSBuild\Microsoft\VC\v170\Microsoft.CppBuild.targets(1129,5): warning MSB8027: Mehrere Dateien mit dem Namen UploadActionDelegate.cpp führen zu Ausgaben am selben Speicherort. Dadurch kann ein falsches Buildergebnis entstehen. Die betroffenen Dateien sind C:\PlatformerSaves\PlatformerSaves\build\_deps\bindings-src\bindings\2.2081\inline\UploadActionDelegate.cpp, C:\PlatformerSaves\PlatformerSaves\build\bindings\bindings\Geode\source\UploadActionDelegate.cpp. [C:\PlatformerSaves\PlatformerSaves\build\bindings\GeodeBindings.vcxproj]
C:\Program Files (x86)\Microsoft Visual Studio\2022\BuildTools\MSBuild\Microsoft\VC\v170\Microsoft.CppBuild.targets(1129,5): warning MSB8027: Mehrere Dateien mit dem Namen UploadActionPopup.cpp führen zu Ausgaben am selben Speicherort. Dadurch kann ein falsches Buildergebnis entstehen. Die betroffenen Dateien sind C:\PlatformerSaves\PlatformerSaves\build\_deps\bindings-src\bindings\2.2081\inline\UploadActionPopup.cpp, C:\PlatformerSaves\PlatformerSaves\build\bindings\bindings\Geode\source\UploadActionPopup.cpp. [C:\PlatformerSaves\PlatformerSaves\build\bindings\GeodeBindings.vcxproj]
C:\Program Files (x86)\Microsoft Visual Studio\2022\BuildTools\MSBuild\Microsoft\VC\v170\Microsoft.CppBuild.targets(1129,5): warning MSB8027: Mehrere Dateien mit dem Namen UploadListPopup.cpp führen zu Ausgaben am selben Speicherort. Dadurch kann ein falsches Buildergebnis entstehen. Die betroffenen Dateien sind C:\PlatformerSaves\PlatformerSaves\build\_deps\bindings-src\bindings\2.2081\inline\UploadListPopup.cpp, C:\PlatformerSaves\PlatformerSaves\build\bindings\bindings\Geode\source\UploadListPopup.cpp. [C:\PlatformerSaves\PlatformerSaves\build\bindings\GeodeBindings.vcxproj]
C:\Program Files (x86)\Microsoft Visual Studio\2022\BuildTools\MSBuild\Microsoft\VC\v170\Microsoft.CppBuild.targets(1129,5): warning MSB8027: Mehrere Dateien mit dem Namen UploadMessageDelegate.cpp führen zu Ausgaben am selben Speicherort. Dadurch kann ein falsches Buildergebnis entstehen. Die betroffenen Dateien sind C:\PlatformerSaves\PlatformerSaves\build\_deps\bindings-src\bindings\2.2081\inline\UploadMessageDelegate.cpp, C:\PlatformerSaves\PlatformerSaves\build\bindings\bindings\Geode\source\UploadMessageDelegate.cpp. [C:\PlatformerSaves\PlatformerSaves\build\bindings\GeodeBindings.vcxproj]
C:\Program Files (x86)\Microsoft Visual Studio\2022\BuildTools\MSBuild\Microsoft\VC\v170\Microsoft.CppBuild.targets(1129,5): warning MSB8027: Mehrere Dateien mit dem Namen UploadPopup.cpp führen zu Ausgaben am selben Speicherort. Dadurch kann ein falsches Buildergebnis entstehen. Die betroffenen Dateien sind C:\PlatformerSaves\PlatformerSaves\build\_deps\bindings-src\bindings\2.2081\inline\UploadPopup.cpp, C:\PlatformerSaves\PlatformerSaves\build\bindings\bindings\Geode\source\UploadPopup.cpp. [C:\PlatformerSaves\PlatformerSaves\build\bindings\GeodeBindings.vcxproj]
C:\Program Files (x86)\Microsoft Visual Studio\2022\BuildTools\MSBuild\Microsoft\VC\v170\Microsoft.CppBuild.targets(1129,5): warning MSB8027: Mehrere Dateien mit dem Namen UploadPopupDelegate.cpp führen zu Ausgaben am selben Speicherort. Dadurch kann ein falsches Buildergebnis entstehen. Die betroffenen Dateien sind C:\PlatformerSaves\PlatformerSaves\build\_deps\bindings-src\bindings\2.2081\inline\UploadPopupDelegate.cpp, C:\PlatformerSaves\PlatformerSaves\build\bindings\bindings\Geode\source\UploadPopupDelegate.cpp. [C:\PlatformerSaves\PlatformerSaves\build\bindings\GeodeBindings.vcxproj]
C:\Program Files (x86)\Microsoft Visual Studio\2022\BuildTools\MSBuild\Microsoft\VC\v170\Microsoft.CppBuild.targets(1129,5): warning MSB8027: Mehrere Dateien mit dem Namen UserInfoDelegate.cpp führen zu Ausgaben am selben Speicherort. Dadurch kann ein falsches Buildergebnis entstehen. Die betroffenen Dateien sind C:\PlatformerSaves\PlatformerSaves\build\_deps\bindings-src\bindings\2.2081\inline\UserInfoDelegate.cpp, C:\PlatformerSaves\PlatformerSaves\build\bindings\bindings\Geode\source\UserInfoDelegate.cpp. [C:\PlatformerSaves\PlatformerSaves\build\bindings\GeodeBindings.vcxproj]
C:\Program Files (x86)\Microsoft Visual Studio\2022\BuildTools\MSBuild\Microsoft\VC\v170\Microsoft.CppBuild.targets(1129,5): warning MSB8027: Mehrere Dateien mit dem Namen UserListDelegate.cpp führen zu Ausgaben am selben Speicherort. Dadurch kann ein falsches Buildergebnis entstehen. Die betroffenen Dateien sind C:\PlatformerSaves\PlatformerSaves\build\_deps\bindings-src\bindings\2.2081\inline\UserListDelegate.cpp, C:\PlatformerSaves\PlatformerSaves\build\bindings\bindings\Geode\source\UserListDelegate.cpp. [C:\PlatformerSaves\PlatformerSaves\build\bindings\GeodeBindings.vcxproj]
C:\Program Files (x86)\Microsoft Visual Studio\2022\BuildTools\MSBuild\Microsoft\VC\v170\Microsoft.CppBuild.targets(1129,5): warning MSB8027: Mehrere Dateien mit dem Namen VideoOptionsLayer.cpp führen zu Ausgaben am selben Speicherort. Dadurch kann ein falsches Buildergebnis entstehen. Die betroffenen Dateien sind C:\PlatformerSaves\PlatformerSaves\build\_deps\bindings-src\bindings\2.2081\inline\VideoOptionsLayer.cpp, C:\PlatformerSaves\PlatformerSaves\build\bindings\bindings\Geode\source\VideoOptionsLayer.cpp. [C:\PlatformerSaves\PlatformerSaves\build\bindings\GeodeBindings.vcxproj]
C:\Program Files (x86)\Microsoft Visual Studio\2022\BuildTools\MSBuild\Microsoft\VC\v170\Microsoft.CppBuild.targets(1129,5): warning MSB8027: Mehrere Dateien mit dem Namen WorldLevelPage.cpp führen zu Ausgaben am selben Speicherort. Dadurch kann ein falsches Buildergebnis entstehen. Die betroffenen Dateien sind C:\PlatformerSaves\PlatformerSaves\build\_deps\bindings-src\bindings\2.2081\inline\WorldLevelPage.cpp, C:\PlatformerSaves\PlatformerSaves\build\bindings\bindings\Geode\source\WorldLevelPage.cpp. [C:\PlatformerSaves\PlatformerSaves\build\bindings\GeodeBindings.vcxproj]
C:\Program Files (x86)\Microsoft Visual Studio\2022\BuildTools\MSBuild\Microsoft\VC\v170\Microsoft.CppBuild.targets(1129,5): warning MSB8027: Mehrere Dateien mit dem Namen WorldSelectLayer.cpp führen zu Ausgaben am selben Speicherort. Dadurch kann ein falsches Buildergebnis entstehen. Die betroffenen Dateien sind C:\PlatformerSaves\PlatformerSaves\build\_deps\bindings-src\bindings\2.2081\inline\WorldSelectLayer.cpp, C:\PlatformerSaves\PlatformerSaves\build\bindings\bindings\Geode\source\WorldSelectLayer.cpp. [C:\PlatformerSaves\PlatformerSaves\build\bindings\GeodeBindings.vcxproj]
C:\Program Files (x86)\Microsoft Visual Studio\2022\BuildTools\MSBuild\Microsoft\VC\v170\Microsoft.CppBuild.targets(1129,5): warning MSB8027: Mehrere Dateien mit dem Namen ZipUtils.cpp führen zu Ausgaben am selben Speicherort. Dadurch kann ein falsches Buildergebnis entstehen. Die betroffenen Dateien sind C:\PlatformerSaves\PlatformerSaves\build\_deps\bindings-src\bindings\2.2081\inline\ZipUtils.cpp, C:\PlatformerSaves\PlatformerSaves\build\bindings\bindings\Geode\source\ZipUtils.cpp. [C:\PlatformerSaves\PlatformerSaves\build\bindings\GeodeBindings.vcxproj]
C:\Program Files (x86)\Microsoft Visual Studio\2022\BuildTools\MSBuild\Microsoft\VC\v170\Microsoft.CppBuild.targets(1129,5): warning MSB8027: Mehrere Dateien mit dem Namen cocos2d.cpp führen zu Ausgaben am selben Speicherort. Dadurch kann ein falsches Buildergebnis entstehen. Die betroffenen Dateien sind C:\PlatformerSaves\PlatformerSaves\build\_deps\bindings-src\bindings\2.2081\inline\cocos2d.cpp, C:\PlatformerSaves\PlatformerSaves\build\bindings\bindings\Geode\source\cocos2d.cpp. [C:\PlatformerSaves\PlatformerSaves\build\bindings\GeodeBindings.vcxproj]
C:\Program Files (x86)\Microsoft Visual Studio\2022\BuildTools\MSBuild\Microsoft\VC\v170\Microsoft.CppBuild.targets(1129,5): warning MSB8027: Mehrere Dateien mit dem Namen tk_spline.cpp führen zu Ausgaben am selben Speicherort. Dadurch kann ein falsches Buildergebnis entstehen. Die betroffenen Dateien sind C:\PlatformerSaves\PlatformerSaves\build\_deps\bindings-src\bindings\2.2081\inline\tk_spline.cpp, C:\PlatformerSaves\PlatformerSaves\build\bindings\bindings\Geode\source\tk_spline.cpp. [C:\PlatformerSaves\PlatformerSaves\build\bindings\GeodeBindings.vcxproj]
C:\Program Files (x86)\Microsoft Visual Studio\2022\BuildTools\MSBuild\Microsoft\VC\v170\Microsoft.CppBuild.targets(1129,5): warning MSB8027: Mehrere Dateien mit dem Namen xml_node.cpp führen zu Ausgaben am selben Speicherort. Dadurch kann ein falsches Buildergebnis entstehen. Die betroffenen Dateien sind C:\PlatformerSaves\PlatformerSaves\build\_deps\bindings-src\bindings\2.2081\inline\xml_node.cpp, C:\PlatformerSaves\PlatformerSaves\build\bindings\bindings\Geode\source\xml_node.cpp. [C:\PlatformerSaves\PlatformerSaves\build\bindings\GeodeBindings.vcxproj]
  GeodeBindings.vcxproj -> C:\PlatformerSaves\PlatformerSaves\build\bindings\RelWithDebInfo\GeodeBindings.lib
  Building Custom Rule C:/PlatformerSaves/PlatformerSaves/CMakeLists.txt
     Bibliothek "C:/PlatformerSaves/PlatformerSaves/build/RelWithDebInfo/sabe.platformersaves.lib" und Objekt "C:/PlatformerSaves/PlatformerSaves/build/RelWithDebInfo/sabe.platformersaves.exp" werden erstellt.
  PlatformerSaves.vcxproj -> C:\PlatformerSaves\PlatformerSaves\build\RelWithDebInfo\sabe.platformersaves.dll
  | Info | Copying sprites
  | Info | Zipping
  | Done | Successfully packaged sabe.platformersaves.geode
  | Done | Installed sabe.platformersaves.geode
  Building Custom Rule C:/PlatformerSaves/PlatformerSaves/CMakeLists.txt
  Building Custom Rule C:/PlatformerSaves/PlatformerSaves/CMakeLists.txt
